
Initial statistics: 136 variables; iteration 0; function evaluation 0; phase 1
Function value 7.0025613e+03; maximum gradient component mag 6.8229e+01
Var    Value     Gradient |Var    Value     Gradient |Var    Value     Gradient
  1 -0.42334  6.82291e+01 |  2 -0.09289 -3.25866e+01 |  3 -0.01009 -7.59554e-01
  4 -0.01031 -7.80386e-01 |  5 -0.01053 -8.01569e-01 |  6 -0.01074 -8.23083e-01
  7 -0.01095 -8.44920e-01 |  8 -0.01115 -8.67020e-01 |  9 -0.01135 -8.89350e-01
 10 -0.01153 -9.11876e-01 | 11 -0.01171 -9.34551e-01 | 12 -0.01187 -9.57353e-01
 13 -0.01203 -9.80260e-01 | 14 -0.01217 -1.00324e+00 | 15 -0.01229 -1.02628e+00
 16 -0.01240 -1.04937e+00 | 17 -0.01249 -1.07250e+00 | 18 -0.01255 -1.09564e+00
 19 -0.01260 -1.11881e+00 | 20 -0.01262 -1.14201e+00 | 21 -0.01262 -1.16530e+00
 22 -0.01260 -1.18875e+00 | 23 -0.01254 -1.21243e+00 | 24 -0.01246 -1.23639e+00
 25 -0.01235 -1.26065e+00 | 26 -0.01220 -1.28522e+00 | 27 -0.01202 -1.31001e+00
 28 -0.01180 -1.33497e+00 | 29 -0.01154 -1.35998e+00 | 30 -0.01124 -1.38483e+00
 31 -0.01091 -1.40963e+00 | 32 -0.01054 -1.43432e+00 | 33 -0.01013 -1.45889e+00
 34 -0.00969 -1.48344e+00 | 35 -0.00923 -1.50809e+00 | 36 -0.00876 -1.53305e+00
 37 -0.00827 -1.55870e+00 | 38 -0.00779 -1.58543e+00 | 39 -0.00732 -1.61374e+00
 40 -0.00687 -1.64407e+00 | 41 -0.00646 -1.67664e+00 | 42 -0.00610 -1.71130e+00
 43 -0.00578 -1.74765e+00 | 44 -0.00550 -1.78493e+00 | 45 -0.00527 -1.82219e+00
 46 -0.00505 -1.85852e+00 | 47 -0.00484 -1.89305e+00 | 48 -0.00461 -1.92482e+00
 49 -0.00433 -1.95346e+00 | 50 -0.00397 -1.97865e+00 | 51 -0.00351 -2.00062e+00
 52 -0.00290 -2.01954e+00 | 53 -0.00211 -2.03595e+00 | 54 -0.00112 -2.05079e+00
 55  0.00012 -2.06467e+00 | 56  0.00162 -2.08078e+00 | 57  0.00342 -2.10096e+00
 58  0.00553 -2.12850e+00 | 59  0.00797 -2.16851e+00 | 60  0.01071 -2.22694e+00
 61  0.01374 -2.31094e+00 | 62  0.01700 -2.42775e+00 | 63  0.02037 -2.58453e+00
 64  0.02373 -2.78662e+00 | 65  0.02687 -3.03495e+00 | 66  0.02959 -3.32299e+00
 67  0.03168 -3.63449e+00 | 68  0.03301 -3.94241e+00 | 69  0.03358 -4.21248e+00
 70  0.03344 -4.41220e+00 | 71  0.03272 -4.51942e+00 | 72  0.03145 -4.53129e+00
 73  0.02960 -4.46641e+00 | 74  0.02705 -4.35928e+00 | 75  0.02380 -4.24679e+00
 76  0.01999 -4.15054e+00 | 77  0.01602 -4.06667e+00 | 78  0.01239 -3.96710e+00
 79  0.00955 -3.81653e+00 | 80  0.00761 -3.58854e+00 | 81  0.00637 -3.28286e+00
 82  0.00544 -2.91816e+00 | 83  0.00468 -2.51067e+00 | 84  0.00458 -2.04344e+00
 85  0.00522 -1.45709e+00 | 86  0.00545 -7.23732e-01 | 87  0.00713  5.71607e-02
 88  0.00970  7.76278e-01 | 89  0.01366  1.43834e+00 | 90  0.01376  2.11921e+00
 91  0.01250  2.90769e+00 | 92  0.01081  3.78538e+00 | 93  0.00275  4.64569e+00
 94  0.00360  6.19656e+00 | 95  0.02294  9.00297e+00 | 96  0.02140  9.56431e+00
 97 -0.00268  7.14270e+00 | 98  0.01577  6.47288e+00 | 99  0.08374  7.97610e+00
100  0.02820  5.05277e+00 |101 -0.01452  6.38135e+00 |102  0.00430  1.23223e+01
103  0.01938  1.81432e+01 |104  0.03866  2.63816e+01 |105  0.00285  2.15704e+01
106 -0.06248  1.18042e+01 |107 -0.07893  1.07024e+01 |108 -0.07730  6.92813e+00
109 -0.03457  2.53458e+00 |110  0.06971  3.07133e+00 |111  0.02361  4.35685e+00
112  0.01375  4.51734e+00 |113 -0.02797  2.27491e+00 |114 -0.06716  7.19668e-02
115 -0.00654 -1.19909e+00 |116  0.00456 -3.06281e+00 |117 -0.02731 -2.59667e+00
118  0.02817 -4.26042e+00 |119  0.07344 -5.34374e+00 |120  0.01038 -2.63330e+00
121  0.08254 -3.34947e+00 |122  0.00575 -1.27467e+00 |123  0.13287 -2.06068e+00
124 -0.00532 -3.18049e-01 |125 -0.04646 -1.47616e-01 |126 -0.05671 -1.00858e-01
127 -0.02192 -3.01306e-02 |128  0.09420 -2.71048e-03 |129  0.03190 -5.35152e-06
130  0.01685  1.92154e-04 |131 -0.02798 -1.10408e-04 |132 -0.01758 -4.11177e-05
133 -0.00588 -2.39770e-04 |134 -0.00040 -1.75992e-05 |135  0.27670 -1.33095e-04
136  0.18753  3.27385e-04 |

Intermediate statistics: 136 variables; iteration 20; function evaluation 27; phase 1
Function value 7.0018920e+03; maximum gradient component mag 1.7259e+01
Var    Value     Gradient |Var    Value     Gradient |Var    Value     Gradient
  1 -0.42378  1.72590e+01 |  2 -0.08702  3.86900e+00 |  3 -0.00925 -1.00985e-01
  4 -0.00945 -1.02977e-01 |  5 -0.00964 -1.04872e-01 |  6 -0.00983 -1.06656e-01
  7 -0.01001 -1.08306e-01 |  8 -0.01019 -1.09786e-01 |  9 -0.01036 -1.11079e-01
 10 -0.01052 -1.12165e-01 | 11 -0.01067 -1.13014e-01 | 12 -0.01081 -1.13623e-01
 13 -0.01094 -1.13991e-01 | 14 -0.01105 -1.14106e-01 | 15 -0.01115 -1.13992e-01
 16 -0.01123 -1.13673e-01 | 17 -0.01130 -1.13193e-01 | 18 -0.01134 -1.12605e-01
 19 -0.01137 -1.11998e-01 | 20 -0.01137 -1.11458e-01 | 21 -0.01135 -1.11105e-01
 22 -0.01131 -1.11069e-01 | 23 -0.01125 -1.11471e-01 | 24 -0.01115 -1.12449e-01
 25 -0.01103 -1.14131e-01 | 26 -0.01089 -1.16624e-01 | 27 -0.01070 -1.20027e-01
 28 -0.01049 -1.24427e-01 | 29 -0.01025 -1.29886e-01 | 30 -0.00996 -1.36470e-01
 31 -0.00965 -1.44246e-01 | 32 -0.00931 -1.53335e-01 | 33 -0.00894 -1.63842e-01
 34 -0.00855 -1.75986e-01 | 35 -0.00814 -1.90014e-01 | 36 -0.00772 -2.06241e-01
 37 -0.00731 -2.25053e-01 | 38 -0.00690 -2.46819e-01 | 39 -0.00651 -2.71875e-01
 40 -0.00615 -3.00394e-01 | 41 -0.00584 -3.32297e-01 | 42 -0.00556 -3.67192e-01
 43 -0.00534 -4.04367e-01 | 44 -0.00515 -4.42820e-01 | 45 -0.00501 -4.81334e-01
 46 -0.00488 -5.18528e-01 | 47 -0.00476 -5.52886e-01 | 48 -0.00461 -5.82840e-01
 49 -0.00440 -6.06989e-01 | 50 -0.00412 -6.23992e-01 | 51 -0.00371 -6.32790e-01
 52 -0.00315 -6.32599e-01 | 53 -0.00241 -6.23134e-01 | 54 -0.00145 -6.05047e-01
 55 -0.00025 -5.80164e-01 | 56  0.00120 -5.52817e-01 | 57  0.00291 -5.29392e-01
 58  0.00487 -5.19302e-01 | 59  0.00703 -5.34480e-01 | 60  0.00935 -5.87190e-01
 61  0.01178 -6.86173e-01 | 62  0.01428 -8.30106e-01 | 63  0.01686 -1.00045e+00
 64  0.01961 -1.15701e+00 | 65  0.02268 -1.24310e+00 | 66  0.02619 -1.20678e+00
 67  0.03005 -1.03513e+00 | 68  0.03382 -7.76562e-01 | 69  0.03672 -5.29148e-01
 70  0.03794 -3.98754e-01 | 71  0.03702 -4.51489e-01 | 72  0.03409 -6.80361e-01
 73  0.02989 -9.92701e-01 | 74  0.02541 -1.24520e+00 | 75  0.02138 -1.33029e+00
 76  0.01792 -1.24871e+00 | 77  0.01482 -1.09044e+00 | 78  0.01196 -9.41671e-01
 79  0.00948 -8.23245e-01 | 80  0.00758 -7.06719e-01 | 81  0.00621 -5.63970e-01
 82  0.00515 -3.92878e-01 | 83  0.00429 -2.11607e-01 | 84  0.00401 -2.40724e-02
 85  0.00432  1.98100e-01 | 86  0.00408  4.63753e-01 | 87  0.00525  7.10689e-01
 88  0.00734  8.32192e-01 | 89  0.01101  8.60573e-01 | 90  0.01092  8.60937e-01
 91  0.00943  9.09119e-01 | 92  0.00780  1.09848e+00 | 93  0.00029  1.51874e+00
 94  0.00057  2.16791e+00 | 95  0.01713  2.88608e+00 | 96  0.01313  2.20537e+00
 97 -0.00880  1.24559e+00 | 98  0.01426  1.65288e+00 | 99  0.08896  2.05068e+00
100  0.03313  1.15577e+00 |101 -0.01438  1.05301e+00 |102 -0.00091  1.90284e+00
103  0.01507  3.97401e+00 |104  0.03121  6.43229e+00 |105 -0.00550  4.57437e+00
106 -0.06557  3.22644e+00 |107 -0.08602  2.40000e+00 |108 -0.08162  1.51357e+00
109 -0.03103  1.54360e+00 |110  0.07290  1.04036e+00 |111  0.02019  1.71039e-01
112  0.01173  5.83083e-01 |113 -0.03082 -4.31480e-01 |114 -0.06738 -2.66972e-01
115 -0.00610 -4.26249e-01 |116  0.00723 -7.57712e-01 |117 -0.02536 -6.12136e-01
118  0.02993 -1.54481e+00 |119  0.07573 -1.95846e+00 |120  0.01216 -7.55796e-01
121  0.08552 -5.03198e-01 |122  0.00787  5.63897e-02 |123  0.13575  3.17017e-01
124 -0.00426  1.49410e-02 |125 -0.04504  2.56573e-01 |126 -0.05557  1.81110e-01
127 -0.02119  1.19234e-01 |128  0.09467 -1.65372e-02 |129  0.03234  4.22830e-02
130  0.01739  1.08562e-01 |131 -0.02773  3.09360e-02 |132 -0.01751  3.62558e-05
133 -0.00587 -2.25089e-03 |134 -0.00040 -8.97956e-05 |135  0.26989  2.34561e+00
136  0.18250  5.16856e+00 |

 - final statistics:
136 variables; iteration 24; function evaluation 32
Function value 7.0019e+03; maximum gradient component mag 7.5779e+00
Exit code = 1;  converg criter 1.0000e+01
Var    Value     Gradient |Var    Value     Gradient |Var    Value     Gradient
  1 -0.42396  7.57793e+00 |  2 -0.08658  1.66043e+00 |  3 -0.00921 -4.30958e-02
  4 -0.00941 -4.45714e-02 |  5 -0.00961 -4.61092e-02 |  6 -0.00980 -4.77105e-02
  7 -0.00999 -4.93782e-02 |  8 -0.01018 -5.11143e-02 |  9 -0.01035 -5.29189e-02
 10 -0.01052 -5.47935e-02 | 11 -0.01068 -5.67401e-02 | 12 -0.01084 -5.87596e-02
 13 -0.01098 -6.08537e-02 | 14 -0.01111 -6.30256e-02 | 15 -0.01122 -6.52772e-02
 16 -0.01132 -6.76115e-02 | 17 -0.01141 -7.00311e-02 | 18 -0.01147 -7.25390e-02
 19 -0.01152 -7.51385e-02 | 20 -0.01155 -7.78354e-02 | 21 -0.01155 -8.06379e-02
 22 -0.01153 -8.35540e-02 | 23 -0.01149 -8.65928e-02 | 24 -0.01141 -8.97600e-02
 25 -0.01131 -9.30577e-02 | 26 -0.01118 -9.64831e-02 | 27 -0.01102 -1.00026e-01
 28 -0.01082 -1.03667e-01 | 29 -0.01058 -1.07384e-01 | 30 -0.01031 -1.11131e-01
 31 -0.01000 -1.14884e-01 | 32 -0.00965 -1.18582e-01 | 33 -0.00928 -1.22157e-01
 34 -0.00888 -1.25519e-01 | 35 -0.00845 -1.28565e-01 | 36 -0.00801 -1.31175e-01
 37 -0.00755 -1.33242e-01 | 38 -0.00709 -1.34676e-01 | 39 -0.00664 -1.35433e-01
 40 -0.00620 -1.35533e-01 | 41 -0.00579 -1.35069e-01 | 42 -0.00541 -1.34203e-01
 43 -0.00507 -1.33185e-01 | 44 -0.00477 -1.32310e-01 | 45 -0.00450 -1.31903e-01
 46 -0.00426 -1.32322e-01 | 47 -0.00404 -1.33955e-01 | 48 -0.00382 -1.37204e-01
 49 -0.00357 -1.42549e-01 | 50 -0.00328 -1.50527e-01 | 51 -0.00292 -1.61751e-01
 52 -0.00245 -1.76813e-01 | 53 -0.00186 -1.96170e-01 | 54 -0.00110 -2.19834e-01
 55 -0.00015 -2.46746e-01 | 56  0.00104 -2.74395e-01 | 57  0.00251 -2.97542e-01
 58  0.00432 -3.08239e-01 | 59  0.00653 -2.97243e-01 | 60  0.00920 -2.58433e-01
 61  0.01229 -1.97715e-01 | 62  0.01566 -1.43966e-01 | 63  0.01900 -1.51974e-01
 64  0.02190 -2.79996e-01 | 65  0.02411 -5.33801e-01 | 66  0.02596 -8.06962e-01
 67  0.02830 -8.96422e-01 | 68  0.03182 -6.55679e-01 | 69  0.03575 -2.03549e-01
 70  0.03780  8.16144e-02 | 71  0.03623 -8.36598e-02 | 72  0.03201 -5.54461e-01
 73  0.02775 -9.02910e-01 | 74  0.02485 -8.82634e-01 | 75  0.02268 -6.19436e-01
 76  0.02004 -3.79241e-01 | 77  0.01668 -2.81268e-01 | 78  0.01327 -2.65369e-01
 79  0.01046 -2.46395e-01 | 80  0.00838 -2.02871e-01 | 81  0.00679 -1.54055e-01
 82  0.00537 -1.18295e-01 | 83  0.00413 -9.13567e-02 | 84  0.00354 -5.45278e-02
 85  0.00351  1.78177e-03 | 86  0.00285  7.21304e-02 | 87  0.00373  1.52307e-01
 88  0.00612  2.44699e-01 | 89  0.01043  3.12151e-01 | 90  0.01106  3.77252e-01
 91  0.01016  4.75465e-01 | 92  0.00836  5.32787e-01 | 93 -0.00044  5.60293e-01
 94 -0.00076  9.26101e-01 | 95  0.01485  1.24346e+00 | 96  0.01325  1.21208e+00
 97 -0.00900  4.06564e-01 | 98  0.01360  6.14345e-01 | 99  0.08905  7.17104e-01
100  0.03439  6.15934e-01 |101 -0.01398  4.57592e-01 |102 -0.00090  7.49421e-01
103  0.01449  1.90109e+00 |104  0.02973  3.12744e+00 |105 -0.00741  1.49943e+00
106 -0.06640  1.57521e+00 |107 -0.08690  1.15961e+00 |108 -0.08197  7.29979e-01
109 -0.03128  9.29492e-01 |110  0.07351  6.39332e-01 |111  0.01947 -5.01015e-01
112  0.01048 -1.57677e-01 |113 -0.02901  5.17812e-01 |114 -0.06671  1.96705e-01
115 -0.00578  2.22831e-02 |116  0.00694 -5.31037e-01 |117 -0.02585 -4.95717e-01
118  0.03041 -8.31782e-01 |119  0.07676 -7.71448e-01 |120  0.01274 -2.41190e-01
121  0.08524 -5.79993e-01 |122  0.00752 -1.76784e-01 |123  0.13533 -1.73224e-01
124 -0.00419  2.15917e-02 |125 -0.04487  3.20464e-01 |126 -0.05549  2.07631e-01
127 -0.02112  1.48349e-01 |128  0.09502  1.45378e-01 |129  0.03234  5.12476e-02
130  0.01732  7.63129e-02 |131 -0.02793 -3.33694e-02 |132 -0.01759 -2.08796e-02
133 -0.00585  1.85988e-03 |134 -0.00040 -5.19371e-05 |135  0.26896  1.02878e+00
136  0.18164  2.23621e+00 |

Initial statistics: 146 variables; iteration 0; function evaluation 0; phase 2
Function value 7.0018538e+03; maximum gradient component mag 1.1239e+02
Var    Value     Gradient |Var    Value     Gradient |Var    Value     Gradient
  1 -0.42396  7.57793e+00 |  2  0.37110  2.55231e+01 |  3 -0.12614  7.06190e+01
  4 -0.01321  3.33651e+01 |  5 -0.70915  1.84308e+01 |  6 -0.60419  2.56045e+00
  7  0.37628  2.85595e+01 |  8 -0.18524  1.12391e+02 |  9  0.03399  3.80824e+01
 10 -0.60948  1.23289e+01 | 11 -0.62338 -3.36928e+01 | 12 -0.08658  1.66043e+00
 13 -0.00921 -4.30958e-02 | 14 -0.00941 -4.45714e-02 | 15 -0.00961 -4.61092e-02
 16 -0.00980 -4.77105e-02 | 17 -0.00999 -4.93782e-02 | 18 -0.01018 -5.11143e-02
 19 -0.01035 -5.29189e-02 | 20 -0.01052 -5.47935e-02 | 21 -0.01068 -5.67401e-02
 22 -0.01084 -5.87596e-02 | 23 -0.01098 -6.08537e-02 | 24 -0.01111 -6.30256e-02
 25 -0.01122 -6.52772e-02 | 26 -0.01132 -6.76115e-02 | 27 -0.01141 -7.00311e-02
 28 -0.01147 -7.25390e-02 | 29 -0.01152 -7.51385e-02 | 30 -0.01155 -7.78354e-02
 31 -0.01155 -8.06379e-02 | 32 -0.01153 -8.35540e-02 | 33 -0.01149 -8.65928e-02
 34 -0.01141 -8.97600e-02 | 35 -0.01131 -9.30577e-02 | 36 -0.01118 -9.64831e-02
 37 -0.01102 -1.00026e-01 | 38 -0.01082 -1.03667e-01 | 39 -0.01058 -1.07384e-01
 40 -0.01031 -1.11131e-01 | 41 -0.01000 -1.14884e-01 | 42 -0.00965 -1.18582e-01
 43 -0.00928 -1.22157e-01 | 44 -0.00888 -1.25519e-01 | 45 -0.00845 -1.28565e-01
 46 -0.00801 -1.31175e-01 | 47 -0.00755 -1.33242e-01 | 48 -0.00709 -1.34676e-01
 49 -0.00664 -1.35433e-01 | 50 -0.00620 -1.35533e-01 | 51 -0.00579 -1.35069e-01
 52 -0.00541 -1.34203e-01 | 53 -0.00507 -1.33185e-01 | 54 -0.00477 -1.32310e-01
 55 -0.00450 -1.31903e-01 | 56 -0.00426 -1.32322e-01 | 57 -0.00404 -1.33955e-01
 58 -0.00382 -1.37204e-01 | 59 -0.00357 -1.42549e-01 | 60 -0.00328 -1.50527e-01
 61 -0.00292 -1.61751e-01 | 62 -0.00245 -1.76813e-01 | 63 -0.00186 -1.96170e-01
 64 -0.00110 -2.19834e-01 | 65 -0.00015 -2.46746e-01 | 66  0.00104 -2.74395e-01
 67  0.00251 -2.97542e-01 | 68  0.00432 -3.08239e-01 | 69  0.00653 -2.97243e-01
 70  0.00920 -2.58433e-01 | 71  0.01229 -1.97715e-01 | 72  0.01566 -1.43966e-01
 73  0.01900 -1.51974e-01 | 74  0.02190 -2.79996e-01 | 75  0.02411 -5.33801e-01
 76  0.02596 -8.06962e-01 | 77  0.02830 -8.96422e-01 | 78  0.03182 -6.55679e-01
 79  0.03575 -2.03549e-01 | 80  0.03780  8.16144e-02 | 81  0.03623 -8.36598e-02
 82  0.03201 -5.54461e-01 | 83  0.02775 -9.02910e-01 | 84  0.02485 -8.82634e-01
 85  0.02268 -6.19436e-01 | 86  0.02004 -3.79241e-01 | 87  0.01668 -2.81268e-01
 88  0.01327 -2.65369e-01 | 89  0.01046 -2.46395e-01 | 90  0.00838 -2.02871e-01
 91  0.00679 -1.54055e-01 | 92  0.00537 -1.18295e-01 | 93  0.00413 -9.13567e-02
 94  0.00354 -5.45278e-02 | 95  0.00351  1.78177e-03 | 96  0.00285  7.21304e-02
 97  0.00373  1.52307e-01 | 98  0.00612  2.44699e-01 | 99  0.01043  3.12151e-01
100  0.01106  3.77252e-01 |101  0.01016  4.75465e-01 |102  0.00836  5.32787e-01
103 -0.00044  5.60293e-01 |104 -0.00076  9.26101e-01 |105  0.01485  1.24346e+00
106  0.01325  1.21208e+00 |107 -0.00900  4.06564e-01 |108  0.01360  6.14345e-01
109  0.08905  7.17104e-01 |110  0.03439  6.15934e-01 |111 -0.01398  4.57592e-01
112 -0.00090  7.49421e-01 |113  0.01449  1.90109e+00 |114  0.02973  3.12744e+00
115 -0.00741  1.49943e+00 |116 -0.06640  1.57521e+00 |117 -0.08690  1.15961e+00
118 -0.08197  7.29979e-01 |119 -0.03128  9.29492e-01 |120  0.07351  6.39332e-01
121  0.01947 -5.01015e-01 |122  0.01048 -1.57677e-01 |123 -0.02901  5.17812e-01
124 -0.06671  1.96705e-01 |125 -0.00578  2.22831e-02 |126  0.00694 -5.31037e-01
127 -0.02585 -4.95717e-01 |128  0.03041 -8.31782e-01 |129  0.07676 -7.71448e-01
130  0.01274 -2.41190e-01 |131  0.08524 -5.79993e-01 |132  0.00752 -1.76784e-01
133  0.13533 -1.73224e-01 |134 -0.00419  2.15917e-02 |135 -0.04487  3.20464e-01
136 -0.05549  2.07631e-01 |137 -0.02112  1.48349e-01 |138  0.09502  1.45378e-01
139  0.03234  5.12476e-02 |140  0.01732  7.63129e-02 |141 -0.02793 -3.33694e-02
142 -0.01759 -2.08796e-02 |143 -0.00585  1.85988e-03 |144 -0.00040 -5.19371e-05
145  0.26896  1.02878e+00 |146  0.18164  2.23621e+00 |

Intermediate statistics: 146 variables; iteration 20; function evaluation 24; phase 2
Function value 7.0014536e+03; maximum gradient component mag 5.2338e+01
Var    Value     Gradient |Var    Value     Gradient |Var    Value     Gradient
  1 -0.42233  5.23382e+01 |  2  0.37223  3.15060e+01 |  3 -0.12766 -2.05436e+01
  4 -0.01419 -1.34107e+01 |  5 -0.72343  9.69130e+00 |  6 -0.60270  1.42028e+01
  7  0.37464  8.80056e+00 |  8 -0.18745  1.82624e+01 |  9  0.03731  2.03783e+00
 10 -0.62452  5.71745e+00 | 11 -0.62130 -1.03265e+01 | 12 -0.08833 -1.68816e+01
 13 -0.00923 -1.72345e-01 | 14 -0.00943 -1.76924e-01 | 15 -0.00962 -1.81606e-01
 16 -0.00982 -1.86392e-01 | 17 -0.01000 -1.91286e-01 | 18 -0.01019 -1.96285e-01
 19 -0.01037 -2.01387e-01 | 20 -0.01053 -2.06593e-01 | 21 -0.01070 -2.11903e-01
 22 -0.01085 -2.17318e-01 | 23 -0.01099 -2.22840e-01 | 24 -0.01111 -2.28472e-01
 25 -0.01123 -2.34217e-01 | 26 -0.01133 -2.40075e-01 | 27 -0.01141 -2.46043e-01
 28 -0.01148 -2.52112e-01 | 29 -0.01152 -2.58278e-01 | 30 -0.01155 -2.64542e-01
 31 -0.01155 -2.70916e-01 | 32 -0.01152 -2.77410e-01 | 33 -0.01148 -2.84036e-01
 34 -0.01140 -2.90800e-01 | 35 -0.01130 -2.97701e-01 | 36 -0.01116 -3.04730e-01
 37 -0.01100 -3.11866e-01 | 38 -0.01079 -3.19086e-01 | 39 -0.01055 -3.26363e-01
 40 -0.01027 -3.33647e-01 | 41 -0.00996 -3.40956e-01 | 42 -0.00962 -3.48250e-01
 43 -0.00924 -3.55497e-01 | 44 -0.00883 -3.62653e-01 | 45 -0.00841 -3.69657e-01
 46 -0.00796 -3.76438e-01 | 47 -0.00751 -3.82940e-01 | 48 -0.00705 -3.89111e-01
 49 -0.00660 -3.94924e-01 | 50 -0.00617 -4.00381e-01 | 51 -0.00576 -4.05499e-01
 52 -0.00539 -4.10313e-01 | 53 -0.00506 -4.14926e-01 | 54 -0.00476 -4.19474e-01
 55 -0.00451 -4.24123e-01 | 56 -0.00428 -4.29109e-01 | 57 -0.00406 -4.34713e-01
 58 -0.00384 -4.41196e-01 | 59 -0.00359 -4.48916e-01 | 60 -0.00330 -4.58234e-01
 61 -0.00293 -4.69588e-01 | 62 -0.00244 -4.83341e-01 | 63 -0.00182 -4.99817e-01
 64 -0.00103 -5.19146e-01 | 65 -0.00004 -5.40826e-01 | 66  0.00119 -5.64130e-01
 67  0.00269 -5.86848e-01 | 68  0.00450 -6.06024e-01 | 69  0.00665 -6.18948e-01
 70  0.00917 -6.24998e-01 | 71  0.01202 -6.28833e-01 | 72  0.01514 -6.42169e-01
 73  0.01839 -6.80631e-01 | 74  0.02162 -7.52580e-01 | 75  0.02473 -8.46259e-01
 76  0.02768 -9.29250e-01 | 77  0.03045 -9.67892e-01 | 78  0.03284 -9.57100e-01
 79  0.03446 -9.31068e-01 | 80  0.03498 -9.25562e-01 | 81  0.03429 -9.50536e-01
 82  0.03246 -1.00684e+00 | 83  0.02980 -1.06098e+00 | 84  0.02676 -1.06020e+00
 85  0.02352 -1.00038e+00 | 86  0.02007 -9.26131e-01 | 87  0.01652 -8.75841e-01
 88  0.01321 -8.46677e-01 | 89  0.01050 -8.17948e-01 | 90  0.00844 -7.82958e-01
 91  0.00685 -7.50173e-01 | 92  0.00542 -7.29087e-01 | 93  0.00414 -7.18297e-01
 94  0.00353 -7.00403e-01 | 95  0.00347 -6.67847e-01 | 96  0.00254 -6.47541e-01
 97  0.00346 -5.78228e-01 | 98  0.00589 -4.82569e-01 | 99  0.01046 -3.59588e-01
100  0.01083 -2.78322e-01 |101  0.00983 -1.23111e-01 |102  0.00811  4.90286e-02
103 -0.00104  1.82412e-01 |104 -0.00167  6.41048e-01 |105  0.01423  1.20374e+00
106  0.01238  1.35747e+00 |107 -0.00983  9.99751e-01 |108  0.01225  1.71668e+00
109  0.09176  4.71169e+00 |110  0.03145  3.19623e+00 |111 -0.01344  3.18418e+00
112  0.00072  4.32010e+00 |113  0.01567  6.18533e+00 |114  0.02950  7.75495e+00
115 -0.00596  5.10100e+00 |116 -0.06672  3.16751e+00 |117 -0.08690  1.97734e+00
118 -0.08070  1.22550e+00 |119 -0.02938  6.14729e-01 |120  0.07021 -1.31442e+00
121  0.01718 -2.04908e+00 |122  0.01033 -1.27012e+00 |123 -0.02921 -5.31846e-01
124 -0.06604 -4.75169e-02 |125 -0.00569 -9.01573e-01 |126  0.00587 -1.42456e+00
127 -0.02555 -8.52559e-01 |128  0.03486 -5.05053e-01 |129  0.06989 -2.28096e+00
130  0.02038  5.88206e-01 |131  0.07881 -1.73845e+00 |132  0.00648 -5.38598e-01
133  0.13247 -7.93470e-01 |134 -0.00298  2.90544e-01 |135 -0.04408  6.33809e-01
136 -0.05432  2.75357e-01 |137 -0.02127  1.15548e-01 |138  0.09232  1.59987e-01
139  0.03353  9.77635e-02 |140  0.01724  2.12511e-01 |141 -0.02598  1.68355e-01
142 -0.01751 -1.35305e-01 |143 -0.00311  7.01356e-01 |144 -0.00039  2.57660e-03
145  0.27004 -6.58740e+00 |146  0.18363 -8.55955e-01 |

 - final statistics:
146 variables; iteration 33; function evaluation 42
Function value 7.0012e+03; maximum gradient component mag 6.6746e+00
Exit code = 1;  converg criter 1.0000e+01
Var    Value     Gradient |Var    Value     Gradient |Var    Value     Gradient
  1 -0.42401  4.82167e+00 |  2  0.37003  6.67455e+00 |  3 -0.12814 -1.41844e+00
  4 -0.01055 -4.26501e-01 |  5 -0.73896  2.00600e+00 |  6 -0.60223  2.04369e+00
  7  0.37161 -3.56403e+00 |  8 -0.18907  1.26063e+00 |  9  0.04320 -1.29729e+00
 10 -0.64068  5.41423e-01 | 11 -0.61987 -5.04152e-01 | 12 -0.08366 -3.90319e-01
 13 -0.00933 -5.57453e-02 | 14 -0.00953 -5.73145e-02 | 15 -0.00973 -5.89117e-02
 16 -0.00992 -6.05359e-02 | 17 -0.01011 -6.21860e-02 | 18 -0.01030 -6.38601e-02
 19 -0.01048 -6.55568e-02 | 20 -0.01065 -6.72748e-02 | 21 -0.01081 -6.90128e-02
 22 -0.01096 -7.07695e-02 | 23 -0.01110 -7.25443e-02 | 24 -0.01123 -7.43364e-02
 25 -0.01135 -7.61444e-02 | 26 -0.01145 -7.79649e-02 | 27 -0.01153 -7.97915e-02
 28 -0.01160 -8.16178e-02 | 29 -0.01164 -8.34405e-02 | 30 -0.01167 -8.52595e-02
 31 -0.01167 -8.70749e-02 | 32 -0.01164 -8.88857e-02 | 33 -0.01160 -9.06907e-02
 34 -0.01152 -9.24860e-02 | 35 -0.01141 -9.42647e-02 | 36 -0.01128 -9.60158e-02
 37 -0.01111 -9.77251e-02 | 38 -0.01090 -9.93788e-02 | 39 -0.01065 -1.00965e-01
 40 -0.01037 -1.02470e-01 | 41 -0.01006 -1.03903e-01 | 42 -0.00971 -1.05267e-01
 43 -0.00932 -1.06573e-01 | 44 -0.00892 -1.07841e-01 | 45 -0.00848 -1.09102e-01
 46 -0.00804 -1.10404e-01 | 47 -0.00758 -1.11814e-01 | 48 -0.00713 -1.13409e-01
 49 -0.00668 -1.15259e-01 | 50 -0.00626 -1.17395e-01 | 51 -0.00586 -1.19791e-01
 52 -0.00550 -1.22378e-01 | 53 -0.00518 -1.25094e-01 | 54 -0.00490 -1.27909e-01
 55 -0.00466 -1.30817e-01 | 56 -0.00445 -1.33813e-01 | 57 -0.00424 -1.36875e-01
 58 -0.00404 -1.39962e-01 | 59 -0.00380 -1.43045e-01 | 60 -0.00351 -1.46065e-01
 61 -0.00314 -1.48949e-01 | 62 -0.00266 -1.51576e-01 | 63 -0.00203 -1.53841e-01
 64 -0.00123 -1.55743e-01 | 65 -0.00022 -1.57518e-01 | 66  0.00102 -1.60062e-01
 67  0.00251 -1.64674e-01 | 68  0.00427 -1.72417e-01 | 69  0.00632 -1.81478e-01
 70  0.00872 -1.82639e-01 | 71  0.01154 -1.57952e-01 | 72  0.01481 -9.54338e-02
 73  0.01836 -2.62223e-02 | 74  0.02168 -3.55723e-02 | 75  0.02443 -1.52459e-01
 76  0.02725 -2.08281e-01 | 77  0.03090 -2.71665e-02 | 78  0.03397  1.60078e-01
 79  0.03389 -6.97967e-02 | 80  0.03237 -3.84956e-01 | 81  0.03322 -9.75304e-02
 82  0.03341  2.41507e-01 | 83  0.03032  1.28738e-01 | 84  0.02648 -1.02973e-02
 85  0.02348  1.04181e-01 | 86  0.02037  2.51088e-01 | 87  0.01667  2.68234e-01
 88  0.01312  2.33852e-01 | 89  0.01025  2.13344e-01 | 90  0.00809  2.07572e-01
 91  0.00646  2.11700e-01 | 92  0.00509  2.25152e-01 | 93  0.00393  2.39668e-01
 94  0.00336  2.36228e-01 | 95  0.00329  2.16016e-01 | 96  0.00239  2.01862e-01
 97  0.00316  1.43468e-01 | 98  0.00541  8.31985e-02 | 99  0.00948 -5.64893e-02
100  0.01009 -4.97759e-02 |101  0.00895 -1.13719e-01 |102  0.00729 -1.41089e-01
103 -0.00170 -1.39748e-01 |104 -0.00275 -7.62927e-02 |105  0.01334  1.00556e-01
106  0.01236  3.05853e-01 |107 -0.00970  1.08284e-01 |108  0.01520  8.18452e-01
109  0.09059  1.50030e-01 |110  0.03298  7.81369e-01 |111 -0.01346  3.12696e-01
112  0.00104  4.01795e-02 |113  0.01474  2.96430e-01 |114  0.02763  9.83833e-01
115 -0.00524  7.01686e-01 |116 -0.06778  4.52386e-01 |117 -0.08726  3.28548e-01
118 -0.07928  3.14863e-01 |119 -0.02459  7.31526e-01 |120  0.06905 -3.64098e-01
121  0.01814 -4.35735e-01 |122  0.01227 -2.98640e-01 |123 -0.02702  1.23723e-01
124 -0.06392  2.39343e-01 |125 -0.00364  7.26380e-02 |126  0.00873  4.14420e-01
127 -0.02521 -6.88156e-01 |128  0.03773  5.72351e-01 |129  0.07066 -4.69068e-01
130  0.02261  3.18285e-01 |131  0.07808  1.57261e-01 |132  0.00507 -1.39341e-01
133  0.13157 -1.91715e-01 |134 -0.00280 -5.09175e-01 |135 -0.04311  1.64672e-01
136 -0.05336  6.88986e-02 |137 -0.02179 -1.39027e-01 |138  0.08955  3.75230e-01
139  0.03460 -1.27809e-01 |140  0.01679 -4.37601e-02 |141 -0.02560 -2.84686e-01
142 -0.01734  1.64424e-01 |143 -0.00230  2.70107e-01 |144 -0.00040 -2.82961e-03
145  0.26478 -7.54230e-01 |146  0.17824 -2.99180e-01 |

Initial statistics: 176 variables; iteration 0; function evaluation 0; phase 3
Function value 7.0011601e+03; maximum gradient component mag 3.4276e+01
Var    Value     Gradient |Var    Value     Gradient |Var    Value     Gradient
  1 -0.42401  4.82167e+00 |  2  0.37003  6.67455e+00 |  3 -0.12814 -1.41844e+00
  4 -0.01055 -4.26501e-01 |  5 -0.73896  2.00600e+00 |  6 -0.60223  2.04369e+00
  7  0.37161 -3.56403e+00 |  8 -0.18907  1.26063e+00 |  9  0.04320 -1.29729e+00
 10 -0.64068  5.41423e-01 | 11 -0.61987 -5.04152e-01 | 12 -0.08366 -3.90319e-01
 13 -0.00933 -5.57453e-02 | 14 -0.00953 -5.73145e-02 | 15 -0.00973 -5.89117e-02
 16 -0.00992 -6.05359e-02 | 17 -0.01011 -6.21860e-02 | 18 -0.01030 -6.38601e-02
 19 -0.01048 -6.55568e-02 | 20 -0.01065 -6.72748e-02 | 21 -0.01081 -6.90128e-02
 22 -0.01096 -7.07695e-02 | 23 -0.01110 -7.25443e-02 | 24 -0.01123 -7.43364e-02
 25 -0.01135 -7.61444e-02 | 26 -0.01145 -7.79649e-02 | 27 -0.01153 -7.97915e-02
 28 -0.01160 -8.16178e-02 | 29 -0.01164 -8.34405e-02 | 30 -0.01167 -8.52595e-02
 31 -0.01167 -8.70749e-02 | 32 -0.01164 -8.88857e-02 | 33 -0.01160 -9.06907e-02
 34 -0.01152 -9.24860e-02 | 35 -0.01141 -9.42647e-02 | 36 -0.01128 -9.60158e-02
 37 -0.01111 -9.77251e-02 | 38 -0.01090 -9.93788e-02 | 39 -0.01065 -1.00965e-01
 40 -0.01037 -1.02470e-01 | 41 -0.01006 -1.03903e-01 | 42 -0.00971 -1.05267e-01
 43 -0.00932 -1.06573e-01 | 44 -0.00892 -1.07841e-01 | 45 -0.00848 -1.09102e-01
 46 -0.00804 -1.10404e-01 | 47 -0.00758 -1.11814e-01 | 48 -0.00713 -1.13409e-01
 49 -0.00668 -1.15259e-01 | 50 -0.00626 -1.17395e-01 | 51 -0.00586 -1.19791e-01
 52 -0.00550 -1.22378e-01 | 53 -0.00518 -1.25094e-01 | 54 -0.00490 -1.27909e-01
 55 -0.00466 -1.30817e-01 | 56 -0.00445 -1.33813e-01 | 57 -0.00424 -1.36875e-01
 58 -0.00404 -1.39962e-01 | 59 -0.00380 -1.43045e-01 | 60 -0.00351 -1.46065e-01
 61 -0.00314 -1.48949e-01 | 62 -0.00266 -1.51576e-01 | 63 -0.00203 -1.53841e-01
 64 -0.00123 -1.55743e-01 | 65 -0.00022 -1.57518e-01 | 66  0.00102 -1.60062e-01
 67  0.00251 -1.64674e-01 | 68  0.00427 -1.72417e-01 | 69  0.00632 -1.81478e-01
 70  0.00872 -1.82639e-01 | 71  0.01154 -1.57952e-01 | 72  0.01481 -9.54338e-02
 73  0.01836 -2.62223e-02 | 74  0.02168 -3.55723e-02 | 75  0.02443 -1.52459e-01
 76  0.02725 -2.08281e-01 | 77  0.03090 -2.71665e-02 | 78  0.03397  1.60078e-01
 79  0.03389 -6.97967e-02 | 80  0.03237 -3.84956e-01 | 81  0.03322 -9.75304e-02
 82  0.03341  2.41507e-01 | 83  0.03032  1.28738e-01 | 84  0.02648 -1.02973e-02
 85  0.02348  1.04181e-01 | 86  0.02037  2.51088e-01 | 87  0.01667  2.68234e-01
 88  0.01312  2.33852e-01 | 89  0.01025  2.13344e-01 | 90  0.00809  2.07572e-01
 91  0.00646  2.11700e-01 | 92  0.00509  2.25152e-01 | 93  0.00393  2.39668e-01
 94  0.00336  2.36228e-01 | 95  0.00329  2.16016e-01 | 96  0.00239  2.01862e-01
 97  0.00316  1.43468e-01 | 98  0.00541  8.31985e-02 | 99  0.00948 -5.64893e-02
100  0.01009 -4.97759e-02 |101  0.00895 -1.13719e-01 |102  0.00729 -1.41089e-01
103 -0.00170 -1.39748e-01 |104 -0.00275 -7.62927e-02 |105  0.01334  1.00556e-01
106  0.01236  3.05853e-01 |107 -0.00970  1.08284e-01 |108  0.01520  8.18452e-01
109  0.09059  1.50030e-01 |110  0.03298  7.81369e-01 |111 -0.01346  3.12696e-01
112  0.00104  4.01795e-02 |113  0.01474  2.96430e-01 |114  0.02763  9.83833e-01
115 -0.00524  7.01686e-01 |116 -0.06778  4.52386e-01 |117 -0.08726  3.28548e-01
118 -0.07928  3.14863e-01 |119 -0.02459  7.31526e-01 |120  0.06905 -3.64098e-01
121  0.01814 -4.35735e-01 |122  0.01227 -2.98640e-01 |123 -0.02702  1.23723e-01
124 -0.06392  2.39343e-01 |125 -0.00364  7.26380e-02 |126  0.00873  4.14420e-01
127 -0.02521 -6.88156e-01 |128  0.03773  5.72351e-01 |129  0.07066 -4.69068e-01
130  0.02261  3.18285e-01 |131  0.07808  1.57261e-01 |132  0.00507 -1.39341e-01
133  0.13157 -1.91715e-01 |134 -0.00280 -5.09175e-01 |135 -0.04311  1.64672e-01
136 -0.05336  6.88986e-02 |137 -0.02179 -1.39027e-01 |138  0.08955  3.75230e-01
139  0.03460 -1.27809e-01 |140  0.01679 -4.37601e-02 |141 -0.02560 -2.84686e-01
142 -0.01734  1.64424e-01 |143 -0.00230  2.70107e-01 |144 -0.00040 -2.82961e-03
145  0.26478 -7.54230e-01 |146  0.17824 -2.99180e-01 |147  0.04662 -4.82035e+00
148  0.29671  4.38702e+00 |149 -0.47543  7.68201e-02 |150  0.31377 -1.93986e-01
151  0.18255 -8.66364e+00 |152  0.25986  1.14769e+01 |153  0.17459 -3.93854e-01
154  0.25418  5.76549e-02 |155  0.10351 -2.03635e+00 |156  0.29677  3.09163e+00
157  0.16893  7.92270e-01 |158  0.24623 -1.88847e+00 |159 -0.35197  9.07124e-01
160  0.24281 -1.36327e+00 |161  0.20265  3.92240e+00 |162  0.31675 -9.06844e+00
163 -0.38040 -6.77465e-01 |164  0.23607  1.09136e+00 |165  0.05118  3.42232e+00
166  0.11969  9.29578e+00 |167  0.32140 -4.36873e+00 |168  0.27252 -1.05221e+01
169  0.01343  2.15766e+00 |170  0.39319  1.37034e-01 |171  0.09932  3.42762e+01
172  0.16368 -2.25635e+00 |173  0.21870 -2.64801e+01 |174  0.25726  5.49871e+00
175 -0.55411  3.10647e-01 |176  0.17113  1.58526e-01 |

Intermediate statistics: 176 variables; iteration 20; function evaluation 25; phase 3
Function value 7.0011018e+03; maximum gradient component mag 2.5902e+01
Var    Value     Gradient |Var    Value     Gradient |Var    Value     Gradient
  1 -0.42421 -3.46307e+00 |  2  0.36959  2.38237e+01 |  3 -0.12819  2.34397e+01
  4 -0.00944  2.05195e+01 |  5 -0.74310  4.49673e-01 |  6 -0.60200  2.14160e+00
  7  0.37136 -5.25887e+00 |  8 -0.18941 -6.27273e+00 |  9  0.04383 -4.72652e+00
 10 -0.64229 -3.30526e-01 | 11 -0.61987 -4.66647e+00 | 12 -0.08506  3.89161e+00
 13 -0.00925  1.06144e-02 | 14 -0.00945  1.08790e-02 | 15 -0.00965  1.11485e-02
 16 -0.00984  1.14228e-02 | 17 -0.01003  1.17026e-02 | 18 -0.01021  1.19872e-02
 19 -0.01039  1.22762e-02 | 20 -0.01056  1.25697e-02 | 21 -0.01072  1.28678e-02
 22 -0.01087  1.31709e-02 | 23 -0.01101  1.34796e-02 | 24 -0.01113  1.37946e-02
 25 -0.01125  1.41162e-02 | 26 -0.01135  1.44444e-02 | 27 -0.01143  1.47783e-02
 28 -0.01149  1.51166e-02 | 29 -0.01154  1.54590e-02 | 30 -0.01156  1.58060e-02
 31 -0.01156  1.61599e-02 | 32 -0.01154  1.65234e-02 | 33 -0.01149  1.68994e-02
 34 -0.01141  1.72902e-02 | 35 -0.01131  1.76974e-02 | 36 -0.01117  1.81209e-02
 37 -0.01100  1.85597e-02 | 38 -0.01079  1.90128e-02 | 39 -0.01055  1.94788e-02
 40 -0.01027  1.99543e-02 | 41 -0.00996  2.04463e-02 | 42 -0.00961  2.09550e-02
 43 -0.00924  2.14831e-02 | 44 -0.00883  2.20331e-02 | 45 -0.00840  2.26058e-02
 46 -0.00796  2.32011e-02 | 47 -0.00751  2.38208e-02 | 48 -0.00706  2.44673e-02
 49 -0.00662  2.51462e-02 | 50 -0.00620  2.58660e-02 | 51 -0.00580  2.66341e-02
 52 -0.00544  2.74519e-02 | 53 -0.00512  2.83179e-02 | 54 -0.00484  2.92273e-02
 55 -0.00460  3.01808e-02 | 56 -0.00438  3.11922e-02 | 57 -0.00418  3.22822e-02
 58 -0.00397  3.34674e-02 | 59 -0.00372  3.47696e-02 | 60 -0.00343  3.62085e-02
 61 -0.00305  3.78100e-02 | 62 -0.00256  3.95958e-02 | 63 -0.00192  4.15941e-02
 64 -0.00111  4.38311e-02 | 65 -0.00009  4.62979e-02 | 66  0.00116  4.89769e-02
 67  0.00267  5.17364e-02 | 68  0.00447  5.44334e-02 | 69  0.00657  5.71835e-02
 70  0.00899  6.09567e-02 | 71  0.01173  6.81617e-02 | 72  0.01478  8.12899e-02
 73  0.01808  9.72214e-02 | 74  0.02146  1.02279e-01 | 75  0.02474  8.75548e-02
 76  0.02785  8.07228e-02 | 77  0.03079  1.20895e-01 | 78  0.03312  1.65756e-01
 79  0.03411  1.17430e-01 | 80  0.03403  4.75717e-02 | 81  0.03373  1.12716e-01
 82  0.03256  1.86277e-01 | 83  0.03004  1.59861e-01 | 84  0.02687  1.31582e-01
 85  0.02347  1.52146e-01 | 86  0.01984  1.74898e-01 | 87  0.01615  1.75616e-01
 88  0.01280  1.70497e-01 | 89  0.01007  1.69132e-01 | 90  0.00798  1.70893e-01
 91  0.00637  1.74643e-01 | 92  0.00497  1.79813e-01 | 93  0.00377  1.85492e-01
 94  0.00322  1.89478e-01 | 95  0.00322  1.90701e-01 | 96  0.00231  1.90862e-01
 97  0.00325  1.85344e-01 | 98  0.00567  1.78168e-01 | 99  0.01024  1.48475e-01
100  0.01071  1.24135e-01 |101  0.00970  7.91834e-02 |102  0.00804  1.44004e-02
103 -0.00110 -5.32383e-02 |104 -0.00242 -1.13175e-01 |105  0.01316 -2.33312e-01
106  0.01148 -3.45441e-01 |107 -0.00988 -3.07760e-01 |108  0.01266 -3.67218e-01
109  0.09163 -9.83517e-01 |110  0.03054 -6.06821e-01 |111 -0.01426 -4.26724e-01
112  0.00115 -4.06112e-01 |113  0.01431 -3.23125e-01 |114  0.02584 -1.52873e-01
115 -0.00586 -8.91395e-02 |116 -0.06860  3.59587e-02 |117 -0.08791  7.71318e-02
118 -0.07963  1.40046e-01 |119 -0.02559  2.69186e-01 |120  0.06858  8.46312e-02
121  0.01794 -7.20968e-02 |122  0.01245  7.14161e-02 |123 -0.02727  4.51138e-02
124 -0.06414  2.51460e-01 |125 -0.00299  3.03529e-01 |126  0.00768  2.60267e-01
127 -0.02229  1.04858e-01 |128  0.03619  7.61367e-02 |129  0.07222 -5.30854e-02
130  0.02225 -1.55361e-01 |131  0.07759 -1.60939e-01 |132  0.00523 -9.72001e-02
133  0.13152 -1.85810e-01 |134 -0.00152 -2.66817e-02 |135 -0.04308  8.37499e-02
136 -0.05341  1.23067e-03 |137 -0.02126  3.49815e-02 |138  0.08786 -2.45989e-03
139  0.03546 -9.68691e-02 |140  0.01698  6.66508e-02 |141 -0.02437  1.65677e-02
142 -0.01811 -2.76025e-02 |143 -0.00286  4.77415e-02 |144 -0.00038  2.62988e-04
145  0.26732  5.79385e-01 |146  0.18049  8.37518e-01 |147  0.04738  1.56881e+00
148  0.29669 -1.81898e+00 |149 -0.47536 -8.27227e-03 |150  0.31462 -1.02137e-01
151  0.18516  4.76592e-01 |152  0.26030 -2.17498e+00 |153  0.17475 -1.67585e-01
154  0.25428  3.19943e-01 |155  0.10540  3.32089e-01 |156  0.29715 -6.12513e-01
157  0.16924  1.19659e-01 |158  0.24657 -8.47571e-02 |159 -0.35268  8.45516e-02
160  0.24280 -6.56785e-02 |161  0.19990  3.03114e-01 |162  0.31762 -9.41661e-01
163 -0.37900 -6.16644e-02 |164  0.23628 -5.59893e-02 |165  0.05020  2.79155e-01
166  0.11871  9.20989e-01 |167  0.32226  6.47569e-03 |168  0.27316 -6.95987e-02
169  0.01204  7.05113e-01 |170  0.39178 -3.42024e-01 |171  0.09914  2.59021e+01
172  0.16351 -3.50300e+00 |173  0.21892 -1.86893e+01 |174  0.25708  4.34740e+00
175 -0.55606  4.82885e-01 |176  0.17047  1.39645e-01 |
176 variables; iteration 40; function evaluation 46; phase 3
Function value 7.0010957e+03; maximum gradient component mag 2.2879e+01
Var    Value     Gradient |Var    Value     Gradient |Var    Value     Gradient
  1 -0.42415 -1.84862e+00 |  2  0.36968  2.09685e+01 |  3 -0.12813  2.08490e+01
  4 -0.00973  1.71849e+01 |  5 -0.74325  2.63608e-01 |  6 -0.60199  5.50940e-01
  7  0.37130 -4.86908e+00 |  8 -0.18948 -5.41550e+00 |  9  0.04398 -3.53906e+00
 10 -0.64223 -7.19496e-02 | 11 -0.61986 -3.87503e+00 | 12 -0.08790  2.13751e+00
 13 -0.00922  4.08157e-03 | 14 -0.00942  4.16279e-03 | 15 -0.00961  4.24576e-03
 16 -0.00981  4.33064e-03 | 17 -0.00999  4.41783e-03 | 18 -0.01018  4.50741e-03
 19 -0.01035  4.59959e-03 | 20 -0.01052  4.69472e-03 | 21 -0.01068  4.79324e-03
 22 -0.01083  4.89569e-03 | 23 -0.01097  5.00271e-03 | 24 -0.01109  5.11492e-03
 25 -0.01121  5.23297e-03 | 26 -0.01130  5.35743e-03 | 27 -0.01139  5.48889e-03
 28 -0.01145  5.62798e-03 | 29 -0.01149  5.77533e-03 | 30 -0.01151  5.93181e-03
 31 -0.01151  6.09908e-03 | 32 -0.01149  6.27923e-03 | 33 -0.01144  6.47458e-03
 34 -0.01136  6.68738e-03 | 35 -0.01126  6.91951e-03 | 36 -0.01112  7.17227e-03
 37 -0.01095  7.44626e-03 | 38 -0.01074  7.74156e-03 | 39 -0.01050  8.05782e-03
 40 -0.01022  8.39375e-03 | 41 -0.00990  8.75101e-03 | 42 -0.00955  9.12931e-03
 43 -0.00917  9.52900e-03 | 44 -0.00877  9.94987e-03 | 45 -0.00834  1.03902e-02
 46 -0.00790  1.08470e-02 | 47 -0.00745  1.13173e-02 | 48 -0.00700  1.17981e-02
 49 -0.00655  1.22885e-02 | 50 -0.00613  1.27891e-02 | 51 -0.00573  1.33007e-02
 52 -0.00537  1.38200e-02 | 53 -0.00505  1.43413e-02 | 54 -0.00477  1.48574e-02
 55 -0.00453  1.53665e-02 | 56 -0.00431  1.58756e-02 | 57 -0.00410  1.63960e-02
 58 -0.00389  1.69357e-02 | 59 -0.00365  1.75047e-02 | 60 -0.00336  1.81130e-02
 61 -0.00298  1.87753e-02 | 62 -0.00249  1.95070e-02 | 63 -0.00185  2.03286e-02
 64 -0.00104  2.12588e-02 | 65 -0.00002  2.22925e-02 | 66  0.00124  2.34059e-02
 67  0.00275  2.45068e-02 | 68  0.00455  2.55049e-02 | 69  0.00666  2.65235e-02
 70  0.00908  2.83933e-02 | 71  0.01183  3.32864e-02 | 72  0.01489  4.40080e-02
 73  0.01820  5.87696e-02 | 74  0.02160  6.34014e-02 | 75  0.02487  4.36715e-02
 76  0.02797  2.99112e-02 | 77  0.03099  8.12281e-02 | 78  0.03346  1.45636e-01
 79  0.03431  6.80008e-02 | 80  0.03400 -4.53038e-02 | 81  0.03391  5.42154e-02
 82  0.03294  1.63290e-01 | 83  0.03035  1.21444e-01 | 84  0.02712  8.36643e-02
 85  0.02376  1.11490e-01 | 86  0.02015  1.38271e-01 | 87  0.01646  1.40351e-01
 88  0.01313  1.38235e-01 | 89  0.01041  1.40677e-01 | 90  0.00834  1.46297e-01
 91  0.00676  1.53785e-01 | 92  0.00538  1.62473e-01 | 93  0.00421  1.71420e-01
 94  0.00368  1.78833e-01 | 95  0.00370  1.83503e-01 | 96  0.00277  1.84975e-01
 97  0.00366  1.81457e-01 | 98  0.00599  1.75245e-01 | 99  0.01054  1.54773e-01
100  0.01097  1.36863e-01 |101  0.00989  1.02274e-01 |102  0.00827  5.82099e-02
103 -0.00101  2.48945e-03 |104 -0.00260 -4.17688e-02 |105  0.01333 -9.34350e-02
106  0.01146 -1.81960e-01 |107 -0.01050 -2.24580e-01 |108  0.01264 -2.21447e-01
109  0.09159 -7.16680e-01 |110  0.02983 -4.72565e-01 |111 -0.01440 -3.13537e-01
112  0.00082 -3.47913e-01 |113  0.01387 -2.72152e-01 |114  0.02539 -1.11618e-01
115 -0.00638 -7.13891e-02 |116 -0.06898  6.47422e-02 |117 -0.08827  1.07742e-01
118 -0.08000  1.66444e-01 |119 -0.02601  2.93507e-01 |120  0.06804  1.98829e-01
121  0.01744 -3.01972e-02 |122  0.01192  7.06950e-02 |123 -0.02781 -1.52048e-02
124 -0.06462  1.39381e-01 |125 -0.00368  7.26289e-02 |126  0.00708  6.31231e-02
127 -0.02303 -1.03961e-01 |128  0.03587  2.11401e-03 |129  0.07156 -1.75458e-01
130  0.02206 -1.30769e-01 |131  0.07718 -1.61520e-01 |132  0.00496 -1.06855e-01
133  0.13121 -1.33672e-01 |134 -0.00173 -3.43389e-02 |135 -0.04327  6.00154e-02
136 -0.05354 -1.80314e-02 |137 -0.02145  3.07696e-03 |138  0.08776  3.53235e-02
139  0.03510 -1.57066e-01 |140  0.01682  4.82307e-02 |141 -0.02459 -3.08410e-02
142 -0.01811 -2.32435e-02 |143 -0.00280  6.29352e-02 |144 -0.00037  9.87058e-04
145  0.27128  2.81925e-01 |146  0.18535  4.95363e-01 |147  0.04745  1.34957e+00
148  0.29666 -1.66056e+00 |149 -0.47522 -1.34303e-03 |150  0.31465 -9.14945e-02
151  0.18546  4.41531e-01 |152  0.26037 -1.78555e+00 |153  0.17495  1.59721e-01
154  0.25433  1.00987e-01 |155  0.10551  5.71698e-01 |156  0.29707 -1.33240e+00
157  0.16940  1.48315e+00 |158  0.24642 -2.39026e+00 |159 -0.35287 -1.76473e-01
160  0.24285  4.61301e-01 |161  0.20009  3.96732e-01 |162  0.31765 -1.16566e+00
163 -0.37976 -6.93423e-02 |164  0.23591 -3.53417e-01 |165  0.05012 -1.76926e-01
166  0.11882  8.17959e-01 |167  0.32237  6.75945e-01 |168  0.27323  3.30290e-01
169  0.01207  5.36594e-01 |170  0.39200 -1.15070e-01 |171  0.09919  2.28794e+01
172  0.16355 -3.47817e+00 |173  0.21905 -1.53722e+01 |174  0.25705  3.82240e+00
175 -0.56405 -1.76725e-02 |176  0.16676 -1.80917e-02 |
176 variables; iteration 60; function evaluation 73; phase 3
Function value 7.0010833e+03; maximum gradient component mag 1.0807e+00
Var    Value     Gradient |Var    Value     Gradient |Var    Value     Gradient
  1 -0.42404 -6.46832e-03 |  2  0.36943  1.08067e+00 |  3 -0.12845  9.27837e-01
  4 -0.00951  7.95009e-01 |  5 -0.74357 -2.50069e-02 |  6 -0.60199  3.57342e-02
  7  0.37130 -1.74497e-01 |  8 -0.18942 -1.79282e-01 |  9  0.04404 -1.55948e-01
 10 -0.64253 -1.20766e-02 | 11 -0.61976 -1.39177e-01 | 12 -0.08851 -2.13457e-02
 13 -0.00920 -1.19585e-03 | 14 -0.00940 -1.19657e-03 | 15 -0.00959 -1.19696e-03
 16 -0.00978 -1.19669e-03 | 17 -0.00997 -1.19538e-03 | 18 -0.01015 -1.19241e-03
 19 -0.01033 -1.18699e-03 | 20 -0.01050 -1.17836e-03 | 21 -0.01065 -1.16569e-03
 22 -0.01080 -1.14814e-03 | 23 -0.01094 -1.12489e-03 | 24 -0.01107 -1.09522e-03
 25 -0.01118 -1.05830e-03 | 26 -0.01128 -1.01309e-03 | 27 -0.01136 -9.57822e-04
 28 -0.01142 -8.90111e-04 | 29 -0.01146 -8.07823e-04 | 30 -0.01148 -7.09839e-04
 31 -0.01148 -5.95815e-04 | 32 -0.01145 -4.65496e-04 | 33 -0.01140 -3.18522e-04
 34 -0.01133 -1.54392e-04 | 35 -0.01122  2.74778e-05 | 36 -0.01108  2.27407e-04
 37 -0.01091  4.44893e-04 | 38 -0.01070  6.77964e-04 | 39 -0.01046  9.22873e-04
 40 -0.01018  1.17423e-03 | 41 -0.00986  1.42636e-03 | 42 -0.00951  1.67387e-03
 43 -0.00913  1.91303e-03 | 44 -0.00873  2.14341e-03 | 45 -0.00830  2.36885e-03
 46 -0.00786  2.59926e-03 | 47 -0.00740  2.85193e-03 | 48 -0.00695  3.14963e-03
 49 -0.00651  3.51543e-03 | 50 -0.00609  3.96294e-03 | 51 -0.00569  4.48793e-03
 52 -0.00533  5.06823e-03 | 53 -0.00501  5.67476e-03 | 54 -0.00472  6.28315e-03
 55 -0.00448  6.87628e-03 | 56 -0.00426  7.43716e-03 | 57 -0.00405  7.94420e-03
 58 -0.00384  8.37264e-03 | 59 -0.00360  8.69843e-03 | 60 -0.00331  8.89179e-03
 61 -0.00293  8.91956e-03 | 62 -0.00244  8.74527e-03 | 63 -0.00180  8.35142e-03
 64 -0.00099  7.78684e-03 | 65  0.00003  7.24821e-03 | 66  0.00128  7.17876e-03
 67  0.00281  8.16792e-03 | 68  0.00462  1.04133e-02 | 69  0.00674  1.26110e-02
 70  0.00917  1.15963e-02 | 71  0.01188  5.92480e-03 | 72  0.01489  2.31382e-03
 73  0.01818  9.28516e-03 | 74  0.02161  1.38213e-02 | 75  0.02493 -1.53858e-03
 76  0.02809 -9.75145e-03 | 77  0.03095  4.25682e-03 | 78  0.03311  5.86142e-03
 79  0.03438 -1.63949e-03 | 80  0.03474 -3.28466e-03 | 81  0.03414 -3.52856e-03
 82  0.03266  5.44462e-03 | 83  0.03032  3.20643e-03 | 84  0.02725 -1.23577e-02
 85  0.02383 -1.29706e-03 | 86  0.02017  9.81313e-03 | 87  0.01647  1.75283e-03
 88  0.01316 -1.08632e-03 | 89  0.01048  3.88118e-03 | 90  0.00845  1.01630e-02
 91  0.00687  1.39032e-02 | 92  0.00547  1.18543e-02 | 93  0.00424  4.49116e-03
 94  0.00368 -1.82211e-04 | 95  0.00368 -1.74088e-03 | 96  0.00268 -1.55339e-02
 97  0.00361 -9.38201e-03 | 98  0.00601 -6.42524e-04 | 99  0.01071  2.27912e-02
100  0.01103  6.57876e-03 |101  0.00997  3.87346e-03 |102  0.00832 -1.95225e-03
103 -0.00098 -1.33604e-02 |104 -0.00245  2.67066e-03 |105  0.01342  2.41276e-02
106  0.01153  8.40294e-03 |107 -0.01031 -3.16827e-02 |108  0.01223 -5.04158e-02
109  0.09184 -3.24657e-02 |110  0.02960 -2.23897e-02 |111 -0.01454 -4.06238e-03
112  0.00073  1.46155e-03 |113  0.01367 -4.17952e-03 |114  0.02499 -1.91702e-04
115 -0.00676 -5.06308e-03 |116 -0.06928  1.45771e-02 |117 -0.08861 -1.67287e-02
118 -0.08033 -4.18543e-03 |119 -0.02616  2.49427e-02 |120  0.06786  2.69432e-02
121  0.01738  9.59727e-04 |122  0.01180  1.24343e-04 |123 -0.02800 -4.52799e-02
124 -0.06467  2.90533e-02 |125 -0.00371  3.65095e-02 |126  0.00675  9.87348e-03
127 -0.02276  7.72651e-03 |128  0.03569  1.24597e-02 |129  0.07152 -3.41488e-02
130  0.02209  1.59352e-02 |131  0.07702 -5.39308e-02 |132  0.00486 -1.21168e-02
133  0.13136  1.38282e-01 |134 -0.00174  5.59096e-02 |135 -0.04328  3.24459e-05
136 -0.05354  6.10339e-03 |137 -0.02143 -9.69168e-03 |138  0.08754 -2.74540e-02
139  0.03529 -2.70018e-02 |140  0.01683  2.44830e-03 |141 -0.02447 -2.85246e-02
142 -0.01835 -5.36537e-02 |143 -0.00291 -9.89557e-03 |144 -0.00036  4.54714e-03
145  0.27214  1.82600e-02 |146  0.18555 -1.32991e-03 |147  0.04737  3.02502e-02
148  0.29666 -4.16637e-02 |149 -0.47455  2.35855e-02 |150  0.31616  2.74194e-02
151  0.18584 -4.30772e-02 |152  0.26059 -4.14403e-02 |153  0.17471 -1.16568e-01
154  0.25415 -7.10400e-02 |155  0.10551  2.02940e-03 |156  0.29713 -4.78574e-02
157  0.16931  1.31328e-02 |158  0.24654 -1.09724e-01 |159 -0.35293 -2.98622e-02
160  0.24275  9.26213e-03 |161  0.20006  5.93690e-02 |162  0.31791 -3.74275e-02
163 -0.37902 -6.94216e-02 |164  0.23620 -4.21122e-02 |165  0.05011  3.33001e-02
166  0.11850 -1.68969e-02 |167  0.32223  4.37821e-02 |168  0.27303 -1.73379e-02
169  0.01176  3.83473e-02 |170  0.39192  3.35274e-04 |171  0.09881  9.05318e-01
172  0.16362 -1.63331e-01 |173  0.21920 -6.30558e-01 |174  0.25700  1.76727e-01
175 -0.56167  1.82896e-02 |176  0.16790  2.11552e-02 |

 - final statistics:
176 variables; iteration 64; function evaluation 78
Function value 7.0011e+03; maximum gradient component mag 4.1957e-01
Exit code = 1;  converg criter 1.0000e+00
Var    Value     Gradient |Var    Value     Gradient |Var    Value     Gradient
  1 -0.42404  1.92872e-04 |  2  0.36942  4.19571e-01 |  3 -0.12846  3.60072e-01
  4 -0.00950  3.05916e-01 |  5 -0.74355 -1.53678e-02 |  6 -0.60200  1.56738e-02
  7  0.37129 -6.65956e-02 |  8 -0.18943 -6.70746e-02 |  9  0.04406 -5.68646e-02
 10 -0.64257 -2.51096e-02 | 11 -0.61976 -4.99266e-02 | 12 -0.08843 -1.89487e-02
 13 -0.00921 -4.54276e-03 | 14 -0.00941 -4.65653e-03 | 15 -0.00960 -4.76983e-03
 16 -0.00980 -4.88225e-03 | 17 -0.00998 -4.99343e-03 | 18 -0.01017 -5.10271e-03
 19 -0.01034 -5.20943e-03 | 20 -0.01051 -5.31288e-03 | 21 -0.01067 -5.41227e-03
 22 -0.01082 -5.50673e-03 | 23 -0.01096 -5.59535e-03 | 24 -0.01108 -5.67713e-03
 25 -0.01119 -5.75101e-03 | 26 -0.01129 -5.81586e-03 | 27 -0.01137 -5.87036e-03
 28 -0.01143 -5.91299e-03 | 29 -0.01148 -5.94204e-03 | 30 -0.01150 -5.95581e-03
 31 -0.01150 -5.95279e-03 | 32 -0.01147 -5.93138e-03 | 33 -0.01142 -5.89003e-03
 34 -0.01134 -5.82716e-03 | 35 -0.01124 -5.74122e-03 | 36 -0.01110 -5.63076e-03
 37 -0.01093 -5.49438e-03 | 38 -0.01072 -5.33088e-03 | 39 -0.01047 -5.13903e-03
 40 -0.01019 -4.91714e-03 | 41 -0.00988 -4.66426e-03 | 42 -0.00953 -4.37830e-03
 43 -0.00915 -4.05716e-03 | 44 -0.00874 -3.69872e-03 | 45 -0.00831 -3.30105e-03
 46 -0.00787 -2.86300e-03 | 47 -0.00742 -2.38511e-03 | 48 -0.00697 -1.87022e-03
 49 -0.00652 -1.32408e-03 | 50 -0.00610 -7.54844e-04 | 51 -0.00570 -1.71396e-04
 52 -0.00534  4.18538e-04 | 53 -0.00502  1.00938e-03 | 54 -0.00474  1.59714e-03
 55 -0.00449  2.17810e-03 | 56 -0.00427  2.74804e-03 | 57 -0.00407  3.30176e-03
 58 -0.00385  3.83208e-03 | 59 -0.00361  4.33150e-03 | 60 -0.00332  4.79325e-03
 61 -0.00294  5.21414e-03 | 62 -0.00245  5.59505e-03 | 63 -0.00181  5.94041e-03
 64 -0.00099  6.24598e-03 | 65  0.00003  6.46724e-03 | 66  0.00128  6.48525e-03
 67  0.00280  6.10847e-03 | 68  0.00460  5.29793e-03 | 69  0.00671  4.62253e-03
 70  0.00913  5.15263e-03 | 71  0.01188  6.44538e-03 | 72  0.01490  5.82735e-03
 73  0.01816  6.44873e-03 | 74  0.02159  1.29869e-02 | 75  0.02493  2.64158e-03
 76  0.02805 -1.43651e-02 | 77  0.03098  1.33975e-02 | 78  0.03313  1.27257e-02
 79  0.03436 -1.55641e-03 | 80  0.03485  1.91543e-02 | 81  0.03412 -2.22528e-03
 82  0.03269  1.57655e-02 | 83  0.03035  1.23901e-02 | 84  0.02721 -1.62658e-02
 85  0.02383  1.98433e-03 | 86  0.02014  5.22890e-03 | 87  0.01645 -1.49943e-04
 88  0.01316  3.97691e-04 | 89  0.01046 -7.24111e-05 | 90  0.00839 -1.76750e-03
 91  0.00679 -3.05566e-03 | 92  0.00541 -2.60314e-03 | 93  0.00422 -4.68436e-04
 94  0.00369  7.07962e-04 | 95  0.00369  7.83359e-04 | 96  0.00276  4.67938e-03
 97  0.00366  2.75939e-03 | 98  0.00601  9.19523e-05 | 99  0.01059 -5.01398e-03
100  0.01100 -1.61431e-03 |101  0.00995  9.32367e-04 |102  0.00833  3.32388e-03
103 -0.00092  7.33007e-03 |104 -0.00243  1.59548e-02 |105  0.01338  2.00913e-02
106  0.01154  2.06792e-02 |107 -0.01032 -2.22157e-02 |108  0.01228 -2.93832e-02
109  0.09184 -2.04962e-02 |110  0.02959 -1.39081e-02 |111 -0.01456 -5.24981e-03
112  0.00069 -5.81730e-03 |113  0.01371  2.04764e-02 |114  0.02504  2.58786e-02
115 -0.00679 -1.94347e-02 |116 -0.06934 -2.51197e-02 |117 -0.08860 -1.77005e-02
118 -0.08030  6.80318e-03 |119 -0.02614  3.35653e-02 |120  0.06788  2.50713e-02
121  0.01734 -3.22261e-02 |122  0.01179 -1.33361e-02 |123 -0.02790  8.19514e-04
124 -0.06464  3.42439e-02 |125 -0.00372  2.88730e-02 |126  0.00678  1.63940e-02
127 -0.02274  1.13386e-02 |128  0.03563 -8.53331e-03 |129  0.07159 -1.19775e-02
130  0.02201  2.04787e-03 |131  0.07712  2.15631e-02 |132  0.00491  1.97093e-02
133  0.13128  5.59912e-02 |134 -0.00184  4.77266e-03 |135 -0.04327 -2.72246e-04
136 -0.05353  1.01254e-02 |137 -0.02142 -5.63626e-03 |138  0.08758 -1.07501e-02
139  0.03536 -1.45211e-03 |140  0.01686  3.11812e-03 |141 -0.02442 -2.03363e-02
142 -0.01820 -1.22074e-02 |143 -0.00284  4.63439e-03 |144 -0.00039 -6.28371e-04
145  0.27203  1.09476e-02 |146  0.18550  2.31917e-03 |147  0.04736  1.18267e-02
148  0.29666 -1.45680e-02 |149 -0.47469  1.13187e-02 |150  0.31587  9.71452e-03
151  0.18588 -9.79192e-03 |152  0.26061 -1.03526e-02 |153  0.17478 -4.31782e-02
154  0.25420 -2.57264e-02 |155  0.10548 -2.17365e-02 |156  0.29712 -2.85582e-02
157  0.16929 -3.02173e-02 |158  0.24653 -6.35470e-02 |159 -0.35290 -1.24336e-02
160  0.24275  2.05769e-03 |161  0.19997 -5.63796e-03 |162  0.31788 -2.29669e-02
163 -0.37871 -2.58970e-02 |164  0.23632 -1.59285e-02 |165  0.05009  1.07838e-02
166  0.11850 -6.76676e-03 |167  0.32222  1.64522e-02 |168  0.27303 -6.02994e-03
169  0.01176  3.16662e-02 |170  0.39194  2.52992e-02 |171  0.09880  3.43186e-01
172  0.16362 -6.49199e-02 |173  0.21920 -2.38996e-01 |174  0.25700  7.06036e-02
175 -0.56191  6.36305e-03 |176  0.16778  1.26718e-02 |

Initial statistics: 200 variables; iteration 0; function evaluation 0; phase 4
Function value 7.0010832e+03; maximum gradient component mag 1.0851e+01
Var    Value     Gradient |Var    Value     Gradient |Var    Value     Gradient
  1 -0.42404  1.92872e-04 |  2  0.36942  4.19571e-01 |  3 -0.12846  3.60072e-01
  4 -0.00950  3.05916e-01 |  5 -0.74355 -1.53678e-02 |  6 -0.60200  1.56738e-02
  7  0.37129 -6.65956e-02 |  8 -0.18943 -6.70746e-02 |  9  0.04406 -5.68646e-02
 10 -0.64257 -2.51096e-02 | 11 -0.61976 -4.99266e-02 | 12 -0.08843 -1.89487e-02
 13 -0.00921 -4.54276e-03 | 14 -0.00941 -4.65653e-03 | 15 -0.00960 -4.76983e-03
 16 -0.00980 -4.88225e-03 | 17 -0.00998 -4.99343e-03 | 18 -0.01017 -5.10271e-03
 19 -0.01034 -5.20943e-03 | 20 -0.01051 -5.31288e-03 | 21 -0.01067 -5.41227e-03
 22 -0.01082 -5.50673e-03 | 23 -0.01096 -5.59535e-03 | 24 -0.01108 -5.67713e-03
 25 -0.01119 -5.75101e-03 | 26 -0.01129 -5.81586e-03 | 27 -0.01137 -5.87036e-03
 28 -0.01143 -5.91299e-03 | 29 -0.01148 -5.94204e-03 | 30 -0.01150 -5.95581e-03
 31 -0.01150 -5.95279e-03 | 32 -0.01147 -5.93138e-03 | 33 -0.01142 -5.89003e-03
 34 -0.01134 -5.82716e-03 | 35 -0.01124 -5.74122e-03 | 36 -0.01110 -5.63076e-03
 37 -0.01093 -5.49438e-03 | 38 -0.01072 -5.33088e-03 | 39 -0.01047 -5.13903e-03
 40 -0.01019 -4.91714e-03 | 41 -0.00988 -4.66426e-03 | 42 -0.00953 -4.37830e-03
 43 -0.00915 -4.05716e-03 | 44 -0.00874 -3.69872e-03 | 45 -0.00831 -3.30105e-03
 46 -0.00787 -2.86300e-03 | 47 -0.00742 -2.38511e-03 | 48 -0.00697 -1.87022e-03
 49 -0.00652 -1.32408e-03 | 50 -0.00610 -7.54844e-04 | 51 -0.00570 -1.71396e-04
 52 -0.00534  4.18538e-04 | 53 -0.00502  1.00938e-03 | 54 -0.00474  1.59714e-03
 55 -0.00449  2.17810e-03 | 56 -0.00427  2.74804e-03 | 57 -0.00407  3.30176e-03
 58 -0.00385  3.83208e-03 | 59 -0.00361  4.33150e-03 | 60 -0.00332  4.79325e-03
 61 -0.00294  5.21414e-03 | 62 -0.00245  5.59505e-03 | 63 -0.00181  5.94041e-03
 64 -0.00099  6.24598e-03 | 65  0.00003  6.46724e-03 | 66  0.00128  6.48525e-03
 67  0.00280  6.10847e-03 | 68  0.00460  5.29793e-03 | 69  0.00671  4.62253e-03
 70  0.00913  5.15263e-03 | 71  0.01188  6.44538e-03 | 72  0.01490  5.82735e-03
 73  0.01816  6.44873e-03 | 74  0.02159  1.29869e-02 | 75  0.02493  2.64158e-03
 76  0.02805 -1.43651e-02 | 77  0.03098  1.33975e-02 | 78  0.03313  1.27257e-02
 79  0.03436 -1.55641e-03 | 80  0.03485  1.91543e-02 | 81  0.03412 -2.22528e-03
 82  0.03269  1.57655e-02 | 83  0.03035  1.23901e-02 | 84  0.02721 -1.62658e-02
 85  0.02383  1.98433e-03 | 86  0.02014  5.22890e-03 | 87  0.01645 -1.49943e-04
 88  0.01316  3.97691e-04 | 89  0.01046 -7.24111e-05 | 90  0.00839 -1.76750e-03
 91  0.00679 -3.05566e-03 | 92  0.00541 -2.60314e-03 | 93  0.00422 -4.68436e-04
 94  0.00369  7.07962e-04 | 95  0.00369  7.83359e-04 | 96  0.00276  4.67938e-03
 97  0.00366  2.75939e-03 | 98  0.00601  9.19523e-05 | 99  0.01059 -5.01398e-03
100  0.01100 -1.61431e-03 |101  0.00995  9.32367e-04 |102  0.00833  3.32388e-03
103 -0.00092  7.33007e-03 |104 -0.00243  1.59548e-02 |105  0.01338  2.00913e-02
106  0.01154  2.06792e-02 |107 -0.01032 -2.22157e-02 |108  0.01228 -2.93832e-02
109  0.09184 -2.04962e-02 |110  0.02959 -1.39081e-02 |111 -0.01456 -5.24981e-03
112  0.00069 -5.81730e-03 |113  0.01371  2.04764e-02 |114  0.02504  2.58786e-02
115 -0.00679 -1.94347e-02 |116 -0.06934 -2.51197e-02 |117 -0.08860 -1.77005e-02
118 -0.08030  6.80318e-03 |119 -0.02614  3.35653e-02 |120  0.06788  2.50713e-02
121  0.01734 -3.22261e-02 |122  0.01179 -1.33361e-02 |123 -0.02790  8.19514e-04
124 -0.06464  3.42439e-02 |125 -0.00372  2.88730e-02 |126  0.00678  1.63940e-02
127 -0.02274  1.13386e-02 |128  0.03563 -8.53331e-03 |129  0.07159 -1.19775e-02
130  0.02201  2.04787e-03 |131  0.07712  2.15631e-02 |132  0.00491  1.97093e-02
133  0.13128  5.59912e-02 |134 -0.00184  4.77266e-03 |135 -0.04327 -2.72246e-04
136 -0.05353  1.01254e-02 |137 -0.02142 -5.63626e-03 |138  0.08758 -1.07501e-02
139  0.03536 -1.45211e-03 |140  0.01686  3.11812e-03 |141 -0.02442 -2.03363e-02
142 -0.01820 -1.22074e-02 |143 -0.00284  4.63439e-03 |144 -0.00039 -6.28371e-04
145  0.27203  1.09476e-02 |146  0.18550  2.31917e-03 |147  0.04736  1.18267e-02
148  0.29666 -1.45680e-02 |149  0.01638 -1.18736e+00 |150 -0.11477 -3.89457e+00
151 -0.47469  1.13187e-02 |152  0.31587  9.71452e-03 |153  0.04878 -2.28618e-01
154 -0.23502 -3.46044e-01 |155  0.18588 -9.79192e-03 |156  0.26061 -1.03526e-02
157  0.17478 -4.31782e-02 |158  0.25420 -2.57264e-02 |159  0.00587 -5.07587e-01
160 -0.09827 -1.88473e+00 |161  0.10548 -2.17365e-02 |162  0.29712 -2.85582e-02
163  0.16929 -3.02173e-02 |164  0.24653 -6.35470e-02 |165 -0.35290 -1.24336e-02
166  0.24275  2.05769e-03 |167  0.05275 -1.74798e+00 |168 -0.18762  1.08509e+01
169  0.19997 -5.63796e-03 |170  0.31788 -2.29669e-02 |171  0.07774 -7.99724e-01
172 -0.53183 -1.34891e-04 |173 -0.37871 -2.58970e-02 |174  0.23632 -1.59285e-02
175  0.07820 -5.46876e-01 |176 -0.12196  6.65680e-01 |177  0.05009  1.07838e-02
178  0.11850 -6.76676e-03 |179  0.32222  1.64522e-02 |180  0.27303 -6.02994e-03
181  0.00546  5.00326e-01 |182  0.00907 -1.04849e+00 |183 -0.15012  3.50835e+00
184 -0.12571 -1.04777e+00 |185  0.01176  3.16662e-02 |186  0.39194  2.52992e-02
187  0.01863 -5.46712e-01 |188 -0.15435  2.54887e-01 |189  0.09880  3.43186e-01
190  0.16362 -6.49199e-02 |191  0.21920 -2.38996e-01 |192  0.25700  7.06036e-02
193  0.02453 -6.26541e+00 |194 -0.00648 -1.69181e+00 |195 -0.17628 -2.91740e+00
196 -0.11429 -8.01487e+00 |197 -0.56191  6.36305e-03 |198  0.16778  1.26718e-02
199  0.09511  1.59151e+00 |200 -0.25343  4.75902e-01 |

Intermediate statistics: 200 variables; iteration 20; function evaluation 22; phase 4
Function value 7.0010674e+03; maximum gradient component mag -7.0377e+00
Var    Value     Gradient |Var    Value     Gradient |Var    Value     Gradient
  1 -0.42405 -9.38761e-02 |  2  0.36933  4.86306e+00 |  3 -0.12867  3.39627e+00
  4 -0.00908  3.77425e+00 |  5 -0.74378  3.27676e-03 |  6 -0.60199  3.58183e-01
  7  0.37109 -2.46801e-01 |  8 -0.18970 -2.27783e+00 |  9  0.04464 -9.12531e-01
 10 -0.64333 -2.04844e-01 | 11 -0.61975 -8.81150e-01 | 12 -0.08749 -4.06991e+00
 13 -0.00923 -4.56470e-03 | 14 -0.00943 -4.72153e-03 | 15 -0.00962 -4.88453e-03
 16 -0.00982 -5.05401e-03 | 17 -0.01000 -5.23038e-03 | 18 -0.01019 -5.41400e-03
 19 -0.01036 -5.60529e-03 | 20 -0.01053 -5.80468e-03 | 21 -0.01069 -6.01258e-03
 22 -0.01084 -6.22945e-03 | 23 -0.01098 -6.45569e-03 | 24 -0.01111 -6.69166e-03
 25 -0.01122 -6.93773e-03 | 26 -0.01132 -7.19435e-03 | 27 -0.01140 -7.46218e-03
 28 -0.01146 -7.74212e-03 | 29 -0.01151 -8.03507e-03 | 30 -0.01153 -8.34170e-03
 31 -0.01153 -8.66267e-03 | 32 -0.01150 -8.99852e-03 | 33 -0.01146 -9.34972e-03
 34 -0.01138 -9.71677e-03 | 35 -0.01127 -1.01002e-02 | 36 -0.01114 -1.05004e-02
 37 -0.01097 -1.09180e-02 | 38 -0.01076 -1.13535e-02 | 39 -0.01052 -1.18073e-02
 40 -0.01024 -1.22791e-02 | 41 -0.00992 -1.27703e-02 | 42 -0.00958 -1.32810e-02
 43 -0.00920 -1.38112e-02 | 44 -0.00879 -1.43611e-02 | 45 -0.00837 -1.49303e-02
 46 -0.00793 -1.55183e-02 | 47 -0.00747 -1.61247e-02 | 48 -0.00702 -1.67486e-02
 49 -0.00658 -1.73884e-02 | 50 -0.00616 -1.80417e-02 | 51 -0.00577 -1.87037e-02
 52 -0.00540 -1.93682e-02 | 53 -0.00508 -2.00311e-02 | 54 -0.00480 -2.06903e-02
 55 -0.00456 -2.13464e-02 | 56 -0.00434 -2.20028e-02 | 57 -0.00413 -2.26635e-02
 58 -0.00392 -2.33303e-02 | 59 -0.00368 -2.40096e-02 | 60 -0.00338 -2.47072e-02
 61 -0.00300 -2.54327e-02 | 62 -0.00251 -2.61942e-02 | 63 -0.00187 -2.70041e-02
 64 -0.00106 -2.78786e-02 | 65 -0.00003 -2.88281e-02 | 66  0.00122 -2.98932e-02
 67  0.00274 -3.10948e-02 | 68  0.00455 -3.24620e-02 | 69  0.00666 -3.40118e-02
 70  0.00909 -3.57059e-02 | 71  0.01182 -3.75518e-02 | 72  0.01485 -3.97493e-02
 73  0.01811 -4.20841e-02 | 74  0.02151 -4.39320e-02 | 75  0.02489 -4.80834e-02
 76  0.02808 -5.38208e-02 | 77  0.03088 -5.24524e-02 | 78  0.03303 -5.55646e-02
 79  0.03433 -6.12429e-02 | 80  0.03471 -5.99856e-02 | 81  0.03408 -6.67209e-02
 82  0.03257 -6.57599e-02 | 83  0.03023 -6.87729e-02 | 84  0.02722 -7.55360e-02
 85  0.02377 -7.51695e-02 | 86  0.02006 -7.75374e-02 | 87  0.01640 -8.14016e-02
 88  0.01311 -8.54858e-02 | 89  0.01042 -9.07895e-02 | 90  0.00838 -9.74172e-02
 91  0.00680 -1.05250e-01 | 92  0.00544 -1.13940e-01 | 93  0.00426 -1.23127e-01
 94  0.00373 -1.33130e-01 | 95  0.00374 -1.43482e-01 | 96  0.00277 -1.50981e-01
 97  0.00364 -1.59814e-01 | 98  0.00597 -1.68154e-01 | 99  0.01056 -1.77767e-01
100  0.01098 -1.82064e-01 |101  0.00994 -1.77361e-01 |102  0.00834 -1.63698e-01
103 -0.00092 -1.37857e-01 |104 -0.00241 -1.09188e-01 |105  0.01351 -8.10977e-02
106  0.01165 -4.68858e-02 |107 -0.01007  1.25638e-02 |108  0.01267  6.20068e-02
109  0.09223  1.33913e-01 |110  0.02966  8.32908e-02 |111 -0.01455  8.57079e-02
112  0.00065  1.19691e-01 |113  0.01382  1.27911e-01 |114  0.02519  1.36693e-01
115 -0.00664  1.03524e-01 |116 -0.06914  8.38375e-02 |117 -0.08845  5.39244e-02
118 -0.08025  4.31987e-02 |119 -0.02605  5.99994e-02 |120  0.06806  3.57658e-03
121  0.01746 -3.47450e-03 |122  0.01208  2.08733e-02 |123 -0.02750 -1.52682e-02
124 -0.06445  1.48114e-02 |125 -0.00354  1.77585e-03 |126  0.00695 -2.80720e-02
127 -0.02258 -1.24652e-02 |128  0.03587  1.04546e-02 |129  0.07174  4.58781e-02
130  0.02222 -1.22062e-03 |131  0.07709  4.51954e-02 |132  0.00484 -3.93445e-03
133  0.13112  1.44271e-02 |134 -0.00174 -1.44194e-02 |135 -0.04322  1.03026e-02
136 -0.05353 -9.95136e-03 |137 -0.02142  7.43106e-04 |138  0.08753  9.18074e-03
139  0.03538 -1.86062e-02 |140  0.01686  1.27637e-02 |141 -0.02435  1.90424e-03
142 -0.01815 -3.57974e-03 |143 -0.00282  4.69137e-03 |144 -0.00038 -2.81137e-04
145  0.27415 -1.11166e-01 |146  0.18540 -2.90427e+00 |147  0.04699 -4.73459e-01
148  0.29659 -1.06728e-01 |149  0.01646 -4.95655e-01 |150 -0.11432 -6.33550e-01
151 -0.47515  3.91138e-02 |152  0.31595  2.03642e-04 |153  0.04897 -2.48898e-02
154 -0.23411  6.69209e-02 |155  0.18599  1.84111e-01 |156  0.26067 -3.04904e-01
157  0.17427  8.41454e-02 |158  0.25405 -4.33738e-02 |159  0.00631  1.79971e-01
160 -0.09772  4.89307e-01 |161  0.10569  6.71671e-02 |162  0.29722 -1.47506e-01
163  0.16950  1.42395e-01 |164  0.24665 -1.56957e-01 |165 -0.35486  1.17616e-01
166  0.24180  2.64944e-01 |167  0.05335  1.52156e-01 |168 -0.18927 -8.90821e-01
169  0.19937 -1.42219e-01 |170  0.31783  1.56366e-01 |171  0.07781 -1.15197e+00
172 -0.53183 -1.20376e-04 |173 -0.37912  8.56059e-02 |174  0.23619 -2.53398e-02
175  0.07848  1.95237e-02 |176 -0.12209  3.04096e-02 |177  0.05066 -2.08398e-01
178  0.11786 -8.29796e-01 |179  0.32212 -3.09214e-02 |180  0.27293  1.08173e+00
181  0.00508 -2.00215e-01 |182  0.00981 -1.44634e-01 |183 -0.15159 -4.52330e-01
184 -0.12567 -5.27179e-01 |185  0.01063  1.04779e-01 |186  0.39165  1.68277e-02
187  0.01984  1.05080e-01 |188 -0.15478  6.57761e-02 |189  0.09821 -1.92264e+00
190  0.16346  2.28376e+00 |191  0.21880 -1.45521e-01 |192  0.25693 -3.14503e+00
193  0.02496 -1.93777e+00 |194 -0.00631  4.11685e-01 |195 -0.17629 -1.28933e+00
196 -0.11404 -3.76187e-01 |197 -0.56137 -5.94854e-01 |198  0.16781 -7.21950e-02
199  0.09479 -7.03775e+00 |200 -0.25454 -2.38241e+00 |
200 variables; iteration 40; function evaluation 44; phase 4
Function value 7.0010670e+03; maximum gradient component mag -7.0961e+00
Var    Value     Gradient |Var    Value     Gradient |Var    Value     Gradient
  1 -0.42405 -2.27848e-01 |  2  0.36932  4.55373e+00 |  3 -0.12867  3.49740e+00
  4 -0.00906  3.70559e+00 |  5 -0.74374  3.13991e-02 |  6 -0.60199  3.91336e-01
  7  0.37107 -2.54264e-01 |  8 -0.18972 -2.23489e+00 |  9  0.04470 -7.46561e-01
 10 -0.64324 -1.20736e-01 | 11 -0.61976 -1.01293e+00 | 12 -0.08786 -3.75351e+00
 13 -0.00922 -1.67331e-03 | 14 -0.00942 -1.74095e-03 | 15 -0.00961 -1.81160e-03
 16 -0.00980 -1.88541e-03 | 17 -0.00999 -1.96271e-03 | 18 -0.01018 -2.04363e-03
 19 -0.01035 -2.12837e-03 | 20 -0.01052 -2.21721e-03 | 21 -0.01068 -2.31039e-03
 22 -0.01083 -2.40818e-03 | 23 -0.01097 -2.51081e-03 | 24 -0.01109 -2.61847e-03
 25 -0.01121 -2.73130e-03 | 26 -0.01130 -2.84940e-03 | 27 -0.01139 -2.97303e-03
 28 -0.01145 -3.10267e-03 | 29 -0.01149 -3.23896e-03 | 30 -0.01151 -3.38242e-03
 31 -0.01151 -3.53345e-03 | 32 -0.01149 -3.69220e-03 | 33 -0.01144 -3.85866e-03
 34 -0.01136 -4.03276e-03 | 35 -0.01126 -4.21445e-03 | 36 -0.01112 -4.40379e-03
 37 -0.01095 -4.60103e-03 | 38 -0.01074 -4.80669e-03 | 39 -0.01050 -5.02130e-03
 40 -0.01022 -5.24468e-03 | 41 -0.00991 -5.47821e-03 | 42 -0.00956 -5.72146e-03
 43 -0.00918 -5.97413e-03 | 44 -0.00877 -6.23591e-03 | 45 -0.00835 -6.50623e-03
 46 -0.00790 -6.78451e-03 | 47 -0.00745 -7.07034e-03 | 48 -0.00700 -7.36289e-03
 49 -0.00656 -7.66124e-03 | 50 -0.00614 -7.96437e-03 | 51 -0.00574 -8.27122e-03
 52 -0.00538 -8.58074e-03 | 53 -0.00506 -8.89329e-03 | 54 -0.00478 -9.20944e-03
 55 -0.00453 -9.52991e-03 | 56 -0.00432 -9.85652e-03 | 57 -0.00411 -1.01919e-02
 58 -0.00390 -1.05383e-02 | 59 -0.00366 -1.09008e-02 | 60 -0.00336 -1.12849e-02
 61 -0.00298 -1.16985e-02 | 62 -0.00249 -1.21490e-02 | 63 -0.00185 -1.26470e-02
 64 -0.00103 -1.32061e-02 | 65 -0.00001 -1.38391e-02 | 66  0.00125 -1.45763e-02
 67  0.00277 -1.54395e-02 | 68  0.00457 -1.64505e-02 | 69  0.00668 -1.76177e-02
 70  0.00911 -1.89283e-02 | 71  0.01185 -2.04198e-02 | 72  0.01488 -2.22007e-02
 73  0.01813 -2.41925e-02 | 74  0.02153 -2.62980e-02 | 75  0.02492 -2.91091e-02
 76  0.02812 -3.21945e-02 | 77  0.03091 -3.48298e-02 | 78  0.03306 -3.81310e-02
 79  0.03437 -4.16016e-02 | 80  0.03474 -4.50489e-02 | 81  0.03413 -4.86574e-02
 82  0.03260 -5.21684e-02 | 83  0.03027 -5.58490e-02 | 84  0.02728 -6.01509e-02
 85  0.02381 -6.39910e-02 | 86  0.02010 -6.85285e-02 | 87  0.01645 -7.40414e-02
 88  0.01316 -8.04680e-02 | 89  0.01048 -8.83941e-02 | 90  0.00843 -9.81188e-02
 91  0.00685 -1.09702e-01 | 92  0.00548 -1.22781e-01 | 93  0.00430 -1.36628e-01
 94  0.00376 -1.50702e-01 | 95  0.00375 -1.63389e-01 | 96  0.00277 -1.70542e-01
 97  0.00363 -1.75522e-01 | 98  0.00596 -1.78352e-01 | 99  0.01056 -1.82975e-01
100  0.01098 -1.82111e-01 |101  0.00996 -1.71129e-01 |102  0.00837 -1.51874e-01
103 -0.00089 -1.22694e-01 |104 -0.00235 -9.27324e-02 |105  0.01352 -7.37856e-02
106  0.01164 -4.59294e-02 |107 -0.01005  4.15103e-04 |108  0.01259  1.99964e-02
109  0.09216  7.76363e-02 |110  0.02967  6.42878e-02 |111 -0.01459  8.39729e-02
112  0.00053  1.29409e-01 |113  0.01377  1.67464e-01 |114  0.02523  1.75060e-01
115 -0.00679  8.09659e-02 |116 -0.06924  4.94120e-02 |117 -0.08851  3.40402e-02
118 -0.08033  3.81560e-02 |119 -0.02611  8.23113e-02 |120  0.06808  4.59091e-02
121  0.01728 -3.93403e-02 |122  0.01191 -3.57358e-02 |123 -0.02758 -3.86818e-02
124 -0.06450  3.28911e-03 |125 -0.00364 -1.53406e-02 |126  0.00687 -3.46253e-02
127 -0.02265 -2.61701e-02 |128  0.03576 -3.31098e-02 |129  0.07155 -4.48956e-02
130  0.02213 -5.14589e-02 |131  0.07693 -3.99549e-02 |132  0.00477 -2.34185e-02
133  0.13101 -8.78858e-03 |134 -0.00177 -5.60996e-03 |135 -0.04325  1.32685e-02
136 -0.05354 -4.37742e-03 |137 -0.02141  4.51112e-03 |138  0.08753  9.56688e-03
139  0.03534 -1.64024e-02 |140  0.01682  1.21567e-02 |141 -0.02439  4.14961e-03
142 -0.01817 -3.69916e-03 |143 -0.00281  6.16451e-03 |144 -0.00038 -7.19131e-06
145  0.27474 -1.08226e-01 |146  0.18631 -2.65282e+00 |147  0.04700 -1.46418e-01
148  0.29660 -2.80270e-01 |149  0.01648 -2.22946e-01 |150 -0.11429 -2.23413e-01
151 -0.47591  1.34312e-02 |152  0.31552  5.39545e-03 |153  0.04924  5.08025e-03
154 -0.23421  4.86468e-02 |155  0.18596  3.70274e-01 |156  0.26064 -7.68432e-01
157  0.17428 -3.79373e-01 |158  0.25413  6.61520e-01 |159  0.00626  5.14016e-02
160 -0.09769  3.88530e-01 |161  0.10572 -1.57484e-02 |162  0.29725  8.42714e-02
163  0.16949  3.79673e-01 |164  0.24661 -5.89505e-01 |165 -0.35607 -1.78370e-01
166  0.24144  4.76570e-01 |167  0.05358  4.04187e-03 |168 -0.18930 -9.70282e-01
169  0.19882 -1.52683e-01 |170  0.31771  1.15720e-01 |171  0.07791 -7.81847e-01
172 -0.53183 -6.01809e-05 |173 -0.38038  2.23708e-03 |174  0.23577  2.03055e-02
175  0.07874 -4.10933e-02 |176 -0.12207  5.26304e-02 |177  0.05108 -1.98750e-01
178  0.11804 -5.36825e-01 |179  0.32236  3.09430e-01 |180  0.27298  8.12157e-01
181  0.00477 -1.55944e-01 |182  0.00960 -2.95729e-01 |183 -0.15149 -4.01381e-01
184 -0.12564 -4.97822e-01 |185  0.01059  9.94340e-02 |186  0.39161 -3.03606e-02
187  0.01986  9.69986e-02 |188 -0.15478  6.47135e-02 |189  0.09828 -1.70493e+00
190  0.16345  2.29965e+00 |191  0.21887  2.19937e-01 |192  0.25693 -3.01917e+00
193  0.02491 -1.97443e+00 |194 -0.00628  5.33901e-01 |195 -0.17625 -1.06686e+00
196 -0.11405 -7.51430e-01 |197 -0.56030 -6.00321e-01 |198  0.16835  3.88174e-02
199  0.09454 -7.09611e+00 |200 -0.25457 -2.31025e+00 |
200 variables; iteration 60; function evaluation 64; phase 4
Function value 7.0010658e+03; maximum gradient component mag -1.1734e+00
Var    Value     Gradient |Var    Value     Gradient |Var    Value     Gradient
  1 -0.42401 -2.30235e-02 |  2  0.36928  7.28660e-01 |  3 -0.12872  5.34273e-01
  4 -0.00905  7.64150e-01 |  5 -0.74375 -6.44658e-03 |  6 -0.60200  5.84522e-02
  7  0.37105 -8.15026e-02 |  8 -0.18970 -4.08396e-01 |  9  0.04472 -3.41831e-02
 10 -0.64318  1.00769e-02 | 11 -0.61974 -1.83944e-01 | 12 -0.08776 -6.77697e-01
 13 -0.00921  2.26417e-03 | 14 -0.00941  2.33673e-03 | 15 -0.00961  2.41173e-03
 16 -0.00980  2.48922e-03 | 17 -0.00999  2.56916e-03 | 18 -0.01017  2.65164e-03
 19 -0.01035  2.73672e-03 | 20 -0.01051  2.82439e-03 | 21 -0.01067  2.91461e-03
 22 -0.01082  3.00732e-03 | 23 -0.01096  3.10245e-03 | 24 -0.01109  3.19997e-03
 25 -0.01120  3.29991e-03 | 26 -0.01130  3.40234e-03 | 27 -0.01138  3.50725e-03
 28 -0.01144  3.61440e-03 | 29 -0.01148  3.72337e-03 | 30 -0.01151  3.83375e-03
 31 -0.01150  3.94513e-03 | 32 -0.01148  4.05720e-03 | 33 -0.01143  4.16972e-03
 34 -0.01135  4.28237e-03 | 35 -0.01125  4.39467e-03 | 36 -0.01111  4.50570e-03
 37 -0.01094  4.61403e-03 | 38 -0.01073  4.71770e-03 | 39 -0.01049  4.81440e-03
 40 -0.01021  4.90200e-03 | 41 -0.00989  4.97778e-03 | 42 -0.00954  5.03968e-03
 43 -0.00917  5.08526e-03 | 44 -0.00876  5.11148e-03 | 45 -0.00833  5.11471e-03
 46 -0.00789  5.09071e-03 | 47 -0.00744  5.03456e-03 | 48 -0.00699  4.94064e-03
 49 -0.00655  4.80224e-03 | 50 -0.00613  4.61127e-03 | 51 -0.00573  4.35858e-03
 52 -0.00537  4.03538e-03 | 53 -0.00505  3.63523e-03 | 54 -0.00477  3.15451e-03
 55 -0.00453  2.59137e-03 | 56 -0.00431  1.94389e-03 | 57 -0.00411  1.20976e-03
 58 -0.00389  3.87435e-04 | 59 -0.00366 -5.23088e-04 | 60 -0.00336 -1.51961e-03
 61 -0.00299 -2.59736e-03 | 62 -0.00250 -3.74780e-03 | 63 -0.00186 -4.95931e-03
 64 -0.00105 -6.21827e-03 | 65 -0.00003 -7.50707e-03 | 66  0.00123 -8.80899e-03
 67  0.00274 -1.00802e-02 | 68  0.00454 -1.12431e-02 | 69  0.00665 -1.22365e-02
 70  0.00908 -1.31256e-02 | 71  0.01181 -1.39560e-02 | 72  0.01484 -1.43857e-02
 73  0.01810 -1.47757e-02 | 74  0.02149 -1.57667e-02 | 75  0.02489 -1.44074e-02
 76  0.02809 -1.32093e-02 | 77  0.03087 -1.42712e-02 | 78  0.03302 -1.33704e-02
 79  0.03434 -1.28781e-02 | 80  0.03471 -1.08380e-02 | 81  0.03410 -1.03323e-02
 82  0.03257 -8.42214e-03 | 83  0.03025 -7.09220e-03 | 84  0.02727 -3.56232e-03
 85  0.02380 -3.11292e-03 | 86  0.02009 -1.65639e-03 | 87  0.01644  1.12633e-03
 88  0.01316  3.05283e-03 | 89  0.01048  4.91115e-03 | 90  0.00844  6.38708e-03
 91  0.00688  7.06543e-03 | 92  0.00551  6.72792e-03 | 93  0.00433  5.43062e-03
 94  0.00379  3.72857e-03 | 95  0.00379  1.76239e-03 | 96  0.00280 -1.80008e-03
 97  0.00366 -4.00877e-03 | 98  0.00600 -6.84760e-03 | 99  0.01059 -9.60141e-03
100  0.01100 -1.78487e-02 |101  0.00997 -2.39110e-02 |102  0.00836 -3.06362e-02
103 -0.00091 -3.75485e-02 |104 -0.00237 -4.53945e-02 |105  0.01348 -5.96514e-02
106  0.01160 -7.17621e-02 |107 -0.01008 -6.78885e-02 |108  0.01253 -8.08468e-02
109  0.09216 -1.19745e-01 |110  0.02969 -6.80413e-02 |111 -0.01457 -3.39422e-02
112  0.00048 -4.32080e-02 |113  0.01371 -2.27771e-02 |114  0.02524  2.48824e-02
115 -0.00674  2.36159e-02 |116 -0.06922  8.73873e-03 |117 -0.08855 -2.65050e-02
118 -0.08037 -3.16417e-02 |119 -0.02617 -1.50507e-02 |120  0.06809  4.64778e-02
121  0.01736  4.51146e-02 |122  0.01195  1.87034e-02 |123 -0.02761 -1.27071e-02
124 -0.06452 -1.06790e-02 |125 -0.00363 -3.01280e-04 |126  0.00688  5.79069e-03
127 -0.02269 -2.29187e-04 |128  0.03582  5.82699e-02 |129  0.07158  7.19282e-02
130  0.02219  3.64069e-02 |131  0.07704  6.87003e-02 |132  0.00478  2.88274e-03
133  0.13099 -3.49402e-02 |134 -0.00176  4.84350e-03 |135 -0.04327 -6.29716e-03
136 -0.05358 -1.60294e-02 |137 -0.02145 -1.31514e-02 |138  0.08747 -2.51830e-02
139  0.03529 -2.98454e-02 |140  0.01680 -8.91677e-03 |141 -0.02441 -1.07463e-02
142 -0.01816  2.68557e-03 |143 -0.00276  1.01830e-02 |144 -0.00038  4.28872e-04
145  0.27441 -7.86675e-02 |146  0.18599 -4.78297e-01 |147  0.04703  1.75859e-04
148  0.29663 -3.90486e-02 |149  0.01652  1.34296e-02 |150 -0.11429 -4.56522e-02
151 -0.47715 -1.37751e-01 |152  0.31443 -1.74932e-03 |153  0.04944 -3.09585e-01
154 -0.23441 -2.46251e-02 |155  0.18594  5.76160e-02 |156  0.26066 -1.51692e-01
157  0.17428 -1.18844e-01 |158  0.25406  8.10989e-02 |159  0.00620 -3.99201e-02
160 -0.09775  1.40856e-01 |161  0.10565 -1.63748e-02 |162  0.29721 -6.51559e-03
163  0.16951  1.06348e-01 |164  0.24667 -8.05532e-02 |165 -0.35566  6.68331e-03
166  0.24152  1.09109e-01 |167  0.05349  2.83596e-02 |168 -0.18920 -1.22836e-01
169  0.19843 -7.40921e-02 |170  0.31761 -2.85730e-02 |171  0.07798 -1.42104e-01
172 -0.53181 -1.35291e-06 |173 -0.38032  4.63750e-02 |174  0.23584  1.81048e-01
175  0.07889  4.11993e-01 |176 -0.12206  8.57464e-02 |177  0.05134  7.04854e-02
178  0.11801 -1.79750e-01 |179  0.32243  1.50447e-01 |180  0.27289  3.82336e-02
181  0.00461  4.17918e-02 |182  0.00956 -2.21396e-01 |183 -0.15143 -9.79437e-02
184 -0.12560 -2.76627e-02 |185  0.01038 -3.74450e-02 |186  0.39157  2.57422e-02
187  0.02000  4.13488e-02 |188 -0.15483  5.16018e-03 |189  0.09832 -3.56932e-01
190  0.16341  3.74452e-01 |191  0.21891 -2.05069e-03 |192  0.25696 -5.30626e-01
193  0.02492 -3.12127e-01 |194 -0.00630  1.17731e-01 |195 -0.17621 -1.89331e-01
196 -0.11401 -1.20555e-01 |197 -0.55972 -1.14970e-01 |198  0.16863  6.15020e-02
199  0.09463 -1.17336e+00 |200 -0.25426 -3.91827e-01 |
200 variables; iteration 80; function evaluation 87; phase 4
Function value 7.0010656e+03; maximum gradient component mag 8.2131e-02
Var    Value     Gradient |Var    Value     Gradient |Var    Value     Gradient
  1 -0.42401 -3.67986e-05 |  2  0.36929  4.33869e-02 |  3 -0.12870  3.21703e-02
  4 -0.00910  6.69528e-02 |  5 -0.74376 -6.27643e-03 |  6 -0.60200  1.27475e-03
  7  0.37105 -2.09211e-02 |  8 -0.18969 -3.42522e-02 |  9  0.04470  6.86942e-03
 10 -0.64327 -6.81381e-03 | 11 -0.61973 -1.67861e-02 | 12 -0.08787 -3.78205e-02
 13 -0.00922 -1.22846e-04 | 14 -0.00942 -1.06511e-04 | 15 -0.00961 -8.82391e-05
 16 -0.00981 -6.78956e-05 | 17 -0.00999 -4.51952e-05 | 18 -0.01018 -2.00881e-05
 19 -0.01035  7.56354e-06 | 20 -0.01052  3.79738e-05 | 21 -0.01068  7.13745e-05
 22 -0.01083  1.08039e-04 | 23 -0.01097  1.48263e-04 | 24 -0.01109  1.92342e-04
 25 -0.01121  2.40542e-04 | 26 -0.01130  2.93048e-04 | 27 -0.01139  3.49960e-04
 28 -0.01145  4.11353e-04 | 29 -0.01149  4.77428e-04 | 30 -0.01151  5.48604e-04
 31 -0.01151  6.25542e-04 | 32 -0.01149  7.08777e-04 | 33 -0.01144  7.98722e-04
 34 -0.01136  8.95562e-04 | 35 -0.01125  9.99180e-04 | 36 -0.01112  1.10916e-03
 37 -0.01094  1.22484e-03 | 38 -0.01074  1.34553e-03 | 39 -0.01049  1.47049e-03
 40 -0.01021  1.59841e-03 | 41 -0.00990  1.72951e-03 | 42 -0.00955  1.86234e-03
 43 -0.00917  1.99522e-03 | 44 -0.00877  2.12600e-03 | 45 -0.00834  2.25202e-03
 46 -0.00790  2.37050e-03 | 47 -0.00745  2.47914e-03 | 48 -0.00700  2.57582e-03
 49 -0.00656  2.65906e-03 | 50 -0.00613  2.72786e-03 | 51 -0.00574  2.78145e-03
 52 -0.00538  2.81919e-03 | 53 -0.00505  2.84134e-03 | 54 -0.00477  2.84794e-03
 55 -0.00453  2.83849e-03 | 56 -0.00431  2.81252e-03 | 57 -0.00411  2.77001e-03
 58 -0.00390  2.71151e-03 | 59 -0.00365  2.64021e-03 | 60 -0.00336  2.56066e-03
 61 -0.00298  2.47999e-03 | 62 -0.00249  2.40682e-03 | 63 -0.00185  2.35320e-03
 64 -0.00104  2.33601e-03 | 65 -0.00001  2.37906e-03 | 66  0.00125  2.51621e-03
 67  0.00277  2.76622e-03 | 68  0.00457  3.07995e-03 | 69  0.00668  3.31046e-03
 70  0.00911  3.37062e-03 | 71  0.01185  3.34877e-03 | 72  0.01488  3.07651e-03
 73  0.01813  2.65925e-03 | 74  0.02153  2.31980e-03 | 75  0.02492  1.51271e-03
 76  0.02812  2.48777e-03 | 77  0.03090 -1.24222e-04 | 78  0.03304 -2.98157e-04
 79  0.03436  7.91668e-04 | 80  0.03472 -1.18122e-03 | 81  0.03412  2.91264e-04
 82  0.03258 -1.79593e-03 | 83  0.03025 -1.64805e-03 | 84  0.02728  4.96190e-04
 85  0.02381 -3.15039e-04 | 86  0.02010  3.19056e-04 | 87  0.01645  2.05208e-04
 88  0.01316  1.96503e-04 | 89  0.01048 -2.18725e-08 | 90  0.00844 -4.46539e-05
 91  0.00687  2.14309e-04 | 92  0.00550  6.40539e-04 | 93  0.00432  9.88224e-04
 94  0.00379  1.00521e-03 | 95  0.00378  4.13069e-04 | 96  0.00279 -7.65676e-04
 97  0.00365 -2.42718e-03 | 98  0.00598 -3.69339e-03 | 99  0.01056 -5.47963e-03
100  0.01099 -3.73387e-03 |101  0.00997 -3.00199e-03 |102  0.00837 -2.42545e-03
103 -0.00091 -4.55000e-03 |104 -0.00237 -6.93223e-03 |105  0.01351 -4.34043e-03
106  0.01160 -1.25028e-02 |107 -0.01010 -1.75651e-02 |108  0.01264 -4.52377e-04
109  0.09214 -3.26367e-02 |110  0.02970 -1.43399e-02 |111 -0.01457 -9.17317e-03
112  0.00049 -1.81278e-02 |113  0.01374 -8.74758e-03 |114  0.02519  4.88052e-03
115 -0.00676  1.43521e-02 |116 -0.06924  3.41054e-03 |117 -0.08854 -2.01153e-02
118 -0.08038 -2.87084e-02 |119 -0.02612  5.79753e-03 |120  0.06808  2.39383e-02
121  0.01725 -1.20747e-02 |122  0.01189 -1.98911e-02 |123 -0.02756  1.56969e-02
124 -0.06449  1.31671e-02 |125 -0.00364  1.64014e-02 |126  0.00685  8.30905e-03
127 -0.02269 -6.43864e-03 |128  0.03578  9.21113e-03 |129  0.07149 -6.67709e-03
130  0.02221  1.23567e-02 |131  0.07695  1.14690e-02 |132  0.00478  3.21507e-03
133  0.13096 -4.06565e-02 |134 -0.00180 -9.87197e-03 |135 -0.04324  5.20583e-03
136 -0.05354 -5.94839e-03 |137 -0.02141 -3.00852e-03 |138  0.08752  3.20613e-03
139  0.03533 -2.02284e-03 |140  0.01679 -8.31698e-03 |141 -0.02439 -7.63265e-04
142 -0.01814  8.23468e-03 |143 -0.00279  6.59533e-04 |144 -0.00038  2.91169e-04
145  0.27460 -1.45204e-02 |146  0.18625 -2.58723e-02 |147  0.04704 -2.36772e-03
148  0.29664 -3.38516e-03 |149  0.01652  9.16361e-03 |150 -0.11428 -2.79609e-03
151 -0.47624 -4.30923e-03 |152  0.31505 -1.49572e-02 |153  0.04931 -5.27721e-02
154 -0.23436 -3.79856e-03 |155  0.18597  1.70049e-02 |156  0.26068 -5.27774e-03
157  0.17437 -4.48703e-03 |158  0.25409  6.59521e-03 |159  0.00617 -1.73711e-02
160 -0.09779  1.57663e-02 |161  0.10571  1.01603e-02 |162  0.29724  3.37571e-03
163  0.16944 -2.12286e-03 |164  0.24663 -1.21289e-02 |165 -0.35590 -1.52594e-03
166  0.24142  8.10486e-03 |167  0.05353  7.57629e-03 |168 -0.18920 -2.70392e-03
169  0.19895  4.67711e-03 |170  0.31773 -4.29033e-03 |171  0.07792 -1.35307e-02
172 -0.53180 -1.61204e-05 |173 -0.38094 -2.28469e-03 |174  0.23559  3.09336e-02
175  0.07890  8.21314e-02 |176 -0.12207  1.42734e-02 |177  0.05104  8.69931e-03
178  0.11800 -3.88145e-02 |179  0.32230  1.91798e-02 |180  0.27289 -1.60936e-02
181  0.00484  1.42188e-02 |182  0.00966 -1.55782e-02 |183 -0.15140 -5.16227e-03
184 -0.12561  1.08181e-03 |185  0.01055  6.60195e-03 |186  0.39161  2.02646e-03
187  0.01985 -5.85147e-03 |188 -0.15480  3.34890e-04 |189  0.09835 -3.14579e-02
190  0.16342  2.82220e-02 |191  0.21893 -2.96947e-03 |192  0.25698 -4.32793e-02
193  0.02491 -1.69598e-02 |194 -0.00631  1.29097e-02 |195 -0.17620 -1.32569e-02
196 -0.11400 -4.69842e-03 |197 -0.56008 -1.22703e-02 |198  0.16839 -2.06573e-03
199  0.09468 -5.74131e-02 |200 -0.25437 -3.67107e-02 |

 - final statistics:
200 variables; iteration 100; function evaluation 117
Function value 7.0011e+03; maximum gradient component mag -8.7111e-04
Exit code = 1;  converg criter 1.0000e-03
Var    Value     Gradient |Var    Value     Gradient |Var    Value     Gradient
  1 -0.42401  5.96979e-06 |  2  0.36930  2.14039e-04 |  3 -0.12870  1.85448e-04
  4 -0.00912  3.45649e-04 |  5 -0.74374  2.31675e-04 |  6 -0.60200 -2.39805e-05
  7  0.37106 -1.86437e-04 |  8 -0.18969 -1.85369e-04 |  9  0.04468  5.95435e-05
 10 -0.64323 -4.59763e-05 | 11 -0.61973 -9.60078e-05 | 12 -0.08791 -8.94150e-05
 13 -0.00922  1.78747e-05 | 14 -0.00942  1.83572e-05 | 15 -0.00961  1.88200e-05
 16 -0.00980  1.92632e-05 | 17 -0.00999  1.96874e-05 | 18 -0.01017  2.00954e-05
 19 -0.01035  2.04903e-05 | 20 -0.01052  2.08760e-05 | 21 -0.01068  2.12567e-05
 22 -0.01083  2.16370e-05 | 23 -0.01097  2.20213e-05 | 24 -0.01109  2.24134e-05
 25 -0.01121  2.28161e-05 | 26 -0.01130  2.32308e-05 | 27 -0.01138  2.36573e-05
 28 -0.01145  2.40924e-05 | 29 -0.01149  2.45284e-05 | 30 -0.01151  2.49534e-05
 31 -0.01151  2.53545e-05 | 32 -0.01149  2.57170e-05 | 33 -0.01144  2.60266e-05
 34 -0.01136  2.62705e-05 | 35 -0.01126  2.64414e-05 | 36 -0.01112  2.65406e-05
 37 -0.01095  2.65813e-05 | 38 -0.01074  2.65923e-05 | 39 -0.01050  2.66197e-05
 40 -0.01022  2.67310e-05 | 41 -0.00990  2.70171e-05 | 42 -0.00956  2.75877e-05
 43 -0.00918  2.85638e-05 | 44 -0.00877  3.00563e-05 | 45 -0.00835  3.21454e-05
 46 -0.00790  3.48613e-05 | 47 -0.00745  3.81695e-05 | 48 -0.00700  4.19699e-05
 49 -0.00656  4.60941e-05 | 50 -0.00614  5.03108e-05 | 51 -0.00574  5.43539e-05
 52 -0.00538  5.79873e-05 | 53 -0.00506  6.10810e-05 | 54 -0.00478  6.36239e-05
 55 -0.00453  6.56516e-05 | 56 -0.00432  6.71518e-05 | 57 -0.00411  6.80384e-05
 58 -0.00390  6.81843e-05 | 59 -0.00366  6.74826e-05 | 60 -0.00336  6.58607e-05
 61 -0.00298  6.33887e-05 | 62 -0.00249  6.03932e-05 | 63 -0.00185  5.76594e-05
 64 -0.00104  5.65232e-05 | 65 -0.00001  5.85439e-05 | 66  0.00124  6.40051e-05
 67  0.00276  6.79419e-05 | 68  0.00457  5.73245e-05 | 69  0.00668  2.20618e-05
 70  0.00910 -2.67120e-05 | 71  0.01184 -6.82206e-05 | 72  0.01487 -5.53371e-05
 73  0.01813  5.60448e-06 | 74  0.02152  8.30547e-05 | 75  0.02492 -3.86802e-05
 76  0.02812 -6.27988e-05 | 77  0.03090 -8.40648e-05 | 78  0.03305 -2.34191e-05
 79  0.03437 -5.70907e-05 | 80  0.03473 -6.62891e-05 | 81  0.03412 -7.05342e-05
 82  0.03260  2.90347e-06 | 83  0.03027 -1.07519e-04 | 84  0.02728 -7.28378e-05
 85  0.02381  1.06292e-05 | 86  0.02011  6.00403e-05 | 87  0.01645 -1.83440e-05
 88  0.01317 -4.45500e-05 | 89  0.01048 -2.29780e-05 | 90  0.00844 -7.99853e-06
 91  0.00687 -5.90054e-06 | 92  0.00551  3.18593e-06 | 93  0.00432  2.22225e-05
 94  0.00379  2.30951e-05 | 95  0.00378 -1.46932e-06 | 96  0.00280 -1.75432e-05
 97  0.00366 -7.18538e-05 | 98  0.00599 -1.07043e-04 | 99  0.01058 -9.16041e-05
100  0.01099 -1.13362e-04 |101  0.00997 -3.07475e-05 |102  0.00835  1.56564e-05
103 -0.00091  4.77300e-05 |104 -0.00236  2.32169e-04 |105  0.01349  7.51149e-05
106  0.01160 -4.17986e-04 |107 -0.01006 -1.70302e-04 |108  0.01259 -2.14698e-04
109  0.09217  1.38127e-04 |110  0.02970 -3.24736e-04 |111 -0.01458 -1.62616e-04
112  0.00051 -1.69228e-04 |113  0.01374 -5.15074e-05 |114  0.02518  5.12596e-05
115 -0.00679  1.52289e-05 |116 -0.06925 -2.03205e-04 |117 -0.08851  2.52271e-04
118 -0.08034 -4.41603e-04 |119 -0.02614 -3.97817e-05 |120  0.06805 -8.72979e-05
121  0.01728  2.42316e-04 |122  0.01192  7.14050e-05 |123 -0.02760 -8.71114e-04
124 -0.06451  7.86577e-04 |125 -0.00366 -1.93985e-04 |126  0.00685 -5.84147e-04
127 -0.02266  5.73962e-04 |128  0.03575  1.67983e-05 |129  0.07153 -2.89905e-04
130  0.02217 -8.33788e-05 |131  0.07694 -4.83844e-04 |132  0.00478  6.82281e-04
133  0.13102 -5.54051e-04 |134 -0.00179 -2.96618e-05 |135 -0.04325 -5.31464e-04
136 -0.05353  2.25057e-04 |137 -0.02140  1.43576e-04 |138  0.08752 -1.32140e-04
139  0.03534  4.31560e-05 |140  0.01682 -4.08302e-04 |141 -0.02438 -2.48683e-04
142 -0.01817  4.76061e-04 |143 -0.00280  2.47176e-04 |144 -0.00038  2.54293e-06
145  0.27466 -2.17013e-05 |146  0.18626 -3.42817e-04 |147  0.04705 -6.88434e-05
148  0.29664 -1.32328e-05 |149  0.01651  8.35747e-05 |150 -0.11428 -3.47986e-05
151 -0.47629 -9.98516e-05 |152  0.31517 -1.10523e-04 |153  0.04937 -3.58714e-04
154 -0.23435  8.10703e-04 |155  0.18596 -4.48030e-05 |156  0.26067 -5.66030e-05
157  0.17436  4.23899e-04 |158  0.25408  3.00558e-04 |159  0.00619 -5.02975e-04
160 -0.09779  7.83984e-05 |161  0.10569  6.60506e-05 |162  0.29723  5.38866e-05
163  0.16946 -2.47509e-04 |164  0.24664 -1.88042e-04 |165 -0.35588 -4.92086e-06
166  0.24143  4.37605e-05 |167  0.05352  3.71166e-05 |168 -0.18921 -3.74996e-05
169  0.19893  2.33515e-04 |170  0.31773  2.98573e-05 |171  0.07792 -1.08111e-04
172 -0.53176 -1.00987e-05 |173 -0.38068 -6.61506e-06 |174  0.23566  1.70744e-04
175  0.07881  4.45883e-04 |176 -0.12207  4.08123e-05 |177  0.05103  2.28920e-04
178  0.11802 -2.40188e-04 |179  0.32229  1.60163e-04 |180  0.27290 -9.56489e-05
181  0.00483 -8.43981e-05 |182  0.00965 -4.77838e-05 |183 -0.15140 -1.11756e-05
184 -0.12561 -1.36650e-05 |185  0.01053  7.40657e-05 |186  0.39160  1.09584e-04
187  0.01988 -5.69929e-05 |188 -0.15480 -6.31251e-06 |189  0.09835 -1.78752e-04
190  0.16342  1.30447e-04 |191  0.21893 -1.43081e-05 |192  0.25698 -2.43857e-04
193  0.02491 -8.75110e-05 |194 -0.00631  9.35766e-05 |195 -0.17620 -7.78929e-05
196 -0.11400 -3.30868e-05 |197 -0.55983 -8.79132e-05 |198  0.16850  9.11765e-05
199  0.09465  2.71009e-05 |200 -0.25428 -1.82195e-04 |

 - final statistics:
213 variables; iteration 0; function evaluation 0
Function value 7.0011e+03; maximum gradient component mag -8.7111e-04
Exit code = 0;  converg criter 1.0000e-03
Var    Value     Gradient |Var    Value     Gradient |Var    Value     Gradient
  1 -0.42401  5.96979e-06 |  2  0.36930  2.14039e-04 |  3 -0.12870  1.85448e-04
  4 -0.00912  3.45649e-04 |  5 -0.74374  2.31675e-04 |  6 -0.60200 -2.39805e-05
  7  0.37106 -1.86437e-04 |  8 -0.18969 -1.85369e-04 |  9  0.04468  5.95435e-05
 10 -0.64323 -4.59763e-05 | 11 -0.61973 -9.60078e-05 | 12 -0.08791 -8.94150e-05
 13 -0.00922  1.78747e-05 | 14 -0.00942  1.83572e-05 | 15 -0.00961  1.88200e-05
 16 -0.00980  1.92632e-05 | 17 -0.00999  1.96874e-05 | 18 -0.01017  2.00954e-05
 19 -0.01035  2.04903e-05 | 20 -0.01052  2.08760e-05 | 21 -0.01068  2.12567e-05
 22 -0.01083  2.16370e-05 | 23 -0.01097  2.20213e-05 | 24 -0.01109  2.24134e-05
 25 -0.01121  2.28161e-05 | 26 -0.01130  2.32308e-05 | 27 -0.01138  2.36573e-05
 28 -0.01145  2.40924e-05 | 29 -0.01149  2.45284e-05 | 30 -0.01151  2.49534e-05
 31 -0.01151  2.53545e-05 | 32 -0.01149  2.57170e-05 | 33 -0.01144  2.60266e-05
 34 -0.01136  2.62705e-05 | 35 -0.01126  2.64414e-05 | 36 -0.01112  2.65406e-05
 37 -0.01095  2.65813e-05 | 38 -0.01074  2.65923e-05 | 39 -0.01050  2.66197e-05
 40 -0.01022  2.67310e-05 | 41 -0.00990  2.70171e-05 | 42 -0.00956  2.75877e-05
 43 -0.00918  2.85638e-05 | 44 -0.00877  3.00563e-05 | 45 -0.00835  3.21454e-05
 46 -0.00790  3.48613e-05 | 47 -0.00745  3.81695e-05 | 48 -0.00700  4.19699e-05
 49 -0.00656  4.60941e-05 | 50 -0.00614  5.03108e-05 | 51 -0.00574  5.43539e-05
 52 -0.00538  5.79873e-05 | 53 -0.00506  6.10810e-05 | 54 -0.00478  6.36239e-05
 55 -0.00453  6.56516e-05 | 56 -0.00432  6.71518e-05 | 57 -0.00411  6.80384e-05
 58 -0.00390  6.81843e-05 | 59 -0.00366  6.74826e-05 | 60 -0.00336  6.58607e-05
 61 -0.00298  6.33887e-05 | 62 -0.00249  6.03932e-05 | 63 -0.00185  5.76594e-05
 64 -0.00104  5.65232e-05 | 65 -0.00001  5.85439e-05 | 66  0.00124  6.40051e-05
 67  0.00276  6.79419e-05 | 68  0.00457  5.73245e-05 | 69  0.00668  2.20618e-05
 70  0.00910 -2.67120e-05 | 71  0.01184 -6.82206e-05 | 72  0.01487 -5.53371e-05
 73  0.01813  5.60448e-06 | 74  0.02152  8.30547e-05 | 75  0.02492 -3.86802e-05
 76  0.02812 -6.27988e-05 | 77  0.03090 -8.40648e-05 | 78  0.03305 -2.34191e-05
 79  0.03437 -5.70907e-05 | 80  0.03473 -6.62891e-05 | 81  0.03412 -7.05342e-05
 82  0.03260  2.90347e-06 | 83  0.03027 -1.07519e-04 | 84  0.02728 -7.28378e-05
 85  0.02381  1.06292e-05 | 86  0.02011  6.00403e-05 | 87  0.01645 -1.83440e-05
 88  0.01317 -4.45500e-05 | 89  0.01048 -2.29780e-05 | 90  0.00844 -7.99853e-06
 91  0.00687 -5.90054e-06 | 92  0.00551  3.18593e-06 | 93  0.00432  2.22225e-05
 94  0.00379  2.30951e-05 | 95  0.00378 -1.46932e-06 | 96  0.00280 -1.75432e-05
 97  0.00366 -7.18538e-05 | 98  0.00599 -1.07043e-04 | 99  0.01058 -9.16041e-05
100  0.01099 -1.13362e-04 |101  0.00997 -3.07475e-05 |102  0.00835  1.56564e-05
103 -0.00091  4.77300e-05 |104 -0.00236  2.32169e-04 |105  0.01349  7.51149e-05
106  0.01160 -4.17986e-04 |107 -0.01006 -1.70302e-04 |108  0.01259 -2.14698e-04
109  0.09217  1.38127e-04 |110  0.02970 -3.24736e-04 |111 -0.01458 -1.62616e-04
112  0.00051 -1.69228e-04 |113  0.01374 -5.15074e-05 |114  0.02518  5.12596e-05
115 -0.00679  1.52289e-05 |116 -0.06925 -2.03205e-04 |117 -0.08851  2.52271e-04
118 -0.08034 -4.41603e-04 |119 -0.02614 -3.97817e-05 |120  0.06805 -8.72979e-05
121  0.01728  2.42316e-04 |122  0.01192  7.14050e-05 |123 -0.02760 -8.71114e-04
124 -0.06451  7.86577e-04 |125 -0.00366 -1.93985e-04 |126  0.00685 -5.84147e-04
127 -0.02266  5.73962e-04 |128  0.03575  1.67983e-05 |129  0.07153 -2.89905e-04
130  0.02217 -8.33788e-05 |131  0.07694 -4.83844e-04 |132  0.00478  6.82281e-04
133  0.13102 -5.54051e-04 |134 -0.00179 -2.96618e-05 |135 -0.04325 -5.31464e-04
136 -0.05353  2.25057e-04 |137 -0.02140  1.43576e-04 |138  0.08752 -1.32140e-04
139  0.03534  4.31560e-05 |140  0.01682 -4.08302e-04 |141 -0.02438 -2.48683e-04
142 -0.01817  4.76061e-04 |143 -0.00280  2.47176e-04 |144 -0.00038  2.54293e-06
145  0.00000  0.00000e+00 |146  0.00000  0.00000e+00 |147  0.00000  0.00000e+00
148  0.00000  0.00000e+00 |149  0.00000  0.00000e+00 |150  0.00000  0.00000e+00
151  0.00000  0.00000e+00 |152  0.00000  0.00000e+00 |153  0.00000  0.00000e+00
154  0.00000  0.00000e+00 |155  0.00000  0.00000e+00 |156  0.00000  0.00000e+00
157  0.00000  0.00000e+00 |158  0.27466 -2.17013e-05 |159  0.18626 -3.42817e-04
160  0.04705 -6.88434e-05 |161  0.29664 -1.32328e-05 |162  0.01651  8.35747e-05
163 -0.11428 -3.47986e-05 |164 -0.47629 -9.98516e-05 |165  0.31517 -1.10523e-04
166  0.04937 -3.58714e-04 |167 -0.23435  8.10703e-04 |168  0.18596 -4.48030e-05
169  0.26067 -5.66030e-05 |170  0.17436  4.23899e-04 |171  0.25408  3.00558e-04
172  0.00619 -5.02975e-04 |173 -0.09779  7.83984e-05 |174  0.10569  6.60506e-05
175  0.29723  5.38866e-05 |176  0.16946 -2.47509e-04 |177  0.24664 -1.88042e-04
178 -0.35588 -4.92086e-06 |179  0.24143  4.37605e-05 |180  0.05352  3.71166e-05
181 -0.18921 -3.74996e-05 |182  0.19893  2.33515e-04 |183  0.31773  2.98573e-05
184  0.07792 -1.08111e-04 |185 -0.53176 -1.00987e-05 |186 -0.38068 -6.61506e-06
187  0.23566  1.70744e-04 |188  0.07881  4.45883e-04 |189 -0.12207  4.08123e-05
190  0.05103  2.28920e-04 |191  0.11802 -2.40188e-04 |192  0.32229  1.60163e-04
193  0.27290 -9.56489e-05 |194  0.00483 -8.43981e-05 |195  0.00965 -4.77838e-05
196 -0.15140 -1.11756e-05 |197 -0.12561 -1.36650e-05 |198  0.01053  7.40657e-05
199  0.39160  1.09584e-04 |200  0.01988 -5.69929e-05 |201 -0.15480 -6.31251e-06
202  0.09835 -1.78752e-04 |203  0.16342  1.30447e-04 |204  0.21893 -1.43081e-05
205  0.25698 -2.43857e-04 |206  0.02491 -8.75110e-05 |207 -0.00631  9.35766e-05
208 -0.17620 -7.78929e-05 |209 -0.11400 -3.30868e-05 |210 -0.55983 -8.79132e-05
211  0.16850  9.11765e-05 |212  0.09465  2.71009e-05 |213 -0.25428 -1.82195e-04
size of file gradfil1.tmp = 0
size of file gradfil2.tmp = 0
size of file varssave.tmp = 0
size of file cmpdiff.tmp = 800000032
