
Initial statistics: 136 variables; iteration 0; function evaluation 0; phase 1
Function value 6.8696781e+03; maximum gradient component mag -2.5468e+01
Var    Value     Gradient |Var    Value     Gradient |Var    Value     Gradient
  1 -0.42334  1.87048e+01 |  2 -0.09289  5.38891e+00 |  3 -0.01009 -3.87878e-01
  4 -0.01031 -3.96394e-01 |  5 -0.01053 -4.04892e-01 |  6 -0.01074 -4.13362e-01
  7 -0.01095 -4.21792e-01 |  8 -0.01115 -4.30144e-01 |  9 -0.01135 -4.38400e-01
 10 -0.01153 -4.46545e-01 | 11 -0.01171 -4.54546e-01 | 12 -0.01187 -4.62397e-01
 13 -0.01203 -4.70091e-01 | 14 -0.01217 -4.77601e-01 | 15 -0.01229 -4.84927e-01
 16 -0.01240 -4.92059e-01 | 17 -0.01249 -4.98984e-01 | 18 -0.01255 -5.05673e-01
 19 -0.01260 -5.12103e-01 | 20 -0.01262 -5.18223e-01 | 21 -0.01262 -5.23994e-01
 22 -0.01260 -5.29354e-01 | 23 -0.01254 -5.34206e-01 | 24 -0.01246 -5.38436e-01
 25 -0.01235 -5.41898e-01 | 26 -0.01220 -5.44399e-01 | 27 -0.01202 -5.45745e-01
 28 -0.01180 -5.45725e-01 | 29 -0.01154 -5.44154e-01 | 30 -0.01124 -5.40827e-01
 31 -0.01091 -5.35747e-01 | 32 -0.01054 -5.28895e-01 | 33 -0.01013 -5.20381e-01
 34 -0.00969 -5.10454e-01 | 35 -0.00923 -4.99474e-01 | 36 -0.00876 -4.87916e-01
 37 -0.00827 -4.76409e-01 | 38 -0.00779 -4.65641e-01 | 39 -0.00732 -4.56412e-01
 40 -0.00687 -4.49548e-01 | 41 -0.00646 -4.45819e-01 | 42 -0.00610 -4.45827e-01
 43 -0.00578 -4.49910e-01 | 44 -0.00550 -4.58036e-01 | 45 -0.00527 -4.69873e-01
 46 -0.00505 -4.84869e-01 | 47 -0.00484 -5.02293e-01 | 48 -0.00461 -5.21352e-01
 49 -0.00433 -5.41430e-01 | 50 -0.00397 -5.62064e-01 | 51 -0.00351 -5.83270e-01
 52 -0.00290 -6.05592e-01 | 53 -0.00211 -6.30121e-01 | 54 -0.00112 -6.58601e-01
 55  0.00012 -6.92805e-01 | 56  0.00162 -7.35108e-01 | 57  0.00342 -7.86596e-01
 58  0.00553 -8.47404e-01 | 59  0.00797 -9.16699e-01 | 60  0.01071 -9.92364e-01
 61  0.01374 -1.07181e+00 | 62  0.01700 -1.15247e+00 | 63  0.02037 -1.23305e+00
 64  0.02373 -1.31362e+00 | 65  0.02687 -1.39515e+00 | 66  0.02959 -1.47831e+00
 67  0.03168 -1.56170e+00 | 68  0.03301 -1.64000e+00 | 69  0.03358 -1.70342e+00
 70  0.03344 -1.73944e+00 | 71  0.03272 -1.73578e+00 | 72  0.03145 -1.68547e+00
 73  0.02960 -1.59134e+00 | 74  0.02705 -1.46778e+00 | 75  0.02380 -1.33644e+00
 76  0.01999 -1.21548e+00 | 77  0.01602 -1.10843e+00 | 78  0.01239 -1.00154e+00
 79  0.00955 -8.74277e-01 | 80  0.00761 -7.13958e-01 | 81  0.00637 -5.26196e-01
 82  0.00544 -3.31445e-01 | 83  0.00468 -1.53684e-01 | 84  0.00458 -4.48495e-03
 85  0.00522  1.27389e-01 | 86  0.00545  2.67868e-01 | 87  0.00713  4.44418e-01
 88  0.00970  6.69018e-01 | 89  0.01366  9.80502e-01 | 90  0.01376  1.43682e+00
 91  0.01250  2.13633e+00 | 92  0.01081  3.02703e+00 | 93  0.00275  3.71417e+00
 94  0.00360  4.40008e+00 | 95  0.02294  5.39853e+00 | 96  0.02140  5.12865e+00
 97 -0.00268  4.22564e+00 | 98  0.01577  5.86526e+00 | 99  0.08374  1.32237e+01
100  0.02820  1.09872e+01 |101 -0.01452  8.96645e+00 |102  0.00430  1.07170e+01
103  0.01938  1.33318e+01 |104  0.03866  2.28510e+01 |105  0.00285  2.53970e+01
106 -0.06248  1.65700e+01 |107 -0.07893  1.20347e+01 |108 -0.07730  9.65380e+00
109 -0.03457  8.12662e+00 |110  0.06971  9.47384e+00 |111  0.02361  4.44026e+00
112  0.01375  2.30483e+00 |113 -0.02797 -1.79096e+00 |114 -0.06716 -4.36075e+00
115 -0.00654 -1.04273e+01 |116  0.00456 -1.07366e+01 |117 -0.02731 -1.02050e+01
118  0.02817 -1.76581e+01 |119  0.07344 -2.54678e+01 |120  0.01038 -1.36428e+01
121  0.08254 -1.62577e+01 |122  0.00575 -5.43633e+00 |123  0.13287 -8.73138e+00
124 -0.00532 -1.86612e+00 |125 -0.04646 -8.05777e-01 |126 -0.05671 -7.18131e-02
127 -0.02192 -7.57625e-01 |128  0.09420 -5.29629e-01 |129  0.03190 -4.80183e-02
130  0.01685  1.11330e-01 |131 -0.02798 -6.21350e-02 |132 -0.01758 -4.29247e-05
133 -0.00588 -2.39868e-04 |134 -0.00040 -1.75993e-05 |135  0.27670 -1.33095e-04
136  0.18753  3.27385e-04 |

 - final statistics:
136 variables; iteration 17; function evaluation 24
Function value 6.8684e+03; maximum gradient component mag 8.6774e+00
Exit code = 1;  converg criter 1.0000e+01
Var    Value     Gradient |Var    Value     Gradient |Var    Value     Gradient
  1 -0.42321  8.67744e+00 |  2 -0.10881  4.56098e-01 |  3 -0.00939 -6.12310e-02
  4 -0.00961 -6.41554e-02 |  5 -0.00982 -6.72518e-02 |  6 -0.01003 -7.05205e-02
  7 -0.01023 -7.39665e-02 |  8 -0.01043 -7.76024e-02 |  9 -0.01063 -8.14253e-02
 10 -0.01082 -8.54337e-02 | 11 -0.01099 -8.96329e-02 | 12 -0.01116 -9.40120e-02
 13 -0.01132 -9.85589e-02 | 14 -0.01147 -1.03274e-01 | 15 -0.01160 -1.08138e-01
 16 -0.01171 -1.13139e-01 | 17 -0.01181 -1.18263e-01 | 18 -0.01189 -1.23500e-01
 19 -0.01195 -1.28835e-01 | 20 -0.01199 -1.34268e-01 | 21 -0.01201 -1.39804e-01
 22 -0.01200 -1.45470e-01 | 23 -0.01197 -1.51323e-01 | 24 -0.01191 -1.57434e-01
 25 -0.01182 -1.63897e-01 | 26 -0.01171 -1.70833e-01 | 27 -0.01157 -1.78363e-01
 28 -0.01140 -1.86612e-01 | 29 -0.01120 -1.95692e-01 | 30 -0.01097 -2.05689e-01
 31 -0.01072 -2.16669e-01 | 32 -0.01044 -2.28639e-01 | 33 -0.01013 -2.41547e-01
 34 -0.00980 -2.55255e-01 | 35 -0.00946 -2.69535e-01 | 36 -0.00910 -2.84078e-01
 37 -0.00874 -2.98501e-01 | 38 -0.00837 -3.12388e-01 | 39 -0.00801 -3.25289e-01
 40 -0.00766 -3.36770e-01 | 41 -0.00733 -3.46417e-01 | 42 -0.00702 -3.53872e-01
 43 -0.00674 -3.58971e-01 | 44 -0.00648 -3.61781e-01 | 45 -0.00624 -3.62609e-01
 46 -0.00600 -3.62018e-01 | 47 -0.00577 -3.60733e-01 | 48 -0.00551 -3.59417e-01
 49 -0.00520 -3.58704e-01 | 50 -0.00483 -3.59010e-01 | 51 -0.00437 -3.60439e-01
 52 -0.00376 -3.62500e-01 | 53 -0.00298 -3.64287e-01 | 54 -0.00198 -3.64408e-01
 55 -0.00072 -3.61087e-01 | 56  0.00085 -3.53114e-01 | 57  0.00277 -3.39382e-01
 58  0.00504 -3.19853e-01 | 59  0.00768 -2.95584e-01 | 60  0.01066 -2.68112e-01
 61  0.01394 -2.38710e-01 | 62  0.01745 -2.07861e-01 | 63  0.02108 -1.76014e-01
 64  0.02470 -1.45577e-01 | 65  0.02810 -1.23054e-01 | 66  0.03102 -1.18414e-01
 67  0.03323 -1.38114e-01 | 68  0.03460 -1.77891e-01 | 69  0.03517 -2.20624e-01
 70  0.03511 -2.39243e-01 | 71  0.03457 -2.10804e-01 | 72  0.03360 -1.28838e-01
 73  0.03205 -1.51978e-02 | 74  0.02967  8.35389e-02 | 75  0.02629  1.22697e-01
 76  0.02218  9.53246e-02 | 77  0.01791  3.78917e-02 | 78  0.01409 -9.54028e-03
 79  0.01109 -3.56320e-02 | 80  0.00893 -5.10227e-02 | 81  0.00739 -6.53443e-02
 82  0.00616 -7.91452e-02 | 83  0.00524 -8.61385e-02 | 84  0.00518 -7.96475e-02
 85  0.00606 -6.13548e-02 | 86  0.00658 -3.77249e-02 | 87  0.00855 -1.73464e-02
 88  0.01138 -7.16285e-03 | 89  0.01541 -3.04483e-02 | 90  0.01487 -7.49116e-02
 91  0.01190 -1.59372e-01 | 92  0.00769 -2.80714e-01 | 93 -0.00191 -2.68489e-01
 94 -0.00102  3.95252e-02 | 95  0.01865  4.03738e-01 | 96  0.02039  8.29416e-01
 97 -0.00319  5.81227e-01 | 98  0.01568  9.82414e-01 | 99  0.07814  1.87679e+00
100  0.02178  1.42836e+00 |101 -0.02078  8.85446e-01 |102 -0.00093  1.21143e+00
103  0.01896  2.39805e+00 |104  0.03235  3.74674e+00 |105 -0.01628  2.37509e+00
106 -0.07835  8.79184e-01 |107 -0.08775  2.25585e+00 |108 -0.08476  2.37538e+00
109 -0.04051  1.72036e+00 |110  0.06366  8.17788e-01 |111  0.01675  2.13420e-01
112  0.00720  1.19714e+00 |113 -0.02963  1.07040e+00 |114 -0.06965 -1.01741e+00
115 -0.00369 -1.13284e+00 |116 -0.00010 -1.74196e+00 |117 -0.02326 -3.21414e-02
118  0.03390 -8.07216e-01 |119  0.08587 -1.44120e+00 |120  0.02011 -6.02424e-01
121  0.09172 -1.48424e+00 |122  0.00862 -9.22536e-01 |123  0.14069  9.90764e-01
124 -0.00433 -1.00619e+00 |125 -0.04707 -1.05861e+00 |126 -0.05643  1.95613e-02
127 -0.01938  8.25580e-02 |128  0.09327 -8.31528e-01 |129  0.03297  3.32199e-01
130  0.01782  4.99330e-01 |131 -0.02626  4.86724e-01 |132 -0.01698  1.57089e-01
133 -0.00585  5.33714e-03 |134 -0.00039  3.00577e-03 |135  0.30210  1.50030e+00
136  0.20813  1.44979e+00 |

Initial statistics: 146 variables; iteration 0; function evaluation 0; phase 2
Function value 6.8683517e+03; maximum gradient component mag -1.2036e+02
Var    Value     Gradient |Var    Value     Gradient |Var    Value     Gradient
  1 -0.42321  8.67744e+00 |  2  0.37110 -4.24366e+01 |  3 -0.12614 -1.05583e+02
  4 -0.01321 -9.67122e+01 |  5 -0.70915  1.35647e+01 |  6 -0.60419  7.40671e+00
  7  0.37628 -5.31818e+01 |  8 -0.18524 -1.20359e+02 |  9  0.03399 -1.07824e+02
 10 -0.60948  4.35670e+00 | 11 -0.62338 -5.90223e+01 | 12 -0.10881  4.56098e-01
 13 -0.00939 -6.12310e-02 | 14 -0.00961 -6.41554e-02 | 15 -0.00982 -6.72518e-02
 16 -0.01003 -7.05205e-02 | 17 -0.01023 -7.39665e-02 | 18 -0.01043 -7.76024e-02
 19 -0.01063 -8.14253e-02 | 20 -0.01082 -8.54337e-02 | 21 -0.01099 -8.96329e-02
 22 -0.01116 -9.40120e-02 | 23 -0.01132 -9.85589e-02 | 24 -0.01147 -1.03274e-01
 25 -0.01160 -1.08138e-01 | 26 -0.01171 -1.13139e-01 | 27 -0.01181 -1.18263e-01
 28 -0.01189 -1.23500e-01 | 29 -0.01195 -1.28835e-01 | 30 -0.01199 -1.34268e-01
 31 -0.01201 -1.39804e-01 | 32 -0.01200 -1.45470e-01 | 33 -0.01197 -1.51323e-01
 34 -0.01191 -1.57434e-01 | 35 -0.01182 -1.63897e-01 | 36 -0.01171 -1.70833e-01
 37 -0.01157 -1.78363e-01 | 38 -0.01140 -1.86612e-01 | 39 -0.01120 -1.95692e-01
 40 -0.01097 -2.05689e-01 | 41 -0.01072 -2.16669e-01 | 42 -0.01044 -2.28639e-01
 43 -0.01013 -2.41547e-01 | 44 -0.00980 -2.55255e-01 | 45 -0.00946 -2.69535e-01
 46 -0.00910 -2.84078e-01 | 47 -0.00874 -2.98501e-01 | 48 -0.00837 -3.12388e-01
 49 -0.00801 -3.25289e-01 | 50 -0.00766 -3.36770e-01 | 51 -0.00733 -3.46417e-01
 52 -0.00702 -3.53872e-01 | 53 -0.00674 -3.58971e-01 | 54 -0.00648 -3.61781e-01
 55 -0.00624 -3.62609e-01 | 56 -0.00600 -3.62018e-01 | 57 -0.00577 -3.60733e-01
 58 -0.00551 -3.59417e-01 | 59 -0.00520 -3.58704e-01 | 60 -0.00483 -3.59010e-01
 61 -0.00437 -3.60439e-01 | 62 -0.00376 -3.62500e-01 | 63 -0.00298 -3.64287e-01
 64 -0.00198 -3.64408e-01 | 65 -0.00072 -3.61087e-01 | 66  0.00085 -3.53114e-01
 67  0.00277 -3.39382e-01 | 68  0.00504 -3.19853e-01 | 69  0.00768 -2.95584e-01
 70  0.01066 -2.68112e-01 | 71  0.01394 -2.38710e-01 | 72  0.01745 -2.07861e-01
 73  0.02108 -1.76014e-01 | 74  0.02470 -1.45577e-01 | 75  0.02810 -1.23054e-01
 76  0.03102 -1.18414e-01 | 77  0.03323 -1.38114e-01 | 78  0.03460 -1.77891e-01
 79  0.03517 -2.20624e-01 | 80  0.03511 -2.39243e-01 | 81  0.03457 -2.10804e-01
 82  0.03360 -1.28838e-01 | 83  0.03205 -1.51978e-02 | 84  0.02967  8.35389e-02
 85  0.02629  1.22697e-01 | 86  0.02218  9.53246e-02 | 87  0.01791  3.78917e-02
 88  0.01409 -9.54028e-03 | 89  0.01109 -3.56320e-02 | 90  0.00893 -5.10227e-02
 91  0.00739 -6.53443e-02 | 92  0.00616 -7.91452e-02 | 93  0.00524 -8.61385e-02
 94  0.00518 -7.96475e-02 | 95  0.00606 -6.13548e-02 | 96  0.00658 -3.77249e-02
 97  0.00855 -1.73464e-02 | 98  0.01138 -7.16285e-03 | 99  0.01541 -3.04483e-02
100  0.01487 -7.49116e-02 |101  0.01190 -1.59372e-01 |102  0.00769 -2.80714e-01
103 -0.00191 -2.68489e-01 |104 -0.00102  3.95252e-02 |105  0.01865  4.03738e-01
106  0.02039  8.29416e-01 |107 -0.00319  5.81227e-01 |108  0.01568  9.82414e-01
109  0.07814  1.87679e+00 |110  0.02178  1.42836e+00 |111 -0.02078  8.85446e-01
112 -0.00093  1.21143e+00 |113  0.01896  2.39805e+00 |114  0.03235  3.74674e+00
115 -0.01628  2.37509e+00 |116 -0.07835  8.79184e-01 |117 -0.08775  2.25585e+00
118 -0.08476  2.37538e+00 |119 -0.04051  1.72036e+00 |120  0.06366  8.17788e-01
121  0.01675  2.13420e-01 |122  0.00720  1.19714e+00 |123 -0.02963  1.07040e+00
124 -0.06965 -1.01741e+00 |125 -0.00369 -1.13284e+00 |126 -0.00010 -1.74196e+00
127 -0.02326 -3.21414e-02 |128  0.03390 -8.07216e-01 |129  0.08587 -1.44120e+00
130  0.02011 -6.02424e-01 |131  0.09172 -1.48424e+00 |132  0.00862 -9.22536e-01
133  0.14069  9.90764e-01 |134 -0.00433 -1.00619e+00 |135 -0.04707 -1.05861e+00
136 -0.05643  1.95613e-02 |137 -0.01938  8.25580e-02 |138  0.09327 -8.31528e-01
139  0.03297  3.32199e-01 |140  0.01782  4.99330e-01 |141 -0.02626  4.86724e-01
142 -0.01698  1.57089e-01 |143 -0.00585  5.33714e-03 |144 -0.00039  3.00577e-03
145  0.30210  1.50030e+00 |146  0.20813  1.44979e+00 |

Intermediate statistics: 146 variables; iteration 20; function evaluation 25; phase 2
Function value 6.8673593e+03; maximum gradient component mag -1.1222e+02
Var    Value     Gradient |Var    Value     Gradient |Var    Value     Gradient
  1 -0.42389 -5.72765e+00 |  2  0.36707 -1.12216e+02 |  3 -0.12529 -3.26722e+01
  4 -0.00876 -8.13785e+01 |  5 -0.72676  8.77017e+00 |  6 -0.60290  2.77091e+01
  7  0.36861 -9.18987e+01 |  8 -0.18547 -1.87130e+01 |  9  0.04512 -7.48935e+01
 10 -0.63282  6.89689e+00 | 11 -0.61993  1.36004e+01 | 12 -0.10655 -1.31539e+01
 13 -0.00938 -5.43643e-02 | 14 -0.00959 -5.65419e-02 | 15 -0.00980 -5.88269e-02
 16 -0.01001 -6.12211e-02 | 17 -0.01021 -6.37280e-02 | 18 -0.01040 -6.63545e-02
 19 -0.01059 -6.90999e-02 | 20 -0.01078 -7.19638e-02 | 21 -0.01095 -7.49482e-02
 22 -0.01112 -7.80477e-02 | 23 -0.01127 -8.12567e-02 | 24 -0.01141 -8.45757e-02
 25 -0.01153 -8.79986e-02 | 26 -0.01165 -9.15239e-02 | 27 -0.01174 -9.51493e-02
 28 -0.01181 -9.88722e-02 | 29 -0.01187 -1.02681e-01 | 30 -0.01190 -1.06568e-01
 31 -0.01191 -1.10528e-01 | 32 -0.01190 -1.14567e-01 | 33 -0.01186 -1.18713e-01
 34 -0.01180 -1.23002e-01 | 35 -0.01171 -1.27485e-01 | 36 -0.01159 -1.32227e-01
 37 -0.01144 -1.37286e-01 | 38 -0.01126 -1.42719e-01 | 39 -0.01105 -1.48566e-01
 40 -0.01081 -1.54845e-01 | 41 -0.01054 -1.61572e-01 | 42 -0.01024 -1.68728e-01
 43 -0.00992 -1.76277e-01 | 44 -0.00958 -1.84146e-01 | 45 -0.00921 -1.92221e-01
 46 -0.00884 -2.00342e-01 | 47 -0.00845 -2.08312e-01 | 48 -0.00807 -2.15919e-01
 49 -0.00769 -2.22953e-01 | 50 -0.00733 -2.29233e-01 | 51 -0.00698 -2.34611e-01
 52 -0.00667 -2.38952e-01 | 53 -0.00638 -2.42172e-01 | 54 -0.00613 -2.44233e-01
 55 -0.00589 -2.45177e-01 | 56 -0.00567 -2.45198e-01 | 57 -0.00544 -2.44597e-01
 58 -0.00519 -2.43646e-01 | 59 -0.00489 -2.42613e-01 | 60 -0.00452 -2.41668e-01
 61 -0.00405 -2.40861e-01 | 62 -0.00344 -2.39986e-01 | 63 -0.00265 -2.38689e-01
 64 -0.00165 -2.36458e-01 | 65 -0.00038 -2.32641e-01 | 66  0.00118 -2.26980e-01
 67  0.00307 -2.19224e-01 | 68  0.00530 -2.09623e-01 | 69  0.00788 -1.98917e-01
 70  0.01079 -1.87991e-01 | 71  0.01398 -1.77619e-01 | 72  0.01739 -1.68231e-01
 73  0.02091 -1.60178e-01 | 74  0.02441 -1.54093e-01 | 75  0.02771 -1.50992e-01
 76  0.03060 -1.51741e-01 | 77  0.03291 -1.56086e-01 | 78  0.03450 -1.62426e-01
 79  0.03532 -1.68326e-01 | 80  0.03540 -1.70826e-01 | 81  0.03477 -1.67256e-01
 82  0.03346 -1.56318e-01 | 83  0.03144 -1.40010e-01 | 84  0.02868 -1.24877e-01
 85  0.02521 -1.20383e-01 | 86  0.02125 -1.32262e-01 | 87  0.01722 -1.56015e-01
 88  0.01358 -1.81565e-01 | 89  0.01069 -2.04308e-01 | 90  0.00860 -2.27634e-01
 91  0.00710 -2.57106e-01 | 92  0.00584 -2.96687e-01 | 93  0.00479 -3.46267e-01
 94  0.00461 -3.92086e-01 | 95  0.00538 -4.27283e-01 | 96  0.00544 -4.95954e-01
 97  0.00734 -5.32321e-01 | 98  0.01026 -5.73905e-01 | 99  0.01481 -5.78390e-01
100  0.01412 -6.39536e-01 |101  0.01140 -6.89015e-01 |102  0.00763 -6.96452e-01
103 -0.00241 -7.21505e-01 |104 -0.00160 -6.78046e-01 |105  0.01874 -4.98553e-01
106  0.01912 -1.79378e-01 |107 -0.00478 -3.95117e-01 |108  0.01246 -4.05684e-01
109  0.08124  5.29913e-01 |110  0.01787  7.34716e-01 |111 -0.02058  4.46739e-01
112  0.00025  4.05992e-01 |113  0.01973  1.04339e+00 |114  0.03095  1.89760e+00
115 -0.01508  2.08103e+00 |116 -0.07800  7.59652e-01 |117 -0.08936  1.36015e+00
118 -0.08539  7.45995e-01 |119 -0.03909 -1.56222e-01 |120  0.06139  2.09745e+00
121  0.01543  2.67136e+00 |122  0.00752  1.57962e+00 |123 -0.02899  1.36751e+00
124 -0.06669 -1.25147e+00 |125 -0.00263 -7.46364e-01 |126 -0.00102 -7.43126e-01
127 -0.02294 -6.87025e-02 |128  0.03896 -4.38825e-01 |129  0.07774 -1.86326e+00
130  0.03195  5.34007e-01 |131  0.08501 -1.84368e-01 |132  0.00791  4.97736e-01
133  0.13621  4.71222e-02 |134 -0.00099 -9.90858e-01 |135 -0.04379 -1.19049e+00
136 -0.05421 -1.96205e-01 |137 -0.01941  1.06950e-01 |138  0.09015  5.55856e-02
139  0.03437  3.65513e-01 |140  0.01714 -1.60140e-01 |141 -0.02442  2.82406e-01
142 -0.01675  1.54105e-01 |143 -0.00274 -8.58131e-02 |144 -0.00038  1.17511e-03
145  0.29796 -8.20119e-01 |146  0.20467 -7.02280e+00 |

 - final statistics:
146 variables; iteration 33; function evaluation 44
Function value 6.8668e+03; maximum gradient component mag 2.9315e+00
Exit code = 1;  converg criter 1.0000e+01
Var    Value     Gradient |Var    Value     Gradient |Var    Value     Gradient
  1 -0.42355 -1.39994e+00 |  2  0.36517  1.08354e+00 |  3 -0.12839 -1.63573e-01
  4 -0.00103  1.22709e+00 |  5 -0.74353 -3.76711e-01 |  6 -0.60327 -8.87161e-01
  7  0.36455 -4.58436e-01 |  8 -0.18918 -5.22554e-02 |  9  0.05797  6.65442e-01
 10 -0.65559  6.32762e-01 | 11 -0.61904  7.67694e-01 | 12 -0.10590  2.93146e+00
 13 -0.00923  1.75165e-02 | 14 -0.00943  1.80462e-02 | 15 -0.00963  1.85937e-02
 16 -0.00983  1.91591e-02 | 17 -0.01003  1.97431e-02 | 18 -0.01022  2.03457e-02
 19 -0.01040  2.09668e-02 | 20 -0.01058  2.16063e-02 | 21 -0.01074  2.22646e-02
 22 -0.01090  2.29413e-02 | 23 -0.01104  2.36364e-02 | 24 -0.01117  2.43493e-02
 25 -0.01129  2.50794e-02 | 26 -0.01139  2.58255e-02 | 27 -0.01148  2.65861e-02
 28 -0.01154  2.73585e-02 | 29 -0.01159  2.81392e-02 | 30 -0.01161  2.89257e-02
 31 -0.01161  2.97174e-02 | 32 -0.01159  3.05125e-02 | 33 -0.01155  3.13075e-02
 34 -0.01147  3.20971e-02 | 35 -0.01137  3.28730e-02 | 36 -0.01125  3.36248e-02
 37 -0.01109  3.43400e-02 | 38 -0.01090  3.50071e-02 | 39 -0.01068  3.56167e-02
 40 -0.01042  3.61603e-02 | 41 -0.01014  3.66415e-02 | 42 -0.00983  3.70586e-02
 43 -0.00949  3.74107e-02 | 44 -0.00913  3.76932e-02 | 45 -0.00875  3.78964e-02
 46 -0.00836  3.80078e-02 | 47 -0.00796  3.80118e-02 | 48 -0.00757  3.78864e-02
 49 -0.00718  3.76016e-02 | 50 -0.00681  3.71154e-02 | 51 -0.00646  3.63748e-02
 52 -0.00615  3.53271e-02 | 53 -0.00587  3.39430e-02 | 54 -0.00563  3.22236e-02
 55 -0.00541  3.01947e-02 | 56 -0.00520  2.78945e-02 | 57 -0.00500  2.53618e-02
 58 -0.00477  2.26329e-02 | 59 -0.00449  1.97522e-02 | 60 -0.00414  1.67580e-02
 61 -0.00368  1.36766e-02 | 62 -0.00309  1.04966e-02 | 63 -0.00232  7.16190e-03
 64 -0.00133  3.54344e-03 | 65 -0.00010 -5.67105e-04 | 66  0.00143 -5.38223e-03
 67  0.00326 -1.10362e-02 | 68  0.00543 -1.73539e-02 | 69  0.00794 -2.36732e-02
 70  0.01078 -2.88823e-02 | 71  0.01391 -3.17881e-02 | 72  0.01727 -3.20141e-02
 73  0.02075 -3.16540e-02 | 74  0.02417 -3.71251e-02 | 75  0.02733 -5.64328e-02
 76  0.03004 -8.55723e-02 | 77  0.03226 -9.74634e-02 | 78  0.03403 -6.43207e-02
 79  0.03521  2.24367e-03 | 80  0.03551  5.06972e-02 | 81  0.03475  4.36678e-02
 82  0.03306 -2.07862e-04 | 83  0.03078 -1.77418e-02 | 84  0.02808  2.70238e-02
 85  0.02482  9.11992e-02 | 86  0.02095  1.21117e-01 | 87  0.01694  1.28180e-01
 88  0.01336  1.41941e-01 | 89  0.01054  1.67155e-01 | 90  0.00854  1.99045e-01
 91  0.00713  2.35465e-01 | 92  0.00597  2.75342e-01 | 93  0.00499  3.14939e-01
 94  0.00479  3.48493e-01 | 95  0.00551  3.78371e-01 | 96  0.00558  4.26393e-01
 97  0.00742  4.53935e-01 | 98  0.01031  4.72612e-01 | 99  0.01465  4.22478e-01
100  0.01441  4.61754e-01 |101  0.01173  3.92269e-01 |102  0.00804  2.70473e-01
103 -0.00213  1.12176e-01 |104 -0.00179 -1.01177e-02 |105  0.01788 -1.87140e-01
106  0.01817 -2.69476e-01 |107 -0.00633 -4.22798e-01 |108  0.01330  1.06471e-01
109  0.08023 -4.02033e-01 |110  0.01900  1.51306e-01 |111 -0.02018  3.78136e-02
112  0.00099 -2.83349e-01 |113  0.01962 -6.33698e-01 |114  0.02912 -7.46717e-01
115 -0.01378 -2.95805e-01 |116 -0.07748  7.23376e-02 |117 -0.09112  1.16081e-01
118 -0.08545 -2.77827e-02 |119 -0.03627 -3.79619e-02 |120  0.05725 -4.37526e-01
121  0.01213 -7.53953e-01 |122  0.00639 -5.00035e-01 |123 -0.02739  2.38532e-01
124 -0.06367  1.69821e-01 |125 -0.00451 -6.68531e-01 |126 -0.00011  1.06270e-01
127 -0.02388 -3.04412e-01 |128  0.03728 -1.11960e-01 |129  0.07645 -2.26754e-01
130  0.03345  2.12315e-01 |131  0.07950  9.41781e-02 |132  0.00451  4.46594e-03
133  0.13085  1.74498e-01 |134  0.00230 -2.90272e-01 |135 -0.04043 -2.28163e-02
136 -0.05279 -2.67140e-02 |137 -0.01984  1.08943e-02 |138  0.08685  5.46137e-01
139  0.03532  1.53366e-01 |140  0.01571 -3.17614e-01 |141 -0.02446  1.96594e-02
142 -0.01723  1.02934e-01 |143 -0.00162  4.82913e-02 |144 -0.00039 -8.35610e-04
145  0.29781  8.11607e-01 |146  0.20563  6.18874e-01 |

Initial statistics: 176 variables; iteration 0; function evaluation 0; phase 3
Function value 6.8667843e+03; maximum gradient component mag 5.7726e+01
Var    Value     Gradient |Var    Value     Gradient |Var    Value     Gradient
  1 -0.42355 -1.39994e+00 |  2  0.36517  1.08354e+00 |  3 -0.12839 -1.63573e-01
  4 -0.00103  1.22709e+00 |  5 -0.74353 -3.76711e-01 |  6 -0.60327 -8.87161e-01
  7  0.36455 -4.58436e-01 |  8 -0.18918 -5.22554e-02 |  9  0.05797  6.65442e-01
 10 -0.65559  6.32762e-01 | 11 -0.61904  7.67694e-01 | 12 -0.10590  2.93146e+00
 13 -0.00923  1.75165e-02 | 14 -0.00943  1.80462e-02 | 15 -0.00963  1.85937e-02
 16 -0.00983  1.91591e-02 | 17 -0.01003  1.97431e-02 | 18 -0.01022  2.03457e-02
 19 -0.01040  2.09668e-02 | 20 -0.01058  2.16063e-02 | 21 -0.01074  2.22646e-02
 22 -0.01090  2.29413e-02 | 23 -0.01104  2.36364e-02 | 24 -0.01117  2.43493e-02
 25 -0.01129  2.50794e-02 | 26 -0.01139  2.58255e-02 | 27 -0.01148  2.65861e-02
 28 -0.01154  2.73585e-02 | 29 -0.01159  2.81392e-02 | 30 -0.01161  2.89257e-02
 31 -0.01161  2.97174e-02 | 32 -0.01159  3.05125e-02 | 33 -0.01155  3.13075e-02
 34 -0.01147  3.20971e-02 | 35 -0.01137  3.28730e-02 | 36 -0.01125  3.36248e-02
 37 -0.01109  3.43400e-02 | 38 -0.01090  3.50071e-02 | 39 -0.01068  3.56167e-02
 40 -0.01042  3.61603e-02 | 41 -0.01014  3.66415e-02 | 42 -0.00983  3.70586e-02
 43 -0.00949  3.74107e-02 | 44 -0.00913  3.76932e-02 | 45 -0.00875  3.78964e-02
 46 -0.00836  3.80078e-02 | 47 -0.00796  3.80118e-02 | 48 -0.00757  3.78864e-02
 49 -0.00718  3.76016e-02 | 50 -0.00681  3.71154e-02 | 51 -0.00646  3.63748e-02
 52 -0.00615  3.53271e-02 | 53 -0.00587  3.39430e-02 | 54 -0.00563  3.22236e-02
 55 -0.00541  3.01947e-02 | 56 -0.00520  2.78945e-02 | 57 -0.00500  2.53618e-02
 58 -0.00477  2.26329e-02 | 59 -0.00449  1.97522e-02 | 60 -0.00414  1.67580e-02
 61 -0.00368  1.36766e-02 | 62 -0.00309  1.04966e-02 | 63 -0.00232  7.16190e-03
 64 -0.00133  3.54344e-03 | 65 -0.00010 -5.67105e-04 | 66  0.00143 -5.38223e-03
 67  0.00326 -1.10362e-02 | 68  0.00543 -1.73539e-02 | 69  0.00794 -2.36732e-02
 70  0.01078 -2.88823e-02 | 71  0.01391 -3.17881e-02 | 72  0.01727 -3.20141e-02
 73  0.02075 -3.16540e-02 | 74  0.02417 -3.71251e-02 | 75  0.02733 -5.64328e-02
 76  0.03004 -8.55723e-02 | 77  0.03226 -9.74634e-02 | 78  0.03403 -6.43207e-02
 79  0.03521  2.24367e-03 | 80  0.03551  5.06972e-02 | 81  0.03475  4.36678e-02
 82  0.03306 -2.07862e-04 | 83  0.03078 -1.77418e-02 | 84  0.02808  2.70238e-02
 85  0.02482  9.11992e-02 | 86  0.02095  1.21117e-01 | 87  0.01694  1.28180e-01
 88  0.01336  1.41941e-01 | 89  0.01054  1.67155e-01 | 90  0.00854  1.99045e-01
 91  0.00713  2.35465e-01 | 92  0.00597  2.75342e-01 | 93  0.00499  3.14939e-01
 94  0.00479  3.48493e-01 | 95  0.00551  3.78371e-01 | 96  0.00558  4.26393e-01
 97  0.00742  4.53935e-01 | 98  0.01031  4.72612e-01 | 99  0.01465  4.22478e-01
100  0.01441  4.61754e-01 |101  0.01173  3.92269e-01 |102  0.00804  2.70473e-01
103 -0.00213  1.12176e-01 |104 -0.00179 -1.01177e-02 |105  0.01788 -1.87140e-01
106  0.01817 -2.69476e-01 |107 -0.00633 -4.22798e-01 |108  0.01330  1.06471e-01
109  0.08023 -4.02033e-01 |110  0.01900  1.51306e-01 |111 -0.02018  3.78136e-02
112  0.00099 -2.83349e-01 |113  0.01962 -6.33698e-01 |114  0.02912 -7.46717e-01
115 -0.01378 -2.95805e-01 |116 -0.07748  7.23376e-02 |117 -0.09112  1.16081e-01
118 -0.08545 -2.77827e-02 |119 -0.03627 -3.79619e-02 |120  0.05725 -4.37526e-01
121  0.01213 -7.53953e-01 |122  0.00639 -5.00035e-01 |123 -0.02739  2.38532e-01
124 -0.06367  1.69821e-01 |125 -0.00451 -6.68531e-01 |126 -0.00011  1.06270e-01
127 -0.02388 -3.04412e-01 |128  0.03728 -1.11960e-01 |129  0.07645 -2.26754e-01
130  0.03345  2.12315e-01 |131  0.07950  9.41781e-02 |132  0.00451  4.46594e-03
133  0.13085  1.74498e-01 |134  0.00230 -2.90272e-01 |135 -0.04043 -2.28163e-02
136 -0.05279 -2.67140e-02 |137 -0.01984  1.08943e-02 |138  0.08685  5.46137e-01
139  0.03532  1.53366e-01 |140  0.01571 -3.17614e-01 |141 -0.02446  1.96594e-02
142 -0.01723  1.02934e-01 |143 -0.00162  4.82913e-02 |144 -0.00039 -8.35610e-04
145  0.29781  8.11607e-01 |146  0.20563  6.18874e-01 |147  0.04662 -1.57853e+01
148  0.29671  2.76359e+01 |149 -0.47543 -9.87225e-01 |150  0.31377  1.99533e-01
151  0.18255 -3.08519e+01 |152  0.25986  5.12604e+01 |153  0.17459  1.33638e+00
154  0.25418  1.05377e+00 |155  0.10351 -6.59618e+00 |156  0.29677  1.44665e+01
157  0.16893  2.63712e+00 |158  0.24623 -2.95984e+00 |159 -0.35197  1.10967e+00
160  0.24281 -1.24664e+00 |161  0.20265  6.49749e+00 |162  0.31675 -1.19087e+01
163 -0.38040 -2.42131e+00 |164  0.23607  5.79558e+00 |165  0.05118  4.30683e+00
166  0.11969  1.80042e+01 |167  0.32140 -5.89317e+00 |168  0.27252 -1.97773e+01
169  0.01343  5.40180e+00 |170  0.39319 -1.00239e+00 |171  0.09932  5.77256e+01
172  0.16368  1.11944e+01 |173  0.21870 -4.08299e+01 |174  0.25726  7.53939e+00
175 -0.55411  1.07228e+00 |176  0.17113 -3.45877e-01 |

Intermediate statistics: 176 variables; iteration 20; function evaluation 25; phase 3
Function value 6.8665239e+03; maximum gradient component mag -1.9528e+01
Var    Value     Gradient |Var    Value     Gradient |Var    Value     Gradient
  1 -0.42352 -9.52179e+00 |  2  0.36524 -1.13380e+01 |  3 -0.12882 -1.95283e+01
  4 -0.00117 -1.32763e+01 |  5 -0.74288 -4.23950e-01 |  6 -0.60327 -4.60225e+00
  7  0.36463  8.48246e+00 |  8 -0.18921  1.27461e+01 |  9  0.05802  7.57630e+00
 10 -0.65588  1.92076e-01 | 11 -0.61908 -8.36213e-01 | 12 -0.10703  1.13904e+01
 13 -0.00933  3.61292e-02 | 14 -0.00954  3.70885e-02 | 15 -0.00975  3.80676e-02
 16 -0.00995  3.90667e-02 | 17 -0.01015  4.00874e-02 | 18 -0.01034  4.11288e-02
 19 -0.01053  4.21911e-02 | 20 -0.01071  4.32748e-02 | 21 -0.01088  4.43806e-02
 22 -0.01104  4.55093e-02 | 23 -0.01119  4.66618e-02 | 24 -0.01132  4.78386e-02
 25 -0.01144  4.90400e-02 | 26 -0.01155  5.02654e-02 | 27 -0.01164  5.15138e-02
 28 -0.01171  5.27853e-02 | 29 -0.01176  5.40812e-02 | 30 -0.01179  5.54041e-02
 31 -0.01179  5.67573e-02 | 32 -0.01177  5.81420e-02 | 33 -0.01173  5.95586e-02
 34 -0.01166  6.10061e-02 | 35 -0.01157  6.24824e-02 | 36 -0.01145  6.39850e-02
 37 -0.01129  6.55117e-02 | 38 -0.01111  6.70632e-02 | 39 -0.01089  6.86414e-02
 40 -0.01064  7.02418e-02 | 41 -0.01036  7.18833e-02 | 42 -0.01005  7.35655e-02
 43 -0.00972  7.52911e-02 | 44 -0.00936  7.70628e-02 | 45 -0.00899  7.88805e-02
 46 -0.00860  8.07443e-02 | 47 -0.00820  8.26577e-02 | 48 -0.00781  8.46206e-02
 49 -0.00743  8.66331e-02 | 50 -0.00706  8.86930e-02 | 51 -0.00671  9.07944e-02
 52 -0.00640  9.29306e-02 | 53 -0.00612  9.51136e-02 | 54 -0.00588  9.73637e-02
 55 -0.00566  9.97057e-02 | 56 -0.00545  1.02176e-01 | 57 -0.00524  1.04816e-01
 58 -0.00500  1.07658e-01 | 59 -0.00472  1.10757e-01 | 60 -0.00437  1.14162e-01
 61 -0.00391  1.17935e-01 | 62 -0.00331  1.22118e-01 | 63 -0.00253  1.26765e-01
 64 -0.00154  1.31935e-01 | 65 -0.00029  1.37630e-01 | 66  0.00124  1.44009e-01
 67  0.00310  1.51079e-01 | 68  0.00528  1.58926e-01 | 69  0.00781  1.67776e-01
 70  0.01067  1.77931e-01 | 71  0.01381  1.89747e-01 | 72  0.01717  2.03348e-01
 73  0.02065  2.18133e-01 | 74  0.02410  2.31975e-01 | 75  0.02734  2.41694e-01
 76  0.03017  2.47522e-01 | 77  0.03247  2.57949e-01 | 78  0.03414  2.82895e-01
 79  0.03512  3.18649e-01 | 80  0.03529  3.46468e-01 | 81  0.03462  3.52514e-01
 82  0.03315  3.43868e-01 | 83  0.03099  3.42928e-01 | 84  0.02821  3.60682e-01
 85  0.02479  3.81572e-01 | 86  0.02090  3.89694e-01 | 87  0.01696  3.91041e-01
 88  0.01341  3.95478e-01 | 89  0.01060  4.04992e-01 | 90  0.00859  4.18506e-01
 91  0.00717  4.35205e-01 | 92  0.00600  4.53707e-01 | 93  0.00501  4.72434e-01
 94  0.00482  4.92188e-01 | 95  0.00558  5.13941e-01 | 96  0.00559  5.35482e-01
 97  0.00745  5.57913e-01 | 98  0.01036  5.82074e-01 | 99  0.01494  5.89769e-01
100  0.01454  5.96711e-01 |101  0.01193  5.58866e-01 |102  0.00839  4.91749e-01
103 -0.00165  4.03772e-01 |104 -0.00136  3.50880e-01 |105  0.01848  2.75999e-01
106  0.01860  1.58222e-01 |107 -0.00571 -2.55558e-02 |108  0.01195 -1.59639e-01
109  0.07980 -6.96863e-01 |110  0.01698 -5.08385e-01 |111 -0.02178 -5.20363e-01
112 -0.00046 -6.90111e-01 |113  0.01834 -8.52047e-01 |114  0.02780 -9.78158e-01
115 -0.01525 -6.54168e-01 |116 -0.07906 -4.61184e-01 |117 -0.09255 -4.37364e-01
118 -0.08642 -4.00027e-01 |119 -0.03728 -5.91264e-01 |120  0.05652 -1.04001e+00
121  0.01267 -6.21786e-01 |122  0.00672 -5.51882e-01 |123 -0.02796 -3.82709e-01
124 -0.06397 -2.77017e-01 |125 -0.00250 -3.60830e-01 |126  0.00038 -2.83661e-01
127 -0.02181 -1.86315e-01 |128  0.03960 -1.42776e-01 |129  0.08041 -1.04209e-01
130  0.03574  8.23669e-02 |131  0.08332  7.95412e-02 |132  0.00686  8.69385e-03
133  0.13408  1.41183e-01 |134  0.00460  6.99517e-02 |135 -0.03946 -2.28338e-02
136 -0.05223 -2.90085e-03 |137 -0.01950 -6.19152e-02 |138  0.08609 -1.17173e-01
139  0.03524  2.43017e-02 |140  0.01689 -5.52822e-02 |141 -0.02425 -2.22609e-02
142 -0.01732  2.36531e-02 |143 -0.00166  1.03733e-02 |144 -0.00036 -4.08017e-04
145  0.30029  1.86459e+00 |146  0.20797  2.79278e+00 |147  0.04769  3.28116e+00
148  0.29519 -4.22345e+00 |149 -0.47193 -1.71919e-01 |150  0.31341 -1.25284e-01
151  0.18943 -1.20301e+00 |152  0.26015  3.05936e+00 |153  0.17342  5.19948e-01
154  0.25305 -3.89749e-01 |155  0.10585 -7.02345e-01 |156  0.29622  1.79124e+00
157  0.16799  3.76703e-02 |158  0.24575 -6.33622e-02 |159 -0.35282  3.59971e-01
160  0.24263 -4.37211e-01 |161  0.19715  8.23925e-01 |162  0.31705 -3.19348e+00
163 -0.37935 -6.21849e-01 |164  0.23533  1.49793e+00 |165  0.05017  8.53652e-01
166  0.11773  3.25038e+00 |167  0.32247 -1.16071e+00 |168  0.27319 -3.48246e+00
169  0.01011  5.83114e-01 |170  0.39086 -5.73677e-01 |171  0.09849  1.33154e+01
172  0.16285  5.55543e+00 |173  0.21916 -8.10057e+00 |174  0.25627 -3.67974e+00
175 -0.55698  1.03975e+00 |176  0.17065  2.40137e-01 |
176 variables; iteration 40; function evaluation 48; phase 3
Function value 6.8665180e+03; maximum gradient component mag -1.6742e+01
Var    Value     Gradient |Var    Value     Gradient |Var    Value     Gradient
  1 -0.42347 -8.13599e+00 |  2  0.36521 -9.83192e+00 |  3 -0.12881 -1.67424e+01
  4 -0.00109 -1.13367e+01 |  5 -0.74300 -3.76349e-01 |  6 -0.60325 -3.97515e+00
  7  0.36464  7.49641e+00 |  8 -0.18923  1.08851e+01 |  9  0.05799  6.25692e+00
 10 -0.65579  2.45432e-01 | 11 -0.61909 -6.18982e-01 | 12 -0.10774  9.63530e+00
 13 -0.00933  3.18446e-02 | 14 -0.00953  3.28000e-02 | 15 -0.00974  3.37830e-02
 16 -0.00994  3.47945e-02 | 17 -0.01014  3.58364e-02 | 18 -0.01033  3.69087e-02
 19 -0.01052  3.80122e-02 | 20 -0.01069  3.91480e-02 | 21 -0.01086  4.03172e-02
 22 -0.01102  4.15212e-02 | 23 -0.01117  4.27615e-02 | 24 -0.01130  4.40393e-02
 25 -0.01142  4.53554e-02 | 26 -0.01153  4.67100e-02 | 27 -0.01162  4.81029e-02
 28 -0.01169  4.95349e-02 | 29 -0.01173  5.10088e-02 | 30 -0.01176  5.25277e-02
 31 -0.01176  5.40955e-02 | 32 -0.01175  5.57143e-02 | 33 -0.01170  5.73858e-02
 34 -0.01163  5.91110e-02 | 35 -0.01154  6.08899e-02 | 36 -0.01141  6.27225e-02
 37 -0.01126  6.46087e-02 | 38 -0.01107  6.65504e-02 | 39 -0.01085  6.85501e-02
 40 -0.01060  7.06035e-02 | 41 -0.01032  7.27277e-02 | 42 -0.01001  7.49219e-02
 43 -0.00968  7.71882e-02 | 44 -0.00932  7.95299e-02 | 45 -0.00894  8.19478e-02
 46 -0.00855  8.44426e-02 | 47 -0.00816  8.70194e-02 | 48 -0.00776  8.96803e-02
 49 -0.00737  9.24286e-02 | 50 -0.00700  9.52661e-02 | 51 -0.00666  9.81889e-02
 52 -0.00634  1.01187e-01 | 53 -0.00606  1.04261e-01 | 54 -0.00582  1.07415e-01
 55 -0.00560  1.10657e-01 | 56 -0.00539  1.14016e-01 | 57 -0.00518  1.17529e-01
 58 -0.00494  1.21221e-01 | 59 -0.00466  1.25144e-01 | 60 -0.00431  1.29339e-01
 61 -0.00385  1.33872e-01 | 62 -0.00325  1.38791e-01 | 63 -0.00247  1.44174e-01
 64 -0.00148  1.50125e-01 | 65 -0.00023  1.56713e-01 | 66  0.00131  1.64195e-01
 67  0.00316  1.72645e-01 | 68  0.00536  1.82130e-01 | 69  0.00789  1.92696e-01
 70  0.01075  2.04266e-01 | 71  0.01390  2.16753e-01 | 72  0.01726  2.30118e-01
 73  0.02075  2.44468e-01 | 74  0.02421  2.59590e-01 | 75  0.02748  2.73901e-01
 76  0.03036  2.85129e-01 | 77  0.03267  2.94938e-01 | 78  0.03431  3.09454e-01
 79  0.03523  3.29221e-01 | 80  0.03536  3.44004e-01 | 81  0.03470  3.45683e-01
 82  0.03329  3.39890e-01 | 83  0.03118  3.37960e-01 | 84  0.02836  3.39937e-01
 85  0.02487  3.37525e-01 | 86  0.02097  3.31042e-01 | 87  0.01704  3.25128e-01
 88  0.01351  3.19908e-01 | 89  0.01070  3.15270e-01 | 90  0.00869  3.11716e-01
 91  0.00727  3.09356e-01 | 92  0.00610  3.07572e-01 | 93  0.00513  3.06171e-01
 94  0.00497  3.06491e-01 | 95  0.00575  3.07882e-01 | 96  0.00574  3.04562e-01
 97  0.00754  3.02927e-01 | 98  0.01033  3.01093e-01 | 99  0.01499  3.06195e-01
100  0.01448  2.91761e-01 |101  0.01186  2.70043e-01 |102  0.00844  2.44381e-01
103 -0.00164  2.16997e-01 |104 -0.00164  1.99994e-01 |105  0.01869  2.01975e-01
106  0.01862  1.64903e-01 |107 -0.00613  5.39939e-02 |108  0.01177 -1.05091e-01
109  0.08029 -2.78118e-01 |110  0.01635 -3.10555e-01 |111 -0.02168 -2.63919e-01
112 -0.00038 -3.67773e-01 |113  0.01827 -5.15716e-01 |114  0.02771 -6.84746e-01
115 -0.01547 -5.54784e-01 |116 -0.07926 -4.37008e-01 |117 -0.09272 -4.09153e-01
118 -0.08652 -3.37656e-01 |119 -0.03740 -5.23833e-01 |120  0.05627 -9.76588e-01
121  0.01253 -5.54132e-01 |122  0.00655 -5.02470e-01 |123 -0.02821 -4.13341e-01
124 -0.06418 -3.15909e-01 |125 -0.00292 -5.01577e-01 |126  0.00012 -3.47898e-01
127 -0.02193 -1.97075e-01 |128  0.03931 -1.76953e-01 |129  0.08032 -6.92781e-02
130  0.03546  3.24483e-02 |131  0.08318  7.52777e-02 |132  0.00659 -5.82298e-02
133  0.13383  6.53263e-02 |134  0.00457  1.02531e-01 |135 -0.03961 -5.00164e-02
136 -0.05225  1.34620e-02 |137 -0.01954 -5.28909e-02 |138  0.08587 -1.67444e-01
139  0.03517  1.24085e-02 |140  0.01690 -1.75035e-02 |141 -0.02412  3.60087e-02
142 -0.01721  6.34335e-02 |143 -0.00169  6.63894e-03 |144 -0.00034  5.44199e-03
145  0.30128  1.60837e+00 |146  0.21063  2.57844e+00 |147  0.04757  2.47440e+00
148  0.29514 -3.95628e+00 |149 -0.47231 -2.88181e-01 |150  0.31330 -8.96544e-02
151  0.18954 -9.24621e-01 |152  0.26018  2.69673e+00 |153  0.17325 -4.34777e-01
154  0.25305  6.59656e-01 |155  0.10583 -6.04720e-01 |156  0.29618  1.47341e+00
157  0.16813  1.11643e+00 |158  0.24567 -1.75622e+00 |159 -0.35290  2.02088e-01
160  0.24268 -1.01682e-01 |161  0.19721  6.53207e-01 |162  0.31715 -2.74531e+00
163 -0.37955 -1.02763e+00 |164  0.23543  2.52218e+00 |165  0.04992 -1.11820e-01
166  0.11757  2.45071e+00 |167  0.32262  1.63322e-02 |168  0.27311 -3.24648e+00
169  0.01030  7.32929e-01 |170  0.39117 -3.88416e-01 |171  0.09845  1.11382e+01
172  0.16281  4.60679e+00 |173  0.21914 -7.26944e+00 |174  0.25626 -3.23856e+00
175 -0.56632  4.77356e-01 |176  0.16626  4.19483e-02 |
176 variables; iteration 60; function evaluation 74; phase 3
Function value 6.8665081e+03; maximum gradient component mag -1.4616e+00
Var    Value     Gradient |Var    Value     Gradient |Var    Value     Gradient
  1 -0.42334 -7.07891e-01 |  2  0.36521 -8.52440e-01 |  3 -0.12863 -1.46163e+00
  4 -0.00104 -9.82764e-01 |  5 -0.74286  4.55056e-03 |  6 -0.60321 -3.56446e-01
  7  0.36458  6.60272e-01 |  8 -0.18939  9.48108e-01 |  9  0.05803  5.18117e-01
 10 -0.65565  1.09389e-01 | 11 -0.61912 -6.28117e-02 | 12 -0.10867  8.20894e-01
 13 -0.00932  3.37827e-03 | 14 -0.00953  3.62560e-03 | 15 -0.00973  3.89291e-03
 16 -0.00993  4.18120e-03 | 17 -0.01013  4.49161e-03 | 18 -0.01032  4.82476e-03
 19 -0.01051  5.18132e-03 | 20 -0.01068  5.56183e-03 | 21 -0.01085  5.96658e-03
 22 -0.01101  6.39573e-03 | 23 -0.01115  6.84928e-03 | 24 -0.01129  7.32699e-03
 25 -0.01141  7.82838e-03 | 26 -0.01151  8.35259e-03 | 27 -0.01160  8.89866e-03
 28 -0.01167  9.46611e-03 | 29 -0.01171  1.00548e-02 | 30 -0.01174  1.06638e-02
 31 -0.01174  1.12913e-02 | 32 -0.01172  1.19355e-02 | 33 -0.01168  1.25945e-02
 34 -0.01161  1.32670e-02 | 35 -0.01151  1.39515e-02 | 36 -0.01138  1.46467e-02
 37 -0.01123  1.53512e-02 | 38 -0.01104  1.60627e-02 | 39 -0.01082  1.67774e-02
 40 -0.01057  1.74882e-02 | 41 -0.01028  1.81921e-02 | 42 -0.00997  1.88807e-02
 43 -0.00964  1.95465e-02 | 44 -0.00928  2.01828e-02 | 45 -0.00890  2.07819e-02
 46 -0.00851  2.13354e-02 | 47 -0.00811  2.18359e-02 | 48 -0.00772  2.22749e-02
 49 -0.00733  2.26450e-02 | 50 -0.00696  2.29389e-02 | 51 -0.00662  2.31476e-02
 52 -0.00630  2.32573e-02 | 53 -0.00602  2.32528e-02 | 54 -0.00578  2.31172e-02
 55 -0.00556  2.28366e-02 | 56 -0.00535  2.24067e-02 | 57 -0.00515  2.18302e-02
 58 -0.00491  2.11115e-02 | 59 -0.00464  2.02651e-02 | 60 -0.00428  1.93129e-02
 61 -0.00383  1.82913e-02 | 62 -0.00323  1.72498e-02 | 63 -0.00246  1.62562e-02
 64 -0.00147  1.53892e-02 | 65 -0.00022  1.47055e-02 | 66  0.00131  1.42134e-02
 67  0.00317  1.37863e-02 | 68  0.00536  1.31914e-02 | 69  0.00789  1.22564e-02
 70  0.01074  1.11203e-02 | 71  0.01389  1.02115e-02 | 72  0.01725  9.48758e-03
 73  0.02072  7.66515e-03 | 74  0.02417  4.36973e-03 | 75  0.02745  5.49846e-03
 76  0.03041  1.78960e-02 | 77  0.03281  2.94643e-02 | 78  0.03439  1.72127e-02
 79  0.03507 -1.58828e-02 | 80  0.03506 -3.77915e-02 | 81  0.03450 -2.52448e-02
 82  0.03334  7.95959e-03 | 83  0.03133  2.23309e-02 | 84  0.02843  9.66968e-03
 85  0.02492  4.40659e-03 | 86  0.02105  9.35167e-03 | 87  0.01711  6.68366e-03
 88  0.01357  2.71607e-03 | 89  0.01076  2.59530e-03 | 90  0.00877  4.55239e-03
 91  0.00737  7.16590e-03 | 92  0.00622  9.81572e-03 | 93  0.00526  1.19233e-02
 94  0.00512  1.42430e-02 | 95  0.00590  1.76660e-02 | 96  0.00591  2.19397e-02
 97  0.00774  2.92012e-02 | 98  0.01056  3.74354e-02 | 99  0.01515  2.98717e-02
100  0.01472  5.05399e-02 |101  0.01206  4.99053e-02 |102  0.00860  4.83374e-02
103 -0.00155  4.75377e-02 |104 -0.00162  3.91836e-02 |105  0.01857  2.22377e-02
106  0.01840  4.54465e-03 |107 -0.00619  2.76875e-02 |108  0.01194  1.66920e-02
109  0.08000 -7.10170e-02 |110  0.01651 -1.22747e-02 |111 -0.02192 -6.80305e-02
112 -0.00054 -4.45562e-02 |113  0.01794 -1.04597e-01 |114  0.02747 -7.41321e-02
115 -0.01564 -3.75387e-02 |116 -0.07921  1.72492e-02 |117 -0.09280 -2.34526e-02
118 -0.08671 -8.29290e-03 |119 -0.03755  1.26638e-02 |120  0.05612 -7.05795e-02
121  0.01227 -5.87011e-02 |122  0.00625 -7.93318e-02 |123 -0.02829 -2.35120e-02
124 -0.06434 -2.26146e-02 |125 -0.00299 -5.82012e-02 |126 -0.00004 -3.81730e-03
127 -0.02193 -7.22704e-04 |128  0.03888 -1.41277e-01 |129  0.08032  1.04283e-02
130  0.03513 -5.81783e-02 |131  0.08302  6.57435e-02 |132  0.00655 -2.60165e-02
133  0.13369  5.70983e-02 |134  0.00451  6.31698e-02 |135 -0.03939  5.30853e-02
136 -0.05232 -2.84691e-02 |137 -0.01955 -2.97255e-02 |138  0.08600 -8.82063e-02
139  0.03513 -3.46867e-02 |140  0.01678 -5.27004e-02 |141 -0.02420  1.17106e-02
142 -0.01715  4.99784e-02 |143 -0.00168  1.62888e-03 |144 -0.00034  1.37032e-03
145  0.30231  1.41937e-01 |146  0.21139  2.05398e-01 |147  0.04756  2.17329e-01
148  0.29524 -3.52982e-01 |149 -0.47028  2.18931e-02 |150  0.31588  2.36883e-02
151  0.18947 -7.81727e-02 |152  0.25998  2.13993e-01 |153  0.17331 -6.54434e-02
154  0.25298  4.16660e-02 |155  0.10593 -9.06631e-02 |156  0.29607  1.02785e-01
157  0.16799  4.32511e-03 |158  0.24569 -2.03579e-01 |159 -0.35303 -7.54963e-03
160  0.24265 -1.94929e-02 |161  0.19747  9.00561e-02 |162  0.31769 -2.24132e-01
163 -0.37953 -1.57971e-01 |164  0.23499  1.83922e-01 |165  0.05010  7.97301e-02
166  0.11741  1.49122e-01 |167  0.32269  7.84502e-02 |168  0.27331 -3.29968e-01
169  0.01001  8.57754e-02 |170  0.39123 -7.55639e-02 |171  0.09829  9.59037e-01
172  0.16270  3.92294e-01 |173  0.21920 -6.36890e-01 |174  0.25621 -2.77244e-01
175 -0.56648  6.62814e-02 |176  0.16610 -5.83302e-02 |

 - final statistics:
176 variables; iteration 63; function evaluation 78
Function value 6.8665e+03; maximum gradient component mag -7.6629e-01
Exit code = 1;  converg criter 1.0000e+00
Var    Value     Gradient |Var    Value     Gradient |Var    Value     Gradient
  1 -0.42333 -3.70210e-01 |  2  0.36521 -4.44471e-01 |  3 -0.12862 -7.66291e-01
  4 -0.00103 -5.15047e-01 |  5 -0.74288  2.75547e-02 |  6 -0.60321 -1.88794e-01
  7  0.36456  3.43025e-01 |  8 -0.18940  4.95967e-01 |  9  0.05807  2.74436e-01
 10 -0.65581  4.26055e-02 | 11 -0.61911 -3.19197e-02 | 12 -0.10875  4.29140e-01
 13 -0.00931  3.13910e-03 | 14 -0.00952  3.29800e-03 | 15 -0.00972  3.46290e-03
 16 -0.00992  3.63390e-03 | 17 -0.01012  3.81123e-03 | 18 -0.01031  3.99491e-03
 19 -0.01050  4.18505e-03 | 20 -0.01068  4.38180e-03 | 21 -0.01084  4.58532e-03
 22 -0.01100  4.79582e-03 | 23 -0.01115  5.01356e-03 | 24 -0.01128  5.23889e-03
 25 -0.01140  5.47218e-03 | 26 -0.01151  5.71378e-03 | 27 -0.01160  5.96405e-03
 28 -0.01167  6.22355e-03 | 29 -0.01171  6.49308e-03 | 30 -0.01174  6.77308e-03
 31 -0.01174  7.06374e-03 | 32 -0.01172  7.36528e-03 | 33 -0.01168  7.67822e-03
 34 -0.01161  8.00320e-03 | 35 -0.01151  8.34105e-03 | 36 -0.01139  8.69263e-03
 37 -0.01123  9.05869e-03 | 38 -0.01105  9.43965e-03 | 39 -0.01083  9.83522e-03
 40 -0.01058  1.02435e-02 | 41 -0.01029  1.06640e-02 | 42 -0.00998  1.10940e-02
 43 -0.00965  1.15309e-02 | 44 -0.00929  1.19723e-02 | 45 -0.00891  1.24152e-02
 46 -0.00852  1.28556e-02 | 47 -0.00813  1.32891e-02 | 48 -0.00773  1.37106e-02
 49 -0.00734  1.41160e-02 | 50 -0.00697  1.45032e-02 | 51 -0.00663  1.48712e-02
 52 -0.00631  1.52175e-02 | 53 -0.00603  1.55344e-02 | 54 -0.00579  1.58074e-02
 55 -0.00556  1.60189e-02 | 56 -0.00536  1.61580e-02 | 57 -0.00515  1.62194e-02
 58 -0.00491  1.61966e-02 | 59 -0.00463  1.60845e-02 | 60 -0.00428  1.58787e-02
 61 -0.00382  1.55806e-02 | 62 -0.00322  1.51991e-02 | 63 -0.00245  1.47630e-02
 64 -0.00146  1.43355e-02 | 65 -0.00021  1.40167e-02 | 66  0.00133  1.39490e-02
 67  0.00318  1.42272e-02 | 68  0.00538  1.47933e-02 | 69  0.00792  1.53991e-02
 70  0.01078  1.59559e-02 | 71  0.01394  1.73320e-02 | 72  0.01732  2.10794e-02
 73  0.02082  2.50628e-02 | 74  0.02426  1.80805e-02 | 75  0.02742 -5.47224e-03
 76  0.03026 -1.60700e-02 | 77  0.03274  9.68637e-03 | 78  0.03445  2.21647e-02
 79  0.03510 -1.71046e-02 | 80  0.03504 -4.90059e-02 | 81  0.03457 -2.07216e-02
 82  0.03342  1.41839e-02 | 83  0.03123 -5.29041e-03 | 84  0.02835 -1.45239e-02
 85  0.02507  2.39187e-02 | 86  0.02118  2.52713e-02 | 87  0.01711 -3.83473e-03
 88  0.01354 -1.57132e-02 | 89  0.01074 -1.46120e-02 | 90  0.00876 -1.10994e-02
 91  0.00737 -7.65514e-03 | 92  0.00623 -4.42953e-03 | 93  0.00527 -1.18121e-03
 94  0.00514  2.63922e-03 | 95  0.00593  6.80926e-03 | 96  0.00594  1.22239e-02
 97  0.00777  1.81718e-02 | 98  0.01060  2.85007e-02 | 99  0.01512  4.19838e-03
100  0.01476  4.01962e-02 |101  0.01205  2.87868e-02 |102  0.00858  2.78819e-02
103 -0.00154  3.51099e-02 |104 -0.00163  2.85787e-02 |105  0.01862  2.77415e-02
106  0.01846  1.60636e-02 |107 -0.00623  1.17712e-02 |108  0.01181 -1.45580e-02
109  0.08005 -5.92346e-02 |110  0.01641 -1.96132e-02 |111 -0.02185 -1.81409e-02
112 -0.00055  3.14612e-03 |113  0.01804 -1.98020e-02 |114  0.02741 -5.75980e-02
115 -0.01573 -7.17371e-02 |116 -0.07921  3.24501e-02 |117 -0.09270  3.89760e-02
118 -0.08676 -1.81493e-02 |119 -0.03763 -1.29872e-02 |120  0.05611 -3.04586e-02
121  0.01227 -1.98745e-02 |122  0.00622 -6.84060e-02 |123 -0.02832 -2.23097e-02
124 -0.06434 -6.69985e-03 |125 -0.00290  5.69706e-03 |126 -0.00009 -5.00496e-04
127 -0.02208 -3.55402e-02 |128  0.03902 -8.88510e-02 |129  0.08018 -8.58131e-03
130  0.03526 -1.94398e-02 |131  0.08293  4.95268e-02 |132  0.00657 -1.60196e-02
133  0.13361  1.09959e-02 |134  0.00445  2.66975e-02 |135 -0.03936  6.24596e-02
136 -0.05227 -1.17779e-02 |137 -0.01954 -2.22400e-02 |138  0.08603 -6.96108e-02
139  0.03518 -2.04991e-02 |140  0.01687 -2.65450e-02 |141 -0.02415  2.41044e-02
142 -0.01729  7.08363e-03 |143 -0.00174 -1.32401e-02 |144 -0.00034  3.07701e-03
145  0.30240  7.56891e-02 |146  0.21147  1.06503e-01 |147  0.04757  1.13113e-01
148  0.29525 -1.85197e-01 |149 -0.47038  1.26798e-02 |150  0.31572  1.26777e-02
151  0.18947 -4.50402e-02 |152  0.25998  1.11578e-01 |153  0.17333 -3.50459e-02
154  0.25299  2.21024e-02 |155  0.10597 -5.91181e-02 |156  0.29608  4.94402e-02
157  0.16810  3.08250e-02 |158  0.24576 -8.84502e-02 |159 -0.35303 -1.60660e-02
160  0.24265 -1.51719e-02 |161  0.19742  2.78316e-02 |162  0.31769 -1.23591e-01
163 -0.37929 -8.53722e-02 |164  0.23506  9.63251e-02 |165  0.05006  3.81081e-02
166  0.11742  7.72786e-02 |167  0.32266  3.91782e-02 |168  0.27333 -1.73233e-01
169  0.00999  4.21667e-02 |170  0.39125 -4.32983e-02 |171  0.09829  5.03068e-01
172  0.16269  2.04868e-01 |173  0.21920 -3.34412e-01 |174  0.25621 -1.44824e-01
175 -0.56654  3.32993e-02 |176  0.16613 -2.81130e-02 |

Initial statistics: 200 variables; iteration 0; function evaluation 0; phase 4
Function value 6.8665079e+03; maximum gradient component mag 2.2834e+01
Var    Value     Gradient |Var    Value     Gradient |Var    Value     Gradient
  1 -0.42333 -3.70210e-01 |  2  0.36521 -4.44471e-01 |  3 -0.12862 -7.66291e-01
  4 -0.00103 -5.15047e-01 |  5 -0.74288  2.75547e-02 |  6 -0.60321 -1.88794e-01
  7  0.36456  3.43025e-01 |  8 -0.18940  4.95967e-01 |  9  0.05807  2.74436e-01
 10 -0.65581  4.26055e-02 | 11 -0.61911 -3.19197e-02 | 12 -0.10875  4.29140e-01
 13 -0.00931  3.13910e-03 | 14 -0.00952  3.29800e-03 | 15 -0.00972  3.46290e-03
 16 -0.00992  3.63390e-03 | 17 -0.01012  3.81123e-03 | 18 -0.01031  3.99491e-03
 19 -0.01050  4.18505e-03 | 20 -0.01068  4.38180e-03 | 21 -0.01084  4.58532e-03
 22 -0.01100  4.79582e-03 | 23 -0.01115  5.01356e-03 | 24 -0.01128  5.23889e-03
 25 -0.01140  5.47218e-03 | 26 -0.01151  5.71378e-03 | 27 -0.01160  5.96405e-03
 28 -0.01167  6.22355e-03 | 29 -0.01171  6.49308e-03 | 30 -0.01174  6.77308e-03
 31 -0.01174  7.06374e-03 | 32 -0.01172  7.36528e-03 | 33 -0.01168  7.67822e-03
 34 -0.01161  8.00320e-03 | 35 -0.01151  8.34105e-03 | 36 -0.01139  8.69263e-03
 37 -0.01123  9.05869e-03 | 38 -0.01105  9.43965e-03 | 39 -0.01083  9.83522e-03
 40 -0.01058  1.02435e-02 | 41 -0.01029  1.06640e-02 | 42 -0.00998  1.10940e-02
 43 -0.00965  1.15309e-02 | 44 -0.00929  1.19723e-02 | 45 -0.00891  1.24152e-02
 46 -0.00852  1.28556e-02 | 47 -0.00813  1.32891e-02 | 48 -0.00773  1.37106e-02
 49 -0.00734  1.41160e-02 | 50 -0.00697  1.45032e-02 | 51 -0.00663  1.48712e-02
 52 -0.00631  1.52175e-02 | 53 -0.00603  1.55344e-02 | 54 -0.00579  1.58074e-02
 55 -0.00556  1.60189e-02 | 56 -0.00536  1.61580e-02 | 57 -0.00515  1.62194e-02
 58 -0.00491  1.61966e-02 | 59 -0.00463  1.60845e-02 | 60 -0.00428  1.58787e-02
 61 -0.00382  1.55806e-02 | 62 -0.00322  1.51991e-02 | 63 -0.00245  1.47630e-02
 64 -0.00146  1.43355e-02 | 65 -0.00021  1.40167e-02 | 66  0.00133  1.39490e-02
 67  0.00318  1.42272e-02 | 68  0.00538  1.47933e-02 | 69  0.00792  1.53991e-02
 70  0.01078  1.59559e-02 | 71  0.01394  1.73320e-02 | 72  0.01732  2.10794e-02
 73  0.02082  2.50628e-02 | 74  0.02426  1.80805e-02 | 75  0.02742 -5.47224e-03
 76  0.03026 -1.60700e-02 | 77  0.03274  9.68637e-03 | 78  0.03445  2.21647e-02
 79  0.03510 -1.71046e-02 | 80  0.03504 -4.90059e-02 | 81  0.03457 -2.07216e-02
 82  0.03342  1.41839e-02 | 83  0.03123 -5.29041e-03 | 84  0.02835 -1.45239e-02
 85  0.02507  2.39187e-02 | 86  0.02118  2.52713e-02 | 87  0.01711 -3.83473e-03
 88  0.01354 -1.57132e-02 | 89  0.01074 -1.46120e-02 | 90  0.00876 -1.10994e-02
 91  0.00737 -7.65514e-03 | 92  0.00623 -4.42953e-03 | 93  0.00527 -1.18121e-03
 94  0.00514  2.63922e-03 | 95  0.00593  6.80926e-03 | 96  0.00594  1.22239e-02
 97  0.00777  1.81718e-02 | 98  0.01060  2.85007e-02 | 99  0.01512  4.19838e-03
100  0.01476  4.01962e-02 |101  0.01205  2.87868e-02 |102  0.00858  2.78819e-02
103 -0.00154  3.51099e-02 |104 -0.00163  2.85787e-02 |105  0.01862  2.77415e-02
106  0.01846  1.60636e-02 |107 -0.00623  1.17712e-02 |108  0.01181 -1.45580e-02
109  0.08005 -5.92346e-02 |110  0.01641 -1.96132e-02 |111 -0.02185 -1.81409e-02
112 -0.00055  3.14612e-03 |113  0.01804 -1.98020e-02 |114  0.02741 -5.75980e-02
115 -0.01573 -7.17371e-02 |116 -0.07921  3.24501e-02 |117 -0.09270  3.89760e-02
118 -0.08676 -1.81493e-02 |119 -0.03763 -1.29872e-02 |120  0.05611 -3.04586e-02
121  0.01227 -1.98745e-02 |122  0.00622 -6.84060e-02 |123 -0.02832 -2.23097e-02
124 -0.06434 -6.69985e-03 |125 -0.00290  5.69706e-03 |126 -0.00009 -5.00496e-04
127 -0.02208 -3.55402e-02 |128  0.03902 -8.88510e-02 |129  0.08018 -8.58131e-03
130  0.03526 -1.94398e-02 |131  0.08293  4.95268e-02 |132  0.00657 -1.60196e-02
133  0.13361  1.09959e-02 |134  0.00445  2.66975e-02 |135 -0.03936  6.24596e-02
136 -0.05227 -1.17779e-02 |137 -0.01954 -2.22400e-02 |138  0.08603 -6.96108e-02
139  0.03518 -2.04991e-02 |140  0.01687 -2.65450e-02 |141 -0.02415  2.41044e-02
142 -0.01729  7.08363e-03 |143 -0.00174 -1.32401e-02 |144 -0.00034  3.07701e-03
145  0.30240  7.56891e-02 |146  0.21147  1.06503e-01 |147  0.04757  1.13113e-01
148  0.29525 -1.85197e-01 |149  0.01638  1.21856e+00 |150 -0.11477  2.36940e+00
151 -0.47038  1.26798e-02 |152  0.31572  1.26777e-02 |153  0.04878 -1.44979e-01
154 -0.23502 -1.25061e+00 |155  0.18947 -4.50402e-02 |156  0.25998  1.11578e-01
157  0.17333 -3.50459e-02 |158  0.25299  2.21024e-02 |159  0.00587 -8.17266e-01
160 -0.09827  2.27938e+00 |161  0.10597 -5.91181e-02 |162  0.29608  4.94402e-02
163  0.16810  3.08250e-02 |164  0.24576 -8.84502e-02 |165 -0.35303 -1.60660e-02
166  0.24265 -1.51719e-02 |167  0.05275 -5.51207e-01 |168 -0.18762  2.10511e+01
169  0.19742  2.78316e-02 |170  0.31769 -1.23591e-01 |171  0.07774 -5.12287e+00
172 -0.53183 -6.65119e-04 |173 -0.37929 -8.53722e-02 |174  0.23506  9.63251e-02
175  0.07820  6.77898e-01 |176 -0.12196 -1.11068e+01 |177  0.05006  3.81081e-02
178  0.11742  7.72786e-02 |179  0.32266  3.91782e-02 |180  0.27333 -1.73233e-01
181  0.00546  1.60728e-02 |182  0.00907 -9.96424e-01 |183 -0.15012 -1.60719e+00
184 -0.12571  2.65728e+00 |185  0.00999  4.21667e-02 |186  0.39125 -4.32983e-02
187  0.01863 -7.78116e-01 |188 -0.15435  1.37594e+00 |189  0.09829  5.03068e-01
190  0.16269  2.04868e-01 |191  0.21920 -3.34412e-01 |192  0.25621 -1.44824e-01
193  0.02453 -7.48926e+00 |194 -0.00648 -3.59828e-01 |195 -0.17628 -1.88012e+00
196 -0.11429  2.28337e+01 |197 -0.56654  3.32993e-02 |198  0.16613 -2.81130e-02
199  0.09511  4.70756e-01 |200 -0.25343  6.24650e-02 |

Intermediate statistics: 200 variables; iteration 20; function evaluation 20; phase 4
Function value 6.8664622e+03; maximum gradient component mag -3.2211e+01
Var    Value     Gradient |Var    Value     Gradient |Var    Value     Gradient
  1 -0.42344 -2.99420e-01 |  2  0.36540  1.37183e+01 |  3 -0.12783  1.59786e+01
  4 -0.00152  1.31995e+01 |  5 -0.74242  2.41721e-01 |  6 -0.60315  2.29618e+00
  7  0.36487  1.83622e+01 |  8 -0.18872  1.43250e+01 |  9  0.05749  1.22410e+01
 10 -0.65563  2.80333e-01 | 11 -0.61903 -9.40476e-01 | 12 -0.10735  3.75406e+00
 13 -0.00930  9.90026e-03 | 14 -0.00950  1.02158e-02 | 15 -0.00971  1.05416e-02
 16 -0.00991  1.08779e-02 | 17 -0.01011  1.12256e-02 | 18 -0.01030  1.15847e-02
 19 -0.01048  1.19554e-02 | 20 -0.01066  1.23380e-02 | 21 -0.01083  1.27331e-02
 22 -0.01099  1.31414e-02 | 23 -0.01113  1.35638e-02 | 24 -0.01127  1.40016e-02
 25 -0.01139  1.44564e-02 | 26 -0.01149  1.49299e-02 | 27 -0.01158  1.54230e-02
 28 -0.01165  1.59355e-02 | 29 -0.01169  1.64666e-02 | 30 -0.01172  1.70168e-02
 31 -0.01172  1.75885e-02 | 32 -0.01170  1.81850e-02 | 33 -0.01166  1.88096e-02
 34 -0.01159  1.94659e-02 | 35 -0.01149  2.01565e-02 | 36 -0.01137  2.08828e-02
 37 -0.01121  2.16449e-02 | 38 -0.01102  2.24421e-02 | 39 -0.01080  2.32741e-02
 40 -0.01055  2.41389e-02 | 41 -0.01027  2.50429e-02 | 42 -0.00996  2.59880e-02
 43 -0.00962  2.69776e-02 | 44 -0.00926  2.80143e-02 | 45 -0.00888  2.90991e-02
 46 -0.00849  3.02324e-02 | 47 -0.00809  3.14162e-02 | 48 -0.00770  3.26519e-02
 49 -0.00731  3.39423e-02 | 50 -0.00694  3.52886e-02 | 51 -0.00659  3.66874e-02
 52 -0.00627  3.81307e-02 | 53 -0.00599  3.96136e-02 | 54 -0.00574  4.11342e-02
 55 -0.00552  4.26947e-02 | 56 -0.00531  4.43030e-02 | 57 -0.00510  4.59681e-02
 58 -0.00487  4.76925e-02 | 59 -0.00459  4.94882e-02 | 60 -0.00423  5.13631e-02
 61 -0.00377  5.33339e-02 | 62 -0.00317  5.54113e-02 | 63 -0.00240  5.76198e-02
 64 -0.00140  5.99993e-02 | 65 -0.00016  6.25807e-02 | 66  0.00137  6.54788e-02
 67  0.00323  6.87331e-02 | 68  0.00542  7.23623e-02 | 69  0.00795  7.63569e-02
 70  0.01081  8.07175e-02 | 71  0.01395  8.56961e-02 | 72  0.01732  9.17535e-02
 73  0.02080  9.83466e-02 | 74  0.02425  1.01956e-01 | 75  0.02748  1.00157e-01
 76  0.03034  1.02162e-01 | 77  0.03272  1.16609e-01 | 78  0.03437  1.26518e-01
 79  0.03515  1.17314e-01 | 80  0.03518  1.10205e-01 | 81  0.03459  1.24497e-01
 82  0.03329  1.40361e-01 | 83  0.03115  1.36260e-01 | 84  0.02829  1.35386e-01
 85  0.02486  1.49318e-01 | 86  0.02095  1.50736e-01 | 87  0.01698  1.43919e-01
 88  0.01343  1.43433e-01 | 89  0.01063  1.47775e-01 | 90  0.00863  1.53976e-01
 91  0.00722  1.61269e-01 | 92  0.00607  1.69145e-01 | 93  0.00510  1.77576e-01
 94  0.00496  1.86922e-01 | 95  0.00574  1.94781e-01 | 96  0.00574  1.97531e-01
 97  0.00756  2.02535e-01 | 98  0.01037  2.11785e-01 | 99  0.01500  2.15598e-01
100  0.01456  2.24820e-01 |101  0.01195  2.27910e-01 |102  0.00854  2.26891e-01
103 -0.00157  2.12940e-01 |104 -0.00158  2.46144e-01 |105  0.01877  3.10096e-01
106  0.01864  2.62890e-01 |107 -0.00611  2.42887e-01 |108  0.01198  2.74231e-01
109  0.07993  3.48647e-01 |110  0.01593  2.84323e-02 |111 -0.02234  1.00594e-01
112 -0.00122  1.70995e-01 |113  0.01767  1.38403e-01 |114  0.02705  2.29948e-02
115 -0.01621 -1.58269e-01 |116 -0.07969 -1.10221e-01 |117 -0.09322 -1.28490e-01
118 -0.08725 -8.68799e-02 |119 -0.03801 -1.78151e-01 |120  0.05584 -9.83308e-01
121  0.01182 -1.03282e+00 |122  0.00614 -8.87876e-01 |123 -0.02826 -6.97686e-01
124 -0.06432 -3.24095e-01 |125 -0.00303 -5.93013e-01 |126 -0.00017 -6.52767e-01
127 -0.02203 -3.55026e-01 |128  0.03923 -3.73010e-01 |129  0.08027 -3.50135e-01
130  0.03549 -1.14078e-01 |131  0.08328 -6.94776e-02 |132  0.00697 -4.63668e-02
133  0.13431  2.26240e-01 |134  0.00476  8.22431e-02 |135 -0.03923  7.91634e-02
136 -0.05195  6.86742e-02 |137 -0.01911  2.78462e-02 |138  0.08703  7.50617e-02
139  0.03577  5.22717e-02 |140  0.01733  5.18088e-02 |141 -0.02403  3.09047e-02
142 -0.01726  3.43845e-02 |143 -0.00172  1.32150e-02 |144 -0.00035  3.05903e-04
145  0.30659  8.64463e-01 |146  0.20946 -3.62599e-01 |147  0.04768  2.52108e+00
148  0.29507 -4.07039e+00 |149  0.01634  9.78121e-01 |150 -0.11547  1.74376e+00
151 -0.47059 -3.66137e-02 |152  0.31584 -1.64459e-02 |153  0.04870 -5.81337e-02
154 -0.23200 -4.69101e-02 |155  0.18897  2.36894e+00 |156  0.25962 -4.62087e+00
157  0.17226 -3.70683e-01 |158  0.25237 -1.35653e-02 |159  0.00721 -4.39028e-01
160 -0.09948 -2.40278e-01 |161  0.10469 -3.06442e-01 |162  0.29575  6.64207e-01
163  0.16724 -3.35154e-01 |164  0.24553  4.66955e-01 |165 -0.35403  4.82517e-01
166  0.24152 -8.20608e-01 |167  0.05290  2.78827e-01 |168 -0.19034  5.30367e+00
169  0.19442  1.18677e+00 |170  0.31720 -6.46405e-01 |171  0.07844  3.98491e+00
172 -0.53183  1.50299e-04 |173 -0.37921  8.89312e-02 |174  0.23529 -1.80794e-01
175  0.07852  3.80511e-01 |176 -0.12133 -4.17774e+00 |177  0.04989 -2.43138e-01
178  0.11641 -1.02355e-01 |179  0.32293  1.99245e-01 |180  0.27299  4.38574e-02
181  0.00535 -1.93642e-01 |182  0.01054 -1.95086e-02 |183 -0.14979  4.59901e-01
184 -0.12661  2.84103e-01 |185  0.00822 -2.89359e-01 |186  0.39065  1.29090e-01
187  0.02037 -6.14409e-01 |188 -0.15601  9.13598e-02 |189  0.09737 -4.80869e+00
190  0.16248  2.48035e+01 |191  0.21876  3.40206e+00 |192  0.25549 -3.22110e+01
193  0.02521 -2.06008e+00 |194 -0.00532  6.69132e+00 |195 -0.17685 -3.84204e-01
196 -0.11525  1.94529e+01 |197 -0.56658 -3.06721e-02 |198  0.16626  2.06213e-02
199  0.09536 -1.73781e-01 |200 -0.25394 -3.12303e-01 |
200 variables; iteration 40; function evaluation 40; phase 4
Function value 6.8664601e+03; maximum gradient component mag -3.1968e+01
Var    Value     Gradient |Var    Value     Gradient |Var    Value     Gradient
  1 -0.42346 -9.48390e-01 |  2  0.36534  1.26201e+01 |  3 -0.12786  1.60798e+01
  4 -0.00145  1.28398e+01 |  5 -0.74250  2.07726e-01 |  6 -0.60317  1.46209e+00
  7  0.36486  1.83214e+01 |  8 -0.18879  1.29119e+01 |  9  0.05756  1.18712e+01
 10 -0.65572  3.86036e-01 | 11 -0.61899  8.87213e-01 | 12 -0.10819  3.24399e+00
 13 -0.00928  1.00723e-02 | 14 -0.00949  1.03800e-02 | 15 -0.00969  1.06968e-02
 16 -0.00989  1.10228e-02 | 17 -0.01009  1.13583e-02 | 18 -0.01028  1.17035e-02
 19 -0.01047  1.20584e-02 | 20 -0.01064  1.24232e-02 | 21 -0.01081  1.27981e-02
 22 -0.01097  1.31832e-02 | 23 -0.01111  1.35791e-02 | 24 -0.01125  1.39865e-02
 25 -0.01137  1.44064e-02 | 26 -0.01147  1.48402e-02 | 27 -0.01156  1.52886e-02
 28 -0.01162  1.57515e-02 | 29 -0.01167  1.62280e-02 | 30 -0.01170  1.67180e-02
 31 -0.01170  1.72228e-02 | 32 -0.01168  1.77445e-02 | 33 -0.01164  1.82859e-02
 34 -0.01157  1.88497e-02 | 35 -0.01147  1.94382e-02 | 36 -0.01134  2.00526e-02
 37 -0.01118  2.06927e-02 | 38 -0.01100  2.13579e-02 | 39 -0.01078  2.20473e-02
 40 -0.01052  2.27603e-02 | 41 -0.01024  2.35000e-02 | 42 -0.00993  2.42695e-02
 43 -0.00959  2.50727e-02 | 44 -0.00924  2.59135e-02 | 45 -0.00886  2.67949e-02
 46 -0.00847  2.77198e-02 | 47 -0.00807  2.86925e-02 | 48 -0.00767  2.97170e-02
 49 -0.00729  3.07980e-02 | 50 -0.00691  3.19370e-02 | 51 -0.00657  3.31304e-02
 52 -0.00625  3.43694e-02 | 53 -0.00597  3.56485e-02 | 54 -0.00572  3.69683e-02
 55 -0.00550  3.83371e-02 | 56 -0.00529  3.97694e-02 | 57 -0.00508  4.12796e-02
 58 -0.00485  4.28773e-02 | 59 -0.00457  4.45783e-02 | 60 -0.00421  4.63958e-02
 61 -0.00375  4.83504e-02 | 62 -0.00315  5.04591e-02 | 63 -0.00237  5.27506e-02
 64 -0.00138  5.52668e-02 | 65 -0.00014  5.80409e-02 | 66  0.00140  6.11786e-02
 67  0.00326  6.47109e-02 | 68  0.00545  6.86324e-02 | 69  0.00798  7.29026e-02
 70  0.01084  7.74942e-02 | 71  0.01399  8.26085e-02 | 72  0.01736  8.85474e-02
 73  0.02084  9.47142e-02 | 74  0.02430  9.86486e-02 | 75  0.02755  9.95394e-02
 76  0.03043  1.03340e-01 | 77  0.03279  1.13409e-01 | 78  0.03443  1.20345e-01
 79  0.03526  1.18282e-01 | 80  0.03534  1.16846e-01 | 81  0.03472  1.24269e-01
 82  0.03340  1.32295e-01 | 83  0.03128  1.30205e-01 | 84  0.02843  1.28725e-01
 85  0.02498  1.36188e-01 | 86  0.02107  1.35783e-01 | 87  0.01711  1.28026e-01
 88  0.01356  1.24226e-01 | 89  0.01076  1.24220e-01 | 90  0.00876  1.25599e-01
 91  0.00735  1.27683e-01 | 92  0.00619  1.30203e-01 | 93  0.00523  1.33460e-01
 94  0.00508  1.37965e-01 | 95  0.00586  1.41825e-01 | 96  0.00586  1.42880e-01
 97  0.00767  1.46848e-01 | 98  0.01048  1.55276e-01 | 99  0.01511  1.58021e-01
100  0.01467  1.66679e-01 |101  0.01205  1.72483e-01 |102  0.00864  1.76133e-01
103 -0.00146  1.75084e-01 |104 -0.00147  2.14747e-01 |105  0.01886  2.70896e-01
106  0.01867  2.26987e-01 |107 -0.00611  2.08442e-01 |108  0.01191  2.20599e-01
109  0.07977  2.72516e-01 |110  0.01578  2.12790e-02 |111 -0.02248  1.27494e-01
112 -0.00141  2.63170e-01 |113  0.01754  3.24567e-01 |114  0.02702  2.46897e-01
115 -0.01638 -2.14507e-02 |116 -0.07980 -3.59594e-02 |117 -0.09332 -6.15316e-02
118 -0.08739 -5.68161e-03 |119 -0.03807  2.72158e-03 |120  0.05578 -6.37175e-01
121  0.01158 -8.82586e-01 |122  0.00589 -8.17654e-01 |123 -0.02842 -6.62341e-01
124 -0.06447 -3.38533e-01 |125 -0.00328 -6.44975e-01 |126 -0.00042 -7.00471e-01
127 -0.02221 -3.92532e-01 |128  0.03899 -4.32467e-01 |129  0.07999 -4.16730e-01
130  0.03532 -1.54106e-01 |131  0.08294 -1.65290e-01 |132  0.00678 -9.02317e-02
133  0.13395  4.06518e-02 |134  0.00470  8.52076e-02 |135 -0.03928  6.95942e-02
136 -0.05202  5.94190e-02 |137 -0.01919  5.04797e-03 |138  0.08688  2.10882e-02
139  0.03569  2.87437e-02 |140  0.01725  2.12040e-02 |141 -0.02405  2.43953e-02
142 -0.01727  3.95153e-02 |143 -0.00172  1.31225e-02 |144 -0.00035  1.46369e-03
145  0.30793  8.74101e-01 |146  0.21069 -1.67677e-01 |147  0.04770  3.19944e+00
148  0.29499 -5.81525e+00 |149  0.01628  9.45506e-01 |150 -0.11545  1.74881e+00
151 -0.47007 -1.51122e-02 |152  0.31626 -8.77717e-03 |153  0.04852 -4.75991e-02
154 -0.23191 -2.67479e-02 |155  0.18902  1.11661e+00 |156  0.25975 -1.98875e+00
157  0.17225 -6.20871e-01 |158  0.25239  2.74082e-01 |159  0.00722 -5.17408e-01
160 -0.09948 -5.21785e-01 |161  0.10480 -2.97629e-01 |162  0.29578  6.48053e-01
163  0.16737 -1.82950e-01 |164  0.24557  3.07921e-01 |165 -0.35520 -1.83448e-01
166  0.24126 -5.65308e-02 |167  0.05302 -7.78437e-01 |168 -0.19036  5.13654e+00
169  0.19113  7.00076e-01 |170  0.31648 -7.30093e-01 |171  0.07891  3.84123e+00
172 -0.53183  3.03058e-04 |173 -0.37896 -5.34687e-02 |174  0.23554  4.11581e-01
175  0.07855  5.40165e-01 |176 -0.12120 -3.18233e+00 |177  0.04998 -3.85294e-01
178  0.11657 -7.98008e-01 |179  0.32293  1.81544e-01 |180  0.27314  1.10638e+00
181  0.00518 -3.98191e-01 |182  0.01031 -6.70266e-01 |183 -0.14977  4.23556e-02
184 -0.12662 -7.28095e-01 |185  0.00822 -1.37159e-01 |186  0.39061  2.13021e-02
187  0.02044 -4.32421e-01 |188 -0.15599  1.59458e-01 |189  0.09744 -4.60112e+00
190  0.16236  2.29924e+01 |191  0.21882  3.57099e+00 |192  0.25542 -3.19681e+01
193  0.02517 -1.99032e+00 |194 -0.00525  6.03612e+00 |195 -0.17676  2.16847e-01
196 -0.11522  1.92659e+01 |197 -0.56633 -5.53383e-02 |198  0.16643  9.90922e-02
199  0.09517 -1.99134e-01 |200 -0.25369 -1.89849e-01 |
200 variables; iteration 60; function evaluation 61; phase 4
Function value 6.8664401e+03; maximum gradient component mag -7.1864e-01
Var    Value     Gradient |Var    Value     Gradient |Var    Value     Gradient
  1 -0.42353 -9.10429e-02 |  2  0.36544  4.22915e-01 |  3 -0.12773  4.95032e-01
  4 -0.00197 -2.39843e-01 |  5 -0.74226 -2.33187e-02 |  6 -0.60322  6.06928e-02
  7  0.36473  4.46792e-01 |  8 -0.18863  3.28748e-01 |  9  0.05718  9.52177e-02
 10 -0.65525  1.46768e-01 | 11 -0.61905 -4.43411e-03 | 12 -0.10749 -4.26069e-03
 13 -0.00930  8.50024e-04 | 14 -0.00951  8.47985e-04 | 15 -0.00971  8.43526e-04
 16 -0.00991  8.36371e-04 | 17 -0.01011  8.27073e-04 | 18 -0.01030  8.14822e-04
 19 -0.01049  7.99259e-04 | 20 -0.01066  7.80409e-04 | 21 -0.01083  7.58323e-04
 22 -0.01099  7.33204e-04 | 23 -0.01114  7.05292e-04 | 24 -0.01127  6.74709e-04
 25 -0.01139  6.41227e-04 | 26 -0.01150  6.04093e-04 | 27 -0.01158  5.62119e-04
 28 -0.01165  5.14277e-04 | 29 -0.01170  4.60485e-04 | 30 -0.01173  4.01528e-04
 31 -0.01173  3.38960e-04 | 32 -0.01171  2.73215e-04 | 33 -0.01167  2.04007e-04
 34 -0.01160  1.30113e-04 | 35 -0.01150  4.95029e-05 | 36 -0.01137 -4.01434e-05
 37 -0.01122 -1.40918e-04 | 38 -0.01103 -2.53600e-04 | 39 -0.01081 -3.78157e-04
 40 -0.01056 -5.16486e-04 | 41 -0.01028 -6.63039e-04 | 42 -0.00997 -8.19546e-04
 43 -0.00963 -9.87595e-04 | 44 -0.00927 -1.16935e-03 | 45 -0.00889 -1.36784e-03
 46 -0.00850 -1.58578e-03 | 47 -0.00811 -1.82487e-03 | 48 -0.00771 -2.08735e-03
 49 -0.00732 -2.37495e-03 | 50 -0.00695 -2.68887e-03 | 51 -0.00661 -3.02871e-03
 52 -0.00629 -3.39104e-03 | 53 -0.00601 -3.76822e-03 | 54 -0.00576 -4.15381e-03
 55 -0.00554 -4.54698e-03 | 56 -0.00533 -4.95255e-03 | 57 -0.00512 -5.37753e-03
 58 -0.00489 -5.82822e-03 | 59 -0.00461 -6.30826e-03 | 60 -0.00425 -6.82194e-03
 61 -0.00379 -7.37382e-03 | 62 -0.00319 -7.97041e-03 | 63 -0.00242 -8.61930e-03
 64 -0.00143 -9.32954e-03 | 65 -0.00018 -1.01052e-02 | 66  0.00135 -1.09529e-02
 67  0.00320 -1.18507e-02 | 68  0.00539 -1.27476e-02 | 69  0.00792 -1.35878e-02
 70  0.01078 -1.43241e-02 | 71  0.01392 -1.48230e-02 | 72  0.01729 -1.46397e-02
 73  0.02077 -1.38158e-02 | 74  0.02423 -1.56360e-02 | 75  0.02746 -2.38476e-02
 76  0.03032 -2.88094e-02 | 77  0.03271 -1.91586e-02 | 78  0.03437 -1.39008e-02
 79  0.03514 -2.99188e-02 | 80  0.03516 -4.26635e-02 | 81  0.03459 -2.99415e-02
 82  0.03331 -1.45245e-02 | 83  0.03116 -2.11658e-02 | 84  0.02830 -2.28648e-02
 85  0.02487 -8.83053e-03 | 86  0.02096 -7.98654e-03 | 87  0.01699 -1.18244e-02
 88  0.01346 -9.53550e-03 | 89  0.01065 -5.04164e-03 | 90  0.00865 -5.32150e-04
 91  0.00723  3.65634e-03 | 92  0.00606  7.26540e-03 | 93  0.00508  1.00315e-02
 94  0.00492  1.27000e-02 | 95  0.00569  1.59471e-02 | 96  0.00569  1.76323e-02
 97  0.00752  2.35387e-02 | 98  0.01035  3.31085e-02 | 99  0.01503  4.53652e-02
100  0.01462  6.38856e-02 |101  0.01206  7.70217e-02 |102  0.00868  8.66564e-02
103 -0.00145  7.27740e-02 |104 -0.00149  6.22618e-02 |105  0.01881  6.01976e-02
106  0.01865  1.42322e-02 |107 -0.00611 -2.80989e-02 |108  0.01185 -8.38457e-02
109  0.07981 -2.24932e-01 |110  0.01574 -2.25356e-01 |111 -0.02261 -1.70736e-01
112 -0.00161 -1.25591e-01 |113  0.01757  8.94496e-02 |114  0.02715  2.86813e-01
115 -0.01613  2.85304e-01 |116 -0.07981  4.14666e-02 |117 -0.09328  1.20492e-02
118 -0.08719  7.53082e-02 |119 -0.03823 -6.44542e-02 |120  0.05577 -2.68124e-01
121  0.01163 -2.42171e-01 |122  0.00605 -1.46810e-01 |123 -0.02827 -5.07415e-02
124 -0.06438 -3.58024e-02 |125 -0.00309 -6.28421e-02 |126 -0.00011 -2.20597e-03
127 -0.02200  3.88138e-02 |128  0.03932  5.39674e-02 |129  0.08026  2.72017e-02
130  0.03558  9.81085e-02 |131  0.08331  6.53586e-02 |132  0.00700  1.73313e-02
133  0.13421 -2.21813e-02 |134  0.00489  6.76691e-02 |135 -0.03910  5.31251e-02
136 -0.05174  5.47367e-02 |137 -0.01892  4.08183e-02 |138  0.08723  1.52984e-02
139  0.03586  1.37530e-02 |140  0.01760  6.10485e-02 |141 -0.02395  1.60614e-02
142 -0.01721  2.94453e-03 |143 -0.00169  1.15550e-02 |144 -0.00035 -4.28059e-04
145  0.30729 -1.57423e-01 |146  0.20974 -5.76753e-02 |147  0.04766  1.71559e-01
148  0.29519 -1.06062e-01 |149  0.01633  4.66884e-02 |150 -0.11562 -3.97329e-02
151 -0.46886  1.54693e-01 |152  0.31727  3.72102e-04 |153  0.04840  3.27321e-01
154 -0.23174  3.45828e-02 |155  0.18860 -1.31491e-01 |156  0.25963 -1.47883e-01
157  0.17265  2.34318e-01 |158  0.25261  8.38206e-02 |159  0.00725  3.84823e-02
160 -0.09959 -3.21272e-01 |161  0.10480  5.58493e-02 |162  0.29574  2.34732e-02
163  0.16740  9.18415e-02 |164  0.24559  5.63057e-02 |165 -0.35485  1.58674e-02
166  0.24137  1.04258e-01 |167  0.05312  2.37558e-02 |168 -0.19070  3.17608e-01
169  0.19074 -1.26459e-01 |170  0.31650  2.80643e-01 |171  0.07884  1.31310e-01
172 -0.53183  3.99492e-05 |173 -0.37906 -1.78732e-02 |174  0.23552  6.75081e-02
175  0.07847  5.51124e-02 |176 -0.12086 -3.41544e-02 |177  0.04966  2.13320e-02
178  0.11657  1.28709e-01 |179  0.32265 -3.12101e-01 |180  0.27306  7.13444e-02
181  0.00565 -2.73317e-02 |182  0.01045 -5.04103e-02 |183 -0.14990 -2.78195e-02
184 -0.12666 -4.77247e-02 |185  0.00787 -7.97756e-02 |186  0.39037 -4.87220e-02
187  0.02089 -2.81562e-01 |188 -0.15647 -2.58291e-01 |189  0.09751 -2.18495e-02
190  0.16199  4.99665e-01 |191  0.21875  4.74571e-02 |192  0.25579 -7.18643e-01
193  0.02517 -1.07249e-02 |194 -0.00492  1.21543e-01 |195 -0.17686 -1.73320e-02
196 -0.11565  3.05511e-01 |197 -0.56609  2.21654e-03 |198  0.16648  4.70155e-02
199  0.09521  1.83703e-01 |200 -0.25371 -7.62842e-02 |
200 variables; iteration 80; function evaluation 85; phase 4
Function value 6.8664394e+03; maximum gradient component mag -6.6718e-02
Var    Value     Gradient |Var    Value     Gradient |Var    Value     Gradient
  1 -0.42352  1.53185e-02 |  2  0.36534  1.62898e-03 |  3 -0.12785  1.86819e-02
  4 -0.00174 -1.86294e-02 |  5 -0.74233  1.49083e-02 |  6 -0.60323  2.30996e-03
  7  0.36467 -2.41640e-03 |  8 -0.18869  8.81272e-03 |  9  0.05733 -3.31994e-03
 10 -0.65565 -2.80690e-02 | 11 -0.61904  5.49101e-03 | 12 -0.10789 -4.97531e-02
 13 -0.00929 -1.52594e-03 | 14 -0.00950 -1.59972e-03 | 15 -0.00971 -1.67536e-03
 16 -0.00991 -1.75251e-03 | 17 -0.01010 -1.83086e-03 | 18 -0.01029 -1.90978e-03
 19 -0.01048 -1.98862e-03 | 20 -0.01066 -2.06669e-03 | 21 -0.01083 -2.14323e-03
 22 -0.01098 -2.21739e-03 | 23 -0.01113 -2.28829e-03 | 24 -0.01126 -2.35502e-03
 25 -0.01138 -2.41659e-03 | 26 -0.01149 -2.47190e-03 | 27 -0.01157 -2.51957e-03
 28 -0.01164 -2.55806e-03 | 29 -0.01169 -2.58588e-03 | 30 -0.01172 -2.60158e-03
 31 -0.01172 -2.60367e-03 | 32 -0.01170 -2.59059e-03 | 33 -0.01165 -2.56083e-03
 34 -0.01158 -2.51289e-03 | 35 -0.01149 -2.44526e-03 | 36 -0.01136 -2.35652e-03
 37 -0.01120 -2.24530e-03 | 38 -0.01101 -2.11047e-03 | 39 -0.01079 -1.95106e-03
 40 -0.01054 -1.76612e-03 | 41 -0.01026 -1.55574e-03 | 42 -0.00995 -1.31970e-03
 43 -0.00961 -1.05822e-03 | 44 -0.00925 -7.72009e-04 | 45 -0.00887 -4.61977e-04
 46 -0.00848 -1.29174e-04 | 47 -0.00808  2.25193e-04 | 48 -0.00768  5.99804e-04
 49 -0.00729  9.92798e-04 | 50 -0.00692  1.40102e-03 | 51 -0.00657  1.81925e-03
 52 -0.00625  2.24019e-03 | 53 -0.00597  2.65555e-03 | 54 -0.00572  3.05769e-03
 55 -0.00550  3.44020e-03 | 56 -0.00529  3.79612e-03 | 57 -0.00508  4.11608e-03
 58 -0.00484  4.38792e-03 | 59 -0.00456  4.59852e-03 | 60 -0.00421  4.73432e-03
 61 -0.00375  4.78359e-03 | 62 -0.00315  4.73833e-03 | 63 -0.00237  4.59858e-03
 64 -0.00138  4.37645e-03 | 65 -0.00014  4.09899e-03 | 66  0.00140  3.81213e-03
 67  0.00325  3.55676e-03 | 68  0.00544  3.33567e-03 | 69  0.00797  3.09779e-03
 70  0.01082  2.78614e-03 | 71  0.01397  2.32568e-03 | 72  0.01732  1.38115e-03
 73  0.02079  2.88459e-05 | 74  0.02426  8.32660e-04 | 75  0.02755  4.81348e-03
 76  0.03044  5.25763e-03 | 77  0.03276  1.88254e-03 | 78  0.03439  1.30885e-03
 79  0.03525  1.06889e-03 | 80  0.03534  1.28307e-04 | 81  0.03470 -1.23335e-04
 82  0.03333 -2.01567e-03 | 83  0.03123 -1.56965e-03 | 84  0.02840 -5.55482e-04
 85  0.02487 -7.78544e-03 | 86  0.02097 -7.71671e-03 | 87  0.01706 -3.41132e-03
 88  0.01352 -3.48443e-03 | 89  0.01071 -4.14998e-03 | 90  0.00871 -3.84566e-03
 91  0.00730 -2.78835e-03 | 92  0.00614 -1.27606e-03 | 93  0.00518  3.49286e-04
 94  0.00503  2.10317e-03 | 95  0.00582  3.84258e-03 | 96  0.00583  3.77464e-03
 97  0.00765  4.40644e-03 | 98  0.01046  5.31274e-03 | 99  0.01513  6.68851e-03
100  0.01463  4.10669e-03 |101  0.01201  3.66056e-03 |102  0.00857  2.91697e-03
103 -0.00154  3.86498e-03 |104 -0.00156  1.95078e-03 |105  0.01876  9.17564e-03
106  0.01864  7.75888e-03 |107 -0.00611 -4.02112e-03 |108  0.01188 -2.18780e-02
109  0.07986 -3.26341e-02 |110  0.01587 -1.98862e-02 |111 -0.02239  2.04902e-02
112 -0.00144  2.66848e-02 |113  0.01749  3.31843e-02 |114  0.02689  2.24299e-02
115 -0.01642  7.15705e-03 |116 -0.07981 -1.82756e-02 |117 -0.09340 -6.25408e-02
118 -0.08749 -6.67179e-02 |119 -0.03824 -2.23179e-02 |120  0.05579  1.80343e-02
121  0.01162 -1.26453e-02 |122  0.00605  1.52958e-02 |123 -0.02831  1.90188e-02
124 -0.06438  7.16658e-03 |125 -0.00313 -8.30527e-03 |126 -0.00021 -8.49022e-04
127 -0.02217 -1.52565e-02 |128  0.03916  5.64703e-03 |129  0.08019  1.64676e-02
130  0.03539  1.63233e-02 |131  0.08307 -1.22117e-02 |132  0.00681 -2.00777e-02
133  0.13417  5.36718e-02 |134  0.00466 -2.52593e-02 |135 -0.03921  7.40983e-03
136 -0.05190  6.28108e-03 |137 -0.01906  5.65149e-03 |138  0.08704 -1.14839e-02
139  0.03581  1.75140e-02 |140  0.01742  5.52785e-03 |141 -0.02392  2.77805e-02
142 -0.01726 -9.91616e-03 |143 -0.00169  7.53534e-03 |144 -0.00035  1.21532e-04
145  0.30814 -2.09336e-02 |146  0.21024 -2.80534e-02 |147  0.04762 -1.60848e-02
148  0.29519 -2.51696e-03 |149  0.01633  2.16824e-02 |150 -0.11556 -1.30402e-02
151 -0.46990  4.57951e-03 |152  0.31642 -4.65086e-03 |153  0.04849  4.46328e-03
154 -0.23178  1.85633e-02 |155  0.18879 -3.16060e-02 |156  0.25972 -1.15006e-02
157  0.17244  3.65425e-02 |158  0.25250  2.23263e-02 |159  0.00730 -2.45675e-02
160 -0.09947 -1.31932e-02 |161  0.10475 -6.99444e-03 |162  0.29571  1.82925e-03
163  0.16736  1.79493e-02 |164  0.24555  1.52221e-02 |165 -0.35496  3.50774e-02
166  0.24129  1.41712e-02 |167  0.05311 -1.01147e-02 |168 -0.19079 -3.70787e-03
169  0.19119 -1.91092e-02 |170  0.31658  3.28519e-03 |171  0.07877 -4.15164e-04
172 -0.53184  8.76480e-06 |173 -0.37905 -6.31394e-03 |174  0.23550 -1.61223e-03
175  0.07845  7.12332e-03 |176 -0.12087 -2.98090e-03 |177  0.05038  3.43495e-02
178  0.11646 -2.02792e-03 |179  0.32297 -1.00737e-03 |180  0.27301  4.19583e-03
181  0.00506 -3.40888e-02 |182  0.01053  5.04151e-03 |183 -0.14977 -1.14062e-02
184 -0.12663 -6.67949e-03 |185  0.00772  2.92446e-03 |186  0.39038 -4.45095e-02
187  0.02103 -4.13495e-02 |188 -0.15633  2.60230e-03 |189  0.09752 -7.07985e-03
190  0.16201 -1.73301e-03 |191  0.21877  4.77601e-03 |192  0.25580 -7.59840e-03
193  0.02516 -5.70723e-03 |194 -0.00497  1.01253e-03 |195 -0.17682 -6.69480e-03
196 -0.11561 -1.31928e-02 |197 -0.56603  7.20391e-03 |198  0.16636 -2.31820e-02
199  0.09503 -3.82983e-02 |200 -0.25321  1.93474e-02 |
200 variables; iteration 100; function evaluation 113; phase 4
Function value 6.8664394e+03; maximum gradient component mag -1.6340e-03
Var    Value     Gradient |Var    Value     Gradient |Var    Value     Gradient
  1 -0.42351  2.99864e-05 |  2  0.36534 -2.48814e-05 |  3 -0.12786  6.66588e-05
  4 -0.00173  1.38691e-05 |  5 -0.74237 -1.63404e-03 |  6 -0.60323  1.24659e-04
  7  0.36467 -5.16569e-05 |  8 -0.18870  6.22500e-05 |  9  0.05734 -4.52255e-06
 10 -0.65561 -3.55623e-04 | 11 -0.61904  6.46874e-05 | 12 -0.10789 -1.09108e-04
 13 -0.00929  9.04073e-06 | 14 -0.00950  8.40464e-06 | 15 -0.00970  7.96346e-06
 16 -0.00990  7.71689e-06 | 17 -0.01010  7.66296e-06 | 18 -0.01029  7.77931e-06
 19 -0.01047  8.03666e-06 | 20 -0.01065  8.39937e-06 | 21 -0.01082  8.82247e-06
 22 -0.01098  9.25318e-06 | 23 -0.01112  9.63240e-06 | 24 -0.01126  9.89520e-06
 25 -0.01138  9.96977e-06 | 26 -0.01148  9.77714e-06 | 27 -0.01157  9.22917e-06
 28 -0.01163  8.23498e-06 | 29 -0.01168  6.71368e-06 | 30 -0.01171  4.59717e-06
 31 -0.01171  1.82806e-06 | 32 -0.01169 -1.65621e-06 | 33 -0.01165 -5.91295e-06
 34 -0.01158 -1.09975e-05 | 35 -0.01148 -1.69584e-05 | 36 -0.01135 -2.38307e-05
 37 -0.01120 -3.16277e-05 | 38 -0.01101 -4.03276e-05 | 39 -0.01079 -4.98649e-05
 40 -0.01053 -6.01494e-05 | 41 -0.01025 -7.09937e-05 | 42 -0.00994 -8.22156e-05
 43 -0.00961 -9.35984e-05 | 44 -0.00925 -1.04910e-04 | 45 -0.00887 -1.15915e-04
 46 -0.00848 -1.26377e-04 | 47 -0.00808 -1.36081e-04 | 48 -0.00768 -1.44839e-04
 49 -0.00729 -1.52514e-04 | 50 -0.00692 -1.59060e-04 | 51 -0.00658 -1.64532e-04
 52 -0.00626 -1.69045e-04 | 53 -0.00598 -1.72724e-04 | 54 -0.00573 -1.75582e-04
 55 -0.00551 -1.77531e-04 | 56 -0.00530 -1.78583e-04 | 57 -0.00509 -1.78948e-04
 58 -0.00486 -1.78942e-04 | 59 -0.00457 -1.79155e-04 | 60 -0.00422 -1.80428e-04
 61 -0.00376 -1.83929e-04 | 62 -0.00316 -1.90741e-04 | 63 -0.00238 -2.01172e-04
 64 -0.00139 -2.12961e-04 | 65 -0.00015 -2.18560e-04 | 66  0.00139 -2.04847e-04
 67  0.00324 -1.58893e-04 | 68  0.00543 -8.42645e-05 | 69  0.00796 -7.13236e-06
 70  0.01082  3.98120e-05 | 71  0.01396  3.53556e-05 | 72  0.01732 -2.38906e-05
 73  0.02080 -1.72935e-04 | 74  0.02426  1.42363e-04 | 75  0.02753  7.90612e-04
 76  0.03042  9.30785e-05 | 77  0.03275  5.30423e-04 | 78  0.03438 -1.61391e-04
 79  0.03524  5.73951e-05 | 80  0.03534  1.06010e-03 | 81  0.03469 -2.18821e-04
 82  0.03334  2.94055e-04 | 83  0.03123  1.91416e-04 | 84  0.02839  4.74923e-04
 85  0.02490  1.12188e-06 | 86  0.02099  6.30568e-05 | 87  0.01706  2.93120e-04
 88  0.01353  1.52299e-04 | 89  0.01072  9.84613e-05 | 90  0.00872  2.77738e-05
 91  0.00731  7.88091e-06 | 92  0.00614  5.51268e-05 | 93  0.00517  1.32431e-04
 94  0.00502  1.88793e-04 | 95  0.00581  1.64526e-04 | 96  0.00581 -2.67480e-05
 97  0.00764 -1.82260e-04 | 98  0.01045 -2.53582e-04 | 99  0.01511 -3.28233e-04
100  0.01463 -2.10912e-04 |101  0.01201 -1.11392e-04 |102  0.00858  5.08828e-06
103 -0.00153 -2.10837e-04 |104 -0.00155 -1.91167e-04 |105  0.01874  7.21280e-04
106  0.01861  1.86701e-04 |107 -0.00612  5.44925e-04 |108  0.01191 -2.68769e-04
109  0.07990  2.45754e-04 |110  0.01591 -4.30569e-04 |111 -0.02244 -1.05578e-03
112 -0.00147  4.18289e-04 |113  0.01746  4.54023e-04 |114  0.02690  3.78258e-04
115 -0.01644  3.95358e-04 |116 -0.07980 -1.01199e-04 |117 -0.09331 -1.13537e-03
118 -0.08741 -4.83433e-04 |119 -0.03824 -6.65810e-04 |120  0.05576  1.22322e-03
121  0.01165 -1.10823e-03 |122  0.00602 -6.43877e-04 |123 -0.02834  8.53754e-04
124 -0.06440 -1.07626e-04 |125 -0.00310  1.17748e-03 |126 -0.00023  1.02289e-03
127 -0.02213 -3.05213e-04 |128  0.03915 -1.05228e-03 |129  0.08017 -6.26046e-05
130  0.03536  2.50684e-04 |131  0.08309  1.03398e-03 |132  0.00685 -1.36130e-04
133  0.13410 -2.38682e-04 |134  0.00471 -7.71344e-04 |135 -0.03924  1.26101e-04
136 -0.05192 -2.91700e-04 |137 -0.01909  3.95465e-04 |138  0.08705  3.18192e-04
139  0.03576 -4.34313e-04 |140  0.01740  4.98283e-04 |141 -0.02401  5.18087e-04
142 -0.01723  1.75347e-04 |143 -0.00171  1.09030e-03 |144 -0.00035  3.13500e-05
145  0.30817 -4.28007e-04 |146  0.21034  2.89854e-04 |147  0.04764 -1.25667e-04
148  0.29519 -2.15099e-05 |149  0.01630  2.32658e-04 |150 -0.11555 -1.08981e-04
151 -0.46994  1.49183e-04 |152  0.31643 -1.61304e-04 |153  0.04851 -8.98991e-05
154 -0.23183  1.06815e-04 |155  0.18882 -2.07007e-04 |156  0.25974 -8.04372e-05
157  0.17236  1.23859e-04 |158  0.25245  9.01084e-05 |159  0.00736 -1.60365e-05
160 -0.09947 -1.06862e-04 |161  0.10476 -4.92270e-04 |162  0.29572 -1.70391e-04
163  0.16733  4.87555e-04 |164  0.24553  3.25374e-04 |165 -0.35521  3.15892e-04
166  0.24120  1.15790e-04 |167  0.05316 -7.66676e-05 |168 -0.19080  3.56320e-05
169  0.19129 -1.12101e-04 |170  0.31660  3.88372e-05 |171  0.07876  7.53745e-06
172 -0.53185  3.73192e-06 |173 -0.37890 -2.13731e-05 |174  0.23556  2.62012e-07
175  0.07841  7.09140e-05 |176 -0.12088 -1.19277e-05 |177  0.05009  3.53307e-04
178  0.11646 -6.21304e-04 |179  0.32289  8.70298e-06 |180  0.27301 -2.51409e-04
181  0.00532 -1.39272e-04 |182  0.01053  7.23618e-04 |183 -0.14978 -1.53472e-04
184 -0.12662 -1.48294e-04 |185  0.00768  1.27238e-05 |186  0.39041 -4.84706e-04
187  0.02109 -3.01152e-04 |188 -0.15635  3.40254e-05 |189  0.09752 -5.78241e-05
190  0.16201 -3.86807e-05 |191  0.21877  3.38058e-05 |192  0.25581 -1.36486e-05
193  0.02516 -3.49942e-05 |194 -0.00497  1.51916e-05 |195 -0.17682 -6.23094e-05
196 -0.11561 -1.33034e-04 |197 -0.56611  1.13386e-04 |198  0.16636 -4.08017e-04
199  0.09505 -2.00307e-04 |200 -0.25337  2.99163e-04 |

 - final statistics:
200 variables; iteration 105; function evaluation 122
Function value 6.8664e+03; maximum gradient component mag -7.9544e-04
Exit code = 1;  converg criter 1.0000e-03
Var    Value     Gradient |Var    Value     Gradient |Var    Value     Gradient
  1 -0.42351  1.15224e-05 |  2  0.36534  3.85042e-06 |  3 -0.12786  3.52951e-05
  4 -0.00173  2.34822e-05 |  5 -0.74237 -7.95439e-04 |  6 -0.60323  6.15072e-05
  7  0.36467 -5.12555e-05 |  8 -0.18870  3.06944e-05 |  9  0.05734  2.46749e-05
 10 -0.65561 -2.51571e-04 | 11 -0.61904  3.77582e-05 | 12 -0.10789 -9.02213e-05
 13 -0.00929 -3.10611e-05 | 14 -0.00950 -3.17955e-05 | 15 -0.00970 -3.25724e-05
 16 -0.00990 -3.33961e-05 | 17 -0.01010 -3.42702e-05 | 18 -0.01029 -3.51949e-05
 19 -0.01047 -3.61682e-05 | 20 -0.01065 -3.71858e-05 | 21 -0.01082 -3.82409e-05
 22 -0.01098 -3.93238e-05 | 23 -0.01112 -4.04228e-05 | 24 -0.01126 -4.15243e-05
 25 -0.01138 -4.26132e-05 | 26 -0.01148 -4.36725e-05 | 27 -0.01157 -4.46831e-05
 28 -0.01163 -4.56242e-05 | 29 -0.01168 -4.64758e-05 | 30 -0.01171 -4.72198e-05
 31 -0.01171 -4.78413e-05 | 32 -0.01169 -4.83279e-05 | 33 -0.01165 -4.86703e-05
 34 -0.01158 -4.88627e-05 | 35 -0.01148 -4.89032e-05 | 36 -0.01135 -4.87940e-05
 37 -0.01120 -4.85420e-05 | 38 -0.01101 -4.81611e-05 | 39 -0.01079 -4.76717e-05
 40 -0.01053 -4.70998e-05 | 41 -0.01025 -4.64878e-05 | 42 -0.00994 -4.58743e-05
 43 -0.00961 -4.52991e-05 | 44 -0.00925 -4.47950e-05 | 45 -0.00887 -4.43822e-05
 46 -0.00848 -4.40652e-05 | 47 -0.00808 -4.38327e-05 | 48 -0.00768 -4.36590e-05
 49 -0.00729 -4.35091e-05 | 50 -0.00692 -4.33430e-05 | 51 -0.00658 -4.31223e-05
 52 -0.00626 -4.28178e-05 | 53 -0.00598 -4.24150e-05 | 54 -0.00573 -4.19167e-05
 55 -0.00551 -4.13379e-05 | 56 -0.00530 -4.07012e-05 | 57 -0.00509 -4.00302e-05
 58 -0.00486 -3.93458e-05 | 59 -0.00457 -3.86834e-05 | 60 -0.00422 -3.81297e-05
 61 -0.00376 -3.79020e-05 | 62 -0.00316 -3.84595e-05 | 63 -0.00238 -4.06277e-05
 64 -0.00139 -4.55097e-05 | 65 -0.00015 -5.36667e-05 | 66  0.00139 -6.33012e-05
 67  0.00324 -6.83428e-05 | 68  0.00543 -6.14879e-05 | 69  0.00796 -4.23195e-05
 70  0.01082 -1.92886e-05 | 71  0.01396 -5.56017e-06 | 72  0.01732 -2.12608e-05
 73  0.02080 -3.25040e-05 | 74  0.02426  1.75037e-04 | 75  0.02753  2.32768e-04
 76  0.03042  1.85146e-04 | 77  0.03275  1.97095e-05 | 78  0.03438  1.03085e-04
 79  0.03524  3.95245e-04 | 80  0.03534  2.64506e-04 | 81  0.03470  4.99523e-04
 82  0.03333  1.69334e-05 | 83  0.03123  1.48194e-04 | 84  0.02839  1.47464e-04
 85  0.02490  5.63734e-05 | 86  0.02099 -6.56499e-05 | 87  0.01706  2.39425e-04
 88  0.01353  2.04131e-04 | 89  0.01072  1.17413e-04 | 90  0.00872  7.26973e-05
 91  0.00731  6.06072e-05 | 92  0.00614  5.63075e-05 | 93  0.00517  3.37412e-05
 94  0.00502  3.96866e-06 | 95  0.00581 -2.61199e-05 | 96  0.00581 -1.50843e-04
 97  0.00764 -2.04244e-04 | 98  0.01045 -2.07520e-04 | 99  0.01511 -1.27686e-04
100  0.01463 -1.17872e-04 |101  0.01201  4.75247e-05 |102  0.00858  1.58308e-04
103 -0.00153  1.98226e-04 |104 -0.00155  1.76428e-04 |105  0.01874  4.21094e-04
106  0.01861  1.06443e-04 |107 -0.00612 -1.84794e-05 |108  0.01191 -4.29049e-04
109  0.07990  1.84421e-04 |110  0.01591 -2.17465e-04 |111 -0.02244  2.82978e-04
112 -0.00147 -2.21418e-04 |113  0.01746  1.15467e-04 |114  0.02690  3.61349e-04
115 -0.01644  1.79959e-04 |116 -0.07980 -3.62392e-05 |117 -0.09331 -7.14260e-04
118 -0.08741 -5.22624e-05 |119 -0.03823 -3.31163e-04 |120  0.05576  5.79806e-04
121  0.01165 -5.25121e-04 |122  0.00602 -3.12848e-04 |123 -0.02834  3.28252e-04
124 -0.06440  3.48535e-04 |125 -0.00310  5.29680e-04 |126 -0.00023  3.50953e-04
127 -0.02213 -2.39135e-04 |128  0.03915 -2.66349e-04 |129  0.08017 -1.44244e-04
130  0.03535  9.42163e-05 |131  0.08309  5.38217e-04 |132  0.00685 -1.68138e-04
133  0.13410 -1.32315e-04 |134  0.00471 -1.69514e-04 |135 -0.03924 -5.70141e-05
136 -0.05192 -1.17190e-04 |137 -0.01909  2.03462e-04 |138  0.08705  2.18339e-04
139  0.03576 -4.11744e-04 |140  0.01740  3.48046e-04 |141 -0.02401 -8.76119e-05
142 -0.01723  8.91314e-05 |143 -0.00172  1.44721e-04 |144 -0.00035  7.08003e-06
145  0.30817 -1.47693e-04 |146  0.21034  7.20117e-05 |147  0.04764 -6.77792e-05
148  0.29519 -9.38248e-06 |149  0.01630  1.13763e-04 |150 -0.11555 -5.57517e-05
151 -0.46994  3.77110e-05 |152  0.31643 -2.41597e-05 |153  0.04851 -2.29975e-05
154 -0.23183  5.89579e-06 |155  0.18882 -1.06887e-04 |156  0.25974 -3.65268e-05
157  0.17236  8.73132e-05 |158  0.25245  6.11424e-05 |159  0.00736 -3.51981e-05
160 -0.09947 -5.09030e-05 |161  0.10476 -3.49966e-04 |162  0.29572 -1.25538e-04
163  0.16733  2.40665e-04 |164  0.24553  1.62682e-04 |165 -0.35521  2.19546e-04
166  0.24120  8.58287e-05 |167  0.05316 -4.54117e-05 |168 -0.19080  1.51079e-05
169  0.19129 -3.86114e-05 |170  0.31660  2.37780e-05 |171  0.07876 -2.34571e-06
172 -0.53185  3.55400e-06 |173 -0.37890 -5.33643e-06 |174  0.23556  5.02368e-06
175  0.07841  2.96980e-05 |176 -0.12088 -9.73678e-06 |177  0.05009  1.83717e-04
178  0.11646 -3.05363e-04 |179  0.32289  1.31172e-05 |180  0.27301 -1.20530e-04
181  0.00532 -7.98737e-05 |182  0.01053  3.54023e-04 |183 -0.14978 -7.73970e-05
184 -0.12662 -7.19003e-05 |185  0.00768  6.07412e-06 |186  0.39041 -2.31922e-04
187  0.02109 -1.49352e-04 |188 -0.15635  1.92341e-05 |189  0.09752 -3.47039e-05
190  0.16201 -2.62888e-05 |191  0.21877  2.32252e-05 |192  0.25581  3.62822e-06
193  0.02516 -2.70975e-05 |194 -0.00497  2.43355e-06 |195 -0.17682 -3.30187e-05
196 -0.11561 -7.23777e-05 |197 -0.56611  5.97574e-05 |198  0.16636 -1.60923e-04
199  0.09505 -4.17724e-05 |200 -0.25337  1.49839e-04 |

 - final statistics:
213 variables; iteration 0; function evaluation 0
Function value 6.8664e+03; maximum gradient component mag -7.9544e-04
Exit code = 0;  converg criter 1.0000e-03
Var    Value     Gradient |Var    Value     Gradient |Var    Value     Gradient
  1 -0.42351  1.15224e-05 |  2  0.36534  3.85042e-06 |  3 -0.12786  3.52951e-05
  4 -0.00173  2.34822e-05 |  5 -0.74237 -7.95439e-04 |  6 -0.60323  6.15072e-05
  7  0.36467 -5.12555e-05 |  8 -0.18870  3.06944e-05 |  9  0.05734  2.46749e-05
 10 -0.65561 -2.51571e-04 | 11 -0.61904  3.77582e-05 | 12 -0.10789 -9.02213e-05
 13 -0.00929 -3.10611e-05 | 14 -0.00950 -3.17955e-05 | 15 -0.00970 -3.25724e-05
 16 -0.00990 -3.33961e-05 | 17 -0.01010 -3.42702e-05 | 18 -0.01029 -3.51949e-05
 19 -0.01047 -3.61682e-05 | 20 -0.01065 -3.71858e-05 | 21 -0.01082 -3.82409e-05
 22 -0.01098 -3.93238e-05 | 23 -0.01112 -4.04228e-05 | 24 -0.01126 -4.15243e-05
 25 -0.01138 -4.26132e-05 | 26 -0.01148 -4.36725e-05 | 27 -0.01157 -4.46831e-05
 28 -0.01163 -4.56242e-05 | 29 -0.01168 -4.64758e-05 | 30 -0.01171 -4.72198e-05
 31 -0.01171 -4.78413e-05 | 32 -0.01169 -4.83279e-05 | 33 -0.01165 -4.86703e-05
 34 -0.01158 -4.88627e-05 | 35 -0.01148 -4.89032e-05 | 36 -0.01135 -4.87940e-05
 37 -0.01120 -4.85420e-05 | 38 -0.01101 -4.81611e-05 | 39 -0.01079 -4.76717e-05
 40 -0.01053 -4.70998e-05 | 41 -0.01025 -4.64878e-05 | 42 -0.00994 -4.58743e-05
 43 -0.00961 -4.52991e-05 | 44 -0.00925 -4.47950e-05 | 45 -0.00887 -4.43822e-05
 46 -0.00848 -4.40652e-05 | 47 -0.00808 -4.38327e-05 | 48 -0.00768 -4.36590e-05
 49 -0.00729 -4.35091e-05 | 50 -0.00692 -4.33430e-05 | 51 -0.00658 -4.31223e-05
 52 -0.00626 -4.28178e-05 | 53 -0.00598 -4.24150e-05 | 54 -0.00573 -4.19167e-05
 55 -0.00551 -4.13379e-05 | 56 -0.00530 -4.07012e-05 | 57 -0.00509 -4.00302e-05
 58 -0.00486 -3.93458e-05 | 59 -0.00457 -3.86834e-05 | 60 -0.00422 -3.81297e-05
 61 -0.00376 -3.79020e-05 | 62 -0.00316 -3.84595e-05 | 63 -0.00238 -4.06277e-05
 64 -0.00139 -4.55097e-05 | 65 -0.00015 -5.36667e-05 | 66  0.00139 -6.33012e-05
 67  0.00324 -6.83428e-05 | 68  0.00543 -6.14879e-05 | 69  0.00796 -4.23195e-05
 70  0.01082 -1.92886e-05 | 71  0.01396 -5.56017e-06 | 72  0.01732 -2.12608e-05
 73  0.02080 -3.25040e-05 | 74  0.02426  1.75037e-04 | 75  0.02753  2.32768e-04
 76  0.03042  1.85146e-04 | 77  0.03275  1.97095e-05 | 78  0.03438  1.03085e-04
 79  0.03524  3.95245e-04 | 80  0.03534  2.64506e-04 | 81  0.03470  4.99523e-04
 82  0.03333  1.69334e-05 | 83  0.03123  1.48194e-04 | 84  0.02839  1.47464e-04
 85  0.02490  5.63734e-05 | 86  0.02099 -6.56499e-05 | 87  0.01706  2.39425e-04
 88  0.01353  2.04131e-04 | 89  0.01072  1.17413e-04 | 90  0.00872  7.26973e-05
 91  0.00731  6.06072e-05 | 92  0.00614  5.63075e-05 | 93  0.00517  3.37412e-05
 94  0.00502  3.96866e-06 | 95  0.00581 -2.61199e-05 | 96  0.00581 -1.50843e-04
 97  0.00764 -2.04244e-04 | 98  0.01045 -2.07520e-04 | 99  0.01511 -1.27686e-04
100  0.01463 -1.17872e-04 |101  0.01201  4.75247e-05 |102  0.00858  1.58308e-04
103 -0.00153  1.98226e-04 |104 -0.00155  1.76428e-04 |105  0.01874  4.21094e-04
106  0.01861  1.06443e-04 |107 -0.00612 -1.84794e-05 |108  0.01191 -4.29049e-04
109  0.07990  1.84421e-04 |110  0.01591 -2.17465e-04 |111 -0.02244  2.82978e-04
112 -0.00147 -2.21418e-04 |113  0.01746  1.15467e-04 |114  0.02690  3.61349e-04
115 -0.01644  1.79959e-04 |116 -0.07980 -3.62392e-05 |117 -0.09331 -7.14260e-04
118 -0.08741 -5.22624e-05 |119 -0.03823 -3.31163e-04 |120  0.05576  5.79806e-04
121  0.01165 -5.25121e-04 |122  0.00602 -3.12848e-04 |123 -0.02834  3.28252e-04
124 -0.06440  3.48535e-04 |125 -0.00310  5.29680e-04 |126 -0.00023  3.50953e-04
127 -0.02213 -2.39135e-04 |128  0.03915 -2.66349e-04 |129  0.08017 -1.44244e-04
130  0.03535  9.42163e-05 |131  0.08309  5.38217e-04 |132  0.00685 -1.68138e-04
133  0.13410 -1.32315e-04 |134  0.00471 -1.69514e-04 |135 -0.03924 -5.70141e-05
136 -0.05192 -1.17190e-04 |137 -0.01909  2.03462e-04 |138  0.08705  2.18339e-04
139  0.03576 -4.11744e-04 |140  0.01740  3.48046e-04 |141 -0.02401 -8.76119e-05
142 -0.01723  8.91314e-05 |143 -0.00172  1.44721e-04 |144 -0.00035  7.08003e-06
145  0.00000  0.00000e+00 |146  0.00000  0.00000e+00 |147  0.00000  0.00000e+00
148  0.00000  0.00000e+00 |149  0.00000  0.00000e+00 |150  0.00000  0.00000e+00
151  0.00000  0.00000e+00 |152  0.00000  0.00000e+00 |153  0.00000  0.00000e+00
154  0.00000  0.00000e+00 |155  0.00000  0.00000e+00 |156  0.00000  0.00000e+00
157  0.00000  0.00000e+00 |158  0.30817 -1.47693e-04 |159  0.21034  7.20117e-05
160  0.04764 -6.77792e-05 |161  0.29519 -9.38248e-06 |162  0.01630  1.13763e-04
163 -0.11555 -5.57517e-05 |164 -0.46994  3.77110e-05 |165  0.31643 -2.41597e-05
166  0.04851 -2.29975e-05 |167 -0.23183  5.89579e-06 |168  0.18882 -1.06887e-04
169  0.25974 -3.65268e-05 |170  0.17236  8.73132e-05 |171  0.25245  6.11424e-05
172  0.00736 -3.51981e-05 |173 -0.09947 -5.09030e-05 |174  0.10476 -3.49966e-04
175  0.29572 -1.25538e-04 |176  0.16733  2.40665e-04 |177  0.24553  1.62682e-04
178 -0.35521  2.19546e-04 |179  0.24120  8.58287e-05 |180  0.05316 -4.54117e-05
181 -0.19080  1.51079e-05 |182  0.19129 -3.86114e-05 |183  0.31660  2.37780e-05
184  0.07876 -2.34571e-06 |185 -0.53185  3.55400e-06 |186 -0.37890 -5.33643e-06
187  0.23556  5.02368e-06 |188  0.07841  2.96980e-05 |189 -0.12088 -9.73678e-06
190  0.05009  1.83717e-04 |191  0.11646 -3.05363e-04 |192  0.32289  1.31172e-05
193  0.27301 -1.20530e-04 |194  0.00532 -7.98737e-05 |195  0.01053  3.54023e-04
196 -0.14978 -7.73970e-05 |197 -0.12662 -7.19003e-05 |198  0.00768  6.07412e-06
199  0.39041 -2.31922e-04 |200  0.02109 -1.49352e-04 |201 -0.15635  1.92341e-05
202  0.09752 -3.47039e-05 |203  0.16201 -2.62888e-05 |204  0.21877  2.32252e-05
205  0.25581  3.62822e-06 |206  0.02516 -2.70975e-05 |207 -0.00497  2.43355e-06
208 -0.17682 -3.30187e-05 |209 -0.11561 -7.23777e-05 |210 -0.56611  5.97574e-05
211  0.16636 -1.60923e-04 |212  0.09505 -4.17724e-05 |213 -0.25337  1.49839e-04
size of file gradfil1.tmp = 0
size of file gradfil2.tmp = 0
size of file varssave.tmp = 0
size of file cmpdiff.tmp = 800000032
