
Initial statistics: 136 variables; iteration 0; function evaluation 0; phase 1
Function value 5.5043956e+02; maximum gradient component mag 2.3920e+02
Var    Value     Gradient |Var    Value     Gradient |Var    Value     Gradient
  1 -0.42334  2.39196e+02 |  2 -0.09289  5.15319e+01 |  3 -0.01009 -1.82522e+00
  4 -0.01031 -1.86078e+00 |  5 -0.01053 -1.89513e+00 |  6 -0.01074 -1.92800e+00
  7 -0.01095 -1.95916e+00 |  8 -0.01115 -1.98826e+00 |  9 -0.01135 -2.01497e+00
 10 -0.01153 -2.03897e+00 | 11 -0.01171 -2.05991e+00 | 12 -0.01187 -2.07746e+00
 13 -0.01203 -2.09127e+00 | 14 -0.01217 -2.10096e+00 | 15 -0.01229 -2.10617e+00
 16 -0.01240 -2.10646e+00 | 17 -0.01249 -2.10137e+00 | 18 -0.01255 -2.09043e+00
 19 -0.01260 -2.07324e+00 | 20 -0.01262 -2.04945e+00 | 21 -0.01262 -2.01875e+00
 22 -0.01260 -1.98075e+00 | 23 -0.01254 -1.93500e+00 | 24 -0.01246 -1.88095e+00
 25 -0.01235 -1.81799e+00 | 26 -0.01220 -1.74549e+00 | 27 -0.01202 -1.66286e+00
 28 -0.01180 -1.56962e+00 | 29 -0.01154 -1.46546e+00 | 30 -0.01124 -1.35015e+00
 31 -0.01091 -1.22396e+00 | 32 -0.01054 -1.08715e+00 | 33 -0.01013 -9.40252e-01
 34 -0.00969 -7.84227e-01 | 35 -0.00923 -6.20435e-01 | 36 -0.00876 -4.50726e-01
 37 -0.00827 -2.77373e-01 | 38 -0.00779 -1.02924e-01 | 39 -0.00732  6.98955e-02
 40 -0.00687  2.38371e-01 | 41 -0.00646  3.99912e-01 | 42 -0.00610  5.52286e-01
 43 -0.00578  6.94149e-01 | 44 -0.00550  8.25707e-01 | 45 -0.00527  9.49160e-01
 46 -0.00505  1.06869e+00 | 47 -0.00484  1.18990e+00 | 48 -0.00461  1.31918e+00
 49 -0.00433  1.46394e+00 | 50 -0.00397  1.63218e+00 | 51 -0.00351  1.83273e+00
 52 -0.00290  2.07455e+00 | 53 -0.00211  2.36715e+00 | 54 -0.00112  2.72029e+00
 55  0.00012  3.14251e+00 | 56  0.00162  3.64482e+00 | 57  0.00342  4.23424e+00
 58  0.00553  4.91623e+00 | 59  0.00797  5.69475e+00 | 60  0.01071  6.56863e+00
 61  0.01374  7.53151e+00 | 62  0.01700  8.56710e+00 | 63  0.02037  9.64871e+00
 64  0.02373  1.07363e+01 | 65  0.02687  1.17753e+01 | 66  0.02959  1.27015e+01
 67  0.03168  1.34557e+01 | 68  0.03301  1.39972e+01 | 69  0.03358  1.43143e+01
 70  0.03344  1.44250e+01 | 71  0.03272  1.43528e+01 | 72  0.03145  1.41072e+01
 73  0.02960  1.36690e+01 | 74  0.02705  1.30031e+01 | 75  0.02380  1.20951e+01
 76  0.01999  1.09878e+01 | 77  0.01602  9.79375e+00 | 78  0.01239  8.66139e+00
 79  0.00955  7.72604e+00 | 80  0.00761  7.05321e+00 | 81  0.00637  6.62846e+00
 82  0.00544  6.37717e+00 | 83  0.00468  6.23681e+00 | 84  0.00458  6.21556e+00
 85  0.00522  6.33553e+00 | 86  0.00545  6.50987e+00 | 87  0.00713  6.67897e+00
 88  0.00970  6.58104e+00 | 89  0.01366  6.10038e+00 | 90  0.01376  5.06066e+00
 91  0.01250  3.65754e+00 | 92  0.01081  1.77387e+00 | 93  0.00275 -6.66279e-01
 94  0.00360 -3.61879e+00 | 95  0.02294 -8.75377e+00 | 96  0.02140 -1.48008e+01
 97 -0.00268 -1.79004e+01 | 98  0.01577 -2.54559e+01 | 99  0.08374 -4.55125e+01
100  0.02820 -2.71386e+01 |101 -0.01452 -1.47017e+01 |102  0.00430 -1.23826e+01
103  0.01938 -1.33523e+01 |104  0.03866 -1.40439e+01 |105  0.00285 -1.10833e+01
106 -0.06248 -1.16812e+01 |107 -0.07893 -1.24870e+01 |108 -0.07730 -1.49968e+01
109 -0.03457 -1.80929e+01 |110  0.06971  9.70361e+00 |111  0.02361  1.09277e+01
112  0.01375  1.24000e+01 |113 -0.02797 -8.28903e+00 |114 -0.06716 -1.76649e+01
115 -0.00654 -2.18120e+00 |116  0.00456 -2.13806e+00 |117 -0.02731 -2.52757e+00
118  0.02817  8.24030e+00 |119  0.07344  2.69695e+01 |120  0.01038  7.48219e+00
121  0.08254  2.54130e+01 |122  0.00575  5.69768e+00 |123  0.13287  3.72501e+01
124 -0.00532 -1.05127e+00 |125 -0.04646 -8.00098e+00 |126 -0.05671 -1.10579e+01
127 -0.02192 -2.25901e+00 |128  0.09420  1.61422e+01 |129  0.03190 -3.39067e-01
130  0.01685  1.03516e-01 |131 -0.02798 -8.27408e+00 |132 -0.01758 -4.88335e+00
133 -0.00588 -1.45954e+00 |134 -0.00040 -1.75993e-05 |135  0.27670 -1.33095e-04
136  0.18753  3.27385e-04 |

 - final statistics:
136 variables; iteration 15; function evaluation 20
Function value 5.3757e+02; maximum gradient component mag 9.2317e+00
Exit code = 1;  converg criter 1.0000e+01
Var    Value     Gradient |Var    Value     Gradient |Var    Value     Gradient
  1 -0.43899  7.41193e+00 |  2 -0.11515  9.23167e+00 |  3 -0.00031  1.74162e-01
  4 -0.00033  1.75359e-01 |  5 -0.00036  1.76272e-01 |  6 -0.00039  1.76874e-01
  7 -0.00042  1.77133e-01 |  8 -0.00046  1.77022e-01 |  9 -0.00049  1.76511e-01
 10 -0.00053  1.75571e-01 | 11 -0.00057  1.74172e-01 | 12 -0.00062  1.72286e-01
 13 -0.00067  1.69882e-01 | 14 -0.00072  1.66933e-01 | 15 -0.00077  1.63407e-01
 16 -0.00083  1.59278e-01 | 17 -0.00089  1.54521e-01 | 18 -0.00096  1.49117e-01
 19 -0.00103  1.43049e-01 | 20 -0.00110  1.36305e-01 | 21 -0.00118  1.28866e-01
 22 -0.00127  1.20719e-01 | 23 -0.00135  1.11847e-01 | 24 -0.00144  1.02245e-01
 25 -0.00154  9.19132e-02 | 26 -0.00164  8.08703e-02 | 27 -0.00175  6.91486e-02
 28 -0.00186  5.67906e-02 | 29 -0.00197  4.38477e-02 | 30 -0.00209  3.03975e-02
 31 -0.00221  1.64527e-02 | 32 -0.00233  2.08250e-03 | 33 -0.00246 -1.26516e-02
 34 -0.00259 -2.76812e-02 | 35 -0.00272 -4.29306e-02 | 36 -0.00286 -5.83319e-02
 37 -0.00300 -7.38468e-02 | 38 -0.00315 -8.94521e-02 | 39 -0.00330 -1.05144e-01
 40 -0.00345 -1.20917e-01 | 41 -0.00361 -1.36740e-01 | 42 -0.00377 -1.52578e-01
 43 -0.00393 -1.68459e-01 | 44 -0.00410 -1.84468e-01 | 45 -0.00428 -2.00712e-01
 46 -0.00445 -2.17253e-01 | 47 -0.00464 -2.34032e-01 | 48 -0.00482 -2.50834e-01
 49 -0.00501 -2.67328e-01 | 50 -0.00521 -2.82995e-01 | 51 -0.00540 -2.97155e-01
 52 -0.00558 -3.08903e-01 | 53 -0.00576 -3.17142e-01 | 54 -0.00592 -3.20540e-01
 55 -0.00606 -3.17504e-01 | 56 -0.00617 -3.06160e-01 | 57 -0.00625 -2.84339e-01
 58 -0.00628 -2.49737e-01 | 59 -0.00625 -1.99886e-01 | 60 -0.00615 -1.32521e-01
 61 -0.00598 -4.57667e-02 | 62 -0.00573  6.10583e-02 | 63 -0.00540  1.86997e-01
 64 -0.00501  3.28582e-01 | 65 -0.00457  4.78962e-01 | 66 -0.00413  6.27788e-01
 67 -0.00373  7.63302e-01 | 68 -0.00340  8.74719e-01 | 69 -0.00315  9.54796e-01
 70 -0.00300  1.00159e+00 | 71 -0.00293  1.01490e+00 | 72 -0.00293  9.93338e-01
 73 -0.00301  9.31466e-01 | 74 -0.00317  8.22205e-01 | 75 -0.00339  6.64043e-01
 76 -0.00361  4.68054e-01 | 77 -0.00371  2.59505e-01 | 78 -0.00354  6.97740e-02
 79 -0.00307 -7.61325e-02 | 80 -0.00237 -1.68525e-01 | 81 -0.00169 -2.13338e-01
 82 -0.00125 -2.19040e-01 | 83 -0.00100 -1.88131e-01 | 84 -0.00046 -1.15962e-01
 85  0.00037  6.20205e-03 | 86  0.00040  1.84238e-01 | 87  0.00178  3.89185e-01
 88  0.00451  5.68250e-01 | 89  0.00922  6.67623e-01 | 90  0.01062  6.91712e-01
 91  0.01036  6.53983e-01 | 92  0.00956  4.98776e-01 | 93  0.00287  2.65177e-01
 94  0.00354 -3.51079e-01 | 95  0.02371 -1.25827e+00 | 96  0.02609 -2.30566e+00
 97  0.00460 -2.53644e+00 | 98  0.04445  2.33417e-01 | 99  0.10838 -3.81084e+00
100  0.02414 -3.01995e+00 |101 -0.01775 -1.66545e-01 |102 -0.00087  1.97810e+00
103  0.02110  2.72173e+00 |104  0.02628 -1.46915e+00 |105 -0.00699 -2.82850e+00
106 -0.06003 -2.71411e+00 |107 -0.07019 -1.41868e+00 |108 -0.05924 -3.30033e-01
109 -0.00250 -2.26372e+00 |110  0.02684 -3.54953e+00 |111 -0.00189 -2.17372e+00
112 -0.02143  1.30880e+00 |113 -0.00673  4.41200e+00 |114 -0.01937  3.01144e+00
115 -0.01458  8.92579e-01 |116 -0.00259 -1.97704e+00 |117 -0.02677 -3.27338e+00
118  0.00930 -2.73453e+00 |119  0.01358  7.30907e-01 |120  0.01812  2.25140e+00
121  0.03965  3.68798e+00 |122  0.00972 -5.78475e-01 |123  0.04755 -1.17294e+00
124  0.00043 -1.85048e+00 |125 -0.02397 -2.67054e-01 |126 -0.02448 -6.97373e-01
127 -0.01024  8.35985e-01 |128  0.03239 -8.70082e-02 |129  0.04692  1.98126e+00
130  0.00680 -1.22199e+00 |131 -0.00145 -4.36901e-01 |132  0.00009  1.25119e-01
133  0.00021  1.51367e-01 |134 -0.00039  1.04542e-02 |135  0.31508  8.20100e+00
136  0.21666 -9.07562e+00 |

Initial statistics: 146 variables; iteration 0; function evaluation 0; phase 2
Function value 5.3757104e+02; maximum gradient component mag -4.3919e+02
Var    Value     Gradient |Var    Value     Gradient |Var    Value     Gradient
  1 -0.43899  7.41193e+00 |  2  0.37110  4.85574e+01 |  3 -0.12614 -1.74926e+01
  4 -0.01321  5.68154e+01 |  5 -0.70915  6.55466e+00 |  6 -0.60419 -4.39189e+02
  7  0.37628 -2.06194e+01 |  8 -0.18524 -9.06864e+01 |  9  0.03399 -3.01068e+01
 10 -0.60948  4.55643e+00 | 11 -0.62338 -3.90523e+02 | 12 -0.11515  9.23167e+00
 13 -0.00031  1.74162e-01 | 14 -0.00033  1.75359e-01 | 15 -0.00036  1.76272e-01
 16 -0.00039  1.76874e-01 | 17 -0.00042  1.77133e-01 | 18 -0.00046  1.77022e-01
 19 -0.00049  1.76511e-01 | 20 -0.00053  1.75571e-01 | 21 -0.00057  1.74172e-01
 22 -0.00062  1.72286e-01 | 23 -0.00067  1.69882e-01 | 24 -0.00072  1.66933e-01
 25 -0.00077  1.63407e-01 | 26 -0.00083  1.59278e-01 | 27 -0.00089  1.54521e-01
 28 -0.00096  1.49117e-01 | 29 -0.00103  1.43049e-01 | 30 -0.00110  1.36305e-01
 31 -0.00118  1.28866e-01 | 32 -0.00127  1.20719e-01 | 33 -0.00135  1.11847e-01
 34 -0.00144  1.02245e-01 | 35 -0.00154  9.19132e-02 | 36 -0.00164  8.08703e-02
 37 -0.00175  6.91486e-02 | 38 -0.00186  5.67906e-02 | 39 -0.00197  4.38477e-02
 40 -0.00209  3.03975e-02 | 41 -0.00221  1.64527e-02 | 42 -0.00233  2.08250e-03
 43 -0.00246 -1.26516e-02 | 44 -0.00259 -2.76812e-02 | 45 -0.00272 -4.29306e-02
 46 -0.00286 -5.83319e-02 | 47 -0.00300 -7.38468e-02 | 48 -0.00315 -8.94521e-02
 49 -0.00330 -1.05144e-01 | 50 -0.00345 -1.20917e-01 | 51 -0.00361 -1.36740e-01
 52 -0.00377 -1.52578e-01 | 53 -0.00393 -1.68459e-01 | 54 -0.00410 -1.84468e-01
 55 -0.00428 -2.00712e-01 | 56 -0.00445 -2.17253e-01 | 57 -0.00464 -2.34032e-01
 58 -0.00482 -2.50834e-01 | 59 -0.00501 -2.67328e-01 | 60 -0.00521 -2.82995e-01
 61 -0.00540 -2.97155e-01 | 62 -0.00558 -3.08903e-01 | 63 -0.00576 -3.17142e-01
 64 -0.00592 -3.20540e-01 | 65 -0.00606 -3.17504e-01 | 66 -0.00617 -3.06160e-01
 67 -0.00625 -2.84339e-01 | 68 -0.00628 -2.49737e-01 | 69 -0.00625 -1.99886e-01
 70 -0.00615 -1.32521e-01 | 71 -0.00598 -4.57667e-02 | 72 -0.00573  6.10583e-02
 73 -0.00540  1.86997e-01 | 74 -0.00501  3.28582e-01 | 75 -0.00457  4.78962e-01
 76 -0.00413  6.27788e-01 | 77 -0.00373  7.63302e-01 | 78 -0.00340  8.74719e-01
 79 -0.00315  9.54796e-01 | 80 -0.00300  1.00159e+00 | 81 -0.00293  1.01490e+00
 82 -0.00293  9.93338e-01 | 83 -0.00301  9.31466e-01 | 84 -0.00317  8.22205e-01
 85 -0.00339  6.64043e-01 | 86 -0.00361  4.68054e-01 | 87 -0.00371  2.59505e-01
 88 -0.00354  6.97740e-02 | 89 -0.00307 -7.61325e-02 | 90 -0.00237 -1.68525e-01
 91 -0.00169 -2.13338e-01 | 92 -0.00125 -2.19040e-01 | 93 -0.00100 -1.88131e-01
 94 -0.00046 -1.15962e-01 | 95  0.00037  6.20205e-03 | 96  0.00040  1.84238e-01
 97  0.00178  3.89185e-01 | 98  0.00451  5.68250e-01 | 99  0.00922  6.67623e-01
100  0.01062  6.91712e-01 |101  0.01036  6.53983e-01 |102  0.00956  4.98776e-01
103  0.00287  2.65177e-01 |104  0.00354 -3.51079e-01 |105  0.02371 -1.25827e+00
106  0.02609 -2.30566e+00 |107  0.00460 -2.53644e+00 |108  0.04445  2.33417e-01
109  0.10838 -3.81084e+00 |110  0.02414 -3.01995e+00 |111 -0.01775 -1.66545e-01
112 -0.00087  1.97810e+00 |113  0.02110  2.72173e+00 |114  0.02628 -1.46915e+00
115 -0.00699 -2.82850e+00 |116 -0.06003 -2.71411e+00 |117 -0.07019 -1.41868e+00
118 -0.05924 -3.30033e-01 |119 -0.00250 -2.26372e+00 |120  0.02684 -3.54953e+00
121 -0.00189 -2.17372e+00 |122 -0.02143  1.30880e+00 |123 -0.00673  4.41200e+00
124 -0.01937  3.01144e+00 |125 -0.01458  8.92579e-01 |126 -0.00259 -1.97704e+00
127 -0.02677 -3.27338e+00 |128  0.00930 -2.73453e+00 |129  0.01358  7.30907e-01
130  0.01812  2.25140e+00 |131  0.03965  3.68798e+00 |132  0.00972 -5.78475e-01
133  0.04755 -1.17294e+00 |134  0.00043 -1.85048e+00 |135 -0.02397 -2.67054e-01
136 -0.02448 -6.97373e-01 |137 -0.01024  8.35985e-01 |138  0.03239 -8.70082e-02
139  0.04692  1.98126e+00 |140  0.00680 -1.22199e+00 |141 -0.00145 -4.36901e-01
142  0.00009  1.25119e-01 |143  0.00021  1.51367e-01 |144 -0.00039  1.04542e-02
145  0.31508  8.20100e+00 |146  0.21666 -9.07562e+00 |

Intermediate statistics: 146 variables; iteration 20; function evaluation 26; phase 2
Function value 5.1356040e+02; maximum gradient component mag -1.4174e+02
Var    Value     Gradient |Var    Value     Gradient |Var    Value     Gradient
  1 -0.45096 -4.67066e+01 |  2  0.34075 -7.07955e+01 |  3 -0.15822  9.18892e+00
  4  0.06222 -1.52446e+01 |  5 -0.86581  2.20509e+00 |  6 -0.55336 -1.17666e+02
  7  0.34729  3.72289e+01 |  8 -0.22761 -1.41740e+02 |  9  0.19327 -1.52013e+01
 10 -0.81735  6.61982e-02 | 11 -0.56599  9.47696e+00 | 12 -0.09610 -2.49294e+01
 13 -0.00066 -1.94814e-01 | 14 -0.00068 -2.00673e-01 | 15 -0.00070 -2.06711e-01
 16 -0.00072 -2.12934e-01 | 17 -0.00074 -2.19355e-01 | 18 -0.00076 -2.25973e-01
 19 -0.00078 -2.32788e-01 | 20 -0.00081 -2.39804e-01 | 21 -0.00083 -2.47022e-01
 22 -0.00086 -2.54447e-01 | 23 -0.00088 -2.62086e-01 | 24 -0.00091 -2.69945e-01
 25 -0.00094 -2.78039e-01 | 26 -0.00096 -2.86380e-01 | 27 -0.00099 -2.94979e-01
 28 -0.00102 -3.03840e-01 | 29 -0.00105 -3.12949e-01 | 30 -0.00108 -3.22286e-01
 31 -0.00111 -3.31848e-01 | 32 -0.00115 -3.41647e-01 | 33 -0.00118 -3.51711e-01
 34 -0.00122 -3.62080e-01 | 35 -0.00125 -3.72794e-01 | 36 -0.00129 -3.83880e-01
 37 -0.00133 -3.95344e-01 | 38 -0.00137 -4.07172e-01 | 39 -0.00141 -4.19320e-01
 40 -0.00145 -4.31681e-01 | 41 -0.00149 -4.44305e-01 | 42 -0.00153 -4.57140e-01
 43 -0.00157 -4.70188e-01 | 44 -0.00162 -4.83473e-01 | 45 -0.00166 -4.96993e-01
 46 -0.00171 -5.10728e-01 | 47 -0.00176 -5.24684e-01 | 48 -0.00180 -5.38871e-01
 49 -0.00185 -5.53384e-01 | 50 -0.00191 -5.68399e-01 | 51 -0.00196 -5.84100e-01
 52 -0.00202 -6.00550e-01 | 53 -0.00207 -6.17688e-01 | 54 -0.00213 -6.35272e-01
 55 -0.00218 -6.53041e-01 | 56 -0.00224 -6.70970e-01 | 57 -0.00230 -6.89212e-01
 58 -0.00235 -7.07828e-01 | 59 -0.00241 -7.26944e-01 | 60 -0.00247 -7.46544e-01
 61 -0.00253 -7.66657e-01 | 62 -0.00259 -7.87083e-01 | 63 -0.00265 -8.07731e-01
 64 -0.00271 -8.28624e-01 | 65 -0.00276 -8.49498e-01 | 66 -0.00281 -8.71127e-01
 67 -0.00286 -8.93175e-01 | 68 -0.00291 -9.15479e-01 | 69 -0.00296 -9.38150e-01
 70 -0.00300 -9.61085e-01 | 71 -0.00303 -9.84295e-01 | 72 -0.00306 -1.00763e+00
 73 -0.00308 -1.03114e+00 | 74 -0.00310 -1.05500e+00 | 75 -0.00310 -1.07940e+00
 76 -0.00309 -1.10453e+00 | 77 -0.00308 -1.13075e+00 | 78 -0.00304 -1.15831e+00
 79 -0.00299 -1.18723e+00 | 80 -0.00291 -1.21756e+00 | 81 -0.00281 -1.24894e+00
 82 -0.00267 -1.28094e+00 | 83 -0.00249 -1.31288e+00 | 84 -0.00225 -1.34403e+00
 85 -0.00196 -1.37380e+00 | 86 -0.00158 -1.40146e+00 | 87 -0.00110 -1.42592e+00
 88 -0.00049 -1.44406e+00 | 89  0.00026 -1.45087e+00 | 90  0.00110 -1.43913e+00
 91  0.00184 -1.40550e+00 | 92  0.00208 -1.35467e+00 | 93  0.00146 -1.30766e+00
 94  0.00032 -1.26828e+00 | 95 -0.00065 -1.18836e+00 | 96 -0.00335 -1.12348e+00
 97 -0.00533 -1.01402e+00 | 98 -0.00512 -8.66062e-01 | 99  0.00059 -3.04679e-01
100  0.00287  5.80997e-02 |101  0.00099  1.35145e-01 |102  0.00013  3.20418e-01
103 -0.00776  6.13898e-01 |104 -0.00791  1.06740e+00 |105  0.01913  2.55695e+00
106  0.03352  4.44340e+00 |107  0.00597  8.01939e-01 |108  0.02315 -2.91865e-03
109  0.10521  5.53049e+00 |110  0.07988  6.39794e+00 |111 -0.00757  3.10001e+00
112 -0.00043  5.16754e+00 |113  0.01617  6.28248e+00 |114  0.02882 -6.04518e-01
115  0.02196  4.35539e+00 |116 -0.05221 -7.58073e-01 |117 -0.07192 -1.65688e+00
118 -0.07552  2.73261e+00 |119 -0.01584 -3.71706e-02 |120  0.01346 -2.29946e+00
121  0.00711 -1.43308e+00 |122 -0.03245 -1.93531e+00 |123 -0.02271  1.98537e+00
124 -0.03276  2.91823e+00 |125 -0.03379  1.69063e+00 |126 -0.01197 -8.36564e-01
127 -0.03414  1.33105e+00 |128  0.01194  3.05382e+00 |129  0.01084  1.70825e+00
130  0.01507  2.17651e+00 |131  0.03964  2.53879e+00 |132  0.00649 -3.13556e+00
133  0.06683  2.69831e+00 |134  0.01068 -2.52641e+00 |135 -0.02129 -1.05492e+00
136 -0.01978 -2.55495e-01 |137 -0.01880 -7.26520e-01 |138  0.02922 -4.52524e-01
139  0.05303  1.39439e+00 |140  0.02183  3.75177e-01 |141  0.00421 -3.19961e-01
142  0.00048 -1.23234e-01 |143  0.00194  9.32043e-01 |144 -0.00028  1.52876e-02
145  0.27394 -2.11156e+01 |146  0.19985  2.14321e+01 |

 - final statistics:
146 variables; iteration 40; function evaluation 55
Function value 5.1100e+02; maximum gradient component mag -8.4872e+00
Exit code = 1;  converg criter 1.0000e+01
Var    Value     Gradient |Var    Value     Gradient |Var    Value     Gradient
  1 -0.45081  2.26923e+00 |  2  0.33828  6.45938e+00 |  3 -0.17207  7.01753e+00
  4  0.08328  1.90570e+00 |  5 -0.97757  4.81454e-01 |  6 -0.53401  7.14301e+00
  7  0.34483 -3.20523e+00 |  8 -0.22068  3.35043e+00 |  9  0.19544 -1.53954e+00
 10 -0.92793  2.51740e-01 | 11 -0.56965  4.40052e+00 | 12 -0.07618 -8.48720e+00
 13 -0.00080 -8.37391e-02 | 14 -0.00082 -8.45070e-02 | 15 -0.00083 -8.51759e-02
 16 -0.00085 -8.57367e-02 | 17 -0.00087 -8.61815e-02 | 18 -0.00088 -8.65013e-02
 19 -0.00090 -8.66899e-02 | 20 -0.00092 -8.67431e-02 | 21 -0.00093 -8.66572e-02
 22 -0.00095 -8.64280e-02 | 23 -0.00096 -8.60504e-02 | 24 -0.00098 -8.55169e-02
 25 -0.00099 -8.48146e-02 | 26 -0.00101 -8.39239e-02 | 27 -0.00102 -8.28223e-02
 28 -0.00104 -8.14974e-02 | 29 -0.00105 -7.99649e-02 | 30 -0.00107 -7.82641e-02
 31 -0.00108 -7.64256e-02 | 32 -0.00109 -7.44494e-02 | 33 -0.00111 -7.23120e-02
 34 -0.00112 -6.99750e-02 | 35 -0.00114 -6.73937e-02 | 36 -0.00115 -6.45320e-02
 37 -0.00116 -6.13792e-02 | 38 -0.00118 -5.79630e-02 | 39 -0.00119 -5.43492e-02
 40 -0.00120 -5.06234e-02 | 41 -0.00122 -4.68750e-02 | 42 -0.00123 -4.31658e-02
 43 -0.00124 -3.95193e-02 | 44 -0.00126 -3.59363e-02 | 45 -0.00128 -3.24262e-02
 46 -0.00130 -2.90176e-02 | 47 -0.00132 -2.57429e-02 | 48 -0.00134 -2.26086e-02
 49 -0.00137 -1.95509e-02 | 50 -0.00139 -1.64038e-02 | 51 -0.00142 -1.29494e-02
 52 -0.00144 -9.05076e-03 | 53 -0.00146 -4.78207e-03 | 54 -0.00149 -4.22199e-04
 55 -0.00151  3.73774e-03 | 56 -0.00154  7.62792e-03 | 57 -0.00157  1.13691e-02
 58 -0.00159  1.50556e-02 | 59 -0.00163  1.86653e-02 | 60 -0.00166  2.21323e-02
 61 -0.00169  2.53273e-02 | 62 -0.00173  2.80759e-02 | 63 -0.00176  3.01695e-02
 64 -0.00181  3.14139e-02 | 65 -0.00185  3.16641e-02 | 66 -0.00190  3.05863e-02
 67 -0.00195  2.79558e-02 | 68 -0.00201  2.35299e-02 | 69 -0.00208  1.70286e-02
 70 -0.00215  8.23773e-03 | 71 -0.00223 -3.02980e-03 | 72 -0.00231 -1.68118e-02
 73 -0.00240 -3.29740e-02 | 74 -0.00249 -5.10680e-02 | 75 -0.00257 -7.02073e-02
 76 -0.00264 -8.90724e-02 | 77 -0.00268 -1.06190e-01 | 78 -0.00270 -1.20194e-01
 79 -0.00269 -1.30116e-01 | 80 -0.00263 -1.35587e-01 | 81 -0.00252 -1.36340e-01
 82 -0.00236 -1.31710e-01 | 83 -0.00213 -1.20065e-01 | 84 -0.00182 -9.91193e-02
 85 -0.00140 -6.77113e-02 | 86 -0.00088 -2.88632e-02 | 87 -0.00027  6.55352e-03
 88  0.00036  1.81791e-02 | 89  0.00093 -1.76068e-02 | 90  0.00140 -9.74861e-02
 91  0.00195 -1.39165e-01 | 92  0.00246 -8.32837e-02 | 93  0.00181 -1.27487e-01
 94 -0.00000 -3.35112e-01 | 95 -0.00142 -4.72305e-01 | 96 -0.00331 -3.37018e-01
 97 -0.00473 -1.44284e-01 | 98 -0.00483 -1.33336e-01 | 99 -0.00072 -1.50067e-01
100 -0.00008 -4.85258e-01 |101 -0.00232 -5.65594e-01 |102 -0.00364 -7.39347e-01
103 -0.00985 -1.72532e-01 |104 -0.01301 -5.80215e-01 |105  0.01002 -8.15160e-01
106  0.02423 -2.59163e-01 |107  0.00525 -7.70988e-01 |108  0.03017 -2.36377e-01
109  0.09206 -7.64063e-01 |110  0.08234 -8.20362e-02 |111 -0.00651  3.46438e-01
112 -0.00559  5.86674e-01 |113  0.00504  1.74496e-01 |114  0.03790 -1.43201e-01
115  0.01928  4.09987e-01 |116 -0.04644 -2.19350e-01 |117 -0.06464  6.46222e-01
118 -0.08340  3.17977e-02 |119 -0.01604  1.81548e-01 |120  0.01545 -1.90830e-01
121  0.01355  1.89716e-01 |122 -0.02655  7.28479e-01 |123 -0.02392  4.25145e-01
124 -0.03633  1.98431e-01 |125 -0.03703  1.83437e-01 |126 -0.00599  8.43978e-01
127 -0.03632  6.11234e-01 |128  0.00772  7.20432e-01 |129  0.01364  9.69097e-01
130  0.01437  4.18136e-01 |131  0.03335 -9.51704e-02 |132  0.02165  7.10573e-02
133  0.06052  3.76486e-01 |134  0.02248  1.48403e-01 |135 -0.01691 -2.59788e-02
136 -0.01722  1.70930e-01 |137 -0.01707  1.06191e-01 |138  0.03028 -1.59379e-01
139  0.05059  1.32174e-01 |140  0.02355  1.14088e-01 |141  0.00660  7.87050e-02
142  0.00122  9.53223e-02 |143 -0.00156  2.11363e-02 |144 -0.00039 -1.45040e-02
145  0.25170 -1.27102e+00 |146  0.17190 -2.99891e+00 |

Initial statistics: 176 variables; iteration 0; function evaluation 0; phase 3
Function value 5.1099738e+02; maximum gradient component mag -2.2723e+02
Var    Value     Gradient |Var    Value     Gradient |Var    Value     Gradient
  1 -0.45081  2.26923e+00 |  2  0.33828  6.45938e+00 |  3 -0.17207  7.01753e+00
  4  0.08328  1.90570e+00 |  5 -0.97757  4.81454e-01 |  6 -0.53401  7.14301e+00
  7  0.34483 -3.20523e+00 |  8 -0.22068  3.35043e+00 |  9  0.19544 -1.53954e+00
 10 -0.92793  2.51740e-01 | 11 -0.56965  4.40052e+00 | 12 -0.07618 -8.48720e+00
 13 -0.00080 -8.37391e-02 | 14 -0.00082 -8.45070e-02 | 15 -0.00083 -8.51759e-02
 16 -0.00085 -8.57367e-02 | 17 -0.00087 -8.61815e-02 | 18 -0.00088 -8.65013e-02
 19 -0.00090 -8.66899e-02 | 20 -0.00092 -8.67431e-02 | 21 -0.00093 -8.66572e-02
 22 -0.00095 -8.64280e-02 | 23 -0.00096 -8.60504e-02 | 24 -0.00098 -8.55169e-02
 25 -0.00099 -8.48146e-02 | 26 -0.00101 -8.39239e-02 | 27 -0.00102 -8.28223e-02
 28 -0.00104 -8.14974e-02 | 29 -0.00105 -7.99649e-02 | 30 -0.00107 -7.82641e-02
 31 -0.00108 -7.64256e-02 | 32 -0.00109 -7.44494e-02 | 33 -0.00111 -7.23120e-02
 34 -0.00112 -6.99750e-02 | 35 -0.00114 -6.73937e-02 | 36 -0.00115 -6.45320e-02
 37 -0.00116 -6.13792e-02 | 38 -0.00118 -5.79630e-02 | 39 -0.00119 -5.43492e-02
 40 -0.00120 -5.06234e-02 | 41 -0.00122 -4.68750e-02 | 42 -0.00123 -4.31658e-02
 43 -0.00124 -3.95193e-02 | 44 -0.00126 -3.59363e-02 | 45 -0.00128 -3.24262e-02
 46 -0.00130 -2.90176e-02 | 47 -0.00132 -2.57429e-02 | 48 -0.00134 -2.26086e-02
 49 -0.00137 -1.95509e-02 | 50 -0.00139 -1.64038e-02 | 51 -0.00142 -1.29494e-02
 52 -0.00144 -9.05076e-03 | 53 -0.00146 -4.78207e-03 | 54 -0.00149 -4.22199e-04
 55 -0.00151  3.73774e-03 | 56 -0.00154  7.62792e-03 | 57 -0.00157  1.13691e-02
 58 -0.00159  1.50556e-02 | 59 -0.00163  1.86653e-02 | 60 -0.00166  2.21323e-02
 61 -0.00169  2.53273e-02 | 62 -0.00173  2.80759e-02 | 63 -0.00176  3.01695e-02
 64 -0.00181  3.14139e-02 | 65 -0.00185  3.16641e-02 | 66 -0.00190  3.05863e-02
 67 -0.00195  2.79558e-02 | 68 -0.00201  2.35299e-02 | 69 -0.00208  1.70286e-02
 70 -0.00215  8.23773e-03 | 71 -0.00223 -3.02980e-03 | 72 -0.00231 -1.68118e-02
 73 -0.00240 -3.29740e-02 | 74 -0.00249 -5.10680e-02 | 75 -0.00257 -7.02073e-02
 76 -0.00264 -8.90724e-02 | 77 -0.00268 -1.06190e-01 | 78 -0.00270 -1.20194e-01
 79 -0.00269 -1.30116e-01 | 80 -0.00263 -1.35587e-01 | 81 -0.00252 -1.36340e-01
 82 -0.00236 -1.31710e-01 | 83 -0.00213 -1.20065e-01 | 84 -0.00182 -9.91193e-02
 85 -0.00140 -6.77113e-02 | 86 -0.00088 -2.88632e-02 | 87 -0.00027  6.55352e-03
 88  0.00036  1.81791e-02 | 89  0.00093 -1.76068e-02 | 90  0.00140 -9.74861e-02
 91  0.00195 -1.39165e-01 | 92  0.00246 -8.32837e-02 | 93  0.00181 -1.27487e-01
 94 -0.00000 -3.35112e-01 | 95 -0.00142 -4.72305e-01 | 96 -0.00331 -3.37018e-01
 97 -0.00473 -1.44284e-01 | 98 -0.00483 -1.33336e-01 | 99 -0.00072 -1.50067e-01
100 -0.00008 -4.85258e-01 |101 -0.00232 -5.65594e-01 |102 -0.00364 -7.39347e-01
103 -0.00985 -1.72532e-01 |104 -0.01301 -5.80215e-01 |105  0.01002 -8.15160e-01
106  0.02423 -2.59163e-01 |107  0.00525 -7.70988e-01 |108  0.03017 -2.36377e-01
109  0.09206 -7.64063e-01 |110  0.08234 -8.20362e-02 |111 -0.00651  3.46438e-01
112 -0.00559  5.86674e-01 |113  0.00504  1.74496e-01 |114  0.03790 -1.43201e-01
115  0.01928  4.09987e-01 |116 -0.04644 -2.19350e-01 |117 -0.06464  6.46222e-01
118 -0.08340  3.17977e-02 |119 -0.01604  1.81548e-01 |120  0.01545 -1.90830e-01
121  0.01355  1.89716e-01 |122 -0.02655  7.28479e-01 |123 -0.02392  4.25145e-01
124 -0.03633  1.98431e-01 |125 -0.03703  1.83437e-01 |126 -0.00599  8.43978e-01
127 -0.03632  6.11234e-01 |128  0.00772  7.20432e-01 |129  0.01364  9.69097e-01
130  0.01437  4.18136e-01 |131  0.03335 -9.51704e-02 |132  0.02165  7.10573e-02
133  0.06052  3.76486e-01 |134  0.02248  1.48403e-01 |135 -0.01691 -2.59788e-02
136 -0.01722  1.70930e-01 |137 -0.01707  1.06191e-01 |138  0.03028 -1.59379e-01
139  0.05059  1.32174e-01 |140  0.02355  1.14088e-01 |141  0.00660  7.87050e-02
142  0.00122  9.53223e-02 |143 -0.00156  2.11363e-02 |144 -0.00039 -1.45040e-02
145  0.25170 -1.27102e+00 |146  0.17190 -2.99891e+00 |147  0.04662 -2.46948e+01
148  0.29671 -9.13947e+01 |149 -0.47543  4.56130e+00 |150  0.31377 -2.23173e+00
151  0.18255 -9.27693e+00 |152  0.25986 -2.49195e+01 |153  0.17459 -4.32906e+01
154  0.25418  1.43768e+01 |155  0.10351 -5.31691e+00 |156  0.29677 -1.92481e+01
157  0.16893 -3.36873e+01 |158  0.24623  2.66885e+01 |159 -0.35197  1.72581e+01
160  0.24281 -2.49547e+01 |161  0.20265  1.24737e+01 |162  0.31675 -4.14590e+01
163 -0.38040  9.65913e+00 |164  0.23607 -2.77971e+01 |165  0.05118  1.85804e+00
166  0.11969 -3.64465e+01 |167  0.32140 -1.83184e+01 |168  0.27252 -5.63456e+00
169  0.01343  4.66319e+00 |170  0.39319 -2.37225e+01 |171  0.09932 -2.27229e+02
172  0.16368 -1.87396e+02 |173  0.21870  3.40808e+01 |174  0.25726  2.73427e+00
175 -0.55411 -1.30666e+00 |176  0.17113  1.07639e+00 |

Intermediate statistics: 176 variables; iteration 20; function evaluation 27; phase 3
Function value 5.0200821e+02; maximum gradient component mag 9.0371e+01
Var    Value     Gradient |Var    Value     Gradient |Var    Value     Gradient
  1 -0.45449 -6.03144e+01 |  2  0.34724  4.33891e+01 |  3 -0.20177  2.82303e+01
  4  0.08101  2.23594e+01 |  5 -0.98045  4.62374e-01 |  6 -0.49942  2.23185e+01
  7  0.35111  5.31185e+01 |  8 -0.24315  4.67742e+01 |  9  0.19450  2.14424e+01
 10 -0.93321  8.19804e-01 | 11 -0.54120  1.64196e+01 | 12 -0.08053  9.03714e+01
 13 -0.00053  1.71021e-01 | 14 -0.00054  1.76085e-01 | 15 -0.00056  1.81304e-01
 16 -0.00057  1.86684e-01 | 17 -0.00059  1.92234e-01 | 18 -0.00061  1.97957e-01
 19 -0.00062  2.03854e-01 | 20 -0.00064  2.09933e-01 | 21 -0.00066  2.16196e-01
 22 -0.00067  2.22649e-01 | 23 -0.00069  2.29298e-01 | 24 -0.00071  2.36149e-01
 25 -0.00073  2.43211e-01 | 26 -0.00075  2.50490e-01 | 27 -0.00077  2.57995e-01
 28 -0.00079  2.65729e-01 | 29 -0.00081  2.73694e-01 | 30 -0.00083  2.81890e-01
 31 -0.00086  2.90322e-01 | 32 -0.00088  2.99000e-01 | 33 -0.00090  3.07936e-01
 34 -0.00093  3.17143e-01 | 35 -0.00095  3.26634e-01 | 36 -0.00098  3.36417e-01
 37 -0.00100  3.46495e-01 | 38 -0.00103  3.56867e-01 | 39 -0.00105  3.67525e-01
 40 -0.00108  3.78433e-01 | 41 -0.00111  3.89638e-01 | 42 -0.00114  4.01124e-01
 43 -0.00117  4.12901e-01 | 44 -0.00120  4.24983e-01 | 45 -0.00123  4.37372e-01
 46 -0.00127  4.50066e-01 | 47 -0.00130  4.63077e-01 | 48 -0.00134  4.76409e-01
 49 -0.00137  4.90088e-01 | 50 -0.00141  5.04162e-01 | 51 -0.00145  5.18665e-01
 52 -0.00149  5.33595e-01 | 53 -0.00153  5.48946e-01 | 54 -0.00157  5.64671e-01
 55 -0.00161  5.80720e-01 | 56 -0.00166  5.97118e-01 | 57 -0.00170  6.13913e-01
 58 -0.00174  6.31084e-01 | 59 -0.00179  6.48666e-01 | 60 -0.00184  6.66628e-01
 61 -0.00189  6.84980e-01 | 62 -0.00194  7.03617e-01 | 63 -0.00198  7.22493e-01
 64 -0.00204  7.41608e-01 | 65 -0.00209  7.60783e-01 | 66 -0.00214  7.80405e-01
 67 -0.00219  8.00257e-01 | 68 -0.00224  8.20221e-01 | 69 -0.00229  8.40327e-01
 70 -0.00235  8.60492e-01 | 71 -0.00240  8.80706e-01 | 72 -0.00245  9.00894e-01
 73 -0.00250  9.21090e-01 | 74 -0.00254  9.41406e-01 | 75 -0.00258  9.61986e-01
 76 -0.00262  9.83018e-01 | 77 -0.00265  1.00485e+00 | 78 -0.00266  1.02783e+00
 79 -0.00267  1.05222e+00 | 80 -0.00266  1.07832e+00 | 81 -0.00263  1.10628e+00
 82 -0.00258  1.13648e+00 | 83 -0.00251  1.16949e+00 | 84 -0.00240  1.20618e+00
 85 -0.00226  1.24765e+00 | 86 -0.00206  1.29476e+00 | 87 -0.00182  1.34784e+00
 88 -0.00153  1.40617e+00 | 89 -0.00120  1.46920e+00 | 90 -0.00089  1.53881e+00
 91 -0.00069  1.62620e+00 | 92 -0.00083  1.73609e+00 | 93 -0.00163  1.83767e+00
 94 -0.00289  1.92686e+00 | 95 -0.00414  2.03381e+00 | 96 -0.00669  2.12132e+00
 97 -0.00893  2.22767e+00 | 98 -0.00971  2.32382e+00 | 99 -0.00688  2.45927e+00
100 -0.00574  2.51072e+00 |101 -0.00709  2.50240e+00 |102 -0.00752  2.43959e+00
103 -0.01397  2.33825e+00 |104 -0.01375  2.28808e+00 |105  0.01083  2.61262e+00
106  0.02516  2.55020e+00 |107  0.01172  2.10702e+00 |108  0.03872  2.34256e+00
109  0.10796  2.71469e+00 |110  0.08387  1.53912e+00 |111 -0.00528  6.02562e-02
112 -0.00629 -4.84206e-01 |113  0.00851 -9.59796e-01 |114  0.04143 -2.05443e+00
115  0.01696 -2.49675e+00 |116 -0.04479 -1.68497e+00 |117 -0.06020 -6.51376e-01
118 -0.07351  1.51902e-01 |119 -0.00627  1.71030e-01 |120  0.02759 -2.25690e-02
121  0.01771 -1.16721e+00 |122 -0.02375 -5.46847e-01 |123 -0.01894 -3.86889e-01
124 -0.03140 -4.21519e-01 |125 -0.03174 -4.76158e-01 |126 -0.00627 -1.05964e+00
127 -0.03565 -9.65342e-01 |128  0.00639 -1.60452e+00 |129  0.00867 -1.92727e+00
130  0.01141 -1.89964e+00 |131  0.02910 -1.81714e+00 |132  0.01904 -1.72541e+00
133  0.05354 -1.61537e+00 |134  0.01640 -1.29373e+00 |135 -0.02106 -5.73338e-01
136 -0.02164 -3.65116e-01 |137 -0.01786 -1.21839e-01 |138  0.02944  3.04161e-02
139  0.04850 -9.98215e-02 |140  0.01804 -1.92956e-01 |141  0.00359 -1.13884e-01
142 -0.00052  1.08686e-02 |143 -0.00207 -8.57437e-02 |144 -0.00047 -2.37586e-02
145  0.26835  2.50070e+01 |146  0.18051  3.40628e+01 |147  0.08671  1.59931e+00
148  0.31430 -1.07847e+01 |149 -0.49474  1.24842e-01 |150  0.31979  1.21639e-01
151  0.21572  1.44251e+01 |152  0.26940 -3.60017e+01 |153  0.21106 -4.14152e+00
154  0.26579 -2.29455e+00 |155  0.16555  1.56901e+01 |156  0.31268 -3.31860e+01
157  0.21758  2.16839e+01 |158  0.26023 -3.48043e+01 |159 -0.37607  9.68107e+00
160  0.23482 -1.57849e+01 |161  0.22735  8.51455e+00 |162  0.32609 -2.35078e+01
163 -0.39800  6.55690e+00 |164  0.23181 -1.47471e+01 |165  0.06477  7.67505e+00
166  0.15600  7.41332e+00 |167  0.32501 -1.55696e+01 |168  0.28361 -1.35729e+01
169  0.03615  9.15658e-01 |170  0.42230 -3.05480e+00 |171  0.11440 -6.20985e+01
172  0.18875 -7.35703e+01 |173  0.22427 -2.75949e+01 |174  0.26429 -8.82447e+00
175 -0.55223  6.52654e+00 |176  0.16988  7.77672e-01 |
176 variables; iteration 40; function evaluation 50; phase 3
Function value 5.0111401e+02; maximum gradient component mag -7.0060e+01
Var    Value     Gradient |Var    Value     Gradient |Var    Value     Gradient
  1 -0.45317 -2.69785e+01 |  2  0.34905  3.49036e+01 |  3 -0.19624 -1.87413e+00
  4  0.07188  9.88355e+00 |  5 -1.03290 -7.22204e-01 |  6 -0.49839  1.68362e+01
  7  0.34957  3.54026e+01 |  8 -0.24077  1.97347e+01 |  9  0.19595  9.86719e+00
 10 -1.12838 -1.52186e+00 | 11 -0.53845  2.09469e+01 | 12 -0.12702  2.14604e+01
 13 -0.00035  2.75765e-02 | 14 -0.00036  2.81256e-02 | 15 -0.00037  2.86768e-02
 16 -0.00038  2.92294e-02 | 17 -0.00040  2.97866e-02 | 18 -0.00041  3.03449e-02
 19 -0.00042  3.09025e-02 | 20 -0.00044  3.14591e-02 | 21 -0.00045  3.20137e-02
 22 -0.00046  3.25659e-02 | 23 -0.00048  3.31153e-02 | 24 -0.00049  3.36615e-02
 25 -0.00051  3.42044e-02 | 26 -0.00052  3.47435e-02 | 27 -0.00054  3.52776e-02
 28 -0.00056  3.58051e-02 | 29 -0.00058  3.63242e-02 | 30 -0.00059  3.68338e-02
 31 -0.00061  3.73372e-02 | 32 -0.00063  3.78348e-02 | 33 -0.00065  3.83277e-02
 34 -0.00067  3.88166e-02 | 35 -0.00070  3.93014e-02 | 36 -0.00072  3.97809e-02
 37 -0.00074  4.02525e-02 | 38 -0.00076  4.07154e-02 | 39 -0.00079  4.11673e-02
 40 -0.00081  4.15860e-02 | 41 -0.00084  4.20085e-02 | 42 -0.00086  4.24252e-02
 43 -0.00089  4.28384e-02 | 44 -0.00092  4.32531e-02 | 45 -0.00095  4.36667e-02
 46 -0.00098  4.40744e-02 | 47 -0.00101  4.44798e-02 | 48 -0.00104  4.48788e-02
 49 -0.00108  4.52768e-02 | 50 -0.00111  4.56858e-02 | 51 -0.00114  4.61120e-02
 52 -0.00118  4.65429e-02 | 53 -0.00121  4.69793e-02 | 54 -0.00125  4.74035e-02
 55 -0.00128  4.77906e-02 | 56 -0.00132  4.81493e-02 | 57 -0.00136  4.84990e-02
 58 -0.00140  4.88123e-02 | 59 -0.00144  4.91134e-02 | 60 -0.00148  4.93874e-02
 61 -0.00152  4.96520e-02 | 62 -0.00156  4.98482e-02 | 63 -0.00160  4.99605e-02
 64 -0.00164  5.00054e-02 | 65 -0.00168  4.98680e-02 | 66 -0.00172  4.98626e-02
 67 -0.00175  4.98502e-02 | 68 -0.00179  4.97632e-02 | 69 -0.00183  4.96410e-02
 70 -0.00186  4.94251e-02 | 71 -0.00189  4.90984e-02 | 72 -0.00192  4.85588e-02
 73 -0.00194  4.77456e-02 | 74 -0.00196  4.65901e-02 | 75 -0.00198  4.49591e-02
 76 -0.00199  4.26531e-02 | 77 -0.00200  3.95374e-02 | 78 -0.00200  3.54611e-02
 79 -0.00200  3.02240e-02 | 80 -0.00199  2.37143e-02 | 81 -0.00196  1.56797e-02
 82 -0.00193  5.84716e-03 | 83 -0.00188 -6.16275e-03 | 84 -0.00182 -2.07650e-02
 85 -0.00174 -3.82135e-02 | 86 -0.00164 -5.84418e-02 | 87 -0.00150 -8.07057e-02
 88 -0.00133 -1.03808e-01 | 89 -0.00113 -1.26321e-01 | 90 -0.00096 -1.50320e-01
 91 -0.00101 -1.84773e-01 | 92 -0.00153 -2.32251e-01 | 93 -0.00258 -2.57915e-01
 94 -0.00388 -2.42695e-01 | 95 -0.00527 -2.32947e-01 | 96 -0.00803 -2.53200e-01
 97 -0.01024 -2.12411e-01 | 98 -0.01084 -1.74784e-01 | 99 -0.00820 -2.25212e-01
100 -0.00688 -2.26273e-01 |101 -0.00742 -1.21267e-01 |102 -0.00765 -7.33803e-02
103 -0.01389  2.28619e-02 |104 -0.01216  3.41739e-01 |105  0.01287  5.57306e-01
106  0.02601  3.75664e-01 |107  0.01380  6.87309e-01 |108  0.04261  1.55940e+00
109  0.12078  3.01914e+00 |110  0.08185  1.10378e+00 |111 -0.00364  5.93886e-01
112 -0.00345  1.09914e+00 |113  0.01197  1.93311e+00 |114  0.04815  2.63872e+00
115  0.01812  5.56243e-01 |116 -0.04294  4.63040e-01 |117 -0.05963  6.31289e-01
118 -0.07276  1.04853e+00 |119 -0.00948  5.93559e-01 |120  0.02544  1.33265e+00
121  0.01584  1.72972e+00 |122 -0.02445  1.56270e+00 |123 -0.02251  5.99403e-01
124 -0.03531  1.69152e-01 |125 -0.03385  6.92884e-01 |126 -0.00832  6.33410e-01
127 -0.03525  8.11039e-01 |128  0.00527  4.63478e-01 |129  0.00570 -5.72787e-01
130  0.00775 -1.12830e+00 |131  0.02460 -1.54434e+00 |132  0.01437 -1.58804e+00
133  0.04975 -1.13464e+00 |134  0.01398 -6.66284e-01 |135 -0.02202  6.05231e-02
136 -0.02292 -9.50859e-02 |137 -0.01782  2.38019e-01 |138  0.02926  6.80737e-01
139  0.04636  3.40498e-01 |140  0.01496 -3.68890e-01 |141  0.00082 -3.90823e-01
142 -0.00209 -1.76971e-01 |143 -0.00216 -1.07522e-01 |144 -0.00042 -1.96362e-02
145  0.33160  3.26876e+00 |146  0.23428  1.49611e+01 |147  0.09020 -5.85266e+00
148  0.31429  4.44836e+00 |149 -0.49478  1.76608e-01 |150  0.31974  1.16574e-01
151  0.21857  4.07090e+00 |152  0.26992 -1.27968e+01 |153  0.21541 -2.08040e+00
154  0.26632 -6.64107e-01 |155  0.16318  5.61038e+00 |156  0.31108 -1.40184e+01
157  0.21565  6.52689e+00 |158  0.25843 -1.52787e+01 |159 -0.38330  4.34933e+00
160  0.23308 -9.46929e+00 |161  0.24807  3.66358e+00 |162  0.33202 -7.30053e+00
163 -0.41270  3.27928e+00 |164  0.22604 -9.86511e+00 |165  0.07275  3.40113e+00
166  0.15922 -3.73783e+00 |167  0.32710 -2.88823e+00 |168  0.28306 -4.30027e+00
169  0.04127  9.64116e-01 |170  0.41787 -3.57759e+00 |171  0.11889 -6.10252e+01
172  0.19408 -7.00604e+01 |173  0.22633 -4.44167e+00 |174  0.26587  1.88291e+01
175 -0.54235  3.94537e+00 |176  0.17291 -1.94691e-01 |
176 variables; iteration 60; function evaluation 74; phase 3
Function value 5.0040655e+02; maximum gradient component mag -1.4375e+01
Var    Value     Gradient |Var    Value     Gradient |Var    Value     Gradient
  1 -0.44973  1.13625e+00 |  2  0.34124  7.90725e+00 |  3 -0.19986 -8.69395e-01
  4  0.09007  2.30208e+00 |  5 -1.01306 -3.32462e-01 |  6 -0.49793  2.18407e+00
  7  0.34659  5.82091e+00 |  8 -0.24705 -2.90921e+00 |  9  0.20774  3.14833e-01
 10 -1.00406 -3.35832e-02 | 11 -0.53463  4.55262e+00 | 12 -0.12574 -5.81163e+00
 13 -0.00034 -7.09197e-03 | 14 -0.00035 -7.71691e-03 | 15 -0.00036 -8.38916e-03
 16 -0.00037 -9.11147e-03 | 17 -0.00039 -9.88743e-03 | 18 -0.00040 -1.07188e-02
 19 -0.00041 -1.16070e-02 | 20 -0.00043 -1.25532e-02 | 21 -0.00044 -1.35584e-02
 22 -0.00046 -1.46239e-02 | 23 -0.00047 -1.57512e-02 | 24 -0.00049 -1.69427e-02
 25 -0.00051 -1.82024e-02 | 26 -0.00053 -1.95365e-02 | 27 -0.00054 -2.09523e-02
 28 -0.00056 -2.24539e-02 | 29 -0.00058 -2.40366e-02 | 30 -0.00060 -2.56873e-02
 31 -0.00063 -2.73976e-02 | 32 -0.00065 -2.91679e-02 | 33 -0.00067 -3.10067e-02
 34 -0.00069 -3.29274e-02 | 35 -0.00072 -3.49454e-02 | 36 -0.00074 -3.70734e-02
 37 -0.00077 -3.93159e-02 | 38 -0.00080 -4.16658e-02 | 39 -0.00083 -4.41033e-02
 40 -0.00085 -4.65944e-02 | 41 -0.00088 -4.91263e-02 | 42 -0.00091 -5.16773e-02
 43 -0.00094 -5.42439e-02 | 44 -0.00097 -5.68316e-02 | 45 -0.00101 -5.94409e-02
 46 -0.00104 -6.20647e-02 | 47 -0.00107 -6.46976e-02 | 48 -0.00111 -6.73387e-02
 49 -0.00114 -7.00129e-02 | 50 -0.00118 -7.27832e-02 | 51 -0.00122 -7.57311e-02
 52 -0.00126 -7.89060e-02 | 53 -0.00129 -8.22914e-02 | 54 -0.00133 -8.57901e-02
 55 -0.00138 -8.92928e-02 | 56 -0.00142 -9.27831e-02 | 57 -0.00146 -9.63228e-02
 58 -0.00150 -9.99491e-02 | 59 -0.00155 -1.03686e-01 | 60 -0.00159 -1.07532e-01
 61 -0.00164 -1.11483e-01 | 62 -0.00168 -1.15487e-01 | 63 -0.00173 -1.19505e-01
 64 -0.00177 -1.23523e-01 | 65 -0.00182 -1.27495e-01 | 66 -0.00186 -1.31512e-01
 67 -0.00191 -1.35503e-01 | 68 -0.00195 -1.39430e-01 | 69 -0.00199 -1.43298e-01
 70 -0.00203 -1.47090e-01 | 71 -0.00206 -1.50823e-01 | 72 -0.00210 -1.54508e-01
 73 -0.00213 -1.58228e-01 | 74 -0.00215 -1.62139e-01 | 75 -0.00218 -1.66486e-01
 76 -0.00220 -1.71586e-01 | 77 -0.00222 -1.77829e-01 | 78 -0.00223 -1.85580e-01
 79 -0.00225 -1.95097e-01 | 80 -0.00225 -2.06565e-01 | 81 -0.00225 -2.20089e-01
 82 -0.00224 -2.35856e-01 | 83 -0.00222 -2.54223e-01 | 84 -0.00219 -2.75688e-01
 85 -0.00214 -3.00641e-01 | 86 -0.00207 -3.28796e-01 | 87 -0.00195 -3.58529e-01
 88 -0.00177 -3.86220e-01 | 89 -0.00151 -4.07033e-01 | 90 -0.00121 -4.18817e-01
 91 -0.00104 -4.30480e-01 | 92 -0.00123 -4.40314e-01 | 93 -0.00182 -3.99877e-01
 94 -0.00272 -3.24878e-01 | 95 -0.00387 -2.95585e-01 | 96 -0.00665 -3.36733e-01
 97 -0.00954 -4.49854e-01 | 98 -0.01077 -5.64225e-01 | 99 -0.00810 -6.67317e-01
100 -0.00667 -7.24719e-01 |101 -0.00782 -7.67076e-01 |102 -0.00791 -6.97601e-01
103 -0.01390 -4.24806e-01 |104 -0.01249 -4.60923e-02 |105  0.01278 -2.35777e-03
106  0.02546 -1.86136e-01 |107  0.01127 -1.50551e-01 |108  0.04360  9.86402e-01
109  0.11261  2.45150e-01 |110  0.08477 -2.82023e-01 |111 -0.00172  1.23130e-01
112 -0.00373  2.55232e-01 |113  0.00921  2.64242e-01 |114  0.04610  6.35459e-01
115  0.02054  3.09284e-02 |116 -0.04333 -2.28451e-01 |117 -0.06155 -9.51068e-01
118 -0.07571 -2.69726e-01 |119 -0.00862  6.56467e-01 |120  0.02832  1.85000e+00
121  0.01508  7.71087e-01 |122 -0.02720  1.12633e-01 |123 -0.02046  1.20372e+00
124 -0.03334  9.73920e-01 |125 -0.03643  1.41551e-01 |126 -0.01137 -9.35772e-02
127 -0.03794  5.44573e-01 |128  0.00198  2.16868e-01 |129  0.00394 -1.89105e-01
130  0.00871  6.16315e-02 |131  0.02744  2.84620e-01 |132  0.01802  4.35466e-01
133  0.05223  5.69966e-01 |134  0.01573  4.34840e-01 |135 -0.02056  7.02233e-01
136 -0.02255  2.04917e-01 |137 -0.01960 -8.10628e-02 |138  0.02808  2.35324e-01
139  0.04605  2.48104e-01 |140  0.01598 -1.06731e-01 |141  0.00073 -3.88518e-01
142 -0.00149 -4.55263e-02 |143 -0.00238 -5.25721e-02 |144 -0.00052 -3.20075e-02
145  0.32998 -9.09918e-01 |146  0.23319 -2.10122e+00 |147  0.09272 -2.74989e+00
148  0.31493  4.01385e+00 |149 -0.50415 -6.36112e-01 |150  0.29917 -1.26619e+00
151  0.22147 -1.17488e+00 |152  0.27104  2.84488e+00 |153  0.21760 -9.23359e-01
154  0.26714  8.68252e-01 |155  0.16375 -7.28730e-01 |156  0.31153  1.12882e+00
157  0.21817 -2.33757e+00 |158  0.26023  4.07314e+00 |159 -0.38269  4.56783e-02
160  0.23620  1.06670e+00 |161  0.24318  7.28115e-01 |162  0.33276 -7.65705e-01
163 -0.40916  3.53529e-01 |164  0.23023  6.51749e-01 |165  0.07135  1.29899e+00
166  0.16223 -1.41123e+00 |167  0.32767 -4.83370e-01 |168  0.28492  1.70784e+00
169  0.04304  1.43231e-01 |170  0.42666 -8.21008e-01 |171  0.12260 -1.43749e+01
172  0.20174 -9.11753e+00 |173  0.22957  9.58358e+00 |174  0.26928  1.05837e+01
175 -0.55482 -5.45726e-01 |176  0.16750 -5.58680e-01 |
Maximum number of function evaluations exceeded

 - final statistics:
176 variables; iteration 76; function evaluation 100
Function value 5.0035e+02; maximum gradient component mag -4.6952e+00
Exit code = 3;  converg criter 1.0000e+00
Var    Value     Gradient |Var    Value     Gradient |Var    Value     Gradient
  1 -0.44933  2.46389e+00 |  2  0.33823 -1.02788e+00 |  3 -0.19911 -3.49400e+00
  4  0.09629 -1.28193e+00 |  5 -0.99978 -3.71553e-03 |  6 -0.49836 -6.53405e-01
  7  0.34386 -1.72703e+00 |  8 -0.24646 -4.57004e+00 |  9  0.21552 -1.27013e+00
 10 -1.00277 -2.23724e-02 | 11 -0.53511 -2.07716e-01 | 12 -0.13336 -4.69520e+00
 13 -0.00037 -1.21421e-02 | 14 -0.00038 -1.25344e-02 | 15 -0.00039 -1.29426e-02
 16 -0.00040 -1.33673e-02 | 17 -0.00041 -1.38104e-02 | 18 -0.00043 -1.42721e-02
 19 -0.00044 -1.47530e-02 | 20 -0.00045 -1.52538e-02 | 21 -0.00047 -1.57752e-02
 22 -0.00048 -1.63183e-02 | 23 -0.00049 -1.68841e-02 | 24 -0.00051 -1.74738e-02
 25 -0.00052 -1.80892e-02 | 26 -0.00054 -1.87321e-02 | 27 -0.00056 -1.94047e-02
 28 -0.00057 -2.01079e-02 | 29 -0.00059 -2.08408e-02 | 30 -0.00061 -2.16020e-02
 31 -0.00062 -2.23921e-02 | 32 -0.00064 -2.32131e-02 | 33 -0.00066 -2.40685e-02
 34 -0.00068 -2.49625e-02 | 35 -0.00070 -2.58996e-02 | 36 -0.00073 -2.68828e-02
 37 -0.00075 -2.79128e-02 | 38 -0.00077 -2.89880e-02 | 39 -0.00079 -3.01034e-02
 40 -0.00082 -3.12456e-02 | 41 -0.00084 -3.24233e-02 | 42 -0.00087 -3.36301e-02
 43 -0.00089 -3.48670e-02 | 44 -0.00092 -3.61378e-02 | 45 -0.00095 -3.74420e-02
 46 -0.00098 -3.87774e-02 | 47 -0.00100 -4.01452e-02 | 48 -0.00104 -4.15467e-02
 49 -0.00107 -4.29938e-02 | 50 -0.00110 -4.45109e-02 | 51 -0.00113 -4.61236e-02
 52 -0.00117 -4.78392e-02 | 53 -0.00120 -4.96508e-02 | 54 -0.00124 -5.15248e-02
 55 -0.00127 -5.34267e-02 | 56 -0.00131 -5.53645e-02 | 57 -0.00134 -5.73692e-02
 58 -0.00138 -5.94428e-02 | 59 -0.00142 -6.16048e-02 | 60 -0.00146 -6.38509e-02
 61 -0.00150 -6.61883e-02 | 62 -0.00154 -6.85768e-02 | 63 -0.00158 -7.09977e-02
 64 -0.00162 -7.34552e-02 | 65 -0.00166 -7.58847e-02 | 66 -0.00170 -7.84556e-02
 67 -0.00174 -8.10880e-02 | 68 -0.00178 -8.37440e-02 | 69 -0.00182 -8.64502e-02
 70 -0.00186 -8.91857e-02 | 71 -0.00189 -9.19636e-02 | 72 -0.00192 -9.47662e-02
 73 -0.00195 -9.76295e-02 | 74 -0.00198 -1.00629e-01 | 75 -0.00200 -1.03857e-01
 76 -0.00202 -1.07412e-01 | 77 -0.00203 -1.11458e-01 | 78 -0.00204 -1.16129e-01
 79 -0.00204 -1.21471e-01 | 80 -0.00203 -1.27512e-01 | 81 -0.00201 -1.34143e-01
 82 -0.00198 -1.41247e-01 | 83 -0.00192 -1.48664e-01 | 84 -0.00184 -1.56163e-01
 85 -0.00173 -1.63319e-01 | 86 -0.00158 -1.69252e-01 | 87 -0.00138 -1.72535e-01
 88 -0.00110 -1.71452e-01 | 89 -0.00075 -1.65775e-01 | 90 -0.00040 -1.59062e-01
 91 -0.00019 -1.56663e-01 | 92 -0.00036 -1.54818e-01 | 93 -0.00104 -1.26388e-01
 94 -0.00205 -6.04629e-02 | 95 -0.00332 -3.73918e-02 | 96 -0.00610 -6.28849e-02
 97 -0.00860 -3.84893e-02 | 98 -0.00954 -6.82434e-02 | 99 -0.00664 -1.31818e-01
100 -0.00512 -2.04592e-01 |101 -0.00656 -3.64888e-01 |102 -0.00731 -4.87437e-01
103 -0.01324 -2.12262e-01 |104 -0.01236 -1.93857e-02 |105  0.01193 -2.18876e-01
106  0.02554 -2.39964e-01 |107  0.01185 -8.14804e-02 |108  0.03857 -1.55520e-01
109  0.11048 -1.39675e-01 |110  0.08873  7.78529e-03 |111 -0.00061  2.02602e-01
112 -0.00343  1.73566e-01 |113  0.00949  3.26254e-01 |114  0.04661  3.81487e-01
115  0.02268  1.75372e-02 |116 -0.04159  1.68861e-01 |117 -0.05795  3.71801e-01
118 -0.07515  5.33799e-02 |119 -0.00959  3.25179e-01 |120  0.02635  6.28377e-01
121  0.01468  5.71365e-01 |122 -0.02631  5.04644e-01 |123 -0.02321  1.87637e-01
124 -0.03527  4.27047e-01 |125 -0.03680  5.21972e-01 |126 -0.01185  1.82530e-01
127 -0.03941  2.52444e-01 |128  0.00178  2.31054e-01 |129  0.00529  1.28686e-01
130  0.00938  3.07015e-01 |131  0.02666  1.47939e-01 |132  0.01683  1.83553e-01
133  0.05042 -1.21935e-01 |134  0.01440 -1.29903e-01 |135 -0.02299 -5.14282e-02
136 -0.02302  8.03921e-02 |137 -0.01983 -1.11907e-01 |138  0.02618 -2.50390e-01
139  0.04449 -1.42105e-01 |140  0.01607 -7.18632e-02 |141  0.00129 -8.94392e-02
142 -0.00091  1.66966e-01 |143 -0.00196  6.29300e-02 |144 -0.00033  9.46220e-03
145  0.34180 -1.18008e+00 |146  0.24239 -1.20577e+00 |147  0.09301 -1.20183e+00
148  0.31485  1.77695e+00 |149 -0.49557  1.67689e-02 |150  0.31840  3.93180e-02
151  0.22180 -8.92569e-01 |152  0.27097  1.93279e+00 |153  0.21766 -6.75445e-01
154  0.26705  4.87141e-01 |155  0.16379 -8.68214e-01 |156  0.31143  9.97013e-01
157  0.21865 -8.97999e-01 |158  0.26020  1.43809e+00 |159 -0.38357 -1.65144e-01
160  0.23594  5.35068e-01 |161  0.24353 -9.35974e-02 |162  0.33264  4.35715e-01
163 -0.41438 -4.42176e-01 |164  0.22824  1.95903e-01 |165  0.07060 -9.16467e-02
166  0.16264 -7.10573e-01 |167  0.32712  2.65160e-01 |168  0.28488  9.20798e-01
169  0.04346 -3.87472e-01 |170  0.43042  8.34123e-02 |171  0.12306 -2.34850e+00
172  0.20200 -2.37751e+00 |173  0.22961  1.39075e+00 |174  0.26923  3.15340e+00
175 -0.55017 -1.36383e-01 |176  0.17082 -4.65281e-02 |

Initial statistics: 200 variables; iteration 0; function evaluation 0; phase 4
Function value 5.0035149e+02; maximum gradient component mag -2.4125e+02
Var    Value     Gradient |Var    Value     Gradient |Var    Value     Gradient
  1 -0.44933  2.46389e+00 |  2  0.33823 -1.02788e+00 |  3 -0.19911 -3.49400e+00
  4  0.09629 -1.28193e+00 |  5 -0.99978 -3.71553e-03 |  6 -0.49836 -6.53405e-01
  7  0.34386 -1.72703e+00 |  8 -0.24646 -4.57004e+00 |  9  0.21552 -1.27013e+00
 10 -0.99723  2.23724e-02 | 11 -0.53511 -2.07716e-01 | 12 -0.13336 -4.69520e+00
 13 -0.00037 -1.21421e-02 | 14 -0.00038 -1.25344e-02 | 15 -0.00039 -1.29426e-02
 16 -0.00040 -1.33673e-02 | 17 -0.00041 -1.38104e-02 | 18 -0.00043 -1.42721e-02
 19 -0.00044 -1.47530e-02 | 20 -0.00045 -1.52538e-02 | 21 -0.00047 -1.57752e-02
 22 -0.00048 -1.63183e-02 | 23 -0.00049 -1.68841e-02 | 24 -0.00051 -1.74738e-02
 25 -0.00052 -1.80892e-02 | 26 -0.00054 -1.87321e-02 | 27 -0.00056 -1.94047e-02
 28 -0.00057 -2.01079e-02 | 29 -0.00059 -2.08408e-02 | 30 -0.00061 -2.16020e-02
 31 -0.00062 -2.23921e-02 | 32 -0.00064 -2.32131e-02 | 33 -0.00066 -2.40685e-02
 34 -0.00068 -2.49625e-02 | 35 -0.00070 -2.58996e-02 | 36 -0.00073 -2.68828e-02
 37 -0.00075 -2.79128e-02 | 38 -0.00077 -2.89880e-02 | 39 -0.00079 -3.01034e-02
 40 -0.00082 -3.12456e-02 | 41 -0.00084 -3.24233e-02 | 42 -0.00087 -3.36301e-02
 43 -0.00089 -3.48670e-02 | 44 -0.00092 -3.61378e-02 | 45 -0.00095 -3.74420e-02
 46 -0.00098 -3.87774e-02 | 47 -0.00100 -4.01452e-02 | 48 -0.00104 -4.15467e-02
 49 -0.00107 -4.29938e-02 | 50 -0.00110 -4.45109e-02 | 51 -0.00113 -4.61236e-02
 52 -0.00117 -4.78392e-02 | 53 -0.00120 -4.96508e-02 | 54 -0.00124 -5.15248e-02
 55 -0.00127 -5.34267e-02 | 56 -0.00131 -5.53645e-02 | 57 -0.00134 -5.73692e-02
 58 -0.00138 -5.94428e-02 | 59 -0.00142 -6.16048e-02 | 60 -0.00146 -6.38509e-02
 61 -0.00150 -6.61883e-02 | 62 -0.00154 -6.85768e-02 | 63 -0.00158 -7.09977e-02
 64 -0.00162 -7.34552e-02 | 65 -0.00166 -7.58847e-02 | 66 -0.00170 -7.84556e-02
 67 -0.00174 -8.10880e-02 | 68 -0.00178 -8.37440e-02 | 69 -0.00182 -8.64502e-02
 70 -0.00186 -8.91857e-02 | 71 -0.00189 -9.19636e-02 | 72 -0.00192 -9.47662e-02
 73 -0.00195 -9.76295e-02 | 74 -0.00198 -1.00629e-01 | 75 -0.00200 -1.03857e-01
 76 -0.00202 -1.07412e-01 | 77 -0.00203 -1.11458e-01 | 78 -0.00204 -1.16129e-01
 79 -0.00204 -1.21471e-01 | 80 -0.00203 -1.27512e-01 | 81 -0.00201 -1.34143e-01
 82 -0.00198 -1.41247e-01 | 83 -0.00192 -1.48664e-01 | 84 -0.00184 -1.56163e-01
 85 -0.00173 -1.63319e-01 | 86 -0.00158 -1.69252e-01 | 87 -0.00138 -1.72535e-01
 88 -0.00110 -1.71452e-01 | 89 -0.00075 -1.65775e-01 | 90 -0.00040 -1.59062e-01
 91 -0.00019 -1.56663e-01 | 92 -0.00036 -1.54818e-01 | 93 -0.00104 -1.26388e-01
 94 -0.00205 -6.04629e-02 | 95 -0.00332 -3.73918e-02 | 96 -0.00610 -6.28849e-02
 97 -0.00860 -3.84893e-02 | 98 -0.00954 -6.82434e-02 | 99 -0.00664 -1.31818e-01
100 -0.00512 -2.04592e-01 |101 -0.00656 -3.64888e-01 |102 -0.00731 -4.87437e-01
103 -0.01324 -2.12262e-01 |104 -0.01236 -1.93857e-02 |105  0.01193 -2.18876e-01
106  0.02554 -2.39964e-01 |107  0.01185 -8.14804e-02 |108  0.03857 -1.55520e-01
109  0.11048 -1.39675e-01 |110  0.08873  7.78529e-03 |111 -0.00061  2.02602e-01
112 -0.00343  1.73566e-01 |113  0.00949  3.26254e-01 |114  0.04661  3.81487e-01
115  0.02268  1.75372e-02 |116 -0.04159  1.68861e-01 |117 -0.05795  3.71801e-01
118 -0.07515  5.33799e-02 |119 -0.00959  3.25179e-01 |120  0.02635  6.28377e-01
121  0.01468  5.71365e-01 |122 -0.02631  5.04644e-01 |123 -0.02321  1.87637e-01
124 -0.03527  4.27047e-01 |125 -0.03680  5.21972e-01 |126 -0.01185  1.82530e-01
127 -0.03941  2.52444e-01 |128  0.00178  2.31054e-01 |129  0.00529  1.28686e-01
130  0.00938  3.07015e-01 |131  0.02666  1.47939e-01 |132  0.01683  1.83553e-01
133  0.05042 -1.21935e-01 |134  0.01440 -1.29903e-01 |135 -0.02299 -5.14282e-02
136 -0.02302  8.03921e-02 |137 -0.01983 -1.11907e-01 |138  0.02618 -2.50390e-01
139  0.04449 -1.42105e-01 |140  0.01607 -7.18632e-02 |141  0.00129 -8.94392e-02
142 -0.00091  1.66966e-01 |143 -0.00196  6.29300e-02 |144 -0.00033  9.46220e-03
145  0.34180 -1.18008e+00 |146  0.24239 -1.20577e+00 |147  0.09301 -1.20183e+00
148  0.31485  1.77695e+00 |149  0.01638 -1.59916e+01 |150 -0.11477 -2.16525e+01
151 -0.49557  1.67689e-02 |152  0.31840  3.93180e-02 |153  0.04878  7.65755e-01
154 -0.23502  3.10136e+00 |155  0.22180 -8.92569e-01 |156  0.27097  1.93279e+00
157  0.21766 -6.75445e-01 |158  0.26705  4.87141e-01 |159  0.00587  9.98212e-01
160 -0.09827 -2.93235e+01 |161  0.16379 -8.68214e-01 |162  0.31143  9.97013e-01
163  0.21865 -8.97999e-01 |164  0.26020  1.43809e+00 |165 -0.38357 -1.65144e-01
166  0.23594  5.35068e-01 |167  0.05275  9.34496e+00 |168 -0.18762 -1.24533e+01
169  0.24353 -9.35974e-02 |170  0.33264  4.35715e-01 |171  0.07774 -3.92474e+01
172 -0.53183 -7.47706e-03 |173 -0.41438 -4.42176e-01 |174  0.22824  1.95903e-01
175  0.07820  1.92664e+01 |176 -0.12196  7.75903e+01 |177  0.07060 -9.16467e-02
178  0.16264 -7.10573e-01 |179  0.32712  2.65160e-01 |180  0.28488  9.20798e-01
181  0.00546 -3.15873e+00 |182  0.00907 -2.79353e+01 |183 -0.15012 -3.25266e+01
184 -0.12571 -9.89525e+01 |185  0.04346 -3.87472e-01 |186  0.43042  8.34123e-02
187  0.01863 -6.08584e+00 |188 -0.15435 -1.95396e+01 |189  0.12306 -2.34850e+00
190  0.20200 -2.37751e+00 |191  0.22961  1.39075e+00 |192  0.26923  3.15340e+00
193  0.02453 -1.47541e+02 |194 -0.00648 -6.25460e+01 |195 -0.17628 -1.31449e+02
196 -0.11429 -2.41255e+02 |197 -0.55017 -1.36383e-01 |198  0.17082 -4.65281e-02
199  0.09511  1.39075e+01 |200 -0.25343  3.08337e+00 |

Intermediate statistics: 200 variables; iteration 20; function evaluation 23; phase 4
Function value 4.9515896e+02; maximum gradient component mag 2.5693e+02
Var    Value     Gradient |Var    Value     Gradient |Var    Value     Gradient
  1 -0.45005  2.52522e+01 |  2  0.34146  1.99998e+01 |  3 -0.23019 -2.60885e+01
  4  0.10954 -4.71042e+00 |  5 -0.99977 -2.62386e-03 |  6 -0.48542  1.85769e+01
  7  0.34402  9.03140e+00 |  8 -0.26791 -5.82401e+00 |  9  0.23204 -6.01538e+00
 10 -0.99742  2.07166e-02 | 11 -0.52660  5.60160e+01 | 12 -0.13909 -5.91301e+01
 13 -0.00061 -2.25100e-01 | 14 -0.00063 -2.31707e-01 | 15 -0.00064 -2.38504e-01
 16 -0.00066 -2.45496e-01 | 17 -0.00068 -2.52699e-01 | 18 -0.00070 -2.60112e-01
 19 -0.00072 -2.67734e-01 | 20 -0.00074 -2.75572e-01 | 21 -0.00077 -2.83629e-01
 22 -0.00079 -2.91913e-01 | 23 -0.00081 -3.00428e-01 | 24 -0.00083 -3.09184e-01
 25 -0.00086 -3.18189e-01 | 26 -0.00088 -3.27453e-01 | 27 -0.00091 -3.36985e-01
 28 -0.00094 -3.46791e-01 | 29 -0.00096 -3.56874e-01 | 30 -0.00099 -3.67229e-01
 31 -0.00102 -3.77866e-01 | 32 -0.00105 -3.88795e-01 | 33 -0.00108 -4.00032e-01
 34 -0.00111 -4.11601e-01 | 35 -0.00114 -4.23520e-01 | 36 -0.00118 -4.35806e-01
 37 -0.00121 -4.48462e-01 | 38 -0.00125 -4.61491e-01 | 39 -0.00128 -4.74881e-01
 40 -0.00132 -4.88548e-01 | 41 -0.00136 -5.02604e-01 | 42 -0.00140 -5.17012e-01
 43 -0.00144 -5.31786e-01 | 44 -0.00148 -5.46957e-01 | 45 -0.00152 -5.62539e-01
 46 -0.00157 -5.78532e-01 | 47 -0.00161 -5.94962e-01 | 48 -0.00166 -6.11833e-01
 49 -0.00171 -6.29186e-01 | 50 -0.00175 -6.47102e-01 | 51 -0.00181 -6.65663e-01
 52 -0.00186 -6.84884e-01 | 53 -0.00191 -7.04799e-01 | 54 -0.00196 -7.25328e-01
 55 -0.00202 -7.46334e-01 | 56 -0.00208 -7.67817e-01 | 57 -0.00214 -7.89889e-01
 58 -0.00220 -8.12537e-01 | 59 -0.00226 -8.35889e-01 | 60 -0.00232 -8.59922e-01
 61 -0.00238 -8.84715e-01 | 62 -0.00245 -9.10072e-01 | 63 -0.00252 -9.35935e-01
 64 -0.00258 -9.62362e-01 | 65 -0.00265 -9.88988e-01 | 66 -0.00272 -1.01690e+00
 67 -0.00278 -1.04566e+00 | 68 -0.00285 -1.07506e+00 | 69 -0.00292 -1.10531e+00
 70 -0.00299 -1.13629e+00 | 71 -0.00305 -1.16806e+00 | 72 -0.00311 -1.20046e+00
 73 -0.00317 -1.23354e+00 | 74 -0.00323 -1.26745e+00 | 75 -0.00328 -1.30225e+00
 76 -0.00332 -1.33796e+00 | 77 -0.00336 -1.37494e+00 | 78 -0.00339 -1.41355e+00
 79 -0.00340 -1.45397e+00 | 80 -0.00341 -1.49654e+00 | 81 -0.00339 -1.54113e+00
 82 -0.00335 -1.58763e+00 | 83 -0.00328 -1.63588e+00 | 84 -0.00318 -1.68577e+00
 85 -0.00303 -1.73752e+00 | 86 -0.00283 -1.79129e+00 | 87 -0.00256 -1.84744e+00
 88 -0.00221 -1.90566e+00 | 89 -0.00176 -1.96687e+00 | 90 -0.00126 -2.03124e+00
 91 -0.00080 -2.10091e+00 | 92 -0.00059 -2.17324e+00 | 93 -0.00082 -2.23906e+00
 94 -0.00138 -2.28645e+00 | 95 -0.00207 -2.30962e+00 | 96 -0.00420 -2.29686e+00
 97 -0.00637 -2.21757e+00 | 98 -0.00702 -2.14181e+00 | 99 -0.00378 -2.13699e+00
100 -0.00149 -2.13926e+00 |101 -0.00141 -2.06239e+00 |102 -0.00091 -1.87671e+00
103 -0.00708 -1.56976e+00 |104 -0.00543 -1.25264e+00 |105  0.02214 -1.08919e+00
106  0.03692 -8.84286e-01 |107  0.02339 -2.87536e-01 |108  0.05435  2.66708e-01
109  0.13353  9.62481e-01 |110  0.09304  1.38850e+00 |111  0.00129  6.75416e-01
112 -0.00013  1.28266e+00 |113  0.01410  2.18085e+00 |114  0.04857  3.00999e+00
115  0.02256  1.40067e+00 |116 -0.03999  1.21153e+00 |117 -0.05653  1.54498e+00
118 -0.07089  1.96860e+00 |119 -0.00587  3.90334e+00 |120  0.02644  4.57933e+00
121  0.01371  3.73284e+00 |122 -0.02796  3.02575e+00 |123 -0.02536  3.45391e+00
124 -0.03802  3.24001e+00 |125 -0.03934  3.46270e+00 |126 -0.01582  3.90681e+00
127 -0.04305  2.82551e+00 |128 -0.00327  3.11788e+00 |129  0.00048  2.03801e+00
130  0.00516  1.25886e+00 |131  0.02173  7.19824e-01 |132  0.01234  3.65786e-02
133  0.04485 -1.41534e-01 |134  0.01074 -2.63129e-01 |135 -0.02512  1.85591e-01
136 -0.02559  2.16596e-01 |137 -0.02170  2.69383e-01 |138  0.02147  2.77608e-01
139  0.03818 -2.49135e-01 |140  0.01045 -2.35300e-01 |141 -0.00141 -1.19188e-01
142 -0.00233  4.83965e-02 |143 -0.00210  5.43540e-02 |144 -0.00036  1.77786e-02
145  0.34524 -1.14352e+01 |146  0.25398 -4.48300e+00 |147  0.09439 -1.60520e+01
148  0.31607  3.17284e+01 |149  0.01902 -3.58754e+00 |150 -0.10215  6.87270e+00
151 -0.49547  2.01493e-01 |152  0.31741  7.99775e-02 |153  0.04717  1.85526e-01
154 -0.24183 -9.31391e-02 |155  0.23541  2.68018e+00 |156  0.27359 -4.11209e+00
157  0.22799  1.08701e+01 |158  0.26989 -1.09077e+01 |159 -0.00808  4.05474e+00
160 -0.07748  1.10222e+01 |161  0.18617  5.42806e+00 |162  0.31465 -9.51599e+00
163  0.24406  2.04004e+01 |164  0.26591 -3.66502e+01 |165 -0.37810  5.52108e-01
166  0.23806 -5.35302e-01 |167  0.04886  2.63819e+00 |168 -0.18615 -3.47967e+01
169  0.21679 -1.52377e+00 |170  0.33038  3.64282e+00 |171  0.08537 -2.82272e+01
172 -0.53180 -4.99276e-03 |173 -0.39147 -2.64494e+00 |174  0.23347  3.62939e+00
175  0.06725  6.88140e+00 |176 -0.13072  2.99982e-01 |177  0.07446 -2.32776e+00
178  0.16028  1.25578e-01 |179  0.33061  4.72523e+00 |180  0.28247 -5.58501e+00
181 -0.00112  7.18779e-01 |182  0.00460 -5.91669e+00 |183 -0.12381 -4.87109e+00
184 -0.10251 -1.54081e+01 |185  0.03961  4.11239e-01 |186  0.43715 -5.91764e-01
187  0.01977  1.02808e+00 |188 -0.12698  7.56680e-01 |189  0.11953 -1.76450e+02
190  0.19993 -1.49276e+02 |191  0.22950  1.64481e+02 |192  0.27181  2.56933e+02
193  0.02825 -1.36622e+02 |194 -0.01047 -3.74450e+01 |195 -0.16522 -9.39102e+01
196 -0.09835 -8.52206e+01 |197 -0.54143 -1.52590e+00 |198  0.17180 -8.31637e-01
199  0.08995 -1.29671e+01 |200 -0.25171 -3.10601e+00 |
200 variables; iteration 40; function evaluation 46; phase 4
Function value 4.9461557e+02; maximum gradient component mag 1.8089e+02
Var    Value     Gradient |Var    Value     Gradient |Var    Value     Gradient
  1 -0.44973  1.82229e+01 |  2  0.32830  7.56443e+00 |  3 -0.24338 -1.32701e+01
  4  0.15165 -3.76199e+00 |  5 -0.99974 -2.91200e-04 |  6 -0.48386  1.92333e+01
  7  0.33500 -1.30862e+00 |  8 -0.27446  1.55317e+01 |  9  0.26642 -3.12013e+00
 10 -0.99844  1.10940e-02 | 11 -0.52835  5.43371e+01 | 12 -0.14214 -4.58113e+01
 13 -0.00053 -1.40256e-01 | 14 -0.00054 -1.44367e-01 | 15 -0.00056 -1.48596e-01
 16 -0.00057 -1.52947e-01 | 17 -0.00059 -1.57428e-01 | 18 -0.00061 -1.62039e-01
 19 -0.00063 -1.66781e-01 | 20 -0.00064 -1.71657e-01 | 21 -0.00066 -1.76669e-01
 22 -0.00068 -1.81822e-01 | 23 -0.00070 -1.87118e-01 | 24 -0.00072 -1.92564e-01
 25 -0.00074 -1.98164e-01 | 26 -0.00077 -2.03925e-01 | 27 -0.00079 -2.09853e-01
 28 -0.00081 -2.15951e-01 | 29 -0.00083 -2.22221e-01 | 30 -0.00086 -2.28660e-01
 31 -0.00088 -2.35273e-01 | 32 -0.00091 -2.42067e-01 | 33 -0.00093 -2.49052e-01
 34 -0.00096 -2.56243e-01 | 35 -0.00099 -2.63651e-01 | 36 -0.00102 -2.71288e-01
 37 -0.00105 -2.79155e-01 | 38 -0.00108 -2.87256e-01 | 39 -0.00111 -2.95581e-01
 40 -0.00114 -3.04082e-01 | 41 -0.00117 -3.12824e-01 | 42 -0.00121 -3.21784e-01
 43 -0.00124 -3.30971e-01 | 44 -0.00128 -3.40405e-01 | 45 -0.00131 -3.50092e-01
 46 -0.00135 -3.60035e-01 | 47 -0.00139 -3.70248e-01 | 48 -0.00143 -3.80734e-01
 49 -0.00147 -3.91520e-01 | 50 -0.00152 -4.02657e-01 | 51 -0.00156 -4.14196e-01
 52 -0.00160 -4.26151e-01 | 53 -0.00165 -4.38542e-01 | 54 -0.00170 -4.51320e-01
 55 -0.00174 -4.64405e-01 | 56 -0.00179 -4.77796e-01 | 57 -0.00184 -4.91564e-01
 58 -0.00190 -5.05703e-01 | 59 -0.00195 -5.20294e-01 | 60 -0.00200 -5.35323e-01
 61 -0.00206 -5.50838e-01 | 62 -0.00212 -5.66727e-01 | 63 -0.00217 -5.82960e-01
 64 -0.00223 -5.99576e-01 | 65 -0.00229 -6.16366e-01 | 66 -0.00235 -6.33974e-01
 67 -0.00241 -6.52145e-01 | 68 -0.00247 -6.70772e-01 | 69 -0.00253 -6.89968e-01
 70 -0.00259 -7.09672e-01 | 71 -0.00264 -7.29922e-01 | 72 -0.00270 -7.50623e-01
 73 -0.00275 -7.71806e-01 | 74 -0.00280 -7.93550e-01 | 75 -0.00285 -8.15904e-01
 76 -0.00289 -8.38893e-01 | 77 -0.00292 -8.62749e-01 | 78 -0.00295 -8.87710e-01
 79 -0.00296 -9.13888e-01 | 80 -0.00297 -9.41484e-01 | 81 -0.00295 -9.70378e-01
 82 -0.00292 -1.00044e+00 | 83 -0.00286 -1.03149e+00 | 84 -0.00276 -1.06339e+00
 85 -0.00263 -1.09620e+00 | 86 -0.00244 -1.12990e+00 | 87 -0.00218 -1.16449e+00
 88 -0.00184 -1.19934e+00 | 89 -0.00139 -1.23407e+00 | 90 -0.00085 -1.26683e+00
 91 -0.00029 -1.29553e+00 | 92  0.00012 -1.31537e+00 | 93  0.00012 -1.32309e+00
 94 -0.00035 -1.32324e+00 | 95 -0.00114 -1.32651e+00 | 96 -0.00343 -1.33191e+00
 97 -0.00651 -1.35725e+00 | 98 -0.00794 -1.40312e+00 | 99 -0.00504 -1.47721e+00
100 -0.00232 -1.49924e+00 |101 -0.00169 -1.42864e+00 |102 -0.00162 -1.35388e+00
103 -0.00808 -1.22629e+00 |104 -0.00650 -1.02722e+00 |105  0.01995 -9.84944e-01
106  0.03573 -1.08183e+00 |107  0.02284 -5.86677e-01 |108  0.05161 -2.76234e-01
109  0.12395 -6.16618e-01 |110  0.09569 -7.17452e-01 |111  0.00243 -8.99733e-02
112 -0.00142  5.77139e-01 |113  0.01042  1.14605e+00 |114  0.04548  1.53118e+00
115  0.03067  9.34149e-01 |116 -0.03690  4.78197e-01 |117 -0.05492  3.34581e-01
118 -0.07257  1.89509e-01 |119 -0.01106  3.89536e-01 |120  0.02678  1.32569e+00
121  0.01534  1.55047e+00 |122 -0.02685  1.76424e+00 |123 -0.02530  2.09873e+00
124 -0.03826  2.15581e+00 |125 -0.04241  2.27078e+00 |126 -0.01941  2.73376e+00
127 -0.04619  2.19851e+00 |128 -0.00686  2.67342e+00 |129 -0.00008  2.15461e+00
130  0.00553  1.70409e+00 |131  0.02180  1.22073e+00 |132  0.01377  7.10085e-01
133  0.04766  5.95834e-01 |134  0.01396  1.65147e-01 |135 -0.02514  9.25487e-02
136 -0.02651  2.79019e-02 |137 -0.02386  6.98765e-02 |138  0.01829  6.16937e-02
139  0.03879 -1.99718e-02 |140  0.01178 -1.05258e-01 |141 -0.00013 -2.00957e-02
142 -0.00161  7.44361e-02 |143 -0.00259  1.51237e-02 |144 -0.00048  4.88713e-03
145  0.35387 -1.20379e+01 |146  0.25976 -3.03634e+00 |147  0.09524 -1.47384e+01
148  0.31567  1.76084e+01 |149  0.01704 -6.87466e+00 |150 -0.10082 -2.82495e+00
151 -0.49866 -3.18946e-01 |152  0.31584  6.65186e-02 |153  0.04733 -7.74793e-01
154 -0.24222  1.56464e-01 |155  0.23806 -1.25861e+00 |156  0.27404  4.67148e-01
157  0.22625  1.03909e+01 |158  0.26803 -2.19266e+01 |159 -0.01588  9.41406e-01
160 -0.07354  1.03870e+01 |161  0.18673 -4.68481e-01 |162  0.31461 -4.97077e-01
163  0.24100  1.37527e+01 |164  0.26425 -3.36327e+01 |165 -0.37805 -1.02405e+00
166  0.23871  1.14297e+00 |167  0.04860 -2.80887e+00 |168 -0.18735 -3.74208e+01
169  0.15497 -2.29024e+00 |170  0.31585 -4.81167e+00 |171  0.09380 -1.91299e+01
172 -0.53170 -3.30087e-03 |173 -0.36328 -7.96182e-01 |174  0.24334  4.86928e+00
175  0.06135  4.01753e+00 |176 -0.13265 -7.67672e+00 |177  0.09310  1.87257e+00
178  0.15775  1.19162e+00 |179  0.33454 -5.15294e+00 |180  0.28062 -1.73077e+01
181 -0.03295 -5.47930e-01 |182 -0.00214 -6.98552e+00 |183 -0.11969  1.25315e+00
184 -0.09904 -1.31775e+01 |185  0.04351  1.47993e+00 |186  0.44898 -4.70941e-02
187  0.01802  1.60265e+00 |188 -0.12687 -4.36198e-01 |189  0.11920 -1.72565e+02
190  0.21299 -7.64497e+01 |191  0.22997  1.70396e+02 |192  0.27594  1.80888e+02
193  0.02791 -1.20082e+02 |194 -0.05633 -2.19945e+00 |195 -0.16248 -8.34691e+01
196 -0.08813  4.25902e+01 |197 -0.52384 -5.86914e-01 |198  0.18210  1.14977e+00
199  0.08835 -5.67615e+00 |200 -0.25176 -1.53857e+00 |
  ic > imax  in fminim is answer attained ?
Var    Value     Gradient |Var    Value     Gradient |Var    Value     Gradient
  1 -0.44954  1.86547e+01 |  2  0.32679  5.01620e+00 |  3 -0.24428 -1.39888e+01
  4  0.15617 -4.48733e+00 |  5 -0.99974 -3.83302e-04 |  6 -0.48381  1.75670e+01
  7  0.33367 -4.01003e+00 |  8 -0.27557  1.33898e+01 |  9  0.27145 -3.84054e+00
 10 -0.99915  4.94147e-03 | 11 -0.52800  5.29848e+01 | 12 -0.14140 -4.22627e+01
 13 -0.00053 -1.36369e-01 | 14 -0.00055 -1.40358e-01 | 15 -0.00056 -1.44461e-01
 16 -0.00058 -1.48682e-01 | 17 -0.00060 -1.53029e-01 | 18 -0.00061 -1.57502e-01
 19 -0.00063 -1.62101e-01 | 20 -0.00065 -1.66829e-01 | 21 -0.00067 -1.71689e-01
 22 -0.00069 -1.76684e-01 | 23 -0.00071 -1.81818e-01 | 24 -0.00073 -1.87096e-01
 25 -0.00075 -1.92522e-01 | 26 -0.00077 -1.98104e-01 | 27 -0.00079 -2.03846e-01
 28 -0.00082 -2.09752e-01 | 29 -0.00084 -2.15824e-01 | 30 -0.00087 -2.22059e-01
 31 -0.00089 -2.28462e-01 | 32 -0.00092 -2.35038e-01 | 33 -0.00094 -2.41797e-01
 34 -0.00097 -2.48752e-01 | 35 -0.00100 -2.55916e-01 | 36 -0.00103 -2.63300e-01
 37 -0.00106 -2.70906e-01 | 38 -0.00109 -2.78738e-01 | 39 -0.00112 -2.86790e-01
 40 -0.00115 -2.95013e-01 | 41 -0.00118 -3.03469e-01 | 42 -0.00122 -3.12137e-01
 43 -0.00125 -3.21023e-01 | 44 -0.00129 -3.30146e-01 | 45 -0.00132 -3.39514e-01
 46 -0.00136 -3.49126e-01 | 47 -0.00140 -3.58998e-01 | 48 -0.00144 -3.69131e-01
 49 -0.00148 -3.79547e-01 | 50 -0.00153 -3.90296e-01 | 51 -0.00157 -4.01429e-01
 52 -0.00162 -4.12965e-01 | 53 -0.00166 -4.24929e-01 | 54 -0.00171 -4.37278e-01
 55 -0.00176 -4.49930e-01 | 56 -0.00181 -4.62884e-01 | 57 -0.00186 -4.76203e-01
 58 -0.00191 -4.89887e-01 | 59 -0.00196 -5.04015e-01 | 60 -0.00202 -5.18576e-01
 61 -0.00207 -5.33617e-01 | 62 -0.00213 -5.49037e-01 | 63 -0.00219 -5.64809e-01
 64 -0.00225 -5.80974e-01 | 65 -0.00231 -5.97340e-01 | 66 -0.00237 -6.14510e-01
 67 -0.00243 -6.32253e-01 | 68 -0.00249 -6.50470e-01 | 69 -0.00255 -6.69272e-01
 70 -0.00261 -6.88603e-01 | 71 -0.00267 -7.08498e-01 | 72 -0.00273 -7.28869e-01
 73 -0.00278 -7.49738e-01 | 74 -0.00283 -7.71174e-01 | 75 -0.00288 -7.93216e-01
 76 -0.00293 -8.15888e-01 | 77 -0.00296 -8.39409e-01 | 78 -0.00299 -8.64007e-01
 79 -0.00301 -8.89794e-01 | 80 -0.00302 -9.16952e-01 | 81 -0.00301 -9.45353e-01
 82 -0.00298 -9.74841e-01 | 83 -0.00292 -1.00518e+00 | 84 -0.00283 -1.03621e+00
 85 -0.00270 -1.06790e+00 | 86 -0.00251 -1.10023e+00 | 87 -0.00226 -1.13318e+00
 88 -0.00192 -1.16614e+00 | 89 -0.00148 -1.19845e+00 | 90 -0.00094 -1.22724e+00
 91 -0.00036 -1.24838e+00 | 92  0.00009 -1.25523e+00 | 93  0.00016 -1.24659e+00
 94 -0.00024 -1.23276e+00 | 95 -0.00098 -1.22528e+00 | 96 -0.00321 -1.21910e+00
 97 -0.00632 -1.24856e+00 | 98 -0.00781 -1.31013e+00 | 99 -0.00503 -1.41686e+00
100 -0.00236 -1.44780e+00 |101 -0.00171 -1.36456e+00 |102 -0.00183 -1.30710e+00
103 -0.00845 -1.22321e+00 |104 -0.00704 -1.07921e+00 |105  0.01907 -1.08335e+00
106  0.03465 -1.27817e+00 |107  0.02214 -7.26924e-01 |108  0.05239 -1.10841e-01
109  0.12243 -8.11456e-01 |110  0.09701 -6.49411e-01 |111  0.00439  3.82128e-01
112 -0.00059  9.30562e-01 |113  0.00986  9.33031e-01 |114  0.04518  1.44336e+00
115  0.03176  1.10205e+00 |116 -0.03640  6.05571e-01 |117 -0.05454  4.74313e-01
118 -0.07276  1.51102e-01 |119 -0.01112  4.71180e-01 |120  0.02751  1.61180e+00
121  0.01583  1.74418e+00 |122 -0.02661  1.71260e+00 |123 -0.02539  1.92103e+00
124 -0.03840  2.04879e+00 |125 -0.04299  2.09080e+00 |126 -0.01996  2.57236e+00
127 -0.04672  2.03546e+00 |128 -0.00761  2.43520e+00 |129 -0.00039  1.97283e+00
130  0.00550  1.61377e+00 |131  0.02191  1.22633e+00 |132  0.01407  8.65923e-01
133  0.04824  9.35997e-01 |134  0.01467  4.38670e-01 |135 -0.02499  1.68954e-01
136 -0.02641  3.88780e-02 |137 -0.02374  7.52646e-02 |138  0.01844  1.25627e-01
139  0.03937  1.81964e-01 |140  0.01208 -4.49263e-02 |141 -0.00037 -9.47099e-02
142 -0.00196 -2.23743e-02 |143 -0.00256  8.00409e-03 |144 -0.00045  6.59779e-03
145  0.35384 -1.12507e+01 |146  0.25800 -1.79518e+00 |147  0.09563 -1.37641e+01
148  0.31593  1.78547e+01 |149  0.01745 -6.12874e+00 |150 -0.10113 -3.79907e+00
151 -0.49924 -2.52397e-01 |152  0.31546  5.11165e-02 |153  0.04759 -4.01555e-01
154 -0.24210  4.08966e-01 |155  0.23877 -1.18578e+00 |156  0.27437  1.55655e+00
157  0.22699  9.73101e+00 |158  0.26847 -2.06998e+01 |159 -0.01764  6.33938e-01
160 -0.07353  9.69142e+00 |161  0.18678 -8.26534e-01 |162  0.31468  6.11218e-02
163  0.24194  1.34689e+01 |164  0.26478 -3.15659e+01 |165 -0.37755 -1.43316e-01
166  0.23820 -1.56441e+00 |167  0.04831 -3.69144e+00 |168 -0.18769 -3.65780e+01
169  0.15657 -2.09758e+00 |170  0.31639 -4.41169e+00 |171  0.09351 -1.87795e+01
172 -0.53162 -3.33123e-03 |173 -0.36967 -1.15455e+00 |174  0.24112  4.33802e+00
175  0.06257  4.15310e+00 |176 -0.13284 -7.09796e+00 |177  0.09375  1.99893e+00
178  0.15839  1.33937e+00 |179  0.33520 -4.50950e+00 |180  0.28107 -1.58426e+01
181 -0.03437 -4.25854e-01 |182 -0.00353 -7.12053e+00 |183 -0.11883  3.13267e+00
184 -0.09870 -1.28079e+01 |185  0.04180  9.67492e-01 |186  0.45111  1.07471e-01
187  0.01888  1.22569e+00 |188 -0.12716 -9.54318e-01 |189  0.11871 -1.69736e+02
190  0.21299 -7.44642e+01 |191  0.22958  1.65430e+02 |192  0.27587  1.75488e+02
193  0.02834 -1.15918e+02 |194 -0.05634 -2.07193e+00 |195 -0.16247 -8.14508e+01
196 -0.08816  4.11952e+01 |197 -0.52183 -3.07801e-01 |198  0.18309  1.38016e+00
199  0.08783 -2.18449e+00 |200 -0.24941  4.72876e-01 |
Function minimizer not making progress ... is minimum attained?
Minimprove criterion = 0.0000e+00

 - final statistics:
200 variables; iteration 46; function evaluation 89
Function value 4.9452e+02; maximum gradient component mag 1.7549e+02
Exit code = 1;  converg criter 1.0000e-03
Var    Value     Gradient |Var    Value     Gradient |Var    Value     Gradient
  1 -0.44954  1.86547e+01 |  2  0.32679  5.01620e+00 |  3 -0.24428 -1.39888e+01
  4  0.15617 -4.48733e+00 |  5 -0.99974 -3.83302e-04 |  6 -0.48381  1.75670e+01
  7  0.33367 -4.01003e+00 |  8 -0.27557  1.33898e+01 |  9  0.27145 -3.84054e+00
 10 -0.99915  4.94147e-03 | 11 -0.52800  5.29848e+01 | 12 -0.14140 -4.22627e+01
 13 -0.00053 -1.36369e-01 | 14 -0.00055 -1.40358e-01 | 15 -0.00056 -1.44461e-01
 16 -0.00058 -1.48682e-01 | 17 -0.00060 -1.53029e-01 | 18 -0.00061 -1.57502e-01
 19 -0.00063 -1.62101e-01 | 20 -0.00065 -1.66829e-01 | 21 -0.00067 -1.71689e-01
 22 -0.00069 -1.76684e-01 | 23 -0.00071 -1.81818e-01 | 24 -0.00073 -1.87096e-01
 25 -0.00075 -1.92522e-01 | 26 -0.00077 -1.98104e-01 | 27 -0.00079 -2.03846e-01
 28 -0.00082 -2.09752e-01 | 29 -0.00084 -2.15824e-01 | 30 -0.00087 -2.22059e-01
 31 -0.00089 -2.28462e-01 | 32 -0.00092 -2.35038e-01 | 33 -0.00094 -2.41797e-01
 34 -0.00097 -2.48752e-01 | 35 -0.00100 -2.55916e-01 | 36 -0.00103 -2.63300e-01
 37 -0.00106 -2.70906e-01 | 38 -0.00109 -2.78738e-01 | 39 -0.00112 -2.86790e-01
 40 -0.00115 -2.95013e-01 | 41 -0.00118 -3.03469e-01 | 42 -0.00122 -3.12137e-01
 43 -0.00125 -3.21023e-01 | 44 -0.00129 -3.30146e-01 | 45 -0.00132 -3.39514e-01
 46 -0.00136 -3.49126e-01 | 47 -0.00140 -3.58998e-01 | 48 -0.00144 -3.69131e-01
 49 -0.00148 -3.79547e-01 | 50 -0.00153 -3.90296e-01 | 51 -0.00157 -4.01429e-01
 52 -0.00162 -4.12965e-01 | 53 -0.00166 -4.24929e-01 | 54 -0.00171 -4.37278e-01
 55 -0.00176 -4.49930e-01 | 56 -0.00181 -4.62884e-01 | 57 -0.00186 -4.76203e-01
 58 -0.00191 -4.89887e-01 | 59 -0.00196 -5.04015e-01 | 60 -0.00202 -5.18576e-01
 61 -0.00207 -5.33617e-01 | 62 -0.00213 -5.49037e-01 | 63 -0.00219 -5.64809e-01
 64 -0.00225 -5.80974e-01 | 65 -0.00231 -5.97340e-01 | 66 -0.00237 -6.14510e-01
 67 -0.00243 -6.32253e-01 | 68 -0.00249 -6.50470e-01 | 69 -0.00255 -6.69272e-01
 70 -0.00261 -6.88603e-01 | 71 -0.00267 -7.08498e-01 | 72 -0.00273 -7.28869e-01
 73 -0.00278 -7.49738e-01 | 74 -0.00283 -7.71174e-01 | 75 -0.00288 -7.93216e-01
 76 -0.00293 -8.15888e-01 | 77 -0.00296 -8.39409e-01 | 78 -0.00299 -8.64007e-01
 79 -0.00301 -8.89794e-01 | 80 -0.00302 -9.16952e-01 | 81 -0.00301 -9.45353e-01
 82 -0.00298 -9.74841e-01 | 83 -0.00292 -1.00518e+00 | 84 -0.00283 -1.03621e+00
 85 -0.00270 -1.06790e+00 | 86 -0.00251 -1.10023e+00 | 87 -0.00226 -1.13318e+00
 88 -0.00192 -1.16614e+00 | 89 -0.00148 -1.19845e+00 | 90 -0.00094 -1.22724e+00
 91 -0.00036 -1.24838e+00 | 92  0.00009 -1.25523e+00 | 93  0.00016 -1.24659e+00
 94 -0.00024 -1.23276e+00 | 95 -0.00098 -1.22528e+00 | 96 -0.00321 -1.21910e+00
 97 -0.00632 -1.24856e+00 | 98 -0.00781 -1.31013e+00 | 99 -0.00503 -1.41686e+00
100 -0.00236 -1.44780e+00 |101 -0.00171 -1.36456e+00 |102 -0.00183 -1.30710e+00
103 -0.00845 -1.22321e+00 |104 -0.00704 -1.07921e+00 |105  0.01907 -1.08335e+00
106  0.03465 -1.27817e+00 |107  0.02214 -7.26924e-01 |108  0.05239 -1.10841e-01
109  0.12243 -8.11456e-01 |110  0.09701 -6.49411e-01 |111  0.00439  3.82128e-01
112 -0.00059  9.30562e-01 |113  0.00986  9.33031e-01 |114  0.04518  1.44336e+00
115  0.03176  1.10205e+00 |116 -0.03640  6.05571e-01 |117 -0.05454  4.74313e-01
118 -0.07276  1.51102e-01 |119 -0.01112  4.71180e-01 |120  0.02751  1.61180e+00
121  0.01583  1.74418e+00 |122 -0.02661  1.71260e+00 |123 -0.02539  1.92103e+00
124 -0.03840  2.04879e+00 |125 -0.04299  2.09080e+00 |126 -0.01996  2.57236e+00
127 -0.04672  2.03546e+00 |128 -0.00761  2.43520e+00 |129 -0.00039  1.97283e+00
130  0.00550  1.61377e+00 |131  0.02191  1.22633e+00 |132  0.01407  8.65923e-01
133  0.04824  9.35997e-01 |134  0.01467  4.38670e-01 |135 -0.02499  1.68954e-01
136 -0.02641  3.88780e-02 |137 -0.02374  7.52646e-02 |138  0.01844  1.25627e-01
139  0.03937  1.81964e-01 |140  0.01208 -4.49263e-02 |141 -0.00037 -9.47099e-02
142 -0.00196 -2.23743e-02 |143 -0.00256  8.00409e-03 |144 -0.00045  6.59779e-03
145  0.35384 -1.12507e+01 |146  0.25800 -1.79518e+00 |147  0.09563 -1.37641e+01
148  0.31593  1.78547e+01 |149  0.01745 -6.12874e+00 |150 -0.10113 -3.79907e+00
151 -0.49924 -2.52397e-01 |152  0.31546  5.11165e-02 |153  0.04759 -4.01555e-01
154 -0.24210  4.08966e-01 |155  0.23877 -1.18578e+00 |156  0.27437  1.55655e+00
157  0.22699  9.73101e+00 |158  0.26847 -2.06998e+01 |159 -0.01764  6.33938e-01
160 -0.07353  9.69142e+00 |161  0.18678 -8.26534e-01 |162  0.31468  6.11218e-02
163  0.24194  1.34689e+01 |164  0.26478 -3.15659e+01 |165 -0.37755 -1.43316e-01
166  0.23820 -1.56441e+00 |167  0.04831 -3.69144e+00 |168 -0.18769 -3.65780e+01
169  0.15657 -2.09758e+00 |170  0.31639 -4.41169e+00 |171  0.09351 -1.87795e+01
172 -0.53162 -3.33123e-03 |173 -0.36967 -1.15455e+00 |174  0.24112  4.33802e+00
175  0.06257  4.15310e+00 |176 -0.13284 -7.09796e+00 |177  0.09375  1.99893e+00
178  0.15839  1.33937e+00 |179  0.33520 -4.50950e+00 |180  0.28107 -1.58426e+01
181 -0.03437 -4.25854e-01 |182 -0.00353 -7.12053e+00 |183 -0.11883  3.13267e+00
184 -0.09870 -1.28079e+01 |185  0.04180  9.67492e-01 |186  0.45111  1.07471e-01
187  0.01888  1.22569e+00 |188 -0.12716 -9.54318e-01 |189  0.11871 -1.69736e+02
190  0.21299 -7.44642e+01 |191  0.22958  1.65430e+02 |192  0.27587  1.75488e+02
193  0.02834 -1.15918e+02 |194 -0.05634 -2.07193e+00 |195 -0.16247 -8.14508e+01
196 -0.08816  4.11952e+01 |197 -0.52183 -3.07801e-01 |198  0.18309  1.38016e+00
199  0.08783 -2.18449e+00 |200 -0.24941  4.72876e-01 |

Initial statistics: 213 variables; iteration 0; function evaluation 0; phase 5
Function value 4.9452312e+02; maximum gradient component mag 1.7408e+02
Var    Value     Gradient |Var    Value     Gradient |Var    Value     Gradient
  1 -0.44954  1.85951e+01 |  2  0.32679  4.82246e+00 |  3 -0.24428 -1.39109e+01
  4  0.15617 -4.50700e+00 |  5 -0.99974 -3.82965e-04 |  6 -0.48381  1.72854e+01
  7  0.33367 -4.23034e+00 |  8 -0.27557  1.32568e+01 |  9  0.27145 -3.86013e+00
 10 -0.99915  3.81849e-03 | 11 -0.52800  5.25633e+01 | 12 -0.14140 -4.21568e+01
 13 -0.00053 -1.35508e-01 | 14 -0.00055 -1.39473e-01 | 15 -0.00056 -1.43552e-01
 16 -0.00058 -1.47747e-01 | 17 -0.00060 -1.52068e-01 | 18 -0.00061 -1.56514e-01
 19 -0.00063 -1.61085e-01 | 20 -0.00065 -1.65785e-01 | 21 -0.00067 -1.70616e-01
 22 -0.00069 -1.75582e-01 | 23 -0.00071 -1.80686e-01 | 24 -0.00073 -1.85933e-01
 25 -0.00075 -1.91328e-01 | 26 -0.00077 -1.96877e-01 | 27 -0.00079 -2.02585e-01
 28 -0.00082 -2.08458e-01 | 29 -0.00084 -2.14495e-01 | 30 -0.00087 -2.20694e-01
 31 -0.00089 -2.27061e-01 | 32 -0.00092 -2.33600e-01 | 33 -0.00094 -2.40321e-01
 34 -0.00097 -2.47237e-01 | 35 -0.00100 -2.54362e-01 | 36 -0.00103 -2.61704e-01
 37 -0.00106 -2.69269e-01 | 38 -0.00109 -2.77058e-01 | 39 -0.00112 -2.85064e-01
 40 -0.00115 -2.93241e-01 | 41 -0.00118 -3.01650e-01 | 42 -0.00122 -3.10269e-01
 43 -0.00125 -3.19105e-01 | 44 -0.00129 -3.28178e-01 | 45 -0.00132 -3.37494e-01
 46 -0.00136 -3.47054e-01 | 47 -0.00140 -3.56872e-01 | 48 -0.00144 -3.66950e-01
 49 -0.00148 -3.77310e-01 | 50 -0.00153 -3.88002e-01 | 51 -0.00157 -3.99076e-01
 52 -0.00162 -4.10551e-01 | 53 -0.00166 -4.22449e-01 | 54 -0.00171 -4.34728e-01
 55 -0.00176 -4.47308e-01 | 56 -0.00181 -4.60188e-01 | 57 -0.00186 -4.73432e-01
 58 -0.00191 -4.87039e-01 | 59 -0.00196 -5.01086e-01 | 60 -0.00202 -5.15564e-01
 61 -0.00207 -5.30518e-01 | 62 -0.00213 -5.45847e-01 | 63 -0.00219 -5.61525e-01
 64 -0.00225 -5.77592e-01 | 65 -0.00231 -5.93856e-01 | 66 -0.00237 -6.10922e-01
 67 -0.00243 -6.28557e-01 | 68 -0.00249 -6.46664e-01 | 69 -0.00255 -6.65352e-01
 70 -0.00261 -6.84566e-01 | 71 -0.00267 -7.04346e-01 | 72 -0.00273 -7.24601e-01
 73 -0.00278 -7.45358e-01 | 74 -0.00283 -7.66689e-01 | 75 -0.00288 -7.88638e-01
 76 -0.00293 -8.11227e-01 | 77 -0.00296 -8.34680e-01 | 78 -0.00299 -8.59224e-01
 79 -0.00301 -8.84972e-01 | 80 -0.00302 -9.12110e-01 | 81 -0.00301 -9.40513e-01
 82 -0.00298 -9.70034e-01 | 83 -0.00292 -1.00045e+00 | 84 -0.00283 -1.03160e+00
 85 -0.00270 -1.06348e+00 | 86 -0.00251 -1.09605e+00 | 87 -0.00226 -1.12931e+00
 88 -0.00192 -1.16263e+00 | 89 -0.00148 -1.19538e+00 | 90 -0.00094 -1.22479e+00
 91 -0.00036 -1.24680e+00 | 92  0.00009 -1.25471e+00 | 93  0.00016 -1.24681e+00
 94 -0.00024 -1.23273e+00 | 95 -0.00098 -1.22403e+00 | 96 -0.00321 -1.21463e+00
 97 -0.00632 -1.23884e+00 | 98 -0.00781 -1.29352e+00 | 99 -0.00503 -1.39535e+00
100 -0.00236 -1.43042e+00 |101 -0.00171 -1.35713e+00 |102 -0.00183 -1.31198e+00
103 -0.00845 -1.22742e+00 |104 -0.00704 -1.08321e+00 |105  0.01907 -1.10114e+00
106  0.03465 -1.29570e+00 |107  0.02214 -7.38475e-01 |108  0.05239 -1.27915e-01
109  0.12243 -7.73450e-01 |110  0.09701 -6.49563e-01 |111  0.00439  3.90495e-01
112 -0.00059  8.61548e-01 |113  0.00986  9.08714e-01 |114  0.04518  1.40364e+00
115  0.03176  1.08690e+00 |116 -0.03640  5.83641e-01 |117 -0.05454  4.56194e-01
118 -0.07276  1.81152e-01 |119 -0.01112  5.27323e-01 |120  0.02751  1.66763e+00
121  0.01583  1.84022e+00 |122 -0.02661  1.73351e+00 |123 -0.02539  1.91763e+00
124 -0.03840  2.03091e+00 |125 -0.04299  2.07453e+00 |126 -0.01996  2.54253e+00
127 -0.04672  2.01207e+00 |128 -0.00761  2.41226e+00 |129 -0.00039  1.95853e+00
130  0.00550  1.58548e+00 |131  0.02191  1.19261e+00 |132  0.01407  8.20054e-01
133  0.04824  8.62332e-01 |134  0.01467  4.11606e-01 |135 -0.02499  1.76214e-01
136 -0.02641  5.98514e-02 |137 -0.02374  8.57291e-02 |138  0.01844  1.32411e-01
139  0.03937  1.95741e-01 |140  0.01208 -1.17836e-02 |141 -0.00037 -6.09736e-02
142 -0.00196 -5.74836e-03 |143 -0.00256  8.08796e-03 |144 -0.00045  6.42208e-03
145  0.00000  0.00000e+00 |146  0.00000  0.00000e+00 |147  0.00000  0.00000e+00
148  0.00000  0.00000e+00 |149  0.00000  0.00000e+00 |150  0.00000  0.00000e+00
151  0.00000  0.00000e+00 |152  0.00000  0.00000e+00 |153  0.00000  0.00000e+00
154  0.00000  0.00000e+00 |155  0.00000  0.00000e+00 |156  0.00000  0.00000e+00
157  0.00000  0.00000e+00 |158  0.35384 -1.12016e+01 |159  0.25800 -1.86831e+00
160  0.09563 -1.36943e+01 |161  0.31593  1.77679e+01 |162  0.01745 -6.12862e+00
163 -0.10113 -3.74248e+00 |164 -0.49924 -2.45127e-01 |165  0.31546  4.62352e-02
166  0.04759 -3.85444e-01 |167 -0.24210  3.84430e-01 |168  0.23877 -1.08619e+00
169  0.27437  1.72017e+00 |170  0.22699  9.66325e+00 |171  0.26847 -2.04548e+01
172 -0.01764  5.93182e-01 |173 -0.07353  9.78769e+00 |174  0.18678 -8.16211e-01
175  0.31468  1.71046e-01 |176  0.24194  1.32665e+01 |177  0.26478 -3.12864e+01
178 -0.37755 -1.26307e-01 |179  0.23820 -1.54394e+00 |180  0.04831 -3.70426e+00
181 -0.18769 -3.64322e+01 |182  0.15657 -2.06076e+00 |183  0.31639 -4.36728e+00
184  0.09351 -1.86877e+01 |185 -0.53162 -3.33118e-03 |186 -0.36967 -1.16242e+00
187  0.24112  4.28334e+00 |188  0.06257  4.17857e+00 |189 -0.13284 -7.02055e+00
190  0.09375  1.92705e+00 |191  0.15839  1.13851e+00 |192  0.33520 -4.53910e+00
193  0.28107 -1.57544e+01 |194 -0.03437 -4.74796e-01 |195 -0.00353 -7.08381e+00
196 -0.11883  2.99910e+00 |197 -0.09870 -1.27213e+01 |198  0.04180  8.54569e-01
199  0.45111  1.34417e-01 |200  0.01888  1.09566e+00 |201 -0.12716 -1.01048e+00
202  0.11871 -1.68601e+02 |203  0.21299 -7.37884e+01 |204  0.22958  1.64500e+02
205  0.27587  1.74081e+02 |206  0.02834 -1.15318e+02 |207 -0.05634 -1.99817e+00
208 -0.16247 -8.09023e+01 |209 -0.08816  4.12680e+01 |210 -0.52183 -3.28461e-01
211  0.18309  1.43014e+00 |212  0.08783 -2.38077e+00 |213 -0.24941  3.21989e-01
  ic > imax  in fminim is answer attained ?
Var    Value     Gradient |Var    Value     Gradient |Var    Value     Gradient
  1 -0.44955  1.85951e+01 |  2  0.32679  4.82246e+00 |  3 -0.24427 -1.39109e+01
  4  0.15617 -4.50700e+00 |  5 -0.99974 -3.82965e-04 |  6 -0.48382  1.72854e+01
  7  0.33367 -4.23034e+00 |  8 -0.27557  1.32568e+01 |  9  0.27145 -3.86013e+00
 10 -0.99915  3.81849e-03 | 11 -0.52801  5.25633e+01 | 12 -0.14139 -4.21568e+01
 13 -0.00053 -1.35508e-01 | 14 -0.00055 -1.39473e-01 | 15 -0.00056 -1.43552e-01
 16 -0.00058 -1.47747e-01 | 17 -0.00060 -1.52068e-01 | 18 -0.00061 -1.56514e-01
 19 -0.00063 -1.61085e-01 | 20 -0.00065 -1.65785e-01 | 21 -0.00067 -1.70616e-01
 22 -0.00069 -1.75582e-01 | 23 -0.00071 -1.80686e-01 | 24 -0.00073 -1.85933e-01
 25 -0.00075 -1.91328e-01 | 26 -0.00077 -1.96877e-01 | 27 -0.00079 -2.02585e-01
 28 -0.00082 -2.08458e-01 | 29 -0.00084 -2.14495e-01 | 30 -0.00087 -2.20694e-01
 31 -0.00089 -2.27061e-01 | 32 -0.00092 -2.33600e-01 | 33 -0.00094 -2.40321e-01
 34 -0.00097 -2.47237e-01 | 35 -0.00100 -2.54362e-01 | 36 -0.00103 -2.61704e-01
 37 -0.00106 -2.69269e-01 | 38 -0.00109 -2.77058e-01 | 39 -0.00112 -2.85064e-01
 40 -0.00115 -2.93241e-01 | 41 -0.00118 -3.01650e-01 | 42 -0.00122 -3.10269e-01
 43 -0.00125 -3.19105e-01 | 44 -0.00129 -3.28178e-01 | 45 -0.00132 -3.37494e-01
 46 -0.00136 -3.47054e-01 | 47 -0.00140 -3.56872e-01 | 48 -0.00144 -3.66950e-01
 49 -0.00148 -3.77310e-01 | 50 -0.00153 -3.88002e-01 | 51 -0.00157 -3.99076e-01
 52 -0.00162 -4.10551e-01 | 53 -0.00166 -4.22449e-01 | 54 -0.00171 -4.34728e-01
 55 -0.00176 -4.47308e-01 | 56 -0.00181 -4.60188e-01 | 57 -0.00186 -4.73432e-01
 58 -0.00191 -4.87039e-01 | 59 -0.00196 -5.01086e-01 | 60 -0.00202 -5.15564e-01
 61 -0.00207 -5.30518e-01 | 62 -0.00213 -5.45847e-01 | 63 -0.00219 -5.61525e-01
 64 -0.00225 -5.77592e-01 | 65 -0.00230 -5.93856e-01 | 66 -0.00237 -6.10922e-01
 67 -0.00243 -6.28557e-01 | 68 -0.00249 -6.46664e-01 | 69 -0.00255 -6.65352e-01
 70 -0.00261 -6.84566e-01 | 71 -0.00267 -7.04346e-01 | 72 -0.00273 -7.24601e-01
 73 -0.00278 -7.45358e-01 | 74 -0.00283 -7.66689e-01 | 75 -0.00288 -7.88638e-01
 76 -0.00293 -8.11227e-01 | 77 -0.00296 -8.34680e-01 | 78 -0.00299 -8.59224e-01
 79 -0.00301 -8.84972e-01 | 80 -0.00302 -9.12110e-01 | 81 -0.00301 -9.40513e-01
 82 -0.00298 -9.70034e-01 | 83 -0.00292 -1.00045e+00 | 84 -0.00283 -1.03160e+00
 85 -0.00270 -1.06348e+00 | 86 -0.00251 -1.09605e+00 | 87 -0.00226 -1.12931e+00
 88 -0.00192 -1.16263e+00 | 89 -0.00148 -1.19538e+00 | 90 -0.00094 -1.22479e+00
 91 -0.00036 -1.24680e+00 | 92  0.00009 -1.25471e+00 | 93  0.00016 -1.24681e+00
 94 -0.00024 -1.23273e+00 | 95 -0.00098 -1.22403e+00 | 96 -0.00320 -1.21463e+00
 97 -0.00632 -1.23884e+00 | 98 -0.00781 -1.29352e+00 | 99 -0.00503 -1.39535e+00
100 -0.00236 -1.43042e+00 |101 -0.00171 -1.35713e+00 |102 -0.00183 -1.31198e+00
103 -0.00845 -1.22742e+00 |104 -0.00704 -1.08321e+00 |105  0.01907 -1.10114e+00
106  0.03465 -1.29570e+00 |107  0.02214 -7.38475e-01 |108  0.05239 -1.27915e-01
109  0.12243 -7.73450e-01 |110  0.09701 -6.49563e-01 |111  0.00439  3.90495e-01
112 -0.00059  8.61548e-01 |113  0.00986  9.08714e-01 |114  0.04518  1.40364e+00
115  0.03176  1.08690e+00 |116 -0.03640  5.83641e-01 |117 -0.05454  4.56194e-01
118 -0.07276  1.81152e-01 |119 -0.01112  5.27323e-01 |120  0.02751  1.66763e+00
121  0.01583  1.84022e+00 |122 -0.02661  1.73351e+00 |123 -0.02539  1.91763e+00
124 -0.03840  2.03091e+00 |125 -0.04299  2.07453e+00 |126 -0.01996  2.54253e+00
127 -0.04672  2.01207e+00 |128 -0.00761  2.41226e+00 |129 -0.00039  1.95853e+00
130  0.00550  1.58548e+00 |131  0.02191  1.19261e+00 |132  0.01407  8.20054e-01
133  0.04824  8.62332e-01 |134  0.01467  4.11606e-01 |135 -0.02499  1.76214e-01
136 -0.02641  5.98514e-02 |137 -0.02374  8.57291e-02 |138  0.01844  1.32411e-01
139  0.03937  1.95741e-01 |140  0.01208 -1.17836e-02 |141 -0.00037 -6.09736e-02
142 -0.00196 -5.74836e-03 |143 -0.00256  8.08796e-03 |144 -0.00045  6.42208e-03
145  0.00000  0.00000e+00 |146  0.00000  0.00000e+00 |147  0.00000  0.00000e+00
148  0.00000  0.00000e+00 |149  0.00000  0.00000e+00 |150  0.00000  0.00000e+00
151  0.00000  0.00000e+00 |152  0.00000  0.00000e+00 |153  0.00000  0.00000e+00
154  0.00000  0.00000e+00 |155  0.00000  0.00000e+00 |156  0.00000  0.00000e+00
157  0.00000  0.00000e+00 |158  0.35384 -1.12016e+01 |159  0.25800 -1.86831e+00
160  0.09564 -1.36943e+01 |161  0.31593  1.77679e+01 |162  0.01745 -6.12862e+00
163 -0.10113 -3.74248e+00 |164 -0.49924 -2.45127e-01 |165  0.31546  4.62352e-02
166  0.04759 -3.85444e-01 |167 -0.24210  3.84430e-01 |168  0.23877 -1.08619e+00
169  0.27437  1.72017e+00 |170  0.22698  9.66325e+00 |171  0.26847 -2.04548e+01
172 -0.01764  5.93182e-01 |173 -0.07353  9.78769e+00 |174  0.18678 -8.16211e-01
175  0.31468  1.71046e-01 |176  0.24194  1.32665e+01 |177  0.26479 -3.12864e+01
178 -0.37755 -1.26307e-01 |179  0.23820 -1.54394e+00 |180  0.04831 -3.70426e+00
181 -0.18768 -3.64322e+01 |182  0.15657 -2.06076e+00 |183  0.31639 -4.36728e+00
184  0.09352 -1.86877e+01 |185 -0.53162 -3.33118e-03 |186 -0.36967 -1.16242e+00
187  0.24112  4.28334e+00 |188  0.06257  4.17857e+00 |189 -0.13284 -7.02055e+00
190  0.09375  1.92705e+00 |191  0.15839  1.13851e+00 |192  0.33520 -4.53910e+00
193  0.28107 -1.57544e+01 |194 -0.03437 -4.74796e-01 |195 -0.00353 -7.08381e+00
196 -0.11884  2.99910e+00 |197 -0.09870 -1.27213e+01 |198  0.04180  8.54569e-01
199  0.45111  1.34417e-01 |200  0.01888  1.09566e+00 |201 -0.12716 -1.01048e+00
202  0.11874 -1.68601e+02 |203  0.21301 -7.37884e+01 |204  0.22955  1.64500e+02
205  0.27584  1.74081e+02 |206  0.02836 -1.15318e+02 |207 -0.05634 -1.99817e+00
208 -0.16245 -8.09023e+01 |209 -0.08816  4.12680e+01 |210 -0.52183 -3.28461e-01
211  0.18309  1.43014e+00 |212  0.08783 -2.38077e+00 |213 -0.24941  3.21989e-01
Function minimizer not making progress ... is minimum attained?
Minimprove criterion = 0.0000e+00
Warning: the following parameters had issues
  MGparm[5] is within 0.1% of lower bound: 1.0000e-06 < 1.0423e-06 < 1.0000e+00
  MGparm[17] is within 0.1% of lower bound: 1.0000e-06 < 1.4500e-06 < 1.0000e+00


 - final statistics:
213 variables; iteration 1; function evaluation 30
Function value 4.9450e+02; maximum gradient component mag 1.7408e+02
Exit code = 1;  converg criter 1.0000e-03
Var    Value     Gradient |Var    Value     Gradient |Var    Value     Gradient
  1 -0.44955  1.85951e+01 |  2  0.32679  4.82246e+00 |  3 -0.24427 -1.39109e+01
  4  0.15617 -4.50700e+00 |  5 -0.99974 -3.82965e-04 |  6 -0.48382  1.72854e+01
  7  0.33367 -4.23034e+00 |  8 -0.27557  1.32568e+01 |  9  0.27145 -3.86013e+00
 10 -0.99915  3.81849e-03 | 11 -0.52801  5.25633e+01 | 12 -0.14139 -4.21568e+01
 13 -0.00053 -1.35508e-01 | 14 -0.00055 -1.39473e-01 | 15 -0.00056 -1.43552e-01
 16 -0.00058 -1.47747e-01 | 17 -0.00060 -1.52068e-01 | 18 -0.00061 -1.56514e-01
 19 -0.00063 -1.61085e-01 | 20 -0.00065 -1.65785e-01 | 21 -0.00067 -1.70616e-01
 22 -0.00069 -1.75582e-01 | 23 -0.00071 -1.80686e-01 | 24 -0.00073 -1.85933e-01
 25 -0.00075 -1.91328e-01 | 26 -0.00077 -1.96877e-01 | 27 -0.00079 -2.02585e-01
 28 -0.00082 -2.08458e-01 | 29 -0.00084 -2.14495e-01 | 30 -0.00087 -2.20694e-01
 31 -0.00089 -2.27061e-01 | 32 -0.00092 -2.33600e-01 | 33 -0.00094 -2.40321e-01
 34 -0.00097 -2.47237e-01 | 35 -0.00100 -2.54362e-01 | 36 -0.00103 -2.61704e-01
 37 -0.00106 -2.69269e-01 | 38 -0.00109 -2.77058e-01 | 39 -0.00112 -2.85064e-01
 40 -0.00115 -2.93241e-01 | 41 -0.00118 -3.01650e-01 | 42 -0.00122 -3.10269e-01
 43 -0.00125 -3.19105e-01 | 44 -0.00129 -3.28178e-01 | 45 -0.00132 -3.37494e-01
 46 -0.00136 -3.47054e-01 | 47 -0.00140 -3.56872e-01 | 48 -0.00144 -3.66950e-01
 49 -0.00148 -3.77310e-01 | 50 -0.00153 -3.88002e-01 | 51 -0.00157 -3.99076e-01
 52 -0.00162 -4.10551e-01 | 53 -0.00166 -4.22449e-01 | 54 -0.00171 -4.34728e-01
 55 -0.00176 -4.47308e-01 | 56 -0.00181 -4.60188e-01 | 57 -0.00186 -4.73432e-01
 58 -0.00191 -4.87039e-01 | 59 -0.00196 -5.01086e-01 | 60 -0.00202 -5.15564e-01
 61 -0.00207 -5.30518e-01 | 62 -0.00213 -5.45847e-01 | 63 -0.00219 -5.61525e-01
 64 -0.00225 -5.77592e-01 | 65 -0.00230 -5.93856e-01 | 66 -0.00237 -6.10922e-01
 67 -0.00243 -6.28557e-01 | 68 -0.00249 -6.46664e-01 | 69 -0.00255 -6.65352e-01
 70 -0.00261 -6.84566e-01 | 71 -0.00267 -7.04346e-01 | 72 -0.00273 -7.24601e-01
 73 -0.00278 -7.45358e-01 | 74 -0.00283 -7.66689e-01 | 75 -0.00288 -7.88638e-01
 76 -0.00293 -8.11227e-01 | 77 -0.00296 -8.34680e-01 | 78 -0.00299 -8.59224e-01
 79 -0.00301 -8.84972e-01 | 80 -0.00302 -9.12110e-01 | 81 -0.00301 -9.40513e-01
 82 -0.00298 -9.70034e-01 | 83 -0.00292 -1.00045e+00 | 84 -0.00283 -1.03160e+00
 85 -0.00270 -1.06348e+00 | 86 -0.00251 -1.09605e+00 | 87 -0.00226 -1.12931e+00
 88 -0.00192 -1.16263e+00 | 89 -0.00148 -1.19538e+00 | 90 -0.00094 -1.22479e+00
 91 -0.00036 -1.24680e+00 | 92  0.00009 -1.25471e+00 | 93  0.00016 -1.24681e+00
 94 -0.00024 -1.23273e+00 | 95 -0.00098 -1.22403e+00 | 96 -0.00320 -1.21463e+00
 97 -0.00632 -1.23884e+00 | 98 -0.00781 -1.29352e+00 | 99 -0.00503 -1.39535e+00
100 -0.00236 -1.43042e+00 |101 -0.00171 -1.35713e+00 |102 -0.00183 -1.31198e+00
103 -0.00845 -1.22742e+00 |104 -0.00704 -1.08321e+00 |105  0.01907 -1.10114e+00
106  0.03465 -1.29570e+00 |107  0.02214 -7.38475e-01 |108  0.05239 -1.27915e-01
109  0.12243 -7.73450e-01 |110  0.09701 -6.49563e-01 |111  0.00439  3.90495e-01
112 -0.00059  8.61548e-01 |113  0.00986  9.08714e-01 |114  0.04518  1.40364e+00
115  0.03176  1.08690e+00 |116 -0.03640  5.83641e-01 |117 -0.05454  4.56194e-01
118 -0.07276  1.81152e-01 |119 -0.01112  5.27323e-01 |120  0.02751  1.66763e+00
121  0.01583  1.84022e+00 |122 -0.02661  1.73351e+00 |123 -0.02539  1.91763e+00
124 -0.03840  2.03091e+00 |125 -0.04299  2.07453e+00 |126 -0.01996  2.54253e+00
127 -0.04672  2.01207e+00 |128 -0.00761  2.41226e+00 |129 -0.00039  1.95853e+00
130  0.00550  1.58548e+00 |131  0.02191  1.19261e+00 |132  0.01407  8.20054e-01
133  0.04824  8.62332e-01 |134  0.01467  4.11606e-01 |135 -0.02499  1.76214e-01
136 -0.02641  5.98514e-02 |137 -0.02374  8.57291e-02 |138  0.01844  1.32411e-01
139  0.03937  1.95741e-01 |140  0.01208 -1.17836e-02 |141 -0.00037 -6.09736e-02
142 -0.00196 -5.74836e-03 |143 -0.00256  8.08796e-03 |144 -0.00045  6.42208e-03
145  0.00000  0.00000e+00 |146  0.00000  0.00000e+00 |147  0.00000  0.00000e+00
148  0.00000  0.00000e+00 |149  0.00000  0.00000e+00 |150  0.00000  0.00000e+00
151  0.00000  0.00000e+00 |152  0.00000  0.00000e+00 |153  0.00000  0.00000e+00
154  0.00000  0.00000e+00 |155  0.00000  0.00000e+00 |156  0.00000  0.00000e+00
157  0.00000  0.00000e+00 |158  0.35384 -1.12016e+01 |159  0.25800 -1.86831e+00
160  0.09564 -1.36943e+01 |161  0.31593  1.77679e+01 |162  0.01745 -6.12862e+00
163 -0.10113 -3.74248e+00 |164 -0.49924 -2.45127e-01 |165  0.31546  4.62352e-02
166  0.04759 -3.85444e-01 |167 -0.24210  3.84430e-01 |168  0.23877 -1.08619e+00
169  0.27437  1.72017e+00 |170  0.22698  9.66325e+00 |171  0.26847 -2.04548e+01
172 -0.01764  5.93182e-01 |173 -0.07353  9.78769e+00 |174  0.18678 -8.16211e-01
175  0.31468  1.71046e-01 |176  0.24194  1.32665e+01 |177  0.26479 -3.12864e+01
178 -0.37755 -1.26307e-01 |179  0.23820 -1.54394e+00 |180  0.04831 -3.70426e+00
181 -0.18768 -3.64322e+01 |182  0.15657 -2.06076e+00 |183  0.31639 -4.36728e+00
184  0.09352 -1.86877e+01 |185 -0.53162 -3.33118e-03 |186 -0.36967 -1.16242e+00
187  0.24112  4.28334e+00 |188  0.06257  4.17857e+00 |189 -0.13284 -7.02055e+00
190  0.09375  1.92705e+00 |191  0.15839  1.13851e+00 |192  0.33520 -4.53910e+00
193  0.28107 -1.57544e+01 |194 -0.03437 -4.74796e-01 |195 -0.00353 -7.08381e+00
196 -0.11884  2.99910e+00 |197 -0.09870 -1.27213e+01 |198  0.04180  8.54569e-01
199  0.45111  1.34417e-01 |200  0.01888  1.09566e+00 |201 -0.12716 -1.01048e+00
202  0.11874 -1.68601e+02 |203  0.21301 -7.37884e+01 |204  0.22955  1.64500e+02
205  0.27584  1.74081e+02 |206  0.02836 -1.15318e+02 |207 -0.05634 -1.99817e+00
208 -0.16245 -8.09023e+01 |209 -0.08816  4.12680e+01 |210 -0.52183 -3.28461e-01
211  0.18309  1.43014e+00 |212  0.08783 -2.38077e+00 |213 -0.24941  3.21989e-01
size of file gradfil1.tmp = 0
size of file gradfil2.tmp = 0
size of file varssave.tmp = 0
size of file cmpdiff.tmp = 1000000040
