
Initial statistics: 48 variables; iteration 0; function evaluation 0; phase 1
Function value 7.3786824e+03; maximum gradient component mag -2.5954e+02
Var    Value     Gradient |Var    Value     Gradient |Var    Value     Gradient
  1 -0.42334 -2.30521e+01 |  2 -0.09289 -2.59544e+02 |  3  0.00000 -2.78846e+01
  4  0.00000 -3.02371e+01 |  5  0.00000 -3.17770e+01 |  6  0.00000 -3.63984e+01
  7  0.00000 -4.62433e+01 |  8  0.00000 -5.22398e+01 |  9  0.00000 -5.25353e+01
 10  0.00000 -6.53464e+01 | 11  0.00000 -8.21535e+01 | 12  0.00000 -6.52624e+01
 13  0.00000 -3.49156e+01 | 14  0.00000 -2.55007e+01 | 15  0.00000 -1.78680e+01
 16  0.00000 -3.29361e+00 | 17  0.00000  3.95391e+01 | 18  0.00000  1.11007e+02
 19  0.00000  1.43790e+02 | 20  0.00000  1.35552e+02 | 21  0.00000  7.30564e+01
 22  0.00000 -4.69764e+00 | 23  0.00000  5.17521e+00 | 24  0.00000  2.76087e+01
 25  0.00000  5.42497e+01 | 26  0.00000  7.40005e+01 | 27  0.00000  4.09526e+01
 28  0.00000  2.46889e+01 | 29  0.00000  1.94285e+01 | 30  0.00000 -1.90787e+01
 31  0.00000 -4.49497e+01 | 32  0.00000 -3.15843e+01 | 33  0.00000 -5.06297e+01
 34  0.00000 -2.06933e+01 | 35  0.00000 -9.03587e+01 | 36  0.00000  3.42319e+00
 37  0.00000  2.57154e+01 | 38  0.00000  2.82050e+01 | 39  0.00000  9.36104e+00
 40  0.00000 -3.69515e+01 | 41  0.00000 -1.38175e+01 | 42  0.00000 -3.70956e+00
 43  0.00000  1.08141e+01 | 44  0.00000  5.18142e+00 | 45  0.00000  1.49593e+00
 46  0.00000  1.14593e-01 | 47  0.27670 -3.68448e+01 | 48  0.18753 -5.81993e+01

Intermediate statistics: 48 variables; iteration 20; function evaluation 26; phase 1
Function value 7.3442268e+03; maximum gradient component mag 3.2599e+01
Var    Value     Gradient |Var    Value     Gradient |Var    Value     Gradient
  1 -0.42177  4.53458e+00 |  2 -0.07288 -1.01029e+01 |  3 -0.05076 -1.98880e+01
  4 -0.01083 -1.11519e+01 |  5  0.01226 -2.58395e+00 |  6  0.03631  4.33752e+00
  7 -0.02703 -1.21889e+01 |  8  0.04252  4.31972e+00 |  9 -0.00620 -1.21246e+00
 10 -0.03082 -1.14660e+01 | 11  0.10604  4.39711e-01 | 12 -0.03246 -1.52292e+01
 13 -0.00534  2.12726e+00 | 14  0.01753  3.62839e+00 | 15 -0.00682 -8.08966e+00
 16  0.02751 -2.55987e+00 | 17 -0.00169  7.58162e+00 | 18 -0.04270  2.36914e+01
 19 -0.06980  2.10990e+01 | 20 -0.04892  3.24125e+01 | 21 -0.02557  1.83248e+01
 22  0.04953  4.59336e+00 | 23  0.01897  1.09998e+01 | 24  0.03637  3.25987e+01
 25 -0.01628  1.68091e+01 | 26 -0.06218  3.34563e+00 | 27 -0.03403 -1.29471e+01
 28 -0.01070 -1.12164e+01 | 29 -0.02385 -2.94994e+00 | 30  0.02539 -4.53444e+00
 31  0.06290 -3.06406e+00 | 32  0.02678  1.00928e+01 | 33  0.10254  2.36986e+01
 34  0.02220  1.21152e+01 | 35  0.13482  4.24963e+00 | 36 -0.00461  5.47522e-01
 37 -0.03972  3.10719e+00 | 38 -0.04897  3.51223e+00 | 39 -0.01924  5.60992e-01
 40  0.05574 -1.68344e+01 | 41  0.02470 -3.62925e+00 | 42  0.01720  1.03466e+00
 43 -0.02213  2.15843e+00 | 44 -0.01359  1.15042e+00 | 45 -0.00412  4.45868e-01
 46 -0.00028  3.25021e-02 | 47  0.26406  2.61095e+01 | 48  0.17364  1.48419e+01
48 variables; iteration 40; function evaluation 58; phase 1
Function value 7.3392902e+03; maximum gradient component mag -1.3326e+01
Var    Value     Gradient |Var    Value     Gradient |Var    Value     Gradient
  1 -0.42175 -1.33255e+01 |  2 -0.05498 -5.89936e+00 |  3  0.01160 -8.15294e-01
  4  0.00428 -1.90990e+00 |  5 -0.00959 -3.34314e+00 |  6 -0.00482 -2.53507e+00
  7  0.02208 -1.34553e+00 |  8  0.01279 -3.54556e+00 |  9 -0.00863 -3.18816e+00
 10  0.00866 -3.92816e+00 | 11  0.07926 -4.44633e+00 | 12  0.02686 -1.88474e+00
 13 -0.01361 -2.55878e-01 | 14 -0.00053 -1.64358e+00 | 15  0.01994 -2.89467e-01
 16  0.03053 -1.18151e+00 | 17  0.00745  4.08179e+00 | 18 -0.06536  2.03843e+00
 19 -0.07177  6.91993e+00 | 20 -0.07494  4.89894e+00 | 21 -0.03126  5.75460e+00
 22  0.07057  7.54649e+00 | 23  0.02623  3.64312e+00 | 24  0.00850 -1.84639e+00
 25 -0.02879 -3.88179e-01 | 26 -0.06137  2.91362e+00 | 27 -0.00503  1.40466e+00
 28  0.00570  7.99875e-01 | 29 -0.02432  8.58047e-01 | 30  0.02760 -8.22392e-01
 31  0.07320 -1.15736e+00 | 32  0.01357  2.26918e-01 | 33  0.08072 -2.44107e+00
 34  0.00296 -1.91440e+00 | 35  0.13286 -8.90988e-01 | 36 -0.01350 -3.84378e+00
 37 -0.04503  6.98269e-01 | 38 -0.05772 -2.11053e-01 | 39 -0.02181 -9.14991e-03
 40  0.08902 -2.46455e+00 | 41  0.03087 -5.54359e-01 | 42  0.02279  2.31290e+00
 43 -0.02386  1.33841e+00 | 44 -0.02083 -1.01004e+00 | 45 -0.00454  3.70312e-01
 46 -0.00029  2.70196e-02 | 47  0.23206  2.97254e+00 | 48  0.14884  5.22645e+00

 - final statistics:
48 variables; iteration 55; function evaluation 82
Function value 7.3389e+03; maximum gradient component mag -9.3854e+00
Exit code = 1;  converg criter 1.0000e+01
Var    Value     Gradient |Var    Value     Gradient |Var    Value     Gradient
  1 -0.42141  5.74112e+00 |  2 -0.02536 -9.38543e+00 |  3  0.00535 -1.66696e-01
  4  0.00508  3.14337e-01 |  5 -0.00258  2.94232e-01 |  6 -0.00146  1.83432e-01
  7  0.01709 -1.36663e-01 |  8  0.01897  2.41411e-01 |  9 -0.00548 -2.85398e-01
 10  0.01396 -3.49001e-01 | 11  0.08547  5.12406e-02 | 12  0.02814 -3.42878e-01
 13 -0.01366 -1.39971e-01 | 14  0.00588  1.05484e-01 | 15  0.02179  4.01581e-01
 16  0.04180  3.82155e-01 | 17  0.00579 -1.70300e-02 | 18 -0.05977 -3.69000e-01
 19 -0.07767 -1.22760e+00 | 20 -0.07394 -4.25121e-01 | 21 -0.03125 -4.80261e-01
 22  0.07486 -5.97634e-01 | 23  0.02841  1.32556e-01 | 24  0.02008  8.99656e-01
 25 -0.02245  6.52271e-01 | 26 -0.06286  2.16474e-01 | 27 -0.00052  5.51775e-01
 28  0.01220  9.51731e-01 | 29 -0.02398 -1.42466e-01 | 30  0.03510  7.25679e-01
 31  0.08079  6.33338e-01 | 32  0.01403  1.65734e-01 | 33  0.08961  7.64694e-01
 34  0.00874 -4.19418e-02 | 35  0.13814  3.29820e-01 | 36 -0.00180  4.60382e-01
 37 -0.04448  5.26403e-02 | 38 -0.05564 -1.45585e-01 | 39 -0.02103 -1.59066e-01
 40  0.09681  2.18691e-01 | 41  0.03439  4.11378e-01 | 42  0.01804 -5.70049e-03
 43 -0.02745 -6.92876e-02 | 44 -0.01592  3.91166e-01 | 45 -0.00658 -2.15592e-01
 46 -0.00461 -1.04647e+00 | 47  0.19037 -2.63132e+00 | 48  0.11121 -2.26844e+00

Initial statistics: 58 variables; iteration 0; function evaluation 0; phase 2
Function value 7.3389239e+03; maximum gradient component mag -3.1372e+01
Var    Value     Gradient |Var    Value     Gradient |Var    Value     Gradient
  1 -0.42141  5.74112e+00 |  2  0.37110 -1.53946e+01 |  3 -0.12614 -1.58631e+00
  4 -0.01321 -8.96110e+00 |  5 -0.70915  5.24090e-01 |  6 -0.60419  1.36700e+01
  7  0.37628 -3.62225e+00 |  8 -0.18524 -3.13722e+01 |  9  0.03399 -8.28075e+00
 10 -0.60948 -1.78606e+00 | 11 -0.62338 -2.10892e+01 | 12 -0.02536 -9.38543e+00
 13  0.00535 -1.66696e-01 | 14  0.00508  3.14337e-01 | 15 -0.00258  2.94232e-01
 16 -0.00146  1.83432e-01 | 17  0.01709 -1.36663e-01 | 18  0.01897  2.41411e-01
 19 -0.00548 -2.85398e-01 | 20  0.01396 -3.49001e-01 | 21  0.08547  5.12406e-02
 22  0.02814 -3.42878e-01 | 23 -0.01366 -1.39971e-01 | 24  0.00588  1.05484e-01
 25  0.02179  4.01581e-01 | 26  0.04180  3.82155e-01 | 27  0.00579 -1.70300e-02
 28 -0.05977 -3.69000e-01 | 29 -0.07767 -1.22760e+00 | 30 -0.07394 -4.25121e-01
 31 -0.03125 -4.80261e-01 | 32  0.07486 -5.97634e-01 | 33  0.02841  1.32556e-01
 34  0.02008  8.99656e-01 | 35 -0.02245  6.52271e-01 | 36 -0.06286  2.16474e-01
 37 -0.00052  5.51775e-01 | 38  0.01220  9.51731e-01 | 39 -0.02398 -1.42466e-01
 40  0.03510  7.25679e-01 | 41  0.08079  6.33338e-01 | 42  0.01403  1.65734e-01
 43  0.08961  7.64694e-01 | 44  0.00874 -4.19418e-02 | 45  0.13814  3.29820e-01
 46 -0.00180  4.60382e-01 | 47 -0.04448  5.26403e-02 | 48 -0.05564 -1.45585e-01
 49 -0.02103 -1.59066e-01 | 50  0.09681  2.18691e-01 | 51  0.03439  4.11378e-01
 52  0.01804 -5.70049e-03 | 53 -0.02745 -6.92876e-02 | 54 -0.01592  3.91166e-01
 55 -0.00658 -2.15592e-01 | 56 -0.00461 -1.04647e+00 | 57  0.19037 -2.63132e+00
 58  0.11121 -2.26844e+00 |

Intermediate statistics: 58 variables; iteration 20; function evaluation 26; phase 2
Function value 7.3388834e+03; maximum gradient component mag -1.5058e+01
Var    Value     Gradient |Var    Value     Gradient |Var    Value     Gradient
  1 -0.42155 -5.34154e+00 |  2  0.37104 -1.50577e+01 |  3 -0.12648 -1.23896e+01
  4 -0.01277 -1.36247e+01 |  5 -0.70845 -1.29693e+00 |  6 -0.60507 -1.20650e+01
  7  0.37626 -1.39696e+01 |  8 -0.18451 -1.16989e+01 |  9  0.03315 -9.29593e+00
 10 -0.60958  8.76791e-01 | 11 -0.62249  7.25420e+00 | 12 -0.01404 -2.58177e+00
 13  0.00426 -2.50570e-01 | 14  0.00432  1.87276e-01 | 15 -0.00297  1.63158e-01
 16 -0.00160  5.55536e-02 | 17  0.01735 -2.08241e-01 | 18  0.01945  2.70456e-01
 19 -0.00483 -1.07908e-01 | 20  0.01488  4.04757e-03 | 21  0.08695  7.84345e-01
 22  0.02950  3.17913e-01 | 23 -0.01258  2.95133e-01 | 24  0.00702  4.71749e-01
 25  0.02271  6.10230e-01 | 26  0.04276  5.23557e-01 | 27  0.00689  1.92344e-01
 28 -0.05849  1.76691e-02 | 29 -0.07563 -5.34734e-01 | 30 -0.07281 -2.16447e-01
 31 -0.03033 -4.17420e-01 | 32  0.07664 -6.18555e-01 | 33  0.02976 -1.68419e-01
 34  0.02077 -2.47225e-02 | 35 -0.02159 -1.17820e-02 | 36 -0.06199 -1.96008e-01
 37  0.00055 -2.07621e-01 | 38  0.01322  2.03228e-01 | 39 -0.02297 -5.55028e-01
 40  0.03601  9.35655e-02 | 41  0.08208  4.13292e-02 | 42  0.01451 -2.31299e-01
 43  0.09043  3.18880e-01 | 44  0.00957 -5.58760e-02 | 45  0.13896  1.00027e-01
 46 -0.00175  1.62669e-01 | 47 -0.04408  7.36052e-02 | 48 -0.05512 -7.35375e-02
 49 -0.02051 -4.95836e-02 | 50  0.09720  1.77828e-01 | 51  0.03457  3.03872e-01
 52  0.01838  4.20590e-02 | 53 -0.02719 -3.13462e-02 | 54 -0.01590  3.44245e-01
 55 -0.00657 -2.08240e-01 | 56 -0.00445 -1.00774e+00 | 57  0.17597 -5.28395e-01
 58  0.09783 -7.82328e-01 |

 - final statistics:
58 variables; iteration 25; function evaluation 32
Function value 7.3389e+03; maximum gradient component mag -8.6934e+00
Exit code = 1;  converg criter 1.0000e+01
Var    Value     Gradient |Var    Value     Gradient |Var    Value     Gradient
  1 -0.42148 -2.77817e+00 |  2  0.37099 -8.69335e+00 |  3 -0.12653 -7.00695e+00
  4 -0.01252 -7.74610e+00 |  5 -0.70855 -7.46427e-01 |  6 -0.60496 -7.08513e+00
  7  0.37631 -8.07505e+00 |  8 -0.18445 -6.54437e+00 |  9  0.03319 -5.23813e+00
 10 -0.60991  5.60050e-01 | 11 -0.62256  4.31356e+00 | 12 -0.01196 -2.03420e+00
 13  0.00464 -5.96372e-02 | 14  0.00399  1.84750e-01 | 15 -0.00334  1.19381e-01
 16 -0.00141  1.50558e-01 | 17  0.01778 -8.44912e-02 | 18  0.01924  2.03676e-01
 19 -0.00428  3.85769e-03 | 20  0.01415 -2.40154e-01 | 21  0.08772  6.92312e-01
 22  0.02874 -8.29568e-02 | 23 -0.01220  2.52635e-01 | 24  0.00721  4.06489e-01
 25  0.02296  5.49838e-01 | 26  0.04288  3.83030e-01 | 27  0.00691  3.44922e-02
 28 -0.05815  1.12250e-01 | 29 -0.07520 -3.41994e-01 | 30 -0.07258 -9.94907e-02
 31 -0.03021 -3.44312e-01 | 32  0.07670 -5.53260e-01 | 33  0.03003 -1.33272e-02
 34  0.02108  2.43651e-01 | 35 -0.02118  2.41354e-01 | 36 -0.06167  5.29977e-02
 37  0.00120  1.69577e-01 | 38  0.01288  1.69938e-01 | 39 -0.02177 -2.35114e-01
 40  0.03572 -1.97506e-01 | 41  0.08157 -5.19702e-01 | 42  0.01522 -2.66518e-01
 43  0.08989 -1.63286e-01 | 44  0.00976 -9.49813e-02 | 45  0.13918  2.76339e-01
 46 -0.00176  1.56210e-01 | 47 -0.04383  1.79108e-01 | 48 -0.05507 -5.48397e-02
 49 -0.02066 -1.10059e-01 | 50  0.09697  6.21903e-02 | 51  0.03461  3.08997e-01
 52  0.01826  1.97930e-02 | 53 -0.02745 -9.62601e-02 | 54 -0.01684  8.16554e-02
 55 -0.00604 -5.98148e-02 | 56 -0.00245 -5.10988e-01 | 57  0.17328 -5.13538e-01
 58  0.09536 -6.20178e-01 |

Initial statistics: 88 variables; iteration 0; function evaluation 0; phase 3
Function value 7.3388750e+03; maximum gradient component mag 1.9139e+01
Var    Value     Gradient |Var    Value     Gradient |Var    Value     Gradient
  1 -0.42148 -2.77817e+00 |  2  0.37099 -8.69335e+00 |  3 -0.12653 -7.00695e+00
  4 -0.01252 -7.74610e+00 |  5 -0.70855 -7.46427e-01 |  6 -0.60496 -7.08513e+00
  7  0.37631 -8.07505e+00 |  8 -0.18445 -6.54437e+00 |  9  0.03319 -5.23813e+00
 10 -0.60991  5.60050e-01 | 11 -0.62256  4.31356e+00 | 12 -0.01196 -2.03420e+00
 13  0.00464 -5.96372e-02 | 14  0.00399  1.84750e-01 | 15 -0.00334  1.19381e-01
 16 -0.00141  1.50558e-01 | 17  0.01778 -8.44912e-02 | 18  0.01924  2.03676e-01
 19 -0.00428  3.85769e-03 | 20  0.01415 -2.40154e-01 | 21  0.08772  6.92312e-01
 22  0.02874 -8.29568e-02 | 23 -0.01220  2.52635e-01 | 24  0.00721  4.06489e-01
 25  0.02296  5.49838e-01 | 26  0.04288  3.83030e-01 | 27  0.00691  3.44922e-02
 28 -0.05815  1.12250e-01 | 29 -0.07520 -3.41994e-01 | 30 -0.07258 -9.94907e-02
 31 -0.03021 -3.44312e-01 | 32  0.07670 -5.53260e-01 | 33  0.03003 -1.33272e-02
 34  0.02108  2.43651e-01 | 35 -0.02118  2.41354e-01 | 36 -0.06167  5.29977e-02
 37  0.00120  1.69577e-01 | 38  0.01288  1.69938e-01 | 39 -0.02177 -2.35114e-01
 40  0.03572 -1.97506e-01 | 41  0.08157 -5.19702e-01 | 42  0.01522 -2.66518e-01
 43  0.08989 -1.63286e-01 | 44  0.00976 -9.49813e-02 | 45  0.13918  2.76339e-01
 46 -0.00176  1.56210e-01 | 47 -0.04383  1.79108e-01 | 48 -0.05507 -5.48397e-02
 49 -0.02066 -1.10059e-01 | 50  0.09697  6.21903e-02 | 51  0.03461  3.08997e-01
 52  0.01826  1.97930e-02 | 53 -0.02745 -9.62601e-02 | 54 -0.01684  8.16554e-02
 55 -0.00604 -5.98148e-02 | 56 -0.00245 -5.10988e-01 | 57  0.17328 -5.13538e-01
 58  0.09536 -6.20178e-01 | 59  0.04662  9.27042e+00 | 60  0.29671 -1.13672e+01
 61 -0.47544  1.76617e-01 | 62  0.31377 -1.30265e-01 | 63  0.18255  9.61498e+00
 64  0.25986 -1.62978e+01 | 65  0.17459  2.91071e+00 | 66  0.25418 -3.34615e+00
 67  0.10351  4.02843e+00 | 68  0.29677 -8.02256e+00 | 69  0.16893  3.81067e+00
 70  0.24623 -5.00963e+00 | 71 -0.35197 -1.88340e+00 | 72  0.24281  2.48524e+00
 73  0.20265  1.62392e-01 | 74  0.31675  2.68310e+00 | 75 -0.38040  2.91962e-01
 76  0.23607 -1.20898e+00 | 77  0.05118  2.41768e+00 | 78  0.11969  3.32579e+00
 79  0.32140 -1.94714e+00 | 80  0.27252 -1.99390e+00 | 81  0.01343 -1.44747e-02
 82  0.39319  1.14506e+00 | 83  0.09932  1.91394e+01 | 84  0.16368  1.31664e+01
 85  0.21870 -9.72011e+00 | 86  0.25726 -1.34865e+01 | 87 -0.55411 -6.68995e-01
 88  0.17113  4.59806e-01 |

Intermediate statistics: 88 variables; iteration 20; function evaluation 22; phase 3
Function value 7.3388217e+03; maximum gradient component mag 1.7311e+01
Var    Value     Gradient |Var    Value     Gradient |Var    Value     Gradient
  1 -0.42152 -1.84726e+00 |  2  0.37057 -8.51663e+00 |  3 -0.12657 -3.42591e+00
  4 -0.01162 -4.73089e+00 |  5 -0.70769  1.51432e-01 |  6 -0.60514 -8.97533e-01
  7  0.37557 -5.10385e+00 |  8 -0.18443 -2.74768e+00 |  9  0.03458 -2.79219e+00
 10 -0.61064  2.24758e-02 | 11 -0.62300 -2.82688e-01 | 12 -0.00820 -1.94520e+00
 13  0.00547  9.62054e-02 | 14  0.00366  1.52857e-02 | 15 -0.00348 -4.81820e-02
 16 -0.00171 -1.21882e-01 | 17  0.01859 -1.83379e-01 | 18  0.01861 -2.66211e-01
 19 -0.00398 -2.46708e-01 | 20  0.01581 -3.08609e-01 | 21  0.08537 -6.36743e-01
 22  0.03040 -3.62081e-01 | 23 -0.01245 -3.09672e-01 | 24  0.00674 -4.38182e-01
 25  0.02236 -5.17162e-01 | 26  0.04243 -6.20964e-01 | 27  0.00712 -5.00740e-01
 28 -0.05899 -4.39319e-01 | 29 -0.07516 -4.04139e-01 | 30 -0.07338 -5.03819e-01
 31 -0.03076 -5.29083e-01 | 32  0.07624 -5.07461e-01 | 33  0.02947 -4.67490e-02
 34  0.02032  5.22841e-02 | 35 -0.02212  4.45833e-02 | 36 -0.06249 -9.00633e-02
 37 -0.00035 -7.70742e-03 | 38  0.01098 -6.69681e-04 | 39 -0.02231  1.16449e-02
 40  0.03396 -9.72863e-02 | 41  0.07945 -3.13032e-02 | 42  0.01428 -1.55542e-01
 43  0.08686 -3.01892e-01 | 44  0.00826 -1.39726e-01 | 45  0.13644 -2.11214e-01
 46 -0.00306 -1.44027e-01 | 47 -0.04512 -1.26955e-01 | 48 -0.05540 -3.28087e-02
 49 -0.02083 -1.50522e-03 | 50  0.09611 -6.17890e-02 | 51  0.03327 -8.74349e-02
 52  0.01788 -5.56594e-02 | 53 -0.02741 -1.71713e-02 | 54 -0.01728 -2.50160e-02
 55 -0.00573 -1.88322e-02 | 56 -0.00020  5.02469e-02 | 57  0.16836 -4.40273e-01
 58  0.09064 -6.12176e-01 | 59  0.04521 -3.15331e+00 | 60  0.29737  7.51729e+00
 61 -0.47612 -5.18651e-03 | 62  0.31447 -3.89981e-02 | 63  0.17973  9.21919e-01
 64  0.25974 -1.95629e+00 | 65  0.17345 -1.07027e-02 | 66  0.25424  1.44343e-01
 67  0.09972 -2.99199e-01 | 68  0.29631 -1.83943e-01 | 69  0.16690 -2.36932e-01
 70  0.24584 -1.38781e-02 | 71 -0.34985 -6.63195e-01 | 72  0.24357  1.85905e+00
 73  0.20000 -6.24797e-01 | 74  0.31590  9.97093e-01 | 75 -0.37897  1.33795e-01
 76  0.23694 -5.59106e-01 | 77  0.05040  1.53412e+00 | 78  0.11867  2.40079e-01
 79  0.32132 -1.82454e+00 | 80  0.27243  1.82288e-01 | 81  0.01267  1.05421e-01
 82  0.39277  2.42483e-01 | 83  0.09892  1.73111e+01 | 84  0.16309  7.40296e+00
 85  0.21853 -9.88715e+00 | 86  0.25738 -7.29002e+00 | 87 -0.55259 -4.09090e-01
 88  0.17122  1.07669e-01 |
88 variables; iteration 40; function evaluation 45; phase 3
Function value 7.3388104e+03; maximum gradient component mag 1.4701e+01
Var    Value     Gradient |Var    Value     Gradient |Var    Value     Gradient
  1 -0.42160 -2.32395e-01 |  2  0.37060 -6.81889e+00 |  3 -0.12652 -1.76646e+00
  4 -0.01161 -3.99647e+00 |  5 -0.70738  1.76250e-01 |  6 -0.60523 -6.52991e-01
  7  0.37551 -4.22445e+00 |  8 -0.18440 -1.23739e+00 |  9  0.03472 -1.56242e+00
 10 -0.61013  2.98782e-01 | 11 -0.62309 -6.60586e-02 | 12  0.00375 -3.24319e+00
 13  0.00465 -1.40482e-01 | 14  0.00359 -1.28946e-01 | 15 -0.00335 -2.17044e-01
 16 -0.00132 -3.09087e-01 | 17  0.01867 -5.43172e-01 | 18  0.01930 -5.46180e-01
 19 -0.00355 -5.54173e-01 | 20  0.01562 -7.44620e-01 | 21  0.08720 -9.02555e-01
 22  0.03058 -7.30434e-01 | 23 -0.01169 -4.02576e-01 | 24  0.00761 -4.58938e-01
 25  0.02337 -4.62037e-01 | 26  0.04359 -5.31116e-01 | 27  0.00793 -4.65189e-01
 28 -0.05792 -2.64669e-01 | 29 -0.07420 -2.25643e-01 | 30 -0.07240 -2.53410e-01
 31 -0.02980 -1.10802e-01 | 32  0.07780  4.84468e-01 | 33  0.03082  6.35974e-01
 34  0.02155  5.54704e-01 | 35 -0.02093  3.89786e-01 | 36 -0.06160  1.02786e-01
 37  0.00083  2.05992e-01 | 38  0.01217  1.46452e-01 | 39 -0.02169  1.63205e-03
 40  0.03497 -2.85387e-02 | 41  0.08075  3.50477e-02 | 42  0.01467 -1.90099e-01
 43  0.08803 -1.90528e-01 | 44  0.00919  2.48837e-02 | 45  0.13725 -2.13206e-01
 46 -0.00234 -4.05701e-02 | 47 -0.04419  1.10262e-01 | 48 -0.05482  6.74622e-02
 49 -0.02025  9.62362e-02 | 50  0.09715  1.65305e-01 | 51  0.03416  1.35724e-01
 52  0.01837  2.54724e-02 | 53 -0.02727 -5.38308e-03 | 54 -0.01710 -1.74181e-03
 55 -0.00583 -3.92525e-02 | 56 -0.00100 -1.50519e-01 | 57  0.15283 -1.13231e+00
 58  0.07584 -1.57128e+00 | 59  0.04480 -4.10339e+00 | 60  0.29725  7.00042e+00
 61 -0.47582  1.43594e-01 | 62  0.31427 -1.18197e-01 | 63  0.17929  4.08771e-01
 64  0.25971 -1.16713e+00 | 65  0.17335 -5.80406e-02 | 66  0.25429  3.54397e-01
 67  0.10032  5.81191e-02 | 68  0.29670  1.21590e-01 | 69  0.16672 -6.15987e-01
 70  0.24588  6.97358e-01 | 71 -0.34999 -6.40232e-01 | 72  0.24334  1.18823e+00
 73  0.19978 -5.56349e-01 | 74  0.31580  8.89679e-01 | 75 -0.37987  1.52530e-01
 76  0.23658 -1.12913e+00 | 77  0.05050  1.87845e+00 | 78  0.11864  2.61671e-01
 79  0.32144 -1.93226e+00 | 80  0.27253  8.83123e-01 | 81  0.01243 -1.21373e-01
 82  0.39266  2.80440e-01 | 83  0.09874  1.47007e+01 | 84  0.16289  4.83317e+00
 85  0.21850 -7.96333e+00 | 86  0.25736 -5.90610e+00 | 87 -0.55087 -5.18260e-01
 88  0.17213  2.07852e-01 |

 - final statistics:
88 variables; iteration 52; function evaluation 58
Function value 7.3388e+03; maximum gradient component mag 9.8093e-01
Exit code = 1;  converg criter 1.0000e+00
Var    Value     Gradient |Var    Value     Gradient |Var    Value     Gradient
  1 -0.42160  4.97950e-01 |  2  0.37062 -4.53579e-01 |  3 -0.12661  2.47685e-01
  4 -0.01142 -2.11521e-01 |  5 -0.70699  2.89949e-01 |  6 -0.60529 -6.41525e-02
  7  0.37567 -2.15536e-01 |  8 -0.18436  3.62616e-01 |  9  0.03460  4.98923e-02
 10 -0.60997 -1.46000e-02 | 11 -0.62315  1.05278e-01 | 12  0.00657 -9.11428e-01
 13  0.00433 -1.46221e-01 | 14  0.00362 -7.11611e-03 | 15 -0.00319 -1.72463e-02
 16 -0.00111 -4.77929e-02 | 17  0.01912 -9.75883e-02 | 18  0.01976 -3.25598e-02
 19 -0.00315 -1.46761e-01 | 20  0.01730  6.79066e-03 | 21  0.08538 -4.36831e-01
 22  0.03243  1.90682e-01 | 23 -0.01126  2.53988e-01 | 24  0.00820  3.57241e-01
 25  0.02355  1.24853e-01 | 26  0.04347 -1.41968e-01 | 27  0.00828 -1.63112e-01
 28 -0.05751 -8.87545e-03 | 29 -0.07411 -1.41118e-01 | 30 -0.07213 -1.08741e-01
 31 -0.02962 -2.06630e-02 | 32  0.07801  2.82028e-01 | 33  0.03121  4.05610e-01
 34  0.02162  1.09975e-01 | 35 -0.02146 -2.66817e-01 | 36 -0.06155 -4.05738e-02
 37  0.00073 -6.24429e-02 | 38  0.01253  5.84620e-02 | 39 -0.02146  2.13279e-02
 40  0.03514  8.19193e-02 | 41  0.08126  2.55678e-01 | 42  0.01483 -1.89763e-02
 43  0.08868  2.27167e-02 | 44  0.00888 -1.65372e-01 | 45  0.13783  1.04928e-01
 46 -0.00209  6.48049e-02 | 47 -0.04490 -1.62198e-01 | 48 -0.05511 -2.75313e-02
 49 -0.02022  8.81229e-02 | 50  0.09698  1.22066e-02 | 51  0.03384  6.66762e-03
 52  0.01824 -4.18791e-04 | 53 -0.02661  2.32932e-01 | 54 -0.01664  1.31035e-01
 55 -0.00601 -5.63586e-02 | 56 -0.00162 -3.02966e-01 | 57  0.14947 -2.29934e-01
 58  0.07215 -3.93435e-01 | 59  0.04479 -6.46280e-01 | 60  0.29699  9.29142e-01
 61 -0.47639 -6.74392e-02 | 62  0.31428 -4.15990e-02 | 63  0.17932 -1.32892e-02
 64  0.25980  1.23749e-01 | 65  0.17321 -3.49097e-02 | 66  0.25422  1.68467e-01
 67  0.09996 -7.13925e-02 | 68  0.29658  1.50355e-01 | 69  0.16711  3.47288e-02
 70  0.24610  3.05334e-01 | 71 -0.35023 -2.92773e-01 | 72  0.24305  3.90633e-02
 73  0.20007 -1.22602e-01 | 74  0.31576  1.01536e-01 | 75 -0.37990 -1.99099e-01
 76  0.23678 -1.91759e-01 | 77  0.04975  7.08044e-02 | 78  0.11841 -3.78417e-02
 79  0.32162 -1.84855e-01 | 80  0.27235  2.18532e-01 | 81  0.01232 -7.32239e-02
 82  0.39251  3.73050e-02 | 83  0.09840  9.80926e-01 | 84  0.16273  8.65937e-02
 85  0.21844 -6.05597e-01 | 86  0.25742 -2.54504e-01 | 87 -0.54820  8.05736e-02
 88  0.17257 -2.85895e-01 |

Initial statistics: 112 variables; iteration 0; function evaluation 0; phase 4
Function value 7.3388037e+03; maximum gradient component mag 1.9605e+01
Var    Value     Gradient |Var    Value     Gradient |Var    Value     Gradient
  1 -0.42160  4.97950e-01 |  2  0.37062 -4.53579e-01 |  3 -0.12661  2.47685e-01
  4 -0.01142 -2.11521e-01 |  5 -0.70699  2.89949e-01 |  6 -0.60529 -6.41525e-02
  7  0.37567 -2.15536e-01 |  8 -0.18436  3.62616e-01 |  9  0.03460  4.98923e-02
 10 -0.60997 -1.46000e-02 | 11 -0.62315  1.05278e-01 | 12  0.00657 -9.11428e-01
 13  0.00433 -1.46221e-01 | 14  0.00362 -7.11611e-03 | 15 -0.00319 -1.72463e-02
 16 -0.00111 -4.77929e-02 | 17  0.01912 -9.75883e-02 | 18  0.01976 -3.25598e-02
 19 -0.00315 -1.46761e-01 | 20  0.01730  6.79066e-03 | 21  0.08538 -4.36831e-01
 22  0.03243  1.90682e-01 | 23 -0.01126  2.53988e-01 | 24  0.00820  3.57241e-01
 25  0.02355  1.24853e-01 | 26  0.04347 -1.41968e-01 | 27  0.00828 -1.63112e-01
 28 -0.05751 -8.87545e-03 | 29 -0.07411 -1.41118e-01 | 30 -0.07213 -1.08741e-01
 31 -0.02962 -2.06630e-02 | 32  0.07801  2.82028e-01 | 33  0.03121  4.05610e-01
 34  0.02162  1.09975e-01 | 35 -0.02146 -2.66817e-01 | 36 -0.06155 -4.05738e-02
 37  0.00073 -6.24429e-02 | 38  0.01253  5.84620e-02 | 39 -0.02146  2.13279e-02
 40  0.03514  8.19193e-02 | 41  0.08126  2.55678e-01 | 42  0.01483 -1.89763e-02
 43  0.08868  2.27167e-02 | 44  0.00888 -1.65372e-01 | 45  0.13783  1.04928e-01
 46 -0.00209  6.48049e-02 | 47 -0.04490 -1.62198e-01 | 48 -0.05511 -2.75313e-02
 49 -0.02022  8.81229e-02 | 50  0.09698  1.22066e-02 | 51  0.03384  6.66762e-03
 52  0.01824 -4.18791e-04 | 53 -0.02661  2.32932e-01 | 54 -0.01664  1.31035e-01
 55 -0.00601 -5.63586e-02 | 56 -0.00162 -3.02966e-01 | 57  0.14947 -2.29934e-01
 58  0.07215 -3.93435e-01 | 59  0.04479 -6.46280e-01 | 60  0.29699  9.29142e-01
 61  0.01638  7.73263e-01 | 62 -0.11477  5.26260e+00 | 63 -0.47639 -6.74392e-02
 64  0.31428 -4.15990e-02 | 65  0.04878 -2.04947e-01 | 66 -0.23502  5.14952e-01
 67  0.17932 -1.32892e-02 | 68  0.25980  1.23749e-01 | 69  0.17321 -3.49097e-02
 70  0.25422  1.68467e-01 | 71  0.00587 -8.00254e-02 | 72 -0.09827  2.91712e+00
 73  0.09996 -7.13925e-02 | 74  0.29658  1.50355e-01 | 75  0.16711  3.47288e-02
 76  0.24610  3.05334e-01 | 77 -0.35023 -2.92773e-01 | 78  0.24305  3.90633e-02
 79  0.05275 -2.02226e+00 | 80 -0.18762 -2.88630e-01 | 81  0.20007 -1.22602e-01
 82  0.31576  1.01536e-01 | 83  0.07774  1.60866e+00 | 84 -0.53183 -1.98355e-04
 85 -0.37990 -1.99099e-01 | 86  0.23678 -1.91759e-01 | 87  0.07820 -3.40681e+00
 88 -0.12196  1.44312e+01 | 89  0.04975  7.08044e-02 | 90  0.11841 -3.78417e-02
 91  0.32162 -1.84855e-01 | 92  0.27235  2.18532e-01 | 93  0.00546 -3.38015e-01
 94  0.00907  8.06715e-01 | 95 -0.15012  9.17984e+00 | 96 -0.12571  7.20336e+00
 97  0.01232 -7.32239e-02 | 98  0.39251  3.73050e-02 | 99  0.01863  1.71935e-01
100 -0.15435  1.18581e+00 |101  0.09840  9.80926e-01 |102  0.16273  8.65937e-02
103  0.21844 -6.05597e-01 |104  0.25742 -2.54504e-01 |105  0.02453  4.36201e+00
106 -0.00648  9.53823e-01 |107 -0.17628  1.35857e+01 |108 -0.11429  1.96050e+01
109 -0.54820  8.05736e-02 |110  0.17257 -2.85895e-01 |111  0.09511 -9.96906e-01
112 -0.25343  5.93679e-01 |

Intermediate statistics: 112 variables; iteration 20; function evaluation 21; phase 4
Function value 7.3387424e+03; maximum gradient component mag 2.2026e+01
Var    Value     Gradient |Var    Value     Gradient |Var    Value     Gradient
  1 -0.42212 -7.19056e+00 |  2  0.37020 -2.18779e+01 |  3 -0.12564 -2.70988e+00
  4 -0.01176 -9.70113e+00 |  5 -0.70690  2.21567e-01 |  6 -0.60543 -1.63911e+00
  7  0.37534  6.01690e+00 |  8 -0.18331  2.20257e+01 |  9  0.03454  9.83869e+00
 10 -0.60955  1.37156e+00 | 11 -0.62318  3.29647e+00 | 12  0.01032  2.18589e+00
 13  0.00424  2.61179e-03 | 14  0.00292 -5.39382e-02 | 15 -0.00385 -9.44042e-02
 16 -0.00168 -1.33591e-01 | 17  0.01862 -1.63048e-01 | 18  0.01900 -8.51316e-02
 19 -0.00335 -2.32189e-02 | 20  0.01642  5.46769e-02 | 21  0.08630  4.76479e-03
 22  0.03132  9.41526e-02 | 23 -0.01211 -1.44494e-01 | 24  0.00713 -3.06251e-01
 25  0.02302 -4.57457e-01 | 26  0.04316 -7.07355e-01 | 27  0.00752 -5.90513e-01
 28 -0.05857 -5.03034e-01 | 29 -0.07486 -4.17256e-01 | 30 -0.07294 -3.60190e-01
 31 -0.03030 -3.25518e-01 | 32  0.07711  1.56195e-02 | 33  0.02976  6.97177e-02
 34  0.02043 -1.36432e-01 | 35 -0.02191 -1.93797e-02 | 36 -0.06239 -2.88531e-01
 37 -0.00048 -2.26897e-01 | 38  0.01082 -1.90749e-01 | 39 -0.02256 -1.31792e-01
 40  0.03373 -2.35673e-01 | 41  0.07896 -2.16365e-01 | 42  0.01397 -1.51408e-01
 43  0.08655 -1.90135e-01 | 44  0.00812  7.35396e-02 | 45  0.13574 -7.71166e-02
 46 -0.00329  2.42622e-02 | 47 -0.04514 -2.59859e-02 | 48 -0.05564  6.07807e-02
 49 -0.02118  4.89319e-02 | 50  0.09565  1.57871e-01 | 51  0.03308  1.43387e-01
 52  0.01768  3.21946e-02 | 53 -0.02765  2.45871e-02 | 54 -0.01723  9.02885e-02
 55 -0.00577 -9.57549e-02 | 56 -0.00043 -8.59611e-03 | 57  0.14568  1.49714e+00
 58  0.07007  1.13149e+00 | 59  0.04419 -4.57827e-01 | 60  0.29694  9.47795e-01
 61  0.01718  5.88733e-01 | 62 -0.11612  2.28170e+00 | 63 -0.47643  1.47462e-03
 64  0.31446 -1.19534e-03 | 65  0.04900 -9.05130e-02 | 66 -0.23688 -1.74784e-02
 67  0.17758  8.66152e-01 | 68  0.25934 -2.19037e+00 | 69  0.17230  3.43964e-01
 70  0.25376 -8.33867e-01 | 71  0.00674  2.38147e-02 | 72 -0.09952  1.68904e+00
 73  0.09768  6.70943e-01 | 74  0.29600 -1.61468e+00 | 75  0.16537  7.41852e-01
 76  0.24534 -1.65829e+00 | 77 -0.35107  1.97832e-01 | 78  0.24284  3.38994e-02
 79  0.05320  4.53186e-01 | 80 -0.18794  3.47185e+00 | 81  0.20128  3.47618e-01
 82  0.31606 -1.98702e-01 | 83  0.07751  2.91485e+00 | 84 -0.53183 -1.97084e-04
 85 -0.38163 -5.59401e-01 | 86  0.23615  2.22164e+00 | 87  0.07983 -7.14084e-01
 88 -0.12420 -3.66318e+00 | 89  0.04719 -1.90537e-01 | 90  0.11778 -4.95224e-01
 91  0.32038 -4.39464e-01 | 92  0.27211  3.93099e-01 | 93  0.00821 -7.26027e-01
 94  0.01003  1.93332e-01 | 95 -0.15358  2.46121e+00 | 96 -0.12710  1.39382e+00
 97  0.01192  3.22385e-02 | 98  0.39272  2.12676e-02 | 99  0.01905  7.34361e-02
100 -0.15566  3.22373e-01 |101  0.09831  9.07134e+00 |102  0.16235  2.65852e+00
103  0.21846 -1.14747e+00 |104  0.25753  2.94892e+00 |105  0.02503  1.08916e+01
106 -0.00553  3.48550e+00 |107 -0.17805  3.27693e-01 |108 -0.11513  2.07838e+01
109 -0.54871  2.77533e-01 |110  0.17272  2.33904e-02 |111  0.09557  2.15081e+00
112 -0.25745  7.37853e-01 |
112 variables; iteration 40; function evaluation 41; phase 4
Function value 7.3387189e+03; maximum gradient component mag 2.3032e+01
Var    Value     Gradient |Var    Value     Gradient |Var    Value     Gradient
  1 -0.42235 -4.13890e+00 |  2  0.37020 -1.83769e+01 |  3 -0.12540 -1.64884e-01
  4 -0.01175 -7.68598e+00 |  5 -0.70627  4.54611e-01 |  6 -0.60559 -4.17089e-01
  7  0.37510  7.48189e+00 |  8 -0.18311  2.30320e+01 |  9  0.03489  1.09741e+01
 10 -0.60992  9.16579e-01 | 11 -0.62331  1.62435e+00 | 12  0.03188 -9.41112e-01
 13  0.00374 -7.92521e-02 | 14  0.00305 -3.97063e-02 | 15 -0.00350 -5.90286e-02
 16 -0.00137 -9.22909e-02 | 17  0.01929 -8.50990e-02 | 18  0.01989  4.73804e-02
 19 -0.00298  7.00647e-02 | 20  0.01732  2.32583e-01 | 21  0.08738  1.14823e-01
 22  0.03228  2.29900e-01 | 23 -0.01130 -4.91637e-02 | 24  0.00812 -1.35361e-01
 25  0.02415 -1.88044e-01 | 26  0.04468 -2.38721e-01 | 27  0.00882 -2.17126e-01
 28 -0.05741 -2.75917e-01 | 29 -0.07365 -2.36185e-01 | 30 -0.07195 -3.29450e-01
 31 -0.02952 -3.45107e-01 | 32  0.07854  2.30636e-01 | 33  0.03111  4.81372e-01
 34  0.02193  2.94963e-01 | 35 -0.02070  2.67496e-01 | 36 -0.06141  5.14693e-03
 37  0.00097  4.00480e-01 | 38  0.01237  4.56375e-01 | 39 -0.02142  3.17323e-01
 40  0.03501  3.74462e-01 | 41  0.08064  6.00158e-01 | 42  0.01461  3.30028e-02
 43  0.08744 -2.20045e-04 | 44  0.00862  1.33436e-01 | 45  0.13634  1.39700e-01
 46 -0.00314 -7.11247e-02 | 47 -0.04476  6.24383e-02 | 48 -0.05513  1.51898e-01
 49 -0.02045  1.98465e-01 | 50  0.09652  3.44071e-01 | 51  0.03356  3.03069e-01
 52  0.01809  1.70908e-01 | 53 -0.02747  1.25455e-01 | 54 -0.01709  1.29954e-01
 55 -0.00577 -9.65994e-02 | 56 -0.00084 -1.18495e-01 | 57  0.11865  4.40956e-01
 58  0.04333 -6.37462e-01 | 59  0.04422 -1.35631e+00 | 60  0.29726  4.48066e+00
 61  0.01713 -1.97387e-01 | 62 -0.11665 -7.41917e-01 | 63 -0.47736 -5.91511e-02
 64  0.31420 -4.67434e-03 | 65  0.04926 -1.91114e-01 | 66 -0.23723 -4.17330e-02
 67  0.17712  1.43449e+00 | 68  0.25935 -2.89475e+00 | 69  0.17181 -3.62858e-01
 70  0.25365 -1.91630e-01 | 71  0.00690 -3.48534e-01 | 72 -0.09996  6.16875e-01
 73  0.09644  8.00843e-01 | 74  0.29570 -2.33554e+00 | 75  0.16498 -4.78332e-04
 76  0.24546 -1.56878e-01 | 77 -0.35145  8.40494e-01 | 78  0.24255 -9.05809e-01
 79  0.05364  2.28704e+00 | 80 -0.18815  9.64840e-01 | 81  0.20139 -6.69110e-01
 82  0.31602  1.32669e-01 | 83  0.07715 -4.03067e+00 | 84 -0.53180 -7.70809e-04
 85 -0.39295 -1.19299e+00 | 86  0.23226  1.98610e+00 | 87  0.08250 -7.92308e-01
 88 -0.12467 -5.83454e+00 | 89  0.04292 -4.73443e-01 | 90  0.11766 -1.54729e+00
 91  0.31937  6.32986e-01 | 92  0.27222  1.40582e+00 | 93  0.01221  1.75733e-01
 94  0.00965 -8.97370e-01 | 95 -0.15513  2.37616e+00 | 96 -0.12720  1.54398e+00
 97  0.01156 -5.06147e-01 | 98  0.39313  4.78395e-01 | 99  0.01883 -3.10027e-01
100 -0.15528  9.56277e-01 |101  0.09835  6.54575e+00 |102  0.16197 -1.70055e-01
103  0.21860  4.14135e-01 |104  0.25750  6.48550e+00 |105  0.02476  5.29040e+00
106 -0.00518  2.85937e+00 |107 -0.17814  1.60737e-01 |108 -0.11548  1.72029e+01
109 -0.55296 -2.14983e-01 |110  0.17083 -1.22001e-01 |111  0.09599 -1.44768e+00
112 -0.25655 -6.43947e-02 |
112 variables; iteration 60; function evaluation 61; phase 4
Function value 7.3387052e+03; maximum gradient component mag 1.6341e+01
Var    Value     Gradient |Var    Value     Gradient |Var    Value     Gradient
  1 -0.42232 -3.07405e-01 |  2  0.37017 -1.04772e+01 |  3 -0.12547  1.44534e+00
  4 -0.01145 -2.62154e+00 |  5 -0.70595  5.60718e-01 |  6 -0.60570 -1.71746e-01
  7  0.37513  5.61722e+00 |  8 -0.18305  1.63408e+01 |  9  0.03476  7.87784e+00
 10 -0.60977  6.42448e-01 | 11 -0.62336  1.41340e+00 | 12  0.04197 -2.96415e+00
 13  0.00315 -2.19942e-01 | 14  0.00257 -1.61420e-01 | 15 -0.00359 -9.83361e-02
 16 -0.00097 -6.02925e-02 | 17  0.01964 -8.42434e-03 | 18  0.02019  9.87845e-02
 19 -0.00220  1.22541e-01 | 20  0.01713  1.72522e-01 | 21  0.08779  2.92659e-01
 22  0.03264  2.93944e-01 | 23 -0.01082  1.73205e-01 | 24  0.00869  1.75321e-01
 25  0.02454  8.01144e-02 | 26  0.04489  9.98862e-02 | 27  0.00963  2.41764e-01
 28 -0.05662  1.34188e-01 | 29 -0.07353 -1.29929e-01 | 30 -0.07139 -3.85415e-02
 31 -0.02875  1.25585e-01 | 32  0.07887  5.18948e-01 | 33  0.03153  6.87728e-01
 34  0.02292  8.46298e-01 | 35 -0.02025  4.79407e-01 | 36 -0.06078  2.90635e-01
 37  0.00170  6.73792e-01 | 38  0.01294  5.64135e-01 | 39 -0.02115  2.59554e-01
 40  0.03529  1.52413e-01 | 41  0.08046  1.97023e-01 | 42  0.01538  2.35391e-01
 43  0.08855  6.17322e-01 | 44  0.00864  1.58214e-01 | 45  0.13672  2.19833e-01
 46 -0.00218  2.77850e-01 | 47 -0.04516 -1.26215e-01 | 48 -0.05536  5.17418e-02
 49 -0.02082  6.88664e-02 | 50  0.09597  3.75855e-02 | 51  0.03342  1.67762e-01
 52  0.01789  7.72184e-02 | 53 -0.02742  1.19928e-01 | 54 -0.01719  6.68685e-02
 55 -0.00572 -6.21193e-02 | 56 -0.00045 -1.75847e-02 | 57  0.10614 -7.55933e-01
 58  0.03173 -1.08780e+00 | 59  0.04404 -1.95057e+00 | 60  0.29716  3.50108e+00
 61  0.01686 -1.17350e+00 | 62 -0.11663 -9.69027e-01 | 63 -0.47681 -5.39396e-02
 64  0.31446  3.45073e-03 | 65  0.04897 -2.68664e-01 | 66 -0.23721 -1.04515e-02
 67  0.17700  5.94561e-01 | 68  0.25949 -8.33741e-01 | 69  0.17204 -3.81960e-01
 70  0.25380 -6.72712e-02 | 71  0.00659 -6.87965e-01 | 72 -0.10015 -2.80206e-01
 73  0.09659  4.06043e-01 | 74  0.29595 -8.80831e-01 | 75  0.16500 -1.84005e-01
 76  0.24559  4.24995e-01 | 77 -0.35050  6.97016e-01 | 78  0.24278 -1.06056e+00
 79  0.05332  7.25725e-01 | 80 -0.18821 -1.68200e+00 | 81  0.20047 -5.45239e-01
 82  0.31569 -5.28798e-01 | 83  0.07727 -3.28100e+00 | 84 -0.53161 -6.57635e-04
 85 -0.38785 -4.82948e-01 | 86  0.23397  1.52142e+00 | 87  0.08164 -1.76512e-01
 88 -0.12472 -4.47406e+00 | 89  0.04385 -7.66886e-01 | 90  0.11729 -1.53926e+00
 91  0.31946  3.61982e-01 | 92  0.27204  1.23557e+00 | 93  0.01124 -7.46828e-01
 94  0.01011 -4.84531e-01 | 95 -0.15595  1.03085e+00 | 96 -0.12747  2.61309e-01
 97  0.01104 -8.59123e-01 | 98  0.39306  6.42988e-01 | 99  0.01918 -5.32273e-01
100 -0.15561  5.82424e-01 |101  0.09794  1.27576e+00 |102  0.16183 -2.15303e+00
103  0.21831  1.05773e+00 |104  0.25739  5.95399e+00 |105  0.02489  1.73331e+00
106 -0.00518  6.88642e-01 |107 -0.17828 -9.73202e-01 |108 -0.11576  8.19973e+00
109 -0.54495  1.60145e-01 |110  0.17411 -1.65326e-01 |111  0.09553 -2.37274e+00
112 -0.25767 -7.28069e-01 |
112 variables; iteration 80; function evaluation 84; phase 4
Function value 7.3386943e+03; maximum gradient component mag -1.3427e+00
Var    Value     Gradient |Var    Value     Gradient |Var    Value     Gradient
  1 -0.42225  9.76370e-01 |  2  0.37044  9.71076e-01 |  3 -0.12537  6.93347e-01
  4 -0.01172  7.23622e-01 |  5 -0.70671 -1.51351e-01 |  6 -0.60562  6.63836e-02
  7  0.37523  8.00010e-02 |  8 -0.18309  7.50495e-02 |  9  0.03450  1.26693e-01
 10 -0.61011 -1.02209e-01 | 11 -0.62333  1.30420e-01 | 12  0.04676 -1.04814e+00
 13  0.00299 -7.78981e-02 | 14  0.00240 -8.02809e-02 | 15 -0.00378 -6.92113e-02
 16 -0.00121 -3.12562e-02 | 17  0.01961 -1.40311e-02 | 18  0.02017  2.54369e-02
 19 -0.00257  5.14633e-02 | 20  0.01688  3.28849e-02 | 21  0.08840  1.28391e-01
 22  0.03216  1.31261e-02 | 23 -0.01079  3.85833e-02 | 24  0.00876  6.86074e-02
 25  0.02471  9.45193e-02 | 26  0.04507  1.26927e-01 | 27  0.00952  1.36706e-01
 28 -0.05662  1.20789e-01 | 29 -0.07304  4.39718e-02 | 30 -0.07120 -3.92736e-02
 31 -0.02897 -7.67873e-02 | 32  0.07914  2.02471e-01 | 33  0.03160  2.46935e-01
 34  0.02270  2.07552e-01 | 35 -0.02001  1.00777e-01 | 36 -0.06079  2.04559e-02
 37  0.00141 -3.51956e-02 | 38  0.01282 -1.71224e-02 | 39 -0.02103  2.40574e-02
 40  0.03575  1.16894e-01 | 41  0.08075  1.77136e-01 | 42  0.01542  8.11963e-02
 43  0.08798  8.64767e-02 | 44  0.00871  4.00255e-03 | 45  0.13686  1.84768e-01
 46 -0.00273 -4.78773e-02 | 47 -0.04496 -1.88508e-02 | 48 -0.05530  2.21714e-02
 49 -0.02085  1.45291e-02 | 50  0.09606 -3.69826e-02 | 51  0.03324 -8.30838e-03
 52  0.01779  4.26312e-02 | 53 -0.02781 -2.21546e-02 | 54 -0.01750 -5.68088e-02
 55 -0.00564  6.40709e-03 | 56 -0.00036  2.95463e-03 | 57  0.10055 -2.80315e-01
 58  0.02642 -3.65184e-01 | 59  0.04384 -2.01802e-01 | 60  0.29696  2.30432e-01
 61  0.01723 -1.52196e-01 | 62 -0.11674 -3.43312e-01 | 63 -0.47775 -4.72209e-03
 64  0.31411 -6.43503e-03 | 65  0.04949  1.59386e-02 | 66 -0.23736 -7.64906e-03
 67  0.17667 -3.05470e-01 | 68  0.25943  3.80864e-01 | 69  0.17199 -9.18635e-02
 70  0.25384  1.34567e-01 | 71  0.00699 -4.86782e-02 | 72 -0.10020 -9.51809e-02
 73  0.09643 -1.10375e-01 | 74  0.29601  2.85382e-01 | 75  0.16492 -8.37136e-02
 76  0.24555  2.17344e-01 | 77 -0.35129  5.09929e-03 | 78  0.24273  1.11469e-01
 79  0.05338 -2.18740e-01 | 80 -0.18823 -1.01097e+00 | 81  0.20199  3.99816e-03
 82  0.31617  1.08418e-01 | 83  0.07715 -1.52999e-01 | 84 -0.53079 -4.30130e-04
 85 -0.38941  3.92737e-02 | 86  0.23330 -5.08393e-02 | 87  0.08211  8.59100e-02
 88 -0.12440 -1.59964e-01 | 89  0.04371 -6.49747e-02 | 90  0.11743 -2.49213e-01
 91  0.31930  5.53553e-02 | 92  0.27199  5.22989e-02 | 93  0.01182 -9.29930e-02
 94  0.01019  6.24223e-02 | 95 -0.15679 -1.68710e-01 | 96 -0.12762 -2.87053e-01
 97  0.01155  4.09558e-02 | 98  0.39260 -8.44924e-02 | 99  0.01915 -5.32000e-02
100 -0.15619  3.05253e-02 |101  0.09779 -9.84126e-01 |102  0.16170 -6.76244e-01
103  0.21816  4.63110e-01 |104  0.25718  5.60916e-01 |105  0.02488 -8.52352e-01
106 -0.00502 -4.98294e-01 |107 -0.17823 -3.51981e-01 |108 -0.11609 -1.34272e+00
109 -0.55069 -6.02853e-02 |110  0.17200  2.85166e-02 |111  0.09610 -6.25257e-01
112 -0.25826 -2.11887e-01 |
112 variables; iteration 100; function evaluation 115; phase 4
Function value 7.3386935e+03; maximum gradient component mag -1.1411e-01
Var    Value     Gradient |Var    Value     Gradient |Var    Value     Gradient
  1 -0.42231  3.00087e-02 |  2  0.37042 -2.23823e-03 |  3 -0.12535  1.91356e-02
  4 -0.01170  1.24000e-02 |  5 -0.70641  2.26782e-02 |  6 -0.60567 -6.66177e-03
  7  0.37520  2.38886e-03 |  8 -0.18305  2.33194e-02 |  9  0.03454  1.99413e-02
 10 -0.60998  1.23206e-02 | 11 -0.62336  6.11722e-03 | 12  0.05359 -1.03831e-01
 13  0.00284 -1.19208e-03 | 14  0.00235 -1.03819e-02 | 15 -0.00370  2.79591e-03
 16 -0.00118 -3.98488e-03 | 17  0.01973 -6.94445e-04 | 18  0.02023 -5.08279e-03
 19 -0.00255 -9.90109e-03 | 20  0.01707 -1.33725e-02 | 21  0.08858  1.86805e-02
 22  0.03256 -4.69690e-04 | 23 -0.01056  9.91699e-03 | 24  0.00892  1.04975e-02
 25  0.02493  2.26958e-02 | 26  0.04543  2.66311e-02 | 27  0.00970  4.94029e-03
 28 -0.05654 -8.32956e-03 | 29 -0.07279  1.27888e-02 | 30 -0.07088  6.96554e-03
 31 -0.02856  4.56338e-03 | 32  0.07950  2.55794e-02 | 33  0.03162 -2.27621e-02
 34  0.02286 -8.05535e-04 | 35 -0.01981  8.88210e-03 | 36 -0.06053  2.66085e-02
 37  0.00178  2.18638e-02 | 38  0.01316  6.14184e-03 | 39 -0.02093 -2.70712e-02
 40  0.03585 -9.64675e-03 | 41  0.08084 -1.15552e-02 | 42  0.01544 -9.48928e-03
 43  0.08811  5.04113e-03 | 44  0.00882 -5.35218e-03 | 45  0.13677 -1.13148e-02
 46 -0.00249  2.91187e-02 | 47 -0.04484  1.32073e-02 | 48 -0.05533  3.79912e-04
 49 -0.02093 -1.93867e-02 | 50  0.09627  2.15868e-02 | 51  0.03327  5.29520e-03
 52  0.01765 -2.21727e-02 | 53 -0.02772  1.18384e-02 | 54 -0.01724  1.28507e-02
 55 -0.00566 -2.21210e-03 | 56 -0.00031  1.49203e-02 | 57  0.09221 -2.81577e-02
 58  0.01862 -4.63065e-02 | 59  0.04374 -9.72255e-03 | 60  0.29697  4.96122e-03
 61  0.01727 -5.37891e-03 | 62 -0.11677 -3.38821e-03 | 63 -0.47774 -5.91072e-03
 64  0.31422 -2.61717e-03 | 65  0.04946 -5.10817e-03 | 66 -0.23742  6.16339e-04
 67  0.17657 -2.94953e-03 | 68  0.25945  1.34629e-02 | 69  0.17186 -1.41912e-02
 70  0.25380 -6.38166e-04 | 71  0.00706 -3.56224e-03 | 72 -0.10025  2.06158e-04
 73  0.09614 -1.57726e-02 | 74  0.29595  3.98084e-03 | 75  0.16474 -4.48183e-03
 76  0.24549  6.72291e-03 | 77 -0.35182  6.12303e-03 | 78  0.24255  5.61481e-03
 79  0.05352 -6.61573e-03 | 80 -0.18821 -3.73642e-02 | 81  0.20161 -1.68417e-03
 82  0.31606 -1.60971e-03 | 83  0.07718 -9.33952e-03 | 84 -0.52891 -2.60428e-04
 85 -0.38985 -2.04499e-03 | 86  0.23318 -3.88461e-03 | 87  0.08225 -4.87732e-03
 88 -0.12448 -7.19387e-03 | 89  0.04344  1.58788e-03 | 90  0.11757  1.54505e-02
 91  0.31921  1.57750e-03 | 92  0.27208  1.54321e-02 | 93  0.01207  1.23489e-03
 94  0.01000 -2.65064e-02 | 95 -0.15702 -2.02846e-02 | 96 -0.12762 -1.65860e-03
 97  0.01128 -1.70266e-02 | 98  0.39263 -9.38819e-03 | 99  0.01937  1.00424e-02
100 -0.15631 -5.47241e-03 |101  0.09776 -1.87016e-02 |102  0.16162 -2.99255e-02
103  0.21815  7.81743e-03 |104  0.25717  1.36730e-02 |105  0.02489 -2.32943e-02
106 -0.00493  9.51874e-03 |107 -0.17828 -1.00804e-02 |108 -0.11612 -1.69144e-02
109 -0.55052 -4.63884e-03 |110  0.17199 -1.20370e-04 |111  0.09603 -1.14109e-01
112 -0.25833 -2.37482e-02 |
112 variables; iteration 120; function evaluation 149; phase 4
Function value 7.3386935e+03; maximum gradient component mag 1.9399e-03
Var    Value     Gradient |Var    Value     Gradient |Var    Value     Gradient
  1 -0.42231 -6.03895e-04 |  2  0.37042 -2.05096e-04 |  3 -0.12534 -3.88072e-04
  4 -0.01170 -2.93029e-04 |  5 -0.70645 -1.94038e-04 |  6 -0.60567  7.64095e-05
  7  0.37520 -9.85215e-05 |  8 -0.18305 -3.30301e-04 |  9  0.03454 -1.59920e-04
 10 -0.61000 -4.33181e-04 | 11 -0.62336 -1.21453e-04 | 12  0.05405  1.77839e-03
 13  0.00282  1.15423e-03 | 14  0.00237  4.45512e-04 | 15 -0.00372  4.21453e-04
 16 -0.00118 -5.84754e-04 | 17  0.01972 -6.62820e-04 | 18  0.02024 -2.51173e-04
 19 -0.00252 -2.47631e-04 | 20  0.01714  7.15090e-04 | 21  0.08854  4.08573e-04
 22  0.03261 -1.24382e-04 | 23 -0.01057 -1.21549e-03 | 24  0.00894 -3.12374e-04
 25  0.02493 -1.05784e-04 | 26  0.04543  7.86351e-04 | 27  0.00973 -1.72161e-03
 28 -0.05649  1.33988e-03 | 29 -0.07280 -5.29318e-04 | 30 -0.07087 -2.68118e-05
 31 -0.02852  2.46242e-04 | 32  0.07948 -5.17521e-04 | 33  0.03170  5.17528e-04
 34  0.02288 -2.19356e-04 | 35 -0.01979  7.59034e-05 | 36 -0.06057  2.43367e-04
 37  0.00177 -7.17462e-04 | 38  0.01316  3.29693e-05 | 39 -0.02084  7.19763e-04
 40  0.03586  2.75562e-05 | 41  0.08086  6.37558e-05 | 42  0.01548  1.71998e-04
 43  0.08810  4.21671e-05 | 44  0.00884 -3.64937e-04 | 45  0.13679  1.26753e-04
 46 -0.00255 -1.33812e-04 | 47 -0.04487  2.85735e-04 | 48 -0.05534  2.21629e-04
 49 -0.02087  2.25659e-04 | 50  0.09622 -1.36722e-04 | 51  0.03326 -1.22031e-03
 52  0.01771  4.29146e-05 | 53 -0.02775  3.09237e-04 | 54 -0.01729 -3.79088e-04
 55 -0.00565 -2.57009e-04 | 56 -0.00037 -3.50974e-04 | 57  0.09168  3.81651e-04
 58  0.01812  8.73976e-04 | 59  0.04373  1.70051e-04 | 60  0.29697 -9.72973e-05
 61  0.01727  9.89261e-05 | 62 -0.11678  1.08487e-04 | 63 -0.47761  7.67760e-05
 64  0.31434 -8.46888e-06 | 65  0.04943  1.35372e-05 | 66 -0.23742  1.71471e-04
 67  0.17656  1.10909e-04 | 68  0.25945 -2.47106e-04 | 69  0.17187  5.04993e-04
 70  0.25381  1.51565e-04 | 71  0.00705 -2.20333e-04 | 72 -0.10026  3.36310e-05
 73  0.09616  1.62748e-04 | 74  0.29596 -1.32373e-04 | 75  0.16474  1.12835e-04
 76  0.24549 -1.10386e-04 | 77 -0.35186  1.42285e-04 | 78  0.24254 -4.01598e-05
 79  0.05353  9.27495e-05 | 80 -0.18821  7.29926e-04 | 81  0.20160  3.57704e-05
 82  0.31606  2.44958e-06 | 83  0.07718  1.61829e-04 | 84 -0.52764 -1.61747e-04
 85 -0.38984  2.14067e-05 | 86  0.23319  2.84176e-05 | 87  0.08225  3.40423e-05
 88 -0.12449  9.44017e-05 | 89  0.04343 -2.61461e-05 | 90  0.11754 -1.41007e-04
 91  0.31921 -1.75830e-05 | 92  0.27206 -1.90495e-04 | 93  0.01208 -4.78996e-05
 94  0.01003  2.95273e-04 | 95 -0.15703  2.60701e-04 | 96 -0.12763  6.74958e-05
 97  0.01134  1.81275e-04 | 98  0.39266  1.01386e-04 | 99  0.01932 -1.07442e-04
100 -0.15630  7.60522e-05 |101  0.09776  3.33442e-04 |102  0.16162  5.22355e-04
103  0.21815 -1.39963e-04 |104  0.25717 -2.97871e-04 |105  0.02489  3.98181e-04
106 -0.00494 -5.31724e-05 |107 -0.17828  1.82246e-04 |108 -0.11612  4.22020e-04
109 -0.55060  1.55937e-04 |110  0.17195  6.87742e-05 |111  0.09604  1.93994e-03
112 -0.25840  3.06800e-04 |

 - final statistics:
112 variables; iteration 125; function evaluation 156
Function value 7.3387e+03; maximum gradient component mag 9.3998e-04
Exit code = 1;  converg criter 1.0000e-03
Var    Value     Gradient |Var    Value     Gradient |Var    Value     Gradient
  1 -0.42231  4.01803e-04 |  2  0.37042  7.19822e-04 |  3 -0.12534  3.09253e-04
  4 -0.01170  4.15209e-04 |  5 -0.70645 -3.87759e-04 |  6 -0.60567  1.12617e-04
  7  0.37520  6.09254e-05 |  8 -0.18305 -1.53013e-04 |  9  0.03454 -3.62069e-05
 10 -0.60999 -1.60550e-04 | 11 -0.62336  2.83782e-05 | 12  0.05403  1.43785e-04
 13  0.00281 -7.90747e-04 | 14  0.00237 -3.48241e-04 | 15 -0.00372  7.49330e-05
 16 -0.00117  5.80104e-04 | 17  0.01972  1.62636e-04 | 18  0.02024  1.91444e-04
 19 -0.00252  5.10148e-04 | 20  0.01714 -5.09467e-04 | 21  0.08854 -6.25216e-04
 22  0.03261  5.92146e-04 | 23 -0.01056  9.39980e-04 | 24  0.00894 -2.97282e-04
 25  0.02493 -4.81393e-04 | 26  0.04542 -2.34091e-04 | 27  0.00973  8.18446e-04
 28 -0.05650 -6.39998e-04 | 29 -0.07280  4.50549e-05 | 30 -0.07087  1.93414e-04
 31 -0.02853 -2.79444e-05 | 32  0.07948 -2.49226e-04 | 33  0.03170  6.06156e-04
 34  0.02288 -1.96586e-05 | 35 -0.01979  2.06922e-05 | 36 -0.06057 -4.03536e-04
 37  0.00177 -3.51161e-04 | 38  0.01316  1.17523e-04 | 39 -0.02084  4.62463e-04
 40  0.03586 -1.80483e-04 | 41  0.08086  9.62242e-05 | 42  0.01548  2.74758e-04
 43  0.08810 -2.03381e-04 | 44  0.00884  5.96480e-05 | 45  0.13679  1.41362e-04
 46 -0.00255 -5.00143e-04 | 47 -0.04487 -3.00169e-04 | 48 -0.05533  5.85201e-04
 49 -0.02087  1.38172e-04 | 50  0.09622 -5.73599e-04 | 51  0.03327  3.46837e-04
 52  0.01771  6.40995e-05 | 53 -0.02775 -3.94289e-05 | 54 -0.01729 -3.02137e-04
 55 -0.00566 -5.03977e-04 | 56 -0.00037 -3.11313e-04 | 57  0.09169  4.96631e-06
 58  0.01813  2.28966e-04 | 59  0.04373 -9.69694e-05 | 60  0.29697  1.40697e-04
 61  0.01727 -7.58020e-05 | 62 -0.11678 -2.05611e-04 | 63 -0.47761  3.60417e-05
 64  0.31434  2.62846e-05 | 65  0.04943  1.44637e-05 | 66 -0.23742  1.29405e-05
 67  0.17656 -1.69067e-04 | 68  0.25945  2.04655e-04 | 69  0.17187  3.47182e-04
 70  0.25381  2.74224e-04 | 71  0.00705 -3.24905e-04 | 72 -0.10026 -3.52486e-05
 73  0.09616 -2.90547e-04 | 74  0.29596  6.52395e-05 | 75  0.16474 -9.28363e-05
 76  0.24549  6.56198e-05 | 77 -0.35186 -1.47633e-04 | 78  0.24254  4.36444e-05
 79  0.05353 -6.99263e-05 | 80 -0.18821 -3.64282e-04 | 81  0.20160 -4.18201e-05
 82  0.31606  5.50864e-05 | 83  0.07718  2.13113e-05 | 84 -0.52655 -7.61636e-05
 85 -0.38984  3.40321e-05 | 86  0.23319 -1.24963e-05 | 87  0.08225  5.13790e-05
 88 -0.12449 -7.72829e-05 | 89  0.04343 -1.01868e-05 | 90  0.11754 -2.76730e-04
 91  0.31921  8.94142e-06 | 92  0.27206 -9.27012e-05 | 93  0.01208 -1.32287e-05
 94  0.01003  2.50948e-04 | 95 -0.15703 -1.99178e-05 | 96 -0.12763 -1.67466e-04
 97  0.01134  1.96588e-04 | 98  0.39266  1.09470e-04 | 99  0.01932 -1.20346e-04
100 -0.15630  3.67716e-05 |101  0.09776 -4.64761e-04 |102  0.16162 -2.85065e-04
103  0.21815  2.55048e-04 |104  0.25717  2.59686e-04 |105  0.02489 -3.36820e-04
106 -0.00494 -2.77745e-04 |107 -0.17828 -1.38578e-04 |108 -0.11612 -7.60860e-04
109 -0.55060 -1.69816e-05 |110  0.17195 -1.30267e-05 |111  0.09604  8.60773e-04
112 -0.25839  1.68317e-04 |

 - final statistics:
125 variables; iteration 0; function evaluation 0
Function value 7.3387e+03; maximum gradient component mag 9.3998e-04
Exit code = 0;  converg criter 1.0000e-03
Var    Value     Gradient |Var    Value     Gradient |Var    Value     Gradient
  1 -0.42231  4.01803e-04 |  2  0.37042  7.19822e-04 |  3 -0.12534  3.09253e-04
  4 -0.01170  4.15209e-04 |  5 -0.70645 -3.87759e-04 |  6 -0.60567  1.12617e-04
  7  0.37520  6.09254e-05 |  8 -0.18305 -1.53013e-04 |  9  0.03454 -3.62069e-05
 10 -0.60999 -1.60550e-04 | 11 -0.62336  2.83782e-05 | 12  0.05403  1.43785e-04
 13  0.00281 -7.90747e-04 | 14  0.00237 -3.48241e-04 | 15 -0.00372  7.49330e-05
 16 -0.00117  5.80104e-04 | 17  0.01972  1.62636e-04 | 18  0.02024  1.91444e-04
 19 -0.00252  5.10148e-04 | 20  0.01714 -5.09467e-04 | 21  0.08854 -6.25216e-04
 22  0.03261  5.92146e-04 | 23 -0.01056  9.39980e-04 | 24  0.00894 -2.97282e-04
 25  0.02493 -4.81393e-04 | 26  0.04542 -2.34091e-04 | 27  0.00973  8.18446e-04
 28 -0.05650 -6.39998e-04 | 29 -0.07280  4.50549e-05 | 30 -0.07087  1.93414e-04
 31 -0.02853 -2.79444e-05 | 32  0.07948 -2.49226e-04 | 33  0.03170  6.06156e-04
 34  0.02288 -1.96586e-05 | 35 -0.01979  2.06922e-05 | 36 -0.06057 -4.03536e-04
 37  0.00177 -3.51161e-04 | 38  0.01316  1.17523e-04 | 39 -0.02084  4.62463e-04
 40  0.03586 -1.80483e-04 | 41  0.08086  9.62242e-05 | 42  0.01548  2.74758e-04
 43  0.08810 -2.03381e-04 | 44  0.00884  5.96480e-05 | 45  0.13679  1.41362e-04
 46 -0.00255 -5.00143e-04 | 47 -0.04487 -3.00169e-04 | 48 -0.05533  5.85201e-04
 49 -0.02087  1.38172e-04 | 50  0.09622 -5.73599e-04 | 51  0.03327  3.46837e-04
 52  0.01771  6.40995e-05 | 53 -0.02775 -3.94289e-05 | 54 -0.01729 -3.02137e-04
 55 -0.00566 -5.03977e-04 | 56 -0.00037 -3.11313e-04 | 57  0.00000  0.00000e+00
 58  0.00000  0.00000e+00 | 59  0.00000  0.00000e+00 | 60  0.00000  0.00000e+00
 61  0.00000  0.00000e+00 | 62  0.00000  0.00000e+00 | 63  0.00000  0.00000e+00
 64  0.00000  0.00000e+00 | 65  0.00000  0.00000e+00 | 66  0.00000  0.00000e+00
 67  0.00000  0.00000e+00 | 68  0.00000  0.00000e+00 | 69  0.00000  0.00000e+00
 70  0.09169  4.96631e-06 | 71  0.01813  2.28966e-04 | 72  0.04373 -9.69694e-05
 73  0.29697  1.40697e-04 | 74  0.01727 -7.58020e-05 | 75 -0.11678 -2.05611e-04
 76 -0.47761  3.60417e-05 | 77  0.31434  2.62846e-05 | 78  0.04943  1.44637e-05
 79 -0.23742  1.29405e-05 | 80  0.17656 -1.69067e-04 | 81  0.25945  2.04655e-04
 82  0.17187  3.47182e-04 | 83  0.25381  2.74224e-04 | 84  0.00705 -3.24905e-04
 85 -0.10026 -3.52486e-05 | 86  0.09616 -2.90547e-04 | 87  0.29596  6.52395e-05
 88  0.16474 -9.28363e-05 | 89  0.24549  6.56198e-05 | 90 -0.35186 -1.47633e-04
 91  0.24254  4.36444e-05 | 92  0.05353 -6.99263e-05 | 93 -0.18821 -3.64282e-04
 94  0.20160 -4.18201e-05 | 95  0.31606  5.50864e-05 | 96  0.07718  2.13113e-05
 97 -0.52655 -7.61636e-05 | 98 -0.38984  3.40321e-05 | 99  0.23319 -1.24963e-05
100  0.08225  5.13790e-05 |101 -0.12449 -7.72829e-05 |102  0.04343 -1.01868e-05
103  0.11754 -2.76730e-04 |104  0.31921  8.94142e-06 |105  0.27206 -9.27012e-05
106  0.01208 -1.32287e-05 |107  0.01003  2.50948e-04 |108 -0.15703 -1.99178e-05
109 -0.12763 -1.67466e-04 |110  0.01134  1.96588e-04 |111  0.39266  1.09470e-04
112  0.01932 -1.20346e-04 |113 -0.15630  3.67716e-05 |114  0.09776 -4.64761e-04
115  0.16162 -2.85065e-04 |116  0.21815  2.55048e-04 |117  0.25717  2.59686e-04
118  0.02489 -3.36820e-04 |119 -0.00494 -2.77745e-04 |120 -0.17828 -1.38578e-04
121 -0.11612 -7.60860e-04 |122 -0.55060 -1.69816e-05 |123  0.17195 -1.30267e-05
124  0.09604  8.60773e-04 |125 -0.25839  1.68317e-04 |
Estimating row 1 out of 125 for hessian
Estimating row 2 out of 125 for hessian
Estimating row 3 out of 125 for hessian
Estimating row 4 out of 125 for hessian
Estimating row 5 out of 125 for hessian
Estimating row 6 out of 125 for hessian
Estimating row 7 out of 125 for hessian
Estimating row 8 out of 125 for hessian
Estimating row 9 out of 125 for hessian
Estimating row 10 out of 125 for hessian
Estimating row 11 out of 125 for hessian
Estimating row 12 out of 125 for hessian
Estimating row 13 out of 125 for hessian
Estimating row 14 out of 125 for hessian
Estimating row 15 out of 125 for hessian
Estimating row 16 out of 125 for hessian
Estimating row 17 out of 125 for hessian
Estimating row 18 out of 125 for hessian
Estimating row 19 out of 125 for hessian
Estimating row 20 out of 125 for hessian
Estimating row 21 out of 125 for hessian
Estimating row 22 out of 125 for hessian
Estimating row 23 out of 125 for hessian
Estimating row 24 out of 125 for hessian
Estimating row 25 out of 125 for hessian
Estimating row 26 out of 125 for hessian
Estimating row 27 out of 125 for hessian
Estimating row 28 out of 125 for hessian
Estimating row 29 out of 125 for hessian
Estimating row 30 out of 125 for hessian
Estimating row 31 out of 125 for hessian
Estimating row 32 out of 125 for hessian
Estimating row 33 out of 125 for hessian
Estimating row 34 out of 125 for hessian
Estimating row 35 out of 125 for hessian
Estimating row 36 out of 125 for hessian
Estimating row 37 out of 125 for hessian
Estimating row 38 out of 125 for hessian
Estimating row 39 out of 125 for hessian
Estimating row 40 out of 125 for hessian
Estimating row 41 out of 125 for hessian
Estimating row 42 out of 125 for hessian
Estimating row 43 out of 125 for hessian
Estimating row 44 out of 125 for hessian
Estimating row 45 out of 125 for hessian
Estimating row 46 out of 125 for hessian
Estimating row 47 out of 125 for hessian
Estimating row 48 out of 125 for hessian
Estimating row 49 out of 125 for hessian
Estimating row 50 out of 125 for hessian
Estimating row 51 out of 125 for hessian
Estimating row 52 out of 125 for hessian
Estimating row 53 out of 125 for hessian
Estimating row 54 out of 125 for hessian
Estimating row 55 out of 125 for hessian
Estimating row 56 out of 125 for hessian
Estimating row 57 out of 125 for hessian
Estimating row 58 out of 125 for hessian
Estimating row 59 out of 125 for hessian
Estimating row 60 out of 125 for hessian
Estimating row 61 out of 125 for hessian
Estimating row 62 out of 125 for hessian
Estimating row 63 out of 125 for hessian
Estimating row 64 out of 125 for hessian
Estimating row 65 out of 125 for hessian
Estimating row 66 out of 125 for hessian
Estimating row 67 out of 125 for hessian
Estimating row 68 out of 125 for hessian
Estimating row 69 out of 125 for hessian
Estimating row 70 out of 125 for hessian
Estimating row 71 out of 125 for hessian
Estimating row 72 out of 125 for hessian
Estimating row 73 out of 125 for hessian
Estimating row 74 out of 125 for hessian
Estimating row 75 out of 125 for hessian
Estimating row 76 out of 125 for hessian
Estimating row 77 out of 125 for hessian
Estimating row 78 out of 125 for hessian
Estimating row 79 out of 125 for hessian
Estimating row 80 out of 125 for hessian
Estimating row 81 out of 125 for hessian
Estimating row 82 out of 125 for hessian
Estimating row 83 out of 125 for hessian
Estimating row 84 out of 125 for hessian
Estimating row 85 out of 125 for hessian
Estimating row 86 out of 125 for hessian
Estimating row 87 out of 125 for hessian
Estimating row 88 out of 125 for hessian
Estimating row 89 out of 125 for hessian
Estimating row 90 out of 125 for hessian
Estimating row 91 out of 125 for hessian
Estimating row 92 out of 125 for hessian
Estimating row 93 out of 125 for hessian
Estimating row 94 out of 125 for hessian
Estimating row 95 out of 125 for hessian
Estimating row 96 out of 125 for hessian
Estimating row 97 out of 125 for hessian
Estimating row 98 out of 125 for hessian
Estimating row 99 out of 125 for hessian
Estimating row 100 out of 125 for hessian
Estimating row 101 out of 125 for hessian
Estimating row 102 out of 125 for hessian
Estimating row 103 out of 125 for hessian
Estimating row 104 out of 125 for hessian
Estimating row 105 out of 125 for hessian
Estimating row 106 out of 125 for hessian
Estimating row 107 out of 125 for hessian
Estimating row 108 out of 125 for hessian
Estimating row 109 out of 125 for hessian
Estimating row 110 out of 125 for hessian
Estimating row 111 out of 125 for hessian
Estimating row 112 out of 125 for hessian
Estimating row 113 out of 125 for hessian
Estimating row 114 out of 125 for hessian
Estimating row 115 out of 125 for hessian
Estimating row 116 out of 125 for hessian
Estimating row 117 out of 125 for hessian
Estimating row 118 out of 125 for hessian
Estimating row 119 out of 125 for hessian
Estimating row 120 out of 125 for hessian
Estimating row 121 out of 125 for hessian
Estimating row 122 out of 125 for hessian
Estimating row 123 out of 125 for hessian
Estimating row 124 out of 125 for hessian
Estimating row 125 out of 125 for hessian
size of file gradfil1.tmp = 857520000
size of file gradfil2.tmp = 0
size of file varssave.tmp = 0
size of file cmpdiff.tmp = 3000000120
