
Initial statistics: 136 variables; iteration 0; function evaluation 0; phase 1
Function value 7.3796985e+03; maximum gradient component mag -2.5954e+02
Var    Value     Gradient |Var    Value     Gradient |Var    Value     Gradient
  1 -0.42334 -2.30523e+01 |  2 -0.09289 -2.59538e+02 |  3  0.00000  4.65149e+00
  4  0.00000  4.77215e+00 |  5  0.00000  4.89384e+00 |  6  0.00000  5.01628e+00
  7  0.00000  5.13931e+00 |  8  0.00000  5.26252e+00 |  9  0.00000  5.38550e+00
 10  0.00000  5.50787e+00 | 11  0.00000  5.62927e+00 | 12  0.00000  5.74928e+00
 13  0.00000  5.86751e+00 | 14  0.00000  5.98355e+00 | 15  0.00000  6.09693e+00
 16  0.00000  6.20713e+00 | 17  0.00000  6.31350e+00 | 18  0.00000  6.41533e+00
 19  0.00000  6.51194e+00 | 20  0.00000  6.60273e+00 | 21  0.00000  6.68726e+00
 22  0.00000  6.76497e+00 | 23  0.00000  6.83520e+00 | 24  0.00000  6.89715e+00
 25  0.00000  6.94981e+00 | 26  0.00000  6.99202e+00 | 27  0.00000  7.02246e+00
 28  0.00000  7.03990e+00 | 29  0.00000  7.04315e+00 | 30  0.00000  7.03060e+00
 31  0.00000  7.00255e+00 | 32  0.00000  6.95813e+00 | 33  0.00000  6.89694e+00
 34  0.00000  6.81891e+00 | 35  0.00000  6.72399e+00 | 36  0.00000  6.61236e+00
 37  0.00000  6.48459e+00 | 38  0.00000  6.34115e+00 | 39  0.00000  6.18266e+00
 40  0.00000  6.00961e+00 | 41  0.00000  5.82195e+00 | 42  0.00000  5.61867e+00
 43  0.00000  5.39797e+00 | 44  0.00000  5.15605e+00 | 45  0.00000  4.88698e+00
 46  0.00000  4.58360e+00 | 47  0.00000  4.23769e+00 | 48  0.00000  3.83969e+00
 49  0.00000  3.38006e+00 | 50  0.00000  2.84867e+00 | 51  0.00000  2.23557e+00
 52  0.00000  1.53062e+00 | 53  0.00000  7.24994e-01 | 54  0.00000 -1.88713e-01
 55  0.00000 -1.21543e+00 | 56  0.00000 -2.35831e+00 | 57  0.00000 -3.61672e+00
 58  0.00000 -4.98518e+00 | 59  0.00000 -6.45420e+00 | 60  0.00000 -8.00761e+00
 61  0.00000 -9.62374e+00 | 62  0.00000 -1.12731e+01 | 63  0.00000 -1.29208e+01
 64  0.00000 -1.45277e+01 | 65  0.00000 -1.60510e+01 | 66  0.00000 -1.74494e+01
 67  0.00000 -1.86905e+01 | 68  0.00000 -1.97544e+01 | 69  0.00000 -2.06341e+01
 70  0.00000 -2.13351e+01 | 71  0.00000 -2.18611e+01 | 72  0.00000 -2.22057e+01
 73  0.00000 -2.23448e+01 | 74  0.00000 -2.22422e+01 | 75  0.00000 -2.18705e+01
 76  0.00000 -2.12380e+01 | 77  0.00000 -2.04141e+01 | 78  0.00000 -1.95218e+01
 79  0.00000 -1.87067e+01 | 80  0.00000 -1.80606e+01 | 81  0.00000 -1.76008e+01
 82  0.00000 -1.72824e+01 | 83  0.00000 -1.71182e+01 | 84  0.00000 -1.72657e+01
 85  0.00000 -1.77886e+01 | 86  0.00000 -1.84461e+01 | 87  0.00000 -1.97164e+01
 88  0.00000 -2.14918e+01 | 89  0.00000 -2.38809e+01 | 90  0.00000 -2.58713e+01
 91  0.00000 -2.79245e+01 | 92  0.00000 -3.02781e+01 | 93  0.00000 -3.18163e+01
 94  0.00000 -3.64317e+01 | 95  0.00000 -4.62644e+01 | 96  0.00000 -5.22413e+01
 97  0.00000 -5.25105e+01 | 98  0.00000 -6.52913e+01 | 99  0.00000 -8.20702e+01
100  0.00000 -6.51588e+01 |101  0.00000 -3.48029e+01 |102  0.00000 -2.53914e+01
103  0.00000 -1.77789e+01 |104  0.00000 -3.24245e+00 |105  0.00000  3.95466e+01
106  0.00000  1.10984e+02 |107  0.00000  1.43757e+02 |108  0.00000  1.35528e+02
109  0.00000  7.30442e+01 |110  0.00000 -4.70146e+00 |111  0.00000  5.17453e+00
112  0.00000  2.76086e+01 |113  0.00000  5.42497e+01 |114  0.00000  7.40005e+01
115  0.00000  4.09526e+01 |116  0.00000  2.46889e+01 |117  0.00000  1.94285e+01
118  0.00000 -1.90787e+01 |119  0.00000 -4.49497e+01 |120  0.00000 -3.15843e+01
121  0.00000 -5.06297e+01 |122  0.00000 -2.06933e+01 |123  0.00000 -9.03587e+01
124  0.00000  3.42319e+00 |125  0.00000  2.57154e+01 |126  0.00000  2.82050e+01
127  0.00000  9.36104e+00 |128  0.00000 -3.69515e+01 |129  0.00000 -1.38175e+01
130  0.00000 -3.70956e+00 |131  0.00000  1.08141e+01 |132  0.00000  5.18142e+00
133  0.00000  1.49593e+00 |134  0.00000  1.14593e-01 |135  0.27670 -3.68448e+01
136  0.18753 -5.81993e+01 |

Intermediate statistics: 136 variables; iteration 20; function evaluation 25; phase 1
Function value 7.3433890e+03; maximum gradient component mag -1.0120e+02
Var    Value     Gradient |Var    Value     Gradient |Var    Value     Gradient
  1 -0.42516 -2.70908e+01 |  2 -0.11040 -1.01203e+02 |  3 -0.00986  2.96886e-01
  4 -0.00998  3.30358e-01 |  5 -0.01009  3.66942e-01 |  6 -0.01019  4.06877e-01
  7 -0.01026  4.50440e-01 |  8 -0.01032  4.97840e-01 |  9 -0.01036  5.49319e-01
 10 -0.01038  6.05122e-01 | 11 -0.01038  6.65485e-01 | 12 -0.01034  7.30663e-01
 13 -0.01028  8.00915e-01 | 14 -0.01019  8.76492e-01 | 15 -0.01006  9.57674e-01
 16 -0.00991  1.04474e+00 | 17 -0.00971  1.13796e+00 | 18 -0.00947  1.23752e+00
 19 -0.00919  1.34354e+00 | 20 -0.00887  1.45608e+00 | 21 -0.00850  1.57529e+00
 22 -0.00808  1.70133e+00 | 23 -0.00762  1.83442e+00 | 24 -0.00711  1.97477e+00
 25 -0.00653  2.12253e+00 | 26 -0.00591  2.27766e+00 | 27 -0.00522  2.43994e+00
 28 -0.00447  2.60884e+00 | 29 -0.00366  2.78353e+00 | 30 -0.00279  2.96248e+00
 31 -0.00187  3.14472e+00 | 32 -0.00090  3.32802e+00 | 33  0.00011  3.50974e+00
 34  0.00114  3.68632e+00 | 35  0.00217  3.85306e+00 | 36  0.00318  4.00402e+00
 37  0.00414  4.13239e+00 | 38  0.00502  4.23026e+00 | 39  0.00577  4.28918e+00
 40  0.00635  4.30039e+00 | 41  0.00673  4.25496e+00 | 42  0.00687  4.14413e+00
 43  0.00673  3.96053e+00 | 44  0.00630  3.69826e+00 | 45  0.00557  3.35355e+00
 46  0.00455  2.92524e+00 | 47  0.00326  2.41436e+00 | 48  0.00174  1.82395e+00
 49  0.00003  1.16057e+00 | 50 -0.00182  4.34519e-01 | 51 -0.00370 -3.38468e-01
 52 -0.00553 -1.13584e+00 | 53 -0.00714 -1.92633e+00 | 54 -0.00835 -2.66837e+00
 55 -0.00890 -3.30854e+00 | 56 -0.00849 -3.78592e+00 | 57 -0.00676 -4.03122e+00
 58 -0.00333 -3.98101e+00 | 59  0.00212 -3.59806e+00 | 60  0.00973 -2.90278e+00
 61  0.01921 -2.01244e+00 | 62  0.02959 -1.16900e+00 | 63  0.03900 -7.15171e-01
 64  0.04471 -9.91157e-01 | 65  0.04407 -2.18806e+00 | 66  0.03613 -4.25185e+00
 67  0.02306 -6.85080e+00 | 68  0.00942 -9.38728e+00 | 69 -0.00065 -1.12504e+01
 70 -0.00563 -1.21881e+01 | 71 -0.00585 -1.22439e+01 | 72 -0.00166 -1.14808e+01
 73  0.00763 -9.79525e+00 | 74  0.02245 -7.15126e+00 | 75  0.03959 -4.06404e+00
 76  0.05169 -1.52790e+00 | 77  0.05291 -3.50116e-01 | 78  0.04421 -7.46894e-01
 79  0.03078 -2.35113e+00 | 80  0.01685 -4.55615e+00 | 81  0.00473 -6.81461e+00
 82 -0.00346 -8.54124e+00 | 83 -0.00630 -9.37532e+00 | 84 -0.00616 -9.84588e+00
 85 -0.00423 -1.01999e+01 | 86  0.00809 -8.76722e+00 | 87  0.01591 -8.64210e+00
 88  0.01841 -9.67163e+00 | 89 -0.00525 -1.44785e+01 | 90  0.00785 -1.32580e+01
 91  0.01499 -1.24478e+01 | 92  0.00186 -1.38416e+01 | 93  0.00136 -1.19010e+01
 94  0.02659 -8.29188e+00 | 95 -0.03310 -2.00977e+01 | 96  0.07376 -4.06076e+00
 97 -0.04835 -1.87917e+01 | 98 -0.01790 -1.59714e+01 | 99  0.10469 -1.34428e+01
100  0.00920 -1.14116e+01 |101 -0.05465 -1.39296e+01 |102  0.03157  7.36735e+00
103 -0.01100 -3.19354e+00 |104  0.05330  1.70722e+01 |105 -0.03247  5.34622e+00
106 -0.02078  5.07205e+01 |107 -0.03117  6.23468e+01 |108 -0.03089  5.61533e+01
109 -0.04451  1.33255e+01 |110  0.06008  1.07813e+01 |111  0.01258  2.95894e+00
112  0.02017  1.11355e+01 |113 -0.03335  2.28575e+00 |114 -0.07181  4.38819e-01
115 -0.01258  1.38692e+00 |116  0.01092  6.31305e+00 |117 -0.02717  2.55196e+00
118  0.01881 -2.39572e-01 |119  0.08213  1.88694e+00 |120 -0.03448 -1.31062e+01
121  0.09128  3.72415e-01 |122 -0.02499 -1.19476e+01 |123  0.11473 -1.64034e+01
124 -0.01248 -2.85406e+00 |125 -0.04819  4.54802e-02 |126 -0.05326  1.81687e+00
127 -0.02136  7.84138e-01 |128  0.09642  2.01322e+00 |129  0.03369  1.18872e+00
130  0.01675  2.32975e-01 |131 -0.02902 -8.34155e-02 |132 -0.02837 -2.99309e+00
133 -0.01218 -1.53958e+00 |134 -0.00072 -7.59073e-02 |135  0.30117  1.17193e+00
136  0.20602 -1.76892e+01 |

 - final statistics:
136 variables; iteration 40; function evaluation 54
Function value 7.3351e+03; maximum gradient component mag -8.5038e+00
Exit code = 1;  converg criter 1.0000e+01
Var    Value     Gradient |Var    Value     Gradient |Var    Value     Gradient
  1 -0.42366 -8.50381e+00 |  2 -0.09384  1.96798e+00 |  3 -0.01029  1.66390e-02
  4 -0.01052  1.60075e-02 |  5 -0.01074  1.56863e-02 |  6 -0.01096  1.57361e-02
  7 -0.01118  1.62164e-02 |  8 -0.01138  1.71969e-02 |  9 -0.01158  1.87458e-02
 10 -0.01177  2.09300e-02 | 11 -0.01194  2.38158e-02 | 12 -0.01210  2.74680e-02
 13 -0.01225  3.19486e-02 | 14 -0.01238  3.73163e-02 | 15 -0.01248  4.36264e-02
 16 -0.01257  5.09279e-02 | 17 -0.01264  5.92646e-02 | 18 -0.01269  6.86764e-02
 19 -0.01270  7.92033e-02 | 20 -0.01270  9.08893e-02 | 21 -0.01266  1.03783e-01
 22 -0.01259  1.17928e-01 | 23 -0.01249  1.33357e-01 | 24 -0.01236  1.50078e-01
 25 -0.01219  1.68060e-01 | 26 -0.01199  1.87221e-01 | 27 -0.01175  2.07410e-01
 28 -0.01146  2.28408e-01 | 29 -0.01114  2.49914e-01 | 30 -0.01077  2.71507e-01
 31 -0.01037  2.92775e-01 | 32 -0.00993  3.13133e-01 | 33 -0.00946  3.31923e-01
 34 -0.00897  3.48430e-01 | 35 -0.00847  3.61920e-01 | 36 -0.00796  3.71739e-01
 37 -0.00745  3.77396e-01 | 38 -0.00697  3.78580e-01 | 39 -0.00651  3.75181e-01
 40 -0.00608  3.67252e-01 | 41 -0.00571  3.54961e-01 | 42 -0.00539  3.38589e-01
 43 -0.00512  3.18607e-01 | 44 -0.00491  2.95560e-01 | 45 -0.00473  2.70010e-01
 46 -0.00458  2.42580e-01 | 47 -0.00443  2.14028e-01 | 48 -0.00425  1.85337e-01
 49 -0.00401  1.57750e-01 | 50 -0.00368  1.32525e-01 | 51 -0.00321  1.10411e-01
 52 -0.00258  9.07378e-02 | 53 -0.00177  7.01832e-02 | 54 -0.00078  4.14921e-02
 55  0.00039 -6.67838e-03 | 56  0.00171 -8.75542e-02 | 57  0.00315 -2.09943e-01
 58  0.00474 -3.69797e-01 | 59  0.00656 -5.48349e-01 | 60  0.00867 -7.27327e-01
 61  0.01106 -9.00941e-01 | 62  0.01400 -9.97211e-01 | 63  0.01850 -7.96258e-01
 64  0.02456 -3.02120e-01 | 65  0.02877 -1.55470e-01 | 66  0.02909 -6.57004e-01
 67  0.02930 -1.03812e+00 | 68  0.03062 -1.07376e+00 | 69  0.03198 -9.62955e-01
 70  0.03249 -8.75945e-01 | 71  0.03156 -9.33359e-01 | 72  0.02938 -1.11633e+00
 73  0.02691 -1.24721e+00 | 74  0.02511 -1.12450e+00 | 75  0.02416 -6.89290e-01
 76  0.02357 -4.00860e-02 | 77  0.01974  1.38808e-02 | 78  0.01381 -4.68114e-01
 79  0.00946 -8.15351e-01 | 80  0.00706 -9.52775e-01 | 81  0.00580 -1.00350e+00
 82  0.00491 -1.04689e+00 | 83  0.00407 -1.12456e+00 | 84  0.00370 -1.25222e+00
 85  0.00390 -1.42989e+00 | 86  0.00392 -1.54743e+00 | 87  0.00606 -1.51723e+00
 88  0.00903 -1.50302e+00 | 89  0.01179 -1.82356e+00 | 90  0.01184 -1.81589e+00
 91  0.01126 -1.58645e+00 | 92  0.01243 -8.34370e-01 | 93  0.00382 -7.35562e-01
 94  0.00479 -6.09120e-01 | 95  0.02085 -1.37325e+00 | 96  0.01792 -1.42055e+00
 97 -0.00313 -4.45979e-02 | 98  0.01310  3.24206e-01 | 99  0.08658  3.84090e+00
100  0.02768  2.89777e+00 |101 -0.01219  3.05312e+00 |102  0.00725  3.06789e+00
103  0.01555  2.71290e-01 |104  0.03559  3.74154e-01 |105  0.00400  2.36270e+00
106 -0.06043  3.18265e+00 |107 -0.07483  4.28579e+00 |108 -0.07402  3.44993e+00
109 -0.03488  1.06092e+00 |110  0.06743 -9.44614e-02 |111  0.02665  1.03475e+00
112  0.00900 -2.68847e+00 |113 -0.02591  1.81384e-01 |114 -0.07299 -2.94925e+00
115 -0.00689 -1.23957e+00 |116  0.00336 -1.11124e+00 |117 -0.02686 -1.83423e-01
118  0.02796 -3.82433e-01 |119  0.07038 -4.58827e-01 |120  0.01661  2.66058e+00
121  0.08270  1.52951e+00 |122  0.00614  3.73277e-01 |123  0.13110 -1.42250e+00
124 -0.00666 -6.09503e-01 |125 -0.04672 -5.64976e-02 |126 -0.05680  1.07353e-02
127 -0.02125  2.81377e-01 |128  0.09496  4.97240e-01 |129  0.03284  4.00515e-01
130  0.01561 -4.64138e-01 |131 -0.02755  1.62359e-01 |132 -0.01850 -2.74821e-01
133 -0.00460  3.40169e-01 |134 -0.00035  1.17405e-02 |135  0.27954  4.42178e+00
136  0.18959  2.21915e+00 |

 - final statistics:
146 variables; iteration 0; function evaluation 0
Function value 7.3351e+03; maximum gradient component mag -8.5038e+00
Exit code = 0;  converg criter 1.0000e+01
Var    Value     Gradient |Var    Value     Gradient |Var    Value     Gradient
  1 -0.42366 -8.50381e+00 |  2  0.37110 -4.69200e+00 |  3 -0.12614 -6.43419e-01
  4 -0.01321 -1.87179e+00 |  5 -0.70915  4.90715e-01 |  6 -0.60419 -6.43439e-01
  7  0.37628  9.23427e-02 |  8 -0.18524  3.56939e+00 |  9  0.03399  3.38558e-01
 10 -0.60948  1.14215e-01 | 11 -0.62338  2.34136e-01 | 12 -0.09384  1.96798e+00
 13 -0.01029  1.66390e-02 | 14 -0.01052  1.60075e-02 | 15 -0.01074  1.56863e-02
 16 -0.01096  1.57361e-02 | 17 -0.01118  1.62164e-02 | 18 -0.01138  1.71969e-02
 19 -0.01158  1.87458e-02 | 20 -0.01177  2.09300e-02 | 21 -0.01194  2.38158e-02
 22 -0.01210  2.74680e-02 | 23 -0.01225  3.19486e-02 | 24 -0.01238  3.73163e-02
 25 -0.01248  4.36264e-02 | 26 -0.01257  5.09279e-02 | 27 -0.01264  5.92646e-02
 28 -0.01269  6.86764e-02 | 29 -0.01270  7.92033e-02 | 30 -0.01270  9.08893e-02
 31 -0.01266  1.03783e-01 | 32 -0.01259  1.17928e-01 | 33 -0.01249  1.33357e-01
 34 -0.01236  1.50078e-01 | 35 -0.01219  1.68060e-01 | 36 -0.01199  1.87221e-01
 37 -0.01175  2.07410e-01 | 38 -0.01146  2.28408e-01 | 39 -0.01114  2.49914e-01
 40 -0.01077  2.71507e-01 | 41 -0.01037  2.92775e-01 | 42 -0.00993  3.13133e-01
 43 -0.00946  3.31923e-01 | 44 -0.00897  3.48430e-01 | 45 -0.00847  3.61920e-01
 46 -0.00796  3.71739e-01 | 47 -0.00745  3.77396e-01 | 48 -0.00697  3.78580e-01
 49 -0.00651  3.75181e-01 | 50 -0.00608  3.67252e-01 | 51 -0.00571  3.54961e-01
 52 -0.00539  3.38589e-01 | 53 -0.00512  3.18607e-01 | 54 -0.00491  2.95560e-01
 55 -0.00473  2.70010e-01 | 56 -0.00458  2.42580e-01 | 57 -0.00443  2.14028e-01
 58 -0.00425  1.85337e-01 | 59 -0.00401  1.57750e-01 | 60 -0.00368  1.32525e-01
 61 -0.00321  1.10411e-01 | 62 -0.00258  9.07378e-02 | 63 -0.00177  7.01832e-02
 64 -0.00078  4.14921e-02 | 65  0.00039 -6.67838e-03 | 66  0.00171 -8.75542e-02
 67  0.00315 -2.09943e-01 | 68  0.00474 -3.69797e-01 | 69  0.00656 -5.48349e-01
 70  0.00867 -7.27327e-01 | 71  0.01106 -9.00941e-01 | 72  0.01400 -9.97211e-01
 73  0.01850 -7.96258e-01 | 74  0.02456 -3.02120e-01 | 75  0.02877 -1.55470e-01
 76  0.02909 -6.57004e-01 | 77  0.02930 -1.03812e+00 | 78  0.03062 -1.07376e+00
 79  0.03198 -9.62955e-01 | 80  0.03249 -8.75945e-01 | 81  0.03156 -9.33359e-01
 82  0.02938 -1.11633e+00 | 83  0.02691 -1.24721e+00 | 84  0.02511 -1.12450e+00
 85  0.02416 -6.89290e-01 | 86  0.02357 -4.00860e-02 | 87  0.01974  1.38808e-02
 88  0.01381 -4.68114e-01 | 89  0.00946 -8.15351e-01 | 90  0.00706 -9.52775e-01
 91  0.00580 -1.00350e+00 | 92  0.00491 -1.04689e+00 | 93  0.00407 -1.12456e+00
 94  0.00370 -1.25222e+00 | 95  0.00390 -1.42989e+00 | 96  0.00392 -1.54743e+00
 97  0.00606 -1.51723e+00 | 98  0.00903 -1.50302e+00 | 99  0.01179 -1.82356e+00
100  0.01184 -1.81589e+00 |101  0.01126 -1.58645e+00 |102  0.01243 -8.34370e-01
103  0.00382 -7.35562e-01 |104  0.00479 -6.09120e-01 |105  0.02085 -1.37325e+00
106  0.01792 -1.42055e+00 |107 -0.00313 -4.45979e-02 |108  0.01310  3.24206e-01
109  0.08658  3.84090e+00 |110  0.02768  2.89777e+00 |111 -0.01219  3.05312e+00
112  0.00725  3.06789e+00 |113  0.01555  2.71290e-01 |114  0.03559  3.74154e-01
115  0.00400  2.36270e+00 |116 -0.06043  3.18265e+00 |117 -0.07483  4.28579e+00
118 -0.07402  3.44993e+00 |119 -0.03488  1.06092e+00 |120  0.06743 -9.44614e-02
121  0.02665  1.03475e+00 |122  0.00900 -2.68847e+00 |123 -0.02591  1.81384e-01
124 -0.07299 -2.94925e+00 |125 -0.00689 -1.23957e+00 |126  0.00336 -1.11124e+00
127 -0.02686 -1.83423e-01 |128  0.02796 -3.82433e-01 |129  0.07038 -4.58827e-01
130  0.01661  2.66058e+00 |131  0.08270  1.52951e+00 |132  0.00614  3.73277e-01
133  0.13110 -1.42250e+00 |134 -0.00666 -6.09503e-01 |135 -0.04672 -5.64976e-02
136 -0.05680  1.07353e-02 |137 -0.02125  2.81377e-01 |138  0.09496  4.97240e-01
139  0.03284  4.00515e-01 |140  0.01561 -4.64138e-01 |141 -0.02755  1.62359e-01
142 -0.01850 -2.74821e-01 |143 -0.00460  3.40169e-01 |144 -0.00035  1.17405e-02
145  0.27954  4.42178e+00 |146  0.18959  2.21915e+00 |

Initial statistics: 176 variables; iteration 0; function evaluation 0; phase 3
Function value 7.3350606e+03; maximum gradient component mag -8.5038e+00
Var    Value     Gradient |Var    Value     Gradient |Var    Value     Gradient
  1 -0.42366 -8.50381e+00 |  2  0.37110 -4.69200e+00 |  3 -0.12614 -6.43419e-01
  4 -0.01321 -1.87179e+00 |  5 -0.70915  4.90715e-01 |  6 -0.60419 -6.43439e-01
  7  0.37628  9.23427e-02 |  8 -0.18524  3.56939e+00 |  9  0.03399  3.38558e-01
 10 -0.60948  1.14215e-01 | 11 -0.62338  2.34136e-01 | 12 -0.09384  1.96798e+00
 13 -0.01029  1.66390e-02 | 14 -0.01052  1.60075e-02 | 15 -0.01074  1.56863e-02
 16 -0.01096  1.57361e-02 | 17 -0.01118  1.62164e-02 | 18 -0.01138  1.71969e-02
 19 -0.01158  1.87458e-02 | 20 -0.01177  2.09300e-02 | 21 -0.01194  2.38158e-02
 22 -0.01210  2.74680e-02 | 23 -0.01225  3.19486e-02 | 24 -0.01238  3.73163e-02
 25 -0.01248  4.36264e-02 | 26 -0.01257  5.09279e-02 | 27 -0.01264  5.92646e-02
 28 -0.01269  6.86764e-02 | 29 -0.01270  7.92033e-02 | 30 -0.01270  9.08893e-02
 31 -0.01266  1.03783e-01 | 32 -0.01259  1.17928e-01 | 33 -0.01249  1.33357e-01
 34 -0.01236  1.50078e-01 | 35 -0.01219  1.68060e-01 | 36 -0.01199  1.87221e-01
 37 -0.01175  2.07410e-01 | 38 -0.01146  2.28408e-01 | 39 -0.01114  2.49914e-01
 40 -0.01077  2.71507e-01 | 41 -0.01037  2.92775e-01 | 42 -0.00993  3.13133e-01
 43 -0.00946  3.31923e-01 | 44 -0.00897  3.48430e-01 | 45 -0.00847  3.61920e-01
 46 -0.00796  3.71739e-01 | 47 -0.00745  3.77396e-01 | 48 -0.00697  3.78580e-01
 49 -0.00651  3.75181e-01 | 50 -0.00608  3.67252e-01 | 51 -0.00571  3.54961e-01
 52 -0.00539  3.38589e-01 | 53 -0.00512  3.18607e-01 | 54 -0.00491  2.95560e-01
 55 -0.00473  2.70010e-01 | 56 -0.00458  2.42580e-01 | 57 -0.00443  2.14028e-01
 58 -0.00425  1.85337e-01 | 59 -0.00401  1.57750e-01 | 60 -0.00368  1.32525e-01
 61 -0.00321  1.10411e-01 | 62 -0.00258  9.07378e-02 | 63 -0.00177  7.01832e-02
 64 -0.00078  4.14921e-02 | 65  0.00039 -6.67838e-03 | 66  0.00171 -8.75542e-02
 67  0.00315 -2.09943e-01 | 68  0.00474 -3.69797e-01 | 69  0.00656 -5.48349e-01
 70  0.00867 -7.27327e-01 | 71  0.01106 -9.00941e-01 | 72  0.01400 -9.97211e-01
 73  0.01850 -7.96258e-01 | 74  0.02456 -3.02120e-01 | 75  0.02877 -1.55470e-01
 76  0.02909 -6.57004e-01 | 77  0.02930 -1.03812e+00 | 78  0.03062 -1.07376e+00
 79  0.03198 -9.62955e-01 | 80  0.03249 -8.75945e-01 | 81  0.03156 -9.33359e-01
 82  0.02938 -1.11633e+00 | 83  0.02691 -1.24721e+00 | 84  0.02511 -1.12450e+00
 85  0.02416 -6.89290e-01 | 86  0.02357 -4.00860e-02 | 87  0.01974  1.38808e-02
 88  0.01381 -4.68114e-01 | 89  0.00946 -8.15351e-01 | 90  0.00706 -9.52775e-01
 91  0.00580 -1.00350e+00 | 92  0.00491 -1.04689e+00 | 93  0.00407 -1.12456e+00
 94  0.00370 -1.25222e+00 | 95  0.00390 -1.42989e+00 | 96  0.00392 -1.54743e+00
 97  0.00606 -1.51723e+00 | 98  0.00903 -1.50302e+00 | 99  0.01179 -1.82356e+00
100  0.01184 -1.81589e+00 |101  0.01126 -1.58645e+00 |102  0.01243 -8.34370e-01
103  0.00382 -7.35562e-01 |104  0.00479 -6.09120e-01 |105  0.02085 -1.37325e+00
106  0.01792 -1.42055e+00 |107 -0.00313 -4.45979e-02 |108  0.01310  3.24206e-01
109  0.08658  3.84090e+00 |110  0.02768  2.89777e+00 |111 -0.01219  3.05312e+00
112  0.00725  3.06789e+00 |113  0.01555  2.71290e-01 |114  0.03559  3.74154e-01
115  0.00400  2.36270e+00 |116 -0.06043  3.18265e+00 |117 -0.07483  4.28579e+00
118 -0.07402  3.44993e+00 |119 -0.03488  1.06092e+00 |120  0.06743 -9.44614e-02
121  0.02665  1.03475e+00 |122  0.00900 -2.68847e+00 |123 -0.02591  1.81384e-01
124 -0.07299 -2.94925e+00 |125 -0.00689 -1.23957e+00 |126  0.00336 -1.11124e+00
127 -0.02686 -1.83423e-01 |128  0.02796 -3.82433e-01 |129  0.07038 -4.58827e-01
130  0.01661  2.66058e+00 |131  0.08270  1.52951e+00 |132  0.00614  3.73277e-01
133  0.13110 -1.42250e+00 |134 -0.00666 -6.09503e-01 |135 -0.04672 -5.64976e-02
136 -0.05680  1.07353e-02 |137 -0.02125  2.81377e-01 |138  0.09496  4.97240e-01
139  0.03284  4.00515e-01 |140  0.01561 -4.64138e-01 |141 -0.02755  1.62359e-01
142 -0.01850 -2.74821e-01 |143 -0.00460  3.40169e-01 |144 -0.00035  1.17405e-02
145  0.27954  4.42178e+00 |146  0.18959  2.21915e+00 |147  0.04662 -4.62825e-01
148  0.29671  9.84635e-03 |149 -0.47544 -2.20275e-01 |150  0.31377  1.21688e-01
151  0.18255 -5.74942e-01 |152  0.25986  1.37158e+00 |153  0.17459 -4.59330e-01
154  0.25418  2.84249e-01 |155  0.10351 -3.46305e-01 |156  0.29677  4.84912e-01
157  0.16893 -7.71103e-01 |158  0.24623  9.60675e-01 |159 -0.35197  8.69569e-01
160  0.24281 -1.14191e+00 |161  0.20265 -7.90330e-01 |162  0.31675  6.71457e-01
163 -0.38040  1.72314e-01 |164  0.23607 -8.52898e-02 |165  0.05118 -1.00337e+00
166  0.11969 -1.95636e+00 |167  0.32140  1.07420e+00 |168  0.27252  1.71742e+00
169  0.01343 -2.12278e-01 |170  0.39319 -3.46366e-01 |171  0.09932 -8.44220e+00
172  0.16368 -9.32869e-01 |173  0.21870  4.64527e+00 |174  0.25726 -1.22214e+00
175 -0.55411  4.11710e-01 |176  0.17113  1.21276e-02 |

Intermediate statistics: 176 variables; iteration 20; function evaluation 22; phase 3
Function value 7.3349810e+03; maximum gradient component mag 2.3764e+01
Var    Value     Gradient |Var    Value     Gradient |Var    Value     Gradient
  1 -0.42372 -1.04554e+01 |  2  0.37126  1.70168e+01 |  3 -0.12618  5.28980e+00
  4 -0.01314  1.00983e+01 |  5 -0.70929 -3.23086e-01 |  6 -0.60428 -5.30919e+00
  7  0.37627  1.59308e+00 |  8 -0.18523  3.80385e+00 |  9  0.03402  2.07971e+00
 10 -0.60986  3.41305e-01 | 11 -0.62319  3.88911e+00 | 12 -0.09392 -3.28317e+00
 13 -0.01013  6.83791e-03 | 14 -0.01035  6.84778e-03 | 15 -0.01057  6.88617e-03
 16 -0.01078  6.95773e-03 | 17 -0.01099  7.06709e-03 | 18 -0.01119  7.21927e-03
 19 -0.01139  7.41918e-03 | 20 -0.01158  7.67157e-03 | 21 -0.01175  7.98100e-03
 22 -0.01192  8.35181e-03 | 23 -0.01207  8.78796e-03 | 24 -0.01221  9.29293e-03
 25 -0.01233  9.86956e-03 | 26 -0.01244  1.05200e-02 | 27 -0.01253  1.12463e-02
 28 -0.01259  1.20516e-02 | 29 -0.01264  1.29402e-02 | 30 -0.01266  1.39179e-02
 31 -0.01266  1.49905e-02 | 32 -0.01263  1.61634e-02 | 33 -0.01257  1.74411e-02
 34 -0.01249  1.88265e-02 | 35 -0.01237  2.03200e-02 | 36 -0.01222  2.19185e-02
 37 -0.01203  2.36154e-02 | 38 -0.01181  2.53996e-02 | 39 -0.01155  2.72545e-02
 40 -0.01124  2.91536e-02 | 41 -0.01090  3.10720e-02 | 42 -0.01053  3.29675e-02
 43 -0.01011  3.47899e-02 | 44 -0.00967  3.64824e-02 | 45 -0.00921  3.79857e-02
 46 -0.00873  3.92476e-02 | 47 -0.00824  4.02333e-02 | 48 -0.00776  4.09278e-02
 49 -0.00729  4.13392e-02 | 50 -0.00684  4.14938e-02 | 51 -0.00644  4.14319e-02
 52 -0.00607  4.12083e-02 | 53 -0.00575  4.09032e-02 | 54 -0.00548  4.06128e-02
 55 -0.00525  4.04406e-02 | 56 -0.00503  4.04969e-02 | 57 -0.00482  4.09040e-02
 58 -0.00458  4.18034e-02 | 59 -0.00430  4.33648e-02 | 60 -0.00393  4.57563e-02
 61 -0.00345  4.90901e-02 | 62 -0.00282  5.33019e-02 | 63 -0.00201  5.79865e-02
 64 -0.00100  6.21798e-02 | 65  0.00025  6.41993e-02 | 66  0.00176  6.18585e-02
 67  0.00353  5.30865e-02 | 68  0.00558  3.73149e-02 | 69  0.00794  1.62521e-02
 70  0.01059 -8.06176e-03 | 71  0.01350 -3.52682e-02 | 72  0.01669 -5.11017e-02
 73  0.02030 -4.23933e-03 | 74  0.02429  1.18962e-01 | 75  0.02774  1.69524e-01
 76  0.02987  4.80041e-02 | 77  0.03146 -5.35189e-02 | 78  0.03277 -6.57693e-02
 79  0.03353 -3.90076e-02 | 80  0.03355 -2.19407e-02 | 81  0.03273 -4.97021e-02
 82  0.03117 -1.14507e-01 | 83  0.02912 -1.64435e-01 | 84  0.02674 -1.48396e-01
 85  0.02399 -6.14207e-02 | 86  0.02081  5.94825e-02 | 87  0.01677  3.69253e-02
 88  0.01264 -8.39881e-02 | 89  0.00950 -1.63471e-01 | 90  0.00749 -1.98470e-01
 91  0.00626 -2.15774e-01 | 92  0.00536 -2.29680e-01 | 93  0.00461 -2.46808e-01
 94  0.00450 -2.69788e-01 | 95  0.00511 -2.99764e-01 | 96  0.00533 -3.19407e-01
 97  0.00711 -3.14582e-01 | 98  0.00977 -3.11361e-01 | 99  0.01351 -3.77144e-01
100  0.01355 -3.93497e-01 |101  0.01231 -3.72023e-01 |102  0.01100 -2.57296e-01
103  0.00277 -2.47733e-01 |104  0.00370 -1.67240e-01 |105  0.02279 -1.78520e-01
106  0.02130 -8.27135e-02 |107 -0.00247  1.44895e-01 |108  0.01549  1.76331e-01
109  0.08444  6.29412e-01 |110  0.02780  1.55505e-01 |111 -0.01458  1.31201e-01
112  0.00437  1.26419e-01 |113  0.01914 -1.00663e-02 |114  0.03864  1.57940e-02
115  0.00280 -6.12791e-02 |116 -0.06242  5.90956e-02 |117 -0.07877  1.42814e-01
118 -0.07713  1.82626e-01 |119 -0.03427  2.30619e-01 |120  0.06947 -4.96927e-01
121  0.02301 -7.94746e-01 |122  0.01351 -6.23810e-01 |123 -0.02843 -5.87836e-01
124 -0.06720 -1.03366e-01 |125 -0.00682 -3.60316e-01 |126  0.00407 -3.74988e-01
127 -0.02751 -9.75355e-02 |128  0.02832  1.75655e-01 |129  0.07316  2.61946e-01
130  0.01080  3.11037e-01 |131  0.08235  3.01661e-01 |132  0.00575  7.95727e-02
133  0.13248 -2.31116e-02 |134 -0.00531  3.13199e-02 |135 -0.04650  8.27182e-02
136 -0.05673  1.18565e-02 |137 -0.02197  5.81252e-03 |138  0.09394 -9.10833e-02
139  0.03187 -3.25657e-02 |140  0.01682  5.12978e-02 |141 -0.02797  2.19817e-02
142 -0.01764 -4.82255e-02 |143 -0.00572  9.62442e-02 |144 -0.00039  1.68338e-03
145  0.27808  3.28702e-02 |146  0.18844 -2.26625e+00 |147  0.04649 -1.35190e+00
148  0.29670  1.10000e+00 |149 -0.47547 -4.05655e-02 |150  0.31375  9.75915e-03
151  0.18256 -8.70533e-01 |152  0.25994  1.86018e+00 |153  0.17462  3.42685e-01
154  0.25413 -6.39650e-01 |155  0.10349 -8.69922e-01 |156  0.29691  2.06391e+00
157  0.16879 -2.51910e+00 |158  0.24647  4.03044e+00 |159 -0.35187  3.37733e-01
160  0.24276 -5.75189e-01 |161  0.20263 -1.96235e-01 |162  0.31675 -3.42199e-02
163 -0.38043  6.96829e-02 |164  0.23605 -1.28404e-01 |165  0.05105 -8.20801e-01
166  0.11952 -2.14421e+00 |167  0.32158  1.16449e+00 |168  0.27261  2.16677e+00
169  0.01340 -5.74552e-02 |170  0.39313 -1.60787e-01 |171  0.09982  2.37635e+01
172  0.16393  9.01320e+00 |173  0.21862 -1.57688e+01 |174  0.25721 -9.92291e+00
175 -0.55434 -4.50616e-01 |176  0.17109 -1.35007e-02 |
176 variables; iteration 40; function evaluation 42; phase 3
Function value 7.3349706e+03; maximum gradient component mag 1.1610e+01
Var    Value     Gradient |Var    Value     Gradient |Var    Value     Gradient
  1 -0.42355 -4.96118e+00 |  2  0.37120  8.32181e+00 |  3 -0.12615  2.56196e+00
  4 -0.01320  4.97362e+00 |  5 -0.70912 -1.28898e-01 |  6 -0.60425 -2.47858e+00
  7  0.37632  7.12418e-01 |  8 -0.18521  1.98026e+00 |  9  0.03393  1.21906e+00
 10 -0.60941  2.85822e-01 | 11 -0.62330  1.81699e+00 | 12 -0.09171 -1.72445e+00
 13 -0.01003  3.34999e-02 | 14 -0.01024  3.46104e-02 | 15 -0.01046  3.56777e-02
 16 -0.01067  3.66907e-02 | 17 -0.01087  3.76402e-02 | 18 -0.01107  3.85130e-02
 19 -0.01127  3.92971e-02 | 20 -0.01145  3.99818e-02 | 21 -0.01163  4.05570e-02
 22 -0.01179  4.10132e-02 | 23 -0.01195  4.13417e-02 | 24 -0.01209  4.15342e-02
 25 -0.01221  4.15825e-02 | 26 -0.01232  4.14778e-02 | 27 -0.01241  4.12110e-02
 28 -0.01248  4.07727e-02 | 29 -0.01253  4.01540e-02 | 30 -0.01256  3.93458e-02
 31 -0.01256  3.83392e-02 | 32 -0.01254  3.71229e-02 | 33 -0.01249  3.56849e-02
 34 -0.01242  3.40132e-02 | 35 -0.01231  3.20972e-02 | 36 -0.01217  2.99311e-02
 37 -0.01200  2.75156e-02 | 38 -0.01179  2.48625e-02 | 39 -0.01154  2.19959e-02
 40 -0.01126  1.89531e-02 | 41 -0.01093  1.57924e-02 | 42 -0.01057  1.25837e-02
 43 -0.01018  9.41284e-03 | 44 -0.00975  6.37452e-03 | 45 -0.00930  3.56186e-03
 46 -0.00883  1.05078e-03 | 47 -0.00835 -1.11511e-03 | 48 -0.00787 -2.93473e-03
 49 -0.00740 -4.45190e-03 | 50 -0.00696 -5.74860e-03 | 51 -0.00655 -6.93574e-03
 52 -0.00618 -8.14570e-03 | 53 -0.00586 -9.52902e-03 | 54 -0.00559 -1.12405e-02
 55 -0.00536 -1.34314e-02 | 56 -0.00515 -1.62554e-02 | 57 -0.00495 -1.98844e-02
 58 -0.00473 -2.45202e-02 | 59 -0.00447 -3.03807e-02 | 60 -0.00413 -3.76464e-02
 61 -0.00370 -4.63320e-02 | 62 -0.00313 -5.60733e-02 | 63 -0.00238 -6.58467e-02
 64 -0.00141 -7.37132e-02 | 65 -0.00019 -7.68622e-02 | 66  0.00133 -7.24636e-02
 67  0.00318 -5.93218e-02 | 68  0.00538 -4.00530e-02 | 69  0.00789 -2.11380e-02
 70  0.01069 -9.29040e-03 | 71  0.01373 -9.48480e-03 | 72  0.01691 -2.59247e-02
 73  0.02027 -2.95854e-02 | 74  0.02405  5.35815e-02 | 75  0.02767  1.41924e-01
 76  0.02987  3.78317e-02 | 77  0.03131 -8.79534e-02 | 78  0.03258 -1.02641e-01
 79  0.03344 -5.44780e-02 | 80  0.03353 -1.92549e-02 | 81  0.03264 -5.38572e-02
 82  0.03094 -1.38254e-01 | 83  0.02886 -1.88548e-01 | 84  0.02655 -1.51731e-01
 85  0.02373 -7.29491e-02 | 86  0.02005 -4.89703e-02 | 87  0.01574 -1.25507e-01
 88  0.01204 -1.48684e-01 | 89  0.00931 -1.27339e-01 | 90  0.00744 -1.17750e-01
 91  0.00620 -1.24703e-01 | 92  0.00524 -1.39619e-01 | 93  0.00445 -1.55895e-01
 94  0.00433 -1.69697e-01 | 95  0.00499 -1.79420e-01 | 96  0.00519 -2.00699e-01
 97  0.00679 -2.36974e-01 | 98  0.00937 -2.51653e-01 | 99  0.01352 -2.27189e-01
100  0.01368 -2.27146e-01 |101  0.01242 -2.35281e-01 |102  0.01044 -2.95996e-01
103  0.00253 -2.54757e-01 |104  0.00353 -2.03413e-01 |105  0.02328 -7.73035e-02
106  0.02185 -3.19912e-02 |107 -0.00290 -1.85513e-01 |108  0.01541 -1.17153e-01
109  0.08405  1.35901e-01 |110  0.02848  1.26550e-01 |111 -0.01389  2.79638e-01
112  0.00436  1.22524e-01 |113  0.01979  1.46925e-01 |114  0.03877 -2.87223e-02
115  0.00321 -8.23008e-02 |116 -0.06255 -1.74004e-01 |117 -0.07859  6.12958e-02
118 -0.07659  2.95767e-01 |119 -0.03403  2.27645e-01 |120  0.06985 -1.79810e-01
121  0.02406 -1.14591e-01 |122  0.01385 -1.78617e-01 |123 -0.02745  4.84355e-02
124 -0.06717 -2.20872e-02 |125 -0.00598  2.08334e-01 |126  0.00524  2.98145e-01
127 -0.02715  1.42355e-01 |128  0.02862  3.86979e-01 |129  0.07439  6.33352e-01
130  0.01069  2.25369e-01 |131  0.08279  6.98087e-02 |132  0.00609  4.46097e-02
133  0.13316  5.45678e-02 |134 -0.00525 -3.94124e-02 |135 -0.04661 -5.96960e-02
136 -0.05668 -2.02475e-02 |137 -0.02184  1.27523e-02 |138  0.09464  1.22528e-01
139  0.03190 -4.54095e-02 |140  0.01686 -6.48754e-03 |141 -0.02794  5.38297e-03
142 -0.01735  4.09328e-02 |143 -0.00593  1.66563e-02 |144 -0.00041 -2.29188e-03
145  0.27494 -4.25942e-02 |146  0.18554 -1.13632e+00 |147  0.04660 -5.79561e-01
148  0.29673  7.25939e-01 |149 -0.47531  2.67773e-02 |150  0.31383 -2.01293e-02
151  0.18235 -6.44812e-01 |152  0.25980  7.02129e-01 |153  0.17452  1.11345e-01
154  0.25409 -4.01834e-01 |155  0.10320 -6.01457e-01 |156  0.29671  1.04195e+00
157  0.16880 -1.21310e+00 |158  0.24631  1.87116e+00 |159 -0.35168  3.25725e-01
160  0.24280 -5.85141e-01 |161  0.20256 -9.24787e-02 |162  0.31668 -2.11746e-01
163 -0.38022  1.52245e-01 |164  0.23610 -2.79691e-01 |165  0.05095 -6.19275e-01
166  0.11961 -9.68257e-01 |167  0.32143  6.21989e-01 |168  0.27257  1.10091e+00
169  0.01356  2.19054e-01 |170  0.39310 -1.07857e-01 |171  0.09955  1.16103e+01
172  0.16377  4.10509e+00 |173  0.21867 -7.40396e+00 |174  0.25721 -4.99066e+00
175 -0.55202 -1.14196e-01 |176  0.17219  9.62402e-02 |

 - final statistics:
176 variables; iteration 43; function evaluation 45
Function value 7.3350e+03; maximum gradient component mag 7.7054e-01
Exit code = 1;  converg criter 1.0000e+00
Var    Value     Gradient |Var    Value     Gradient |Var    Value     Gradient
  1 -0.42336 -3.58350e-01 |  2  0.37112  6.26846e-01 |  3 -0.12613  1.58376e-01
  4 -0.01327  3.27213e-01 |  5 -0.70837  4.76228e-01 |  6 -0.60425 -2.05848e-01
  7  0.37627  1.30827e-02 |  8 -0.18524  9.21714e-02 |  9  0.03399  1.17937e-01
 10 -0.60948  1.28189e-02 | 11 -0.62338  1.07040e-01 | 12 -0.09376 -1.50241e-01
 13 -0.01018 -2.99601e-02 | 14 -0.01040 -3.11146e-02 | 15 -0.01062 -3.22313e-02
 16 -0.01084 -3.32988e-02 | 17 -0.01105 -3.43078e-02 | 18 -0.01125 -3.52447e-02
 19 -0.01145 -3.60978e-02 | 20 -0.01164 -3.68565e-02 | 21 -0.01182 -3.75108e-02
 22 -0.01198 -3.80516e-02 | 23 -0.01214 -3.84709e-02 | 24 -0.01228 -3.87617e-02
 25 -0.01240 -3.89171e-02 | 26 -0.01251 -3.89303e-02 | 27 -0.01259 -3.87940e-02
 28 -0.01266 -3.85005e-02 | 29 -0.01270 -3.80424e-02 | 30 -0.01272 -3.74125e-02
 31 -0.01272 -3.66038e-02 | 32 -0.01269 -3.56077e-02 | 33 -0.01263 -3.44152e-02
 34 -0.01254 -3.30178e-02 | 35 -0.01242 -3.14086e-02 | 36 -0.01227 -2.95853e-02
 37 -0.01208 -2.75526e-02 | 38 -0.01185 -2.53262e-02 | 39 -0.01158 -2.29350e-02
 40 -0.01127 -2.04240e-02 | 41 -0.01093 -1.78572e-02 | 42 -0.01055 -1.53144e-02
 43 -0.01013 -1.28918e-02 | 44 -0.00969 -1.06933e-02 | 45 -0.00922 -8.81989e-03
 46 -0.00874 -7.35182e-03 | 47 -0.00825 -6.33283e-03 | 48 -0.00776 -5.75999e-03
 49 -0.00729 -5.58123e-03 | 50 -0.00685 -5.70274e-03 | 51 -0.00644 -5.99922e-03
 52 -0.00607 -6.32342e-03 | 53 -0.00575 -6.51316e-03 | 54 -0.00548 -6.40783e-03
 55 -0.00524 -5.85538e-03 | 56 -0.00502 -4.70481e-03 | 57 -0.00480 -2.78656e-03
 58 -0.00456  9.98539e-05 | 59 -0.00426  4.16154e-03 | 60 -0.00388  9.55454e-03
 61 -0.00338  1.62387e-02 | 62 -0.00274  2.37612e-02 | 63 -0.00193  3.09717e-02
 64 -0.00091  3.58067e-02 | 65  0.00033  3.54511e-02 | 66  0.00181  2.72966e-02
 67  0.00355  1.07680e-02 | 68  0.00558 -1.07442e-02 | 69  0.00793 -3.04261e-02
 70  0.01063 -4.20333e-02 | 71  0.01366 -4.19686e-02 | 72  0.01697 -2.98686e-02
 73  0.02033 -3.31102e-02 | 74  0.02338 -9.53720e-02 | 75  0.02627 -1.39950e-01
 76  0.02935 -6.74267e-02 | 77  0.03178 -4.63009e-04 | 78  0.03315  9.38045e-03
 79  0.03362 -3.53530e-03 | 80  0.03343 -9.33704e-03 | 81  0.03280  1.29413e-02
 82  0.03176  6.00032e-02 | 83  0.03007  9.76467e-02 | 84  0.02745  8.96086e-02
 85  0.02393  4.28357e-02 | 86  0.01996  1.49242e-02 | 87  0.01624  7.10316e-02
 88  0.01273  9.91953e-02 | 89  0.00979  8.33703e-02 | 90  0.00779  7.00821e-02
 91  0.00653  6.78194e-02 | 92  0.00560  7.05134e-02 | 93  0.00485  7.27188e-02
 94  0.00474  7.08405e-02 | 95  0.00536  6.30648e-02 | 96  0.00561  6.31282e-02
 97  0.00736  7.30223e-02 | 98  0.00992  5.97829e-02 | 99  0.01372  1.29233e-02
100  0.01376 -1.37387e-02 |101  0.01251 -2.50726e-02 |102  0.01099  9.48916e-03
103  0.00290 -1.09888e-02 |104  0.00373 -4.14494e-02 |105  0.02251 -1.65030e-01
106  0.02099 -1.49151e-01 |107 -0.00202  1.57444e-01 |108  0.01616  1.23310e-01
109  0.08334 -4.00719e-02 |110  0.02812 -5.04506e-02 |111 -0.01515 -1.53593e-01
112  0.00448  1.48879e-01 |113  0.01926  9.73301e-02 |114  0.03870  9.37413e-02
115  0.00244 -8.83551e-02 |116 -0.06237  6.37118e-02 |117 -0.07913 -6.16885e-02
118 -0.07752 -6.13264e-02 |119 -0.03491 -3.11659e-02 |120  0.06982  1.23731e-01
121  0.02313 -1.26202e-01 |122  0.01358 -1.42846e-02 |123 -0.02792  9.78364e-02
124 -0.06720  7.98286e-03 |125 -0.00708 -1.48885e-01 |126  0.00427 -6.16534e-02
127 -0.02704  1.62907e-01 |128  0.02809  5.88929e-02 |129  0.07300 -3.50675e-02
130  0.01051  1.53521e-01 |131  0.08278  2.41452e-01 |132  0.00512 -2.13904e-01
133  0.13268 -1.38707e-01 |134 -0.00563 -1.37828e-01 |135 -0.04614  1.61301e-01
136 -0.05667  4.15175e-02 |137 -0.02198 -1.51367e-02 |138  0.09380 -1.93664e-01
139  0.03207  1.02016e-01 |140  0.01682  2.89597e-03 |141 -0.02794  3.76691e-02
142 -0.01790 -1.02502e-01 |143 -0.00579  3.85609e-02 |144 -0.00039  1.65985e-03
145  0.27801  8.16785e-02 |146  0.18820 -2.56144e-02 |147  0.04663 -4.20705e-02
148  0.29670  5.91829e-02 |149 -0.47571 -1.24328e-01 |150  0.31399  6.81936e-02
151  0.18224 -3.90253e-01 |152  0.25969 -1.03505e-01 |153  0.17451 -7.68537e-02
154  0.25412 -8.38742e-02 |155  0.10372  4.06777e-02 |156  0.29684  1.00959e-01
157  0.16872 -2.30544e-01 |158  0.24610  3.46712e-02 |159 -0.35236 -1.13846e-01
160  0.24264 -1.10809e-01 |161  0.20263 -5.36905e-02 |162  0.31675 -3.98341e-02
163 -0.38044  1.76282e-02 |164  0.23604 -4.26261e-02 |165  0.05101 -2.11094e-01
166  0.11957 -3.41581e-01 |167  0.32130 -5.14619e-02 |168  0.27243 -1.27508e-01
169  0.01362  3.50397e-01 |170  0.39317 -1.46193e-01 |171  0.09933  7.70542e-01
172  0.16369  2.72409e-01 |173  0.21869 -5.63349e-01 |174  0.25725 -3.48179e-01
175 -0.55230  1.08587e-01 |176  0.17199  6.10018e-02 |

Initial statistics: 200 variables; iteration 0; function evaluation 0; phase 4
Function value 7.3349667e+03; maximum gradient component mag 7.7054e-01
Var    Value     Gradient |Var    Value     Gradient |Var    Value     Gradient
  1 -0.42336 -3.58350e-01 |  2  0.37112  6.26846e-01 |  3 -0.12613  1.58376e-01
  4 -0.01327  3.27213e-01 |  5 -0.70837  4.76228e-01 |  6 -0.60425 -2.05848e-01
  7  0.37627  1.30827e-02 |  8 -0.18524  9.21714e-02 |  9  0.03399  1.17937e-01
 10 -0.60948  1.28189e-02 | 11 -0.62338  1.07040e-01 | 12 -0.09376 -1.50241e-01
 13 -0.01018 -2.99601e-02 | 14 -0.01040 -3.11146e-02 | 15 -0.01062 -3.22313e-02
 16 -0.01084 -3.32988e-02 | 17 -0.01105 -3.43078e-02 | 18 -0.01125 -3.52447e-02
 19 -0.01145 -3.60978e-02 | 20 -0.01164 -3.68565e-02 | 21 -0.01182 -3.75108e-02
 22 -0.01198 -3.80516e-02 | 23 -0.01214 -3.84709e-02 | 24 -0.01228 -3.87617e-02
 25 -0.01240 -3.89171e-02 | 26 -0.01251 -3.89303e-02 | 27 -0.01259 -3.87940e-02
 28 -0.01266 -3.85005e-02 | 29 -0.01270 -3.80424e-02 | 30 -0.01272 -3.74125e-02
 31 -0.01272 -3.66038e-02 | 32 -0.01269 -3.56077e-02 | 33 -0.01263 -3.44152e-02
 34 -0.01254 -3.30178e-02 | 35 -0.01242 -3.14086e-02 | 36 -0.01227 -2.95853e-02
 37 -0.01208 -2.75526e-02 | 38 -0.01185 -2.53262e-02 | 39 -0.01158 -2.29350e-02
 40 -0.01127 -2.04240e-02 | 41 -0.01093 -1.78572e-02 | 42 -0.01055 -1.53144e-02
 43 -0.01013 -1.28918e-02 | 44 -0.00969 -1.06933e-02 | 45 -0.00922 -8.81989e-03
 46 -0.00874 -7.35182e-03 | 47 -0.00825 -6.33283e-03 | 48 -0.00776 -5.75999e-03
 49 -0.00729 -5.58123e-03 | 50 -0.00685 -5.70274e-03 | 51 -0.00644 -5.99922e-03
 52 -0.00607 -6.32342e-03 | 53 -0.00575 -6.51316e-03 | 54 -0.00548 -6.40783e-03
 55 -0.00524 -5.85538e-03 | 56 -0.00502 -4.70481e-03 | 57 -0.00480 -2.78656e-03
 58 -0.00456  9.98539e-05 | 59 -0.00426  4.16154e-03 | 60 -0.00388  9.55454e-03
 61 -0.00338  1.62387e-02 | 62 -0.00274  2.37612e-02 | 63 -0.00193  3.09717e-02
 64 -0.00091  3.58067e-02 | 65  0.00033  3.54511e-02 | 66  0.00181  2.72966e-02
 67  0.00355  1.07680e-02 | 68  0.00558 -1.07442e-02 | 69  0.00793 -3.04261e-02
 70  0.01063 -4.20333e-02 | 71  0.01366 -4.19686e-02 | 72  0.01697 -2.98686e-02
 73  0.02033 -3.31102e-02 | 74  0.02338 -9.53720e-02 | 75  0.02627 -1.39950e-01
 76  0.02935 -6.74267e-02 | 77  0.03178 -4.63009e-04 | 78  0.03315  9.38045e-03
 79  0.03362 -3.53530e-03 | 80  0.03343 -9.33704e-03 | 81  0.03280  1.29413e-02
 82  0.03176  6.00032e-02 | 83  0.03007  9.76467e-02 | 84  0.02745  8.96086e-02
 85  0.02393  4.28357e-02 | 86  0.01996  1.49242e-02 | 87  0.01624  7.10316e-02
 88  0.01273  9.91953e-02 | 89  0.00979  8.33703e-02 | 90  0.00779  7.00821e-02
 91  0.00653  6.78194e-02 | 92  0.00560  7.05134e-02 | 93  0.00485  7.27188e-02
 94  0.00474  7.08405e-02 | 95  0.00536  6.30648e-02 | 96  0.00561  6.31282e-02
 97  0.00736  7.30223e-02 | 98  0.00992  5.97829e-02 | 99  0.01372  1.29233e-02
100  0.01376 -1.37387e-02 |101  0.01251 -2.50726e-02 |102  0.01099  9.48916e-03
103  0.00290 -1.09888e-02 |104  0.00373 -4.14494e-02 |105  0.02251 -1.65030e-01
106  0.02099 -1.49151e-01 |107 -0.00202  1.57444e-01 |108  0.01616  1.23310e-01
109  0.08334 -4.00719e-02 |110  0.02812 -5.04506e-02 |111 -0.01515 -1.53593e-01
112  0.00448  1.48879e-01 |113  0.01926  9.73301e-02 |114  0.03870  9.37413e-02
115  0.00244 -8.83551e-02 |116 -0.06237  6.37118e-02 |117 -0.07913 -6.16885e-02
118 -0.07752 -6.13264e-02 |119 -0.03491 -3.11659e-02 |120  0.06982  1.23731e-01
121  0.02313 -1.26202e-01 |122  0.01358 -1.42846e-02 |123 -0.02792  9.78364e-02
124 -0.06720  7.98286e-03 |125 -0.00708 -1.48885e-01 |126  0.00427 -6.16534e-02
127 -0.02704  1.62907e-01 |128  0.02809  5.88929e-02 |129  0.07300 -3.50675e-02
130  0.01051  1.53521e-01 |131  0.08278  2.41452e-01 |132  0.00512 -2.13904e-01
133  0.13268 -1.38707e-01 |134 -0.00563 -1.37828e-01 |135 -0.04614  1.61301e-01
136 -0.05667  4.15175e-02 |137 -0.02198 -1.51367e-02 |138  0.09380 -1.93664e-01
139  0.03207  1.02016e-01 |140  0.01682  2.89597e-03 |141 -0.02794  3.76691e-02
142 -0.01790 -1.02502e-01 |143 -0.00579  3.85609e-02 |144 -0.00039  1.65985e-03
145  0.27801  8.16785e-02 |146  0.18820 -2.56144e-02 |147  0.04663 -4.20705e-02
148  0.29670  5.91829e-02 |149  0.01638 -8.67907e-04 |150 -0.11477 -5.76623e-02
151 -0.47571 -1.24328e-01 |152  0.31399  6.81936e-02 |153  0.04878 -2.02374e-01
154 -0.23502 -3.20763e-02 |155  0.18224 -3.90253e-01 |156  0.25969 -1.03505e-01
157  0.17451 -7.68537e-02 |158  0.25412 -8.38742e-02 |159  0.00587 -8.42583e-02
160 -0.09827 -5.06515e-02 |161  0.10372  4.06777e-02 |162  0.29684  1.00959e-01
163  0.16872 -2.30544e-01 |164  0.24610  3.46712e-02 |165 -0.35236 -1.13846e-01
166  0.24264 -1.10809e-01 |167  0.05275 -4.46558e-01 |168 -0.18762  2.90373e-01
169  0.20263 -5.36905e-02 |170  0.31675 -3.98341e-02 |171  0.07774 -4.54616e-01
172 -0.53183 -3.75160e-05 |173 -0.38044  1.76282e-02 |174  0.23604 -4.26261e-02
175  0.07820  3.93770e-02 |176 -0.12196 -1.99835e-01 |177  0.05101 -2.11094e-01
178  0.11957 -3.41581e-01 |179  0.32130 -5.14619e-02 |180  0.27243 -1.27508e-01
181  0.00546 -2.29275e-01 |182  0.00907 -2.65171e-01 |183 -0.15012 -1.74861e-01
184 -0.12571 -1.50589e-01 |185  0.01362  3.50397e-01 |186  0.39317 -1.46193e-01
187  0.01863  3.31722e-01 |188 -0.15435  1.16348e-01 |189  0.09933  7.70542e-01
190  0.16369  2.72409e-01 |191  0.21869 -5.63349e-01 |192  0.25725 -3.48179e-01
193  0.02453  4.25214e-01 |194 -0.00648  9.48245e-02 |195 -0.17628 -4.64538e-02
196 -0.11429 -3.72328e-03 |197 -0.55230  1.08587e-01 |198  0.17199  6.10018e-02
199  0.09511  5.90593e-01 |200 -0.25343 -3.09731e-03 |

Intermediate statistics: 200 variables; iteration 20; function evaluation 21; phase 4
Function value 7.3349657e+03; maximum gradient component mag 3.2721e+00
Var    Value     Gradient |Var    Value     Gradient |Var    Value     Gradient
  1 -0.42332  3.75673e-01 |  2  0.37114  5.78887e-02 |  3 -0.12617 -1.87334e+00
  4 -0.01326 -9.30628e-01 |  5 -0.70900  4.42014e-02 |  6 -0.60419 -1.50032e-01
  7  0.37633  3.27213e+00 |  8 -0.18523  2.88751e+00 |  9  0.03398  2.55244e+00
 10 -0.60947  2.65295e-02 | 11 -0.62337  3.31080e-01 | 12 -0.09358 -6.73299e-01
 13 -0.01010 -7.21366e-03 | 14 -0.01032 -7.45677e-03 | 15 -0.01054 -7.69820e-03
 16 -0.01075 -7.93685e-03 | 17 -0.01096 -8.17203e-03 | 18 -0.01116 -8.40240e-03
 19 -0.01135 -8.62696e-03 | 20 -0.01154 -8.84494e-03 | 21 -0.01172 -9.05571e-03
 22 -0.01188 -9.25887e-03 | 23 -0.01204 -9.45420e-03 | 24 -0.01217 -9.64168e-03
 25 -0.01230 -9.82137e-03 | 26 -0.01241 -9.99327e-03 | 27 -0.01249 -1.01572e-02
 28 -0.01256 -1.03128e-02 | 29 -0.01261 -1.04596e-02 | 30 -0.01263 -1.05978e-02
 31 -0.01263 -1.07276e-02 | 32 -0.01260 -1.08496e-02 | 33 -0.01255 -1.09642e-02
 34 -0.01247 -1.10718e-02 | 35 -0.01235 -1.11727e-02 | 36 -0.01220 -1.12670e-02
 37 -0.01202 -1.13554e-02 | 38 -0.01180 -1.14394e-02 | 39 -0.01154 -1.15219e-02
 40 -0.01124 -1.16073e-02 | 41 -0.01091 -1.17051e-02 | 42 -0.01054 -1.18253e-02
 43 -0.01013 -1.19809e-02 | 44 -0.00969 -1.21859e-02 | 45 -0.00923 -1.24538e-02
 46 -0.00876 -1.27954e-02 | 47 -0.00827 -1.32176e-02 | 48 -0.00779 -1.37205e-02
 49 -0.00732 -1.42975e-02 | 50 -0.00687 -1.49341e-02 | 51 -0.00647 -1.56079e-02
 52 -0.00610 -1.62891e-02 | 53 -0.00578 -1.69447e-02 | 54 -0.00551 -1.75421e-02
 55 -0.00527 -1.80520e-02 | 56 -0.00506 -1.84483e-02 | 57 -0.00485 -1.87022e-02
 58 -0.00461 -1.87764e-02 | 59 -0.00433 -1.86331e-02 | 60 -0.00397 -1.82374e-02
 61 -0.00350 -1.75808e-02 | 62 -0.00288 -1.67074e-02 | 63 -0.00209 -1.57655e-02
 64 -0.00110 -1.50495e-02 | 65  0.00014 -1.49896e-02 | 66  0.00165 -1.60602e-02
 67  0.00344 -1.84627e-02 | 68  0.00554 -2.17943e-02 | 69  0.00796 -2.50130e-02
 70  0.01070 -2.69870e-02 | 71  0.01374 -2.68469e-02 | 72  0.01700 -2.41678e-02
 73  0.02038 -2.45787e-02 | 74  0.02367 -3.89352e-02 | 75  0.02675 -5.05285e-02
 76  0.02955 -3.27711e-02 | 77  0.03173 -1.49057e-02 | 78  0.03308 -1.17764e-02
 79  0.03362 -1.49335e-02 | 80  0.03347 -1.60932e-02 | 81  0.03278 -9.41012e-03
 82  0.03157  3.88627e-03 | 83  0.02976  1.42471e-02 | 84  0.02720  1.26614e-02
 85  0.02388  2.39088e-03 | 86  0.02004 -2.04806e-03 | 87  0.01612  1.18650e-02
 88  0.01252  1.90329e-02 | 89  0.00967  1.76515e-02 | 90  0.00772  1.69327e-02
 91  0.00649  1.80444e-02 | 92  0.00557  1.96441e-02 | 93  0.00482  2.06121e-02
 94  0.00471  2.02005e-02 | 95  0.00535  1.77972e-02 | 96  0.00558  1.55853e-02
 97  0.00726  1.45013e-02 | 98  0.00983  9.35557e-03 | 99  0.01375 -3.06800e-03
100  0.01383 -1.30405e-02 |101  0.01256 -1.96644e-02 |102  0.01087 -1.85589e-02
103  0.00279 -2.52934e-02 |104  0.00366 -2.57625e-02 |105  0.02286 -4.77501e-02
106  0.02129 -4.86080e-02 |107 -0.00260 -1.55655e-03 |108  0.01576  1.25881e-02
109  0.08349  2.66462e-02 |110  0.02819  4.17434e-02 |111 -0.01465  4.11731e-02
112  0.00423  9.77484e-02 |113  0.01925  9.13245e-02 |114  0.03860  9.01654e-02
115  0.00273  2.20711e-02 |116 -0.06256  1.29616e-03 |117 -0.07903 -9.66081e-03
118 -0.07740  1.00172e-02 |119 -0.03465  3.45340e-02 |120  0.06959  8.11907e-03
121  0.02345 -4.73922e-02 |122  0.01360 -1.89818e-02 |123 -0.02807 -3.59263e-03
124 -0.06726  8.00149e-03 |125 -0.00668  7.13985e-03 |126  0.00442 -3.85506e-03
127 -0.02737  3.42940e-02 |128  0.02808  6.71768e-02 |129  0.07337  7.41357e-02
130  0.01037  7.86487e-02 |131  0.08254  4.62109e-02 |132  0.00567 -3.22559e-02
133  0.13270 -1.34754e-01 |134 -0.00540 -1.14613e-02 |135 -0.04647  1.95473e-02
136 -0.05672  1.26060e-02 |137 -0.02194 -6.21320e-03 |138  0.09413 -4.00064e-02
139  0.03190  1.77577e-02 |140  0.01683  7.58891e-04 |141 -0.02798  7.62712e-03
142 -0.01763 -1.11648e-02 |143 -0.00587  1.24484e-02 |144 -0.00040  1.32318e-04
145  0.27769 -1.93384e-02 |146  0.18821 -3.20438e-01 |147  0.04666 -2.70363e-02
148  0.29671  1.02986e-01 |149  0.01637  3.46027e-03 |150 -0.11476 -1.03519e-01
151 -0.47556 -8.70873e-02 |152  0.31381  3.01821e-02 |153  0.04873 -1.83955e-01
154 -0.23500 -2.60682e-02 |155  0.18243 -2.72447e-01 |156  0.25978  5.08115e-02
157  0.17461  9.72116e-02 |158  0.25415 -2.41195e-01 |159  0.00583 -4.25152e-02
160 -0.09826 -3.05209e-02 |161  0.10362  1.87642e-01 |162  0.29675 -4.48749e-01
163  0.16895  3.06944e-01 |164  0.24617 -5.68332e-01 |165 -0.35212  4.49929e-02
166  0.24272 -2.13536e-01 |167  0.05278  7.98373e-03 |168 -0.18762  3.04666e-02
169  0.20257 -2.37795e-01 |170  0.31674  7.27239e-02 |171  0.07772 -1.50077e+00
172 -0.53183 -1.21972e-04 |173 -0.38041  5.91329e-02 |174  0.23604 -1.69675e-01
175  0.07818  1.65831e-02 |176 -0.12191  2.25703e-01 |177  0.05111 -1.11215e-01
178  0.11966  1.32840e-02 |179  0.32134 -9.47417e-02 |180  0.27247 -2.32599e-01
181  0.00541 -1.46266e-01 |182  0.00906 -2.05447e-02 |183 -0.15006 -3.21766e-02
184 -0.12567  1.39331e-01 |185  0.01354  2.51290e-01 |186  0.39313 -1.25855e-01
187  0.01866  2.49392e-01 |188 -0.15435  7.41849e-02 |189  0.09931 -4.64962e-01
190  0.16370 -4.57152e-01 |191  0.21869  2.68849e-02 |192  0.25726  4.60766e-01
193  0.02451 -5.23292e-01 |194 -0.00650 -2.22769e-01 |195 -0.17624  2.64611e-02
196 -0.11429 -8.35146e-01 |197 -0.55269  1.46123e-02 |198  0.17175  1.62771e-02
199  0.09499 -6.36095e-01 |200 -0.25330 -2.69873e-01 |
200 variables; iteration 40; function evaluation 44; phase 4
Function value 7.3349656e+03; maximum gradient component mag 3.1246e+00
Var    Value     Gradient |Var    Value     Gradient |Var    Value     Gradient
  1 -0.42333  3.24640e-01 |  2  0.37113  1.33894e-02 |  3 -0.12616 -1.75597e+00
  4 -0.01326 -8.96489e-01 |  5 -0.70895  8.08521e-02 |  6 -0.60421 -1.57404e-01
  7  0.37632  3.12455e+00 |  8 -0.18523  2.85290e+00 |  9  0.03400  2.49146e+00
 10 -0.60948  3.27403e-02 | 11 -0.62338  2.53158e-01 | 12 -0.09324 -6.45813e-01
 13 -0.01010 -7.72968e-03 | 14 -0.01032 -7.99728e-03 | 15 -0.01054 -8.26224e-03
 16 -0.01076 -8.52305e-03 | 17 -0.01096 -8.77849e-03 | 18 -0.01117 -9.02676e-03
 19 -0.01136 -9.26631e-03 | 20 -0.01155 -9.49584e-03 | 21 -0.01173 -9.71416e-03
 22 -0.01189 -9.92029e-03 | 23 -0.01204 -1.01135e-02 | 24 -0.01218 -1.02931e-02
 25 -0.01231 -1.04588e-02 | 26 -0.01241 -1.06100e-02 | 27 -0.01250 -1.07462e-02
 28 -0.01257 -1.08664e-02 | 29 -0.01262 -1.09699e-02 | 30 -0.01264 -1.10560e-02
 31 -0.01264 -1.11244e-02 | 32 -0.01261 -1.11750e-02 | 33 -0.01256 -1.12077e-02
 34 -0.01247 -1.12223e-02 | 35 -0.01236 -1.12186e-02 | 36 -0.01221 -1.11968e-02
 37 -0.01203 -1.11575e-02 | 38 -0.01181 -1.11029e-02 | 39 -0.01155 -1.10366e-02
 40 -0.01125 -1.09645e-02 | 41 -0.01091 -1.08969e-02 | 42 -0.01054 -1.08461e-02
 43 -0.01013 -1.08269e-02 | 44 -0.00970 -1.08554e-02 | 45 -0.00924 -1.09469e-02
 46 -0.00876 -1.11131e-02 | 47 -0.00827 -1.13607e-02 | 48 -0.00779 -1.16889e-02
 49 -0.00732 -1.20892e-02 | 50 -0.00688 -1.25457e-02 | 51 -0.00647 -1.30351e-02
 52 -0.00610 -1.35277e-02 | 53 -0.00578 -1.39914e-02 | 54 -0.00551 -1.43959e-02
 55 -0.00527 -1.47148e-02 | 56 -0.00506 -1.49247e-02 | 57 -0.00485 -1.50000e-02
 58 -0.00461 -1.49074e-02 | 59 -0.00433 -1.46144e-02 | 60 -0.00397 -1.40948e-02
 61 -0.00350 -1.33546e-02 | 62 -0.00288 -1.24612e-02 | 63 -0.00210 -1.15920e-02
 64 -0.00110 -1.10666e-02 | 65  0.00014 -1.13136e-02 | 66  0.00164 -1.27404e-02
 67  0.00343 -1.54143e-02 | 68  0.00553 -1.87890e-02 | 69  0.00795 -2.18101e-02
 70  0.01069 -2.35442e-02 | 71  0.01373 -2.35271e-02 | 72  0.01699 -2.18497e-02
 73  0.02036 -2.21303e-02 | 74  0.02368 -2.89314e-02 | 75  0.02681 -3.24271e-02
 76  0.02957 -2.36502e-02 | 77  0.03169 -1.63210e-02 | 78  0.03304 -1.41322e-02
 79  0.03360 -1.34347e-02 | 80  0.03347 -1.19034e-02 | 81  0.03276 -7.95995e-03
 82  0.03151 -1.64929e-03 | 83  0.02968  4.28083e-03 | 84  0.02714  5.93571e-03
 85  0.02386  2.71956e-03 | 86  0.02003  4.75433e-04 | 87  0.01609  8.55439e-03
 88  0.01248  1.31678e-02 | 89  0.00962  1.13142e-02 | 90  0.00768  9.39286e-03
 91  0.00644  8.73668e-03 | 92  0.00550  8.46483e-03 | 93  0.00475  7.73321e-03
 94  0.00464  5.94215e-03 | 95  0.00529  2.59634e-03 | 96  0.00552 -3.74894e-04
 97  0.00721 -2.40404e-03 | 98  0.00978 -8.16360e-03 | 99  0.01372 -1.86608e-02
100  0.01381 -2.65130e-02 |101  0.01255 -3.05543e-02 |102  0.01087 -2.67083e-02
103  0.00281 -2.85440e-02 |104  0.00364 -2.93667e-02 |105  0.02289 -4.52474e-02
106  0.02133 -4.30939e-02 |107 -0.00262  1.07775e-02 |108  0.01578  2.33439e-02
109  0.08361  3.88534e-02 |110  0.02814  2.78190e-02 |111 -0.01464  2.49000e-02
112  0.00429  8.30357e-02 |113  0.01930  7.45503e-02 |114  0.03864  8.00464e-02
115  0.00280  3.00160e-02 |116 -0.06250  1.00891e-02 |117 -0.07899 -7.32936e-03
118 -0.07735  1.69291e-02 |119 -0.03459  4.82557e-02 |120  0.06965  2.39594e-02
121  0.02350 -3.30479e-02 |122  0.01368  6.39979e-03 |123 -0.02800  1.86155e-02
124 -0.06720  1.86295e-02 |125 -0.00663  1.39041e-02 |126  0.00447 -4.91272e-03
127 -0.02732  3.40512e-02 |128  0.02812  4.71158e-02 |129  0.07339  4.50400e-02
130  0.01041  7.13315e-02 |131  0.08258  4.41148e-02 |132  0.00569 -3.31148e-02
133  0.13277 -9.44619e-02 |134 -0.00537 -1.06313e-02 |135 -0.04644  2.71768e-02
136 -0.05670  1.54033e-02 |137 -0.02193 -6.08071e-03 |138  0.09412 -5.13757e-02
139  0.03192  2.35796e-02 |140  0.01684  2.25675e-03 |141 -0.02796  1.15825e-02
142 -0.01763 -1.50477e-02 |143 -0.00586  1.38270e-02 |144 -0.00040  1.65509e-04
145  0.27716 -3.47058e-02 |146  0.18777 -3.45158e-01 |147  0.04663 -8.79189e-02
148  0.29671  1.93914e-01 |149  0.01639  6.53564e-05 |150 -0.11477 -1.04110e-01
151 -0.47548 -6.75819e-02 |152  0.31378  1.79355e-02 |153  0.04870 -1.63363e-01
154 -0.23501 -2.33254e-02 |155  0.18242 -1.45755e-01 |156  0.25978 -1.29598e-01
157  0.17459  1.71123e-01 |158  0.25414 -3.29540e-01 |159  0.00584 -1.10146e-02
160 -0.09826  2.32711e-02 |161  0.10358  8.87886e-02 |162  0.29676 -1.98795e-01
163  0.16890  2.46105e-01 |164  0.24616 -4.95012e-01 |165 -0.35193  6.67953e-02
166  0.24279 -2.03376e-01 |167  0.05274 -9.83012e-03 |168 -0.18760  1.21266e-01
169  0.20253 -2.36384e-01 |170  0.31673  9.50080e-02 |171  0.07772 -1.43895e+00
172 -0.53183 -1.14889e-04 |173 -0.38032  4.84745e-02 |174  0.23608 -1.30966e-01
175  0.07817 -1.50672e-03 |176 -0.12193  2.16970e-01 |177  0.05116 -6.04933e-02
178  0.11964  8.95598e-02 |179  0.32134 -1.45438e-01 |180  0.27245 -4.16797e-01
181  0.00538 -1.29424e-01 |182  0.00906 -2.00586e-02 |183 -0.15011 -6.50943e-02
184 -0.12568  1.87094e-01 |185  0.01351  1.97398e-01 |186  0.39315 -8.83442e-02
187  0.01866  2.02775e-01 |188 -0.15435  6.17449e-02 |189  0.09931 -4.59619e-01
190  0.16368 -4.39803e-01 |191  0.21868 -1.30195e-01 |192  0.25726  4.21342e-01
193  0.02451 -6.83215e-01 |194 -0.00649 -2.16073e-01 |195 -0.17624  1.40581e-01
196 -0.11431 -9.47964e-01 |197 -0.55403 -4.54328e-02 |198  0.17119  7.07437e-04
199  0.09515 -6.07871e-01 |200 -0.25343 -2.63865e-01 |
200 variables; iteration 60; function evaluation 65; phase 4
Function value 7.3349652e+03; maximum gradient component mag 2.3693e-01
Var    Value     Gradient |Var    Value     Gradient |Var    Value     Gradient
  1 -0.42334  1.31183e-02 |  2  0.37111  2.00009e-02 |  3 -0.12613 -8.56311e-02
  4 -0.01324 -1.01767e-01 |  5 -0.70913  9.78385e-03 |  6 -0.60419 -6.14391e-03
  7  0.37628  1.55417e-01 |  8 -0.18525  1.56346e-01 |  9  0.03400  2.36930e-01
 10 -0.60945  3.14799e-02 | 11 -0.62338  9.55528e-03 | 12 -0.09326 -5.39860e-02
 13 -0.01009 -3.39533e-04 | 14 -0.01031 -3.50674e-04 | 15 -0.01052 -3.67675e-04
 16 -0.01074 -3.90478e-04 | 17 -0.01095 -4.18821e-04 | 18 -0.01115 -4.52310e-04
 19 -0.01134 -4.90300e-04 | 20 -0.01153 -5.31947e-04 | 21 -0.01171 -5.76239e-04
 22 -0.01187 -6.21995e-04 | 23 -0.01202 -6.67920e-04 | 24 -0.01216 -7.12670e-04
 25 -0.01229 -7.54844e-04 | 26 -0.01239 -7.93063e-04 | 27 -0.01248 -8.25958e-04
 28 -0.01255 -8.52195e-04 | 29 -0.01260 -8.70463e-04 | 30 -0.01262 -8.79576e-04
 31 -0.01262 -8.78585e-04 | 32 -0.01259 -8.66779e-04 | 33 -0.01254 -8.43761e-04
 34 -0.01245 -8.09484e-04 | 35 -0.01234 -7.64258e-04 | 36 -0.01219 -7.08754e-04
 37 -0.01201 -6.43858e-04 | 38 -0.01179 -5.70504e-04 | 39 -0.01153 -4.89339e-04
 40 -0.01124 -4.00385e-04 | 41 -0.01090 -3.02465e-04 | 42 -0.01053 -1.92839e-04
 43 -0.01012 -6.67364e-05 | 44 -0.00969  8.26406e-05 | 45 -0.00922  2.63585e-04
 46 -0.00875  4.84297e-04 | 47 -0.00826  7.50694e-04 | 48 -0.00778  1.06377e-03
 49 -0.00730  1.41759e-03 | 50 -0.00686  1.79833e-03 | 51 -0.00645  2.18452e-03
 52 -0.00608  2.54839e-03 | 53 -0.00576  2.85835e-03 | 54 -0.00548  3.08177e-03
 55 -0.00525  3.18655e-03 | 56 -0.00503  3.14039e-03 | 57 -0.00482  2.90800e-03
 58 -0.00459  2.44840e-03 | 59 -0.00431  1.71869e-03 | 60 -0.00396  6.79516e-04
 61 -0.00350 -6.84418e-04 | 62 -0.00290 -2.33066e-03 | 63 -0.00212 -4.10171e-03
 64 -0.00113 -5.66230e-03 | 65  0.00010 -6.48196e-03 | 66  0.00161 -5.97102e-03
 67  0.00342 -3.84285e-03 | 68  0.00554 -5.87807e-04 | 69  0.00799  2.53987e-03
 70  0.01074  4.39627e-03 | 71  0.01378  4.72740e-03 | 72  0.01703  4.53572e-03
 73  0.02041  5.32999e-03 | 74  0.02374  6.44638e-04 | 75  0.02683 -1.00994e-02
 76  0.02959 -3.07994e-03 | 77  0.03174  8.87997e-03 | 78  0.03308  9.21272e-03
 79  0.03361  2.99985e-03 | 80  0.03345 -1.87794e-03 | 81  0.03274  2.34534e-04
 82  0.03151  7.51121e-03 | 83  0.02967  1.07028e-02 | 84  0.02710  4.41150e-03
 85  0.02381 -2.92327e-03 | 86  0.02001 -1.33329e-03 | 87  0.01605  7.29251e-04
 88  0.01242  5.41837e-04 | 89  0.00960  4.69415e-03 | 90  0.00768  8.47271e-03
 91  0.00644  9.76986e-03 | 92  0.00551  9.14853e-03 | 93  0.00475  7.32868e-03
 94  0.00463  5.03440e-03 | 95  0.00527  2.73156e-03 | 96  0.00548 -1.78246e-03
 97  0.00714 -7.33476e-03 | 98  0.00971 -7.75418e-03 | 99  0.01370 -2.19404e-03
100  0.01383  2.44139e-03 |101  0.01258  6.59155e-03 |102  0.01087  3.43142e-03
103  0.00281  3.03645e-03 |104  0.00362 -6.10979e-03 |105  0.02297 -2.30394e-03
106  0.02139 -6.10819e-03 |107 -0.00270 -3.20843e-03 |108  0.01576  3.36032e-03
109  0.08365  1.85012e-03 |110  0.02809 -9.40233e-03 |111 -0.01457  4.71024e-03
112  0.00424  3.68484e-03 |113  0.01931 -7.60424e-03 |114  0.03853 -3.59733e-02
115  0.00284  8.42259e-04 |116 -0.06249  1.08434e-02 |117 -0.07894  1.04292e-02
118 -0.07735 -5.89417e-03 |119 -0.03464 -1.56047e-02 |120  0.06963 -1.69785e-02
121  0.02354 -2.03235e-03 |122  0.01369  1.39363e-02 |123 -0.02802  9.02370e-03
124 -0.06720  5.53585e-03 |125 -0.00662  3.12045e-04 |126  0.00450  8.21226e-03
127 -0.02733  1.71558e-02 |128  0.02809  1.00853e-02 |129  0.07343  3.23283e-02
130  0.01032  4.42146e-03 |131  0.08250  7.22151e-03 |132  0.00575  1.01211e-02
133  0.13283 -8.95784e-03 |134 -0.00533 -4.69108e-05 |135 -0.04647  4.67006e-03
136 -0.05670  5.26488e-03 |137 -0.02192  2.41973e-03 |138  0.09417 -1.46164e-02
139  0.03188 -2.90479e-03 |140  0.01686  6.95391e-03 |141 -0.02797  4.19240e-03
142 -0.01760 -6.00045e-03 |143 -0.00589 -1.17836e-04 |144 -0.00040 -2.24410e-04
145  0.27722 -1.01907e-02 |146  0.18795 -2.42895e-02 |147  0.04664  2.03045e-02
148  0.29671  2.53783e-02 |149  0.01637  8.76365e-03 |150 -0.11477 -2.31781e-02
151 -0.47542 -9.04800e-03 |152  0.31390  1.64611e-02 |153  0.04879  4.57159e-03
154 -0.23500 -3.03178e-03 |155  0.18257 -1.19850e-02 |156  0.25986 -1.11755e-02
157  0.17461  4.09797e-02 |158  0.25419  2.36712e-03 |159  0.00588  4.20244e-02
160 -0.09827 -2.47278e-02 |161  0.10354  8.56967e-04 |162  0.29676 -1.40491e-02
163  0.16895  2.03744e-02 |164  0.24623 -2.54138e-02 |165 -0.35194  3.76164e-03
166  0.24282 -3.94343e-03 |167  0.05275  5.61256e-03 |168 -0.18762  1.28602e-02
169  0.20253 -1.63820e-02 |170  0.31674  9.93480e-03 |171  0.07777 -9.27012e-02
172 -0.53182 -7.85971e-06 |173 -0.38038  7.12860e-03 |174  0.23608  4.46264e-03
175  0.07820  4.76154e-02 |176 -0.12194  1.64568e-02 |177  0.05133 -1.15917e-03
178  0.11968 -5.52969e-03 |179  0.32146  1.40338e-02 |180  0.27251 -3.11398e-02
181  0.00531 -3.14973e-02 |182  0.00907 -8.70551e-03 |183 -0.15005  4.37661e-02
184 -0.12570  1.15375e-02 |185  0.01343  4.52776e-03 |186  0.39319  8.71873e-03
187  0.01864  1.36358e-02 |188 -0.15434  1.46860e-03 |189  0.09931 -5.17844e-02
190  0.16370 -5.32438e-03 |191  0.21870 -2.31571e-02 |192  0.25727  3.67929e-02
193  0.02453 -3.06661e-02 |194 -0.00650 -5.26536e-02 |195 -0.17627  5.86256e-04
196 -0.11429 -5.81725e-02 |197 -0.55418  2.27047e-03 |198  0.17109 -1.46404e-02
199  0.09511 -3.46692e-02 |200 -0.25341 -2.13015e-02 |
200 variables; iteration 80; function evaluation 91; phase 4
Function value 7.3349652e+03; maximum gradient component mag 7.5560e-03
Var    Value     Gradient |Var    Value     Gradient |Var    Value     Gradient
  1 -0.42334 -4.58344e-04 |  2  0.37111  2.68641e-03 |  3 -0.12614  1.09053e-03
  4 -0.01323 -6.39251e-03 |  5 -0.70915 -2.55178e-03 |  6 -0.60419  6.44379e-04
  7  0.37629  1.25571e-03 |  8 -0.18524  1.75393e-03 |  9  0.03397  5.36721e-03
 10 -0.60946  3.49578e-03 | 11 -0.62338 -6.60298e-05 | 12 -0.09321 -1.77362e-03
 13 -0.01009 -2.24832e-04 | 14 -0.01031 -2.15894e-04 | 15 -0.01053 -2.08144e-04
 16 -0.01074 -2.01878e-04 | 17 -0.01095 -1.97327e-04 | 18 -0.01115 -1.94760e-04
 19 -0.01134 -1.94363e-04 | 20 -0.01153 -1.96246e-04 | 21 -0.01171 -2.00449e-04
 22 -0.01187 -2.06933e-04 | 23 -0.01202 -2.15586e-04 | 24 -0.01216 -2.26236e-04
 25 -0.01229 -2.38661e-04 | 26 -0.01239 -2.52619e-04 | 27 -0.01248 -2.67853e-04
 28 -0.01255 -2.84088e-04 | 29 -0.01260 -3.01009e-04 | 30 -0.01262 -3.18285e-04
 31 -0.01262 -3.35613e-04 | 32 -0.01259 -3.52765e-04 | 33 -0.01254 -3.69592e-04
 34 -0.01246 -3.86024e-04 | 35 -0.01234 -4.02047e-04 | 36 -0.01220 -4.17654e-04
 37 -0.01201 -4.32757e-04 | 38 -0.01180 -4.47079e-04 | 39 -0.01154 -4.60043e-04
 40 -0.01124 -4.70682e-04 | 41 -0.01090 -4.77659e-04 | 42 -0.01053 -4.79266e-04
 43 -0.01013 -4.73615e-04 | 44 -0.00969 -4.58985e-04 | 45 -0.00923 -4.34241e-04
 46 -0.00875 -3.99405e-04 | 47 -0.00827 -3.56065e-04 | 48 -0.00778 -3.07428e-04
 49 -0.00731 -2.57986e-04 | 50 -0.00687 -2.12788e-04 | 51 -0.00646 -1.76577e-04
 52 -0.00609 -1.53019e-04 | 53 -0.00577 -1.44257e-04 | 54 -0.00550 -1.50967e-04
 55 -0.00526 -1.73017e-04 | 56 -0.00505 -2.10131e-04 | 57 -0.00484 -2.61952e-04
 58 -0.00461 -3.27090e-04 | 59 -0.00433 -4.00776e-04 | 60 -0.00397 -4.71513e-04
 61 -0.00350 -5.16439e-04 | 62 -0.00289 -4.97982e-04 | 63 -0.00211 -3.67845e-04
 64 -0.00111 -8.86037e-05 | 65  0.00012  3.18773e-04 | 66  0.00163  7.19438e-04
 67  0.00343  8.73023e-04 | 68  0.00554  5.98231e-04 | 69  0.00798  1.38256e-05
 70  0.01072 -4.87941e-04 | 71  0.01375 -5.74274e-04 | 72  0.01700 -3.59235e-04
 73  0.02038 -4.71003e-04 | 74  0.02374  3.24044e-04 | 75  0.02690  1.97852e-03
 76  0.02961  1.06405e-03 | 77  0.03169  3.43882e-04 | 78  0.03303  6.11186e-04
 79  0.03360  8.90399e-04 | 80  0.03347  1.08321e-03 | 81  0.03275  1.18133e-03
 82  0.03148  9.31120e-04 | 83  0.02962  6.13030e-04 | 84  0.02709  1.28268e-03
 85  0.02384  2.47384e-03 | 86  0.02003  1.91584e-03 | 87  0.01606  1.67175e-03
 88  0.01243  1.72232e-03 | 89  0.00958  4.33129e-04 | 90  0.00764 -3.91765e-04
 91  0.00640 -4.83893e-04 | 92  0.00547 -2.63945e-04 | 93  0.00472 -4.84370e-05
 94  0.00461 -3.56154e-05 | 95  0.00526 -2.42981e-04 | 96  0.00549 -1.27813e-04
 97  0.00717  7.41845e-04 | 98  0.00975  1.25938e-03 | 99  0.01371  4.26154e-04
100  0.01381  2.21545e-04 |101  0.01255  4.35995e-04 |102  0.01086  1.92313e-03
103  0.00280  4.32616e-04 |104  0.00363 -1.12665e-04 |105  0.02296 -1.11944e-03
106  0.02140 -7.68075e-04 |107 -0.00270 -4.56582e-03 |108  0.01574  5.14978e-04
109  0.08363 -3.27175e-03 |110  0.02813 -1.97234e-03 |111 -0.01459 -1.11381e-03
112  0.00422  1.08629e-03 |113  0.01930  2.11310e-03 |114  0.03859 -1.84835e-03
115  0.00282  5.49614e-04 |116 -0.06250 -2.56141e-04 |117 -0.07895  5.22245e-04
118 -0.07734  5.42948e-04 |119 -0.03461  4.74362e-03 |120  0.06964  2.62698e-03
121  0.02355 -1.50169e-04 |122  0.01368 -3.38342e-03 |123 -0.02803 -1.58102e-04
124 -0.06721  6.99762e-04 |125 -0.00660  1.10979e-03 |126  0.00450  4.53748e-04
127 -0.02735  8.63185e-04 |128  0.02811  1.02778e-03 |129  0.07339  1.03985e-03
130  0.01035  5.15471e-03 |131  0.08251  3.48191e-03 |132  0.00572 -3.78809e-03
133  0.13284 -2.92886e-03 |134 -0.00533  2.39766e-03 |135 -0.04648 -5.75861e-04
136 -0.05672 -7.39970e-04 |137 -0.02193 -1.42242e-03 |138  0.09420  1.48956e-03
139  0.03189  6.35286e-04 |140  0.01684 -1.46478e-03 |141 -0.02798  4.95270e-04
142 -0.01758  8.07061e-04 |143 -0.00588  9.38087e-05 |144 -0.00040 -3.13888e-06
145  0.27716 -3.90794e-03 |146  0.18789 -7.79290e-05 |147  0.04664  5.62701e-03
148  0.29671  2.73787e-03 |149  0.01637 -1.35753e-03 |150 -0.11476 -1.57201e-03
151 -0.47542  3.11488e-04 |152  0.31378  1.55138e-03 |153  0.04878  4.51543e-03
154 -0.23500  2.26502e-03 |155  0.18258  5.95458e-03 |156  0.25987  2.70295e-03
157  0.17460  2.39589e-03 |158  0.25418  1.13107e-03 |159  0.00587  5.43266e-03
160 -0.09826 -2.92237e-03 |161  0.10355  7.38509e-04 |162  0.29677 -7.07753e-05
163  0.16894 -3.38628e-03 |164  0.24623 -2.77600e-03 |165 -0.35196 -5.57411e-05
166  0.24282  4.25708e-04 |167  0.05275  9.42966e-04 |168 -0.18762  1.97340e-03
169  0.20254 -2.70476e-04 |170  0.31674 -5.97603e-04 |171  0.07777 -1.80859e-03
172 -0.53182 -2.25877e-06 |173 -0.38037 -1.87605e-04 |174  0.23608  1.24820e-03
175  0.07818  3.80194e-03 |176 -0.12195  9.52229e-04 |177  0.05116 -3.31093e-03
178  0.11969 -2.07570e-03 |179  0.32140 -1.31565e-03 |180  0.27252 -2.05907e-03
181  0.00547 -1.33605e-03 |182  0.00907  1.51243e-03 |183 -0.15009  3.08886e-03
184 -0.12570 -6.12006e-04 |185  0.01344  8.84955e-04 |186  0.39318  2.23558e-03
187  0.01863  1.28132e-03 |188 -0.15434 -1.73173e-03 |189  0.09932 -2.76485e-03
190  0.16369  4.11126e-03 |191  0.21870 -2.15510e-03 |192  0.25726  2.18565e-03
193  0.02453  8.45014e-04 |194 -0.00649 -6.01986e-03 |195 -0.17627 -1.19608e-03
196 -0.11429 -5.57320e-04 |197 -0.55413 -2.44767e-03 |198  0.17113  7.55605e-03
199  0.09510 -4.14092e-04 |200 -0.25338  8.57318e-04 |

 - final statistics:
200 variables; iteration 96; function evaluation 110
Function value 7.3350e+03; maximum gradient component mag 9.2619e-04
Exit code = 1;  converg criter 1.0000e-03
Var    Value     Gradient |Var    Value     Gradient |Var    Value     Gradient
  1 -0.42333 -3.07611e-05 |  2  0.37110  1.75880e-04 |  3 -0.12614  5.70359e-05
  4 -0.01323 -4.22766e-04 |  5 -0.70915  7.29600e-05 |  6 -0.60419  2.07583e-05
  7  0.37629  1.02089e-04 |  8 -0.18524  1.17403e-04 |  9  0.03397  2.55791e-04
 10 -0.60946  4.96265e-04 | 11 -0.62338 -2.88851e-05 | 12 -0.09321 -7.89439e-05
 13 -0.01009  8.02132e-05 | 14 -0.01031  8.07017e-05 | 15 -0.01052  8.09525e-05
 16 -0.01074  8.10100e-05 | 17 -0.01095  8.09218e-05 | 18 -0.01115  8.07412e-05
 19 -0.01134  8.05192e-05 | 20 -0.01153  8.03000e-05 | 21 -0.01171  8.01174e-05
 22 -0.01187  7.99915e-05 | 23 -0.01202  7.99262e-05 | 24 -0.01216  7.99079e-05
 25 -0.01229  7.99060e-05 | 26 -0.01239  7.98747e-05 | 27 -0.01248  7.97539e-05
 28 -0.01255  7.94708e-05 | 29 -0.01260  7.89390e-05 | 30 -0.01262  7.80624e-05
 31 -0.01262  7.67404e-05 | 32 -0.01259  7.48735e-05 | 33 -0.01254  7.23653e-05
 34 -0.01246  6.91244e-05 | 35 -0.01234  6.50624e-05 | 36 -0.01220  6.00920e-05
 37 -0.01201  5.41193e-05 | 38 -0.01179  4.70412e-05 | 39 -0.01154  3.87449e-05
 40 -0.01124  2.91207e-05 | 41 -0.01090  1.81058e-05 | 42 -0.01053  5.72417e-06
 43 -0.01013 -7.84029e-06 | 44 -0.00969 -2.21758e-05 | 45 -0.00923 -3.66250e-05
 46 -0.00875 -5.03320e-05 | 47 -0.00827 -6.23964e-05 | 48 -0.00778 -7.20786e-05
 49 -0.00731 -7.89995e-05 | 50 -0.00687 -8.32385e-05 | 51 -0.00646 -8.52926e-05
 52 -0.00609 -8.59231e-05 | 53 -0.00577 -8.59764e-05 | 54 -0.00550 -8.61749e-05
 55 -0.00526 -8.70450e-05 | 56 -0.00505 -8.90062e-05 | 57 -0.00484 -9.25167e-05
 58 -0.00460 -9.81590e-05 | 59 -0.00432 -1.06563e-04 | 60 -0.00397 -1.17929e-04
 61 -0.00350 -1.30820e-04 | 62 -0.00289 -1.40020e-04 | 63 -0.00211 -1.34165e-04
 64 -0.00111 -9.65773e-05 | 65  0.00012 -1.63076e-05 | 66  0.00163  8.75372e-05
 67  0.00343  1.50627e-04 | 68  0.00554  1.08726e-04 | 69  0.00798 -7.23430e-06
 70  0.01072 -8.29445e-05 | 71  0.01375 -7.31355e-05 | 72  0.01701 -4.89771e-05
 73  0.02039 -2.30117e-05 | 74  0.02374  2.32579e-05 | 75  0.02689  1.59543e-04
 76  0.02960  4.56385e-05 | 77  0.03170  8.07089e-05 | 78  0.03304  1.73690e-04
 79  0.03360  6.31740e-06 | 80  0.03347 -1.51888e-04 | 81  0.03275 -6.45019e-05
 82  0.03148  4.47101e-05 | 83  0.02963 -1.34878e-05 | 84  0.02709  3.09434e-05
 85  0.02383  9.58957e-05 | 86  0.02002  9.35342e-05 | 87  0.01605  6.12898e-05
 88  0.01243  6.20933e-05 | 89  0.00958 -6.32381e-05 | 90  0.00765 -1.78878e-04
 91  0.00641 -1.63229e-04 | 92  0.00548 -7.59266e-05 | 93  0.00472  1.25660e-05
 94  0.00461  4.46152e-05 | 95  0.00526  9.28699e-06 | 96  0.00549 -2.53762e-06
 97  0.00717  1.04963e-04 | 98  0.00974  1.40432e-04 | 99  0.01371  4.33486e-05
100  0.01381  4.36210e-05 |101  0.01255  1.13669e-04 |102  0.01085  3.26334e-04
103  0.00280  1.17591e-04 |104  0.00363 -1.89133e-04 |105  0.02296 -5.30028e-04
106  0.02140 -3.67941e-04 |107 -0.00269 -9.11935e-06 |108  0.01574  1.13143e-04
109  0.08363 -1.17692e-04 |110  0.02813 -1.93987e-04 |111 -0.01459 -7.04835e-06
112  0.00422 -2.35156e-04 |113  0.01929  2.62317e-04 |114  0.03859 -4.87415e-05
115  0.00281  5.57954e-05 |116 -0.06250 -5.20920e-04 |117 -0.07896  2.11741e-04
118 -0.07734  4.30685e-04 |119 -0.03462 -2.15317e-04 |120  0.06963  2.24798e-04
121  0.02355  2.97057e-04 |122  0.01368 -6.66652e-04 |123 -0.02803  2.36931e-04
124 -0.06721  2.01320e-04 |125 -0.00660 -4.29469e-05 |126  0.00450 -8.58140e-05
127 -0.02736 -5.00704e-05 |128  0.02811  2.42527e-04 |129  0.07339 -6.56713e-05
130  0.01034  5.30287e-04 |131  0.08250  3.68558e-04 |132  0.00573 -1.70506e-04
133  0.13284 -1.02530e-04 |134 -0.00534  9.26189e-04 |135 -0.04648 -2.35434e-04
136 -0.05672  2.58980e-04 |137 -0.02193 -4.58995e-04 |138  0.09419 -3.12364e-04
139  0.03189 -7.36031e-05 |140  0.01684 -9.21984e-05 |141 -0.02798 -4.13397e-05
142 -0.01758 -5.79905e-05 |143 -0.00588  1.28675e-04 |144 -0.00040 -1.91079e-06
145  0.27718 -3.68625e-04 |146  0.18790  2.47510e-04 |147  0.04663  3.52008e-04
148  0.29670  1.55789e-04 |149  0.01638 -9.75059e-05 |150 -0.11476 -9.63114e-05
151 -0.47542  9.71459e-05 |152  0.31376  7.25587e-05 |153  0.04878  2.75300e-04
154 -0.23500 -8.02850e-05 |155  0.18258  3.20610e-04 |156  0.25986  1.28709e-04
157  0.17460  4.57447e-05 |158  0.25418  7.74263e-06 |159  0.00587  4.14362e-04
160 -0.09826 -1.86902e-04 |161  0.10354  1.35716e-05 |162  0.29677 -2.97018e-05
163  0.16894 -1.06961e-04 |164  0.24623 -1.09286e-04 |165 -0.35196  4.17014e-06
166  0.24282  4.99308e-05 |167  0.05275  6.56340e-05 |168 -0.18763  1.63702e-04
169  0.20254 -1.27208e-04 |170  0.31674 -6.51803e-05 |171  0.07777 -9.54262e-05
172 -0.53182 -1.79519e-06 |173 -0.38035  8.82105e-05 |174  0.23609  1.05033e-04
175  0.07818  1.86994e-04 |176 -0.12195  6.49694e-05 |177  0.05118 -2.02818e-04
178  0.11969 -1.54550e-04 |179  0.32140 -9.23784e-05 |180  0.27252 -1.44126e-04
181  0.00546 -9.27781e-05 |182  0.00907  1.19860e-04 |183 -0.15009  1.99048e-04
184 -0.12570 -4.84672e-05 |185  0.01344  9.88813e-05 |186  0.39318  2.12470e-04
187  0.01863  7.52653e-05 |188 -0.15434 -1.23029e-04 |189  0.09932 -1.62302e-04
190  0.16369  2.57153e-04 |191  0.21870 -1.36737e-04 |192  0.25726  1.22375e-04
193  0.02453  5.46727e-05 |194 -0.00648 -3.67385e-04 |195 -0.17627 -7.40486e-05
196 -0.11429 -3.68345e-05 |197 -0.55414 -1.39482e-04 |198  0.17112  3.64811e-04
199  0.09510 -1.79201e-04 |200 -0.25338  1.45288e-04 |

 - final statistics:
213 variables; iteration 0; function evaluation 0
Function value 7.3350e+03; maximum gradient component mag 9.2619e-04
Exit code = 0;  converg criter 1.0000e-03
Var    Value     Gradient |Var    Value     Gradient |Var    Value     Gradient
  1 -0.42333 -3.07611e-05 |  2  0.37110  1.75880e-04 |  3 -0.12614  5.70359e-05
  4 -0.01323 -4.22766e-04 |  5 -0.70915  7.29600e-05 |  6 -0.60419  2.07583e-05
  7  0.37629  1.02089e-04 |  8 -0.18524  1.17403e-04 |  9  0.03397  2.55791e-04
 10 -0.60946  4.96265e-04 | 11 -0.62338 -2.88849e-05 | 12 -0.09321 -7.89439e-05
 13 -0.01009  8.02132e-05 | 14 -0.01031  8.07017e-05 | 15 -0.01052  8.09525e-05
 16 -0.01074  8.10100e-05 | 17 -0.01095  8.09218e-05 | 18 -0.01115  8.07412e-05
 19 -0.01134  8.05192e-05 | 20 -0.01153  8.03000e-05 | 21 -0.01171  8.01174e-05
 22 -0.01187  7.99915e-05 | 23 -0.01202  7.99262e-05 | 24 -0.01216  7.99079e-05
 25 -0.01229  7.99060e-05 | 26 -0.01239  7.98747e-05 | 27 -0.01248  7.97539e-05
 28 -0.01255  7.94708e-05 | 29 -0.01260  7.89390e-05 | 30 -0.01262  7.80624e-05
 31 -0.01262  7.67404e-05 | 32 -0.01259  7.48735e-05 | 33 -0.01254  7.23653e-05
 34 -0.01246  6.91244e-05 | 35 -0.01234  6.50624e-05 | 36 -0.01220  6.00920e-05
 37 -0.01201  5.41193e-05 | 38 -0.01179  4.70412e-05 | 39 -0.01154  3.87449e-05
 40 -0.01124  2.91207e-05 | 41 -0.01090  1.81058e-05 | 42 -0.01053  5.72417e-06
 43 -0.01013 -7.84029e-06 | 44 -0.00969 -2.21758e-05 | 45 -0.00923 -3.66250e-05
 46 -0.00875 -5.03320e-05 | 47 -0.00827 -6.23964e-05 | 48 -0.00778 -7.20786e-05
 49 -0.00731 -7.89995e-05 | 50 -0.00687 -8.32385e-05 | 51 -0.00646 -8.52926e-05
 52 -0.00609 -8.59231e-05 | 53 -0.00577 -8.59764e-05 | 54 -0.00550 -8.61749e-05
 55 -0.00526 -8.70450e-05 | 56 -0.00505 -8.90062e-05 | 57 -0.00484 -9.25167e-05
 58 -0.00460 -9.81590e-05 | 59 -0.00432 -1.06563e-04 | 60 -0.00397 -1.17929e-04
 61 -0.00350 -1.30820e-04 | 62 -0.00289 -1.40020e-04 | 63 -0.00211 -1.34165e-04
 64 -0.00111 -9.65773e-05 | 65  0.00012 -1.63076e-05 | 66  0.00163  8.75372e-05
 67  0.00343  1.50627e-04 | 68  0.00554  1.08726e-04 | 69  0.00798 -7.23430e-06
 70  0.01072 -8.29445e-05 | 71  0.01375 -7.31356e-05 | 72  0.01701 -4.89771e-05
 73  0.02039 -2.30117e-05 | 74  0.02374  2.32579e-05 | 75  0.02689  1.59543e-04
 76  0.02960  4.56385e-05 | 77  0.03170  8.07089e-05 | 78  0.03304  1.73690e-04
 79  0.03360  6.31740e-06 | 80  0.03347 -1.51888e-04 | 81  0.03275 -6.45019e-05
 82  0.03148  4.47101e-05 | 83  0.02963 -1.34878e-05 | 84  0.02709  3.09434e-05
 85  0.02383  9.58957e-05 | 86  0.02002  9.35342e-05 | 87  0.01605  6.12898e-05
 88  0.01243  6.20933e-05 | 89  0.00958 -6.32381e-05 | 90  0.00765 -1.78878e-04
 91  0.00641 -1.63229e-04 | 92  0.00548 -7.59266e-05 | 93  0.00472  1.25660e-05
 94  0.00461  4.46152e-05 | 95  0.00526  9.28699e-06 | 96  0.00549 -2.53762e-06
 97  0.00717  1.04963e-04 | 98  0.00974  1.40432e-04 | 99  0.01371  4.33486e-05
100  0.01381  4.36210e-05 |101  0.01255  1.13669e-04 |102  0.01085  3.26334e-04
103  0.00280  1.17591e-04 |104  0.00363 -1.89133e-04 |105  0.02296 -5.30028e-04
106  0.02140 -3.67941e-04 |107 -0.00269 -9.11935e-06 |108  0.01574  1.13143e-04
109  0.08363 -1.17692e-04 |110  0.02813 -1.93987e-04 |111 -0.01459 -7.04835e-06
112  0.00422 -2.35156e-04 |113  0.01929  2.62317e-04 |114  0.03859 -4.87415e-05
115  0.00281  5.57954e-05 |116 -0.06250 -5.20920e-04 |117 -0.07896  2.11741e-04
118 -0.07734  4.30685e-04 |119 -0.03462 -2.15317e-04 |120  0.06963  2.24798e-04
121  0.02355  2.97057e-04 |122  0.01368 -6.66652e-04 |123 -0.02803  2.36931e-04
124 -0.06721  2.01320e-04 |125 -0.00660 -4.29469e-05 |126  0.00450 -8.58140e-05
127 -0.02736 -5.00704e-05 |128  0.02811  2.42527e-04 |129  0.07339 -6.56713e-05
130  0.01034  5.30287e-04 |131  0.08250  3.68558e-04 |132  0.00573 -1.70506e-04
133  0.13284 -1.02530e-04 |134 -0.00534  9.26189e-04 |135 -0.04648 -2.35434e-04
136 -0.05672  2.58980e-04 |137 -0.02193 -4.58995e-04 |138  0.09419 -3.12364e-04
139  0.03189 -7.36031e-05 |140  0.01684 -9.21984e-05 |141 -0.02798 -4.13397e-05
142 -0.01758 -5.79905e-05 |143 -0.00588  1.28675e-04 |144 -0.00040 -1.91079e-06
145  0.00000  0.00000e+00 |146  0.00000  0.00000e+00 |147  0.00000  0.00000e+00
148  0.00000  0.00000e+00 |149  0.00000  0.00000e+00 |150  0.00000  0.00000e+00
151  0.00000  0.00000e+00 |152  0.00000  0.00000e+00 |153  0.00000  0.00000e+00
154  0.00000  0.00000e+00 |155  0.00000  0.00000e+00 |156  0.00000  0.00000e+00
157  0.00000  0.00000e+00 |158  0.27718 -3.68625e-04 |159  0.18790  2.47510e-04
160  0.04663  3.52008e-04 |161  0.29670  1.55789e-04 |162  0.01638 -9.75059e-05
163 -0.11476 -9.63114e-05 |164 -0.47542  9.71459e-05 |165  0.31376  7.25587e-05
166  0.04878  2.75300e-04 |167 -0.23500 -8.02850e-05 |168  0.18258  3.20610e-04
169  0.25986  1.28709e-04 |170  0.17460  4.57447e-05 |171  0.25418  7.74263e-06
172  0.00587  4.14362e-04 |173 -0.09826 -1.86902e-04 |174  0.10354  1.35716e-05
175  0.29677 -2.97018e-05 |176  0.16894 -1.06961e-04 |177  0.24623 -1.09286e-04
178 -0.35196  4.17014e-06 |179  0.24282  4.99308e-05 |180  0.05275  6.56340e-05
181 -0.18763  1.63702e-04 |182  0.20254 -1.27208e-04 |183  0.31674 -6.51803e-05
184  0.07777 -9.54262e-05 |185 -0.53182 -1.79519e-06 |186 -0.38035  8.82105e-05
187  0.23609  1.05033e-04 |188  0.07818  1.86994e-04 |189 -0.12195  6.49694e-05
190  0.05118 -2.02818e-04 |191  0.11969 -1.54550e-04 |192  0.32140 -9.23784e-05
193  0.27252 -1.44126e-04 |194  0.00546 -9.27781e-05 |195  0.00907  1.19860e-04
196 -0.15009  1.99048e-04 |197 -0.12570 -4.84672e-05 |198  0.01344  9.88813e-05
199  0.39318  2.12470e-04 |200  0.01863  7.52653e-05 |201 -0.15434 -1.23029e-04
202  0.09932 -1.62302e-04 |203  0.16369  2.57153e-04 |204  0.21870 -1.36737e-04
205  0.25726  1.22375e-04 |206  0.02453  5.46727e-05 |207 -0.00648 -3.67385e-04
208 -0.17627 -7.40486e-05 |209 -0.11429 -3.68345e-05 |210 -0.55414 -1.39482e-04
211  0.17112  3.64811e-04 |212  0.09510 -1.79201e-04 |213 -0.25338  1.45288e-04
size of file gradfil1.tmp = 0
size of file gradfil2.tmp = 0
size of file varssave.tmp = 0
size of file cmpdiff.tmp = 1000000040
