
Initial statistics: 136 variables; iteration 0; function evaluation 0; phase 1
Function value 7.2816287e+03; maximum gradient component mag -2.3497e+01
Var    Value     Gradient |Var    Value     Gradient |Var    Value     Gradient
  1 -0.42334 -2.34969e+01 |  2 -0.09289 -1.85548e-01 |  3 -0.01009  2.49834e-04
  4 -0.01031  2.84147e-04 |  5 -0.01053  3.24681e-04 |  6 -0.01074  3.62153e-04
  7 -0.01095  3.96165e-04 |  8 -0.01115  4.38109e-04 |  9 -0.01135  4.78391e-04
 10 -0.01153  5.14625e-04 | 11 -0.01171  5.57238e-04 | 12 -0.01187  5.98111e-04
 13 -0.01203  6.30028e-04 | 14 -0.01217  6.70587e-04 | 15 -0.01229  7.08443e-04
 16 -0.01240  7.46531e-04 | 17 -0.01249  7.82304e-04 | 18 -0.01255  8.20539e-04
 19 -0.01260  8.52751e-04 | 20 -0.01262  8.88316e-04 | 21 -0.01262  9.23824e-04
 22 -0.01260  9.56977e-04 | 23 -0.01254  9.93417e-04 | 24 -0.01246  1.03166e-03
 25 -0.01235  1.06379e-03 | 26 -0.01220  1.10213e-03 | 27 -0.01202  1.13758e-03
 28 -0.01180  1.17437e-03 | 29 -0.01154  1.21071e-03 | 30 -0.01124  1.24706e-03
 31 -0.01091  1.28696e-03 | 32 -0.01054  1.32356e-03 | 33 -0.01013  1.36783e-03
 34 -0.00969  1.41391e-03 | 35 -0.00923  1.45918e-03 | 36 -0.00876  1.51451e-03
 37 -0.00827  1.56918e-03 | 38 -0.00779  1.63324e-03 | 39 -0.00732  1.69969e-03
 40 -0.00687  1.77197e-03 | 41 -0.00646  1.85463e-03 | 42 -0.00610  1.93200e-03
 43 -0.00578  2.01254e-03 | 44 -0.00550  2.10863e-03 | 45 -0.00527  2.20560e-03
 46 -0.00505  2.29791e-03 | 47 -0.00484  2.42431e-03 | 48 -0.00461  2.57395e-03
 49 -0.00433  2.72611e-03 | 50 -0.00397  2.91309e-03 | 51 -0.00351  3.16432e-03
 52 -0.00290  3.42545e-03 | 53 -0.00211  3.76229e-03 | 54 -0.00112  4.16372e-03
 55  0.00012  4.65004e-03 | 56  0.00162  5.23503e-03 | 57  0.00342  5.93450e-03
 58  0.00553  6.79027e-03 | 59  0.00797  7.79652e-03 | 60  0.01071  8.95652e-03
 61  0.01374  1.03330e-02 | 62  0.01700  1.20258e-02 | 63  0.02037  1.41033e-02
 64  0.02373  1.66759e-02 | 65  0.02687  1.98339e-02 | 66  0.02959  2.35046e-02
 67  0.03168  2.76866e-02 | 68  0.03301  3.24515e-02 | 69  0.03358  3.77742e-02
 70  0.03344  4.37897e-02 | 71  0.03272  5.04700e-02 | 72  0.03145  5.78774e-02
 73  0.02960  6.59479e-02 | 74  0.02705  7.45876e-02 | 75  0.02380  8.37419e-02
 76  0.01999  9.34723e-02 | 77  0.01602  1.04049e-01 | 78  0.01239  1.15742e-01
 79  0.00955  1.29011e-01 | 80  0.00761  1.44416e-01 | 81  0.00637  1.62546e-01
 82  0.00544  1.83956e-01 | 83  0.00468  2.09835e-01 | 84  0.00458  2.43256e-01
 85  0.00522  2.87927e-01 | 86  0.00545  3.45479e-01 | 87  0.00713  4.25364e-01
 88  0.00970  5.29839e-01 | 89  0.01366  6.55281e-01 | 90  0.01376  7.39394e-01
 91  0.01250  7.04358e-01 | 92  0.01081  4.10597e-01 | 93  0.00275 -3.02564e-01
 94  0.00360 -1.53408e+00 | 95  0.02294 -3.61476e+00 | 96  0.02140 -4.88333e+00
 97 -0.00268 -3.48055e+00 | 98  0.01577 -7.34810e-01 | 99  0.08374  4.32893e+00
100  0.02820  1.18604e+00 |101 -0.01452 -1.69738e+00 |102  0.00430 -2.69960e+00
103  0.01938 -2.13788e+00 |104  0.03866  3.45961e+00 |105  0.00285  8.01532e+00
106 -0.06248 -2.75151e-01 |107 -0.07893  1.03786e+00 |108 -0.07730 -1.41698e+00
109 -0.03457 -8.77446e-01 |110  0.06971 -6.04608e-01 |111  0.02361 -8.81213e-02
112  0.01375 -5.24821e-04 |113 -0.02797  6.85291e-04 |114 -0.06716  6.67420e-04
115 -0.00654  1.58351e-04 |116  0.00456 -4.44017e-04 |117 -0.02731 -3.26885e-04
118  0.02817  5.21086e-06 |119  0.07344  3.74190e-04 |120  0.01038  1.89617e-04
121  0.08254 -1.46156e-04 |122  0.00575 -4.20524e-04 |123  0.13287  1.67393e-04
124 -0.00532 -1.54194e-04 |125 -0.04646  3.32487e-04 |126 -0.05671  1.20902e-04
127 -0.02192  2.26019e-05 |128  0.09420 -2.07907e-04 |129  0.03190  1.11375e-05
130  0.01685  1.99918e-04 |131 -0.02798 -1.08237e-04 |132 -0.01758 -4.06170e-05
133 -0.00588 -2.39738e-04 |134 -0.00040 -1.75992e-05 |135  0.27670 -1.33095e-04
136  0.18753  3.27385e-04 |

 - final statistics:
136 variables; iteration 1; function evaluation 1
Function value 7.2816e+03; maximum gradient component mag 8.1783e+00
Exit code = 1;  converg criter 1.0000e+01
Var    Value     Gradient |Var    Value     Gradient |Var    Value     Gradient
  1 -0.42269 -4.39411e+00 |  2 -0.09288 -3.47906e+00 |  3 -0.01009 -5.10545e-02
  4 -0.01031 -5.23002e-02 |  5 -0.01053 -5.35623e-02 |  6 -0.01074 -5.48497e-02
  7 -0.01095 -5.61640e-02 |  8 -0.01115 -5.74924e-02 |  9 -0.01135 -5.88441e-02
 10 -0.01153 -6.02213e-02 | 11 -0.01171 -6.16139e-02 | 12 -0.01187 -6.30304e-02
 13 -0.01203 -6.44785e-02 | 14 -0.01217 -6.59414e-02 | 15 -0.01229 -6.74304e-02
 16 -0.01240 -6.89419e-02 | 17 -0.01249 -7.04765e-02 | 18 -0.01255 -7.20272e-02
 19 -0.01260 -7.36011e-02 | 20 -0.01262 -7.51899e-02 | 21 -0.01262 -7.68002e-02
 22 -0.01260 -7.84370e-02 | 23 -0.01254 -8.00968e-02 | 24 -0.01246 -8.17813e-02
 25 -0.01235 -8.34963e-02 | 26 -0.01220 -8.52251e-02 | 27 -0.01202 -8.69703e-02
 28 -0.01180 -8.87225e-02 | 29 -0.01154 -9.04789e-02 | 30 -0.01124 -9.22295e-02
 31 -0.01091 -9.39843e-02 | 32 -0.01054 -9.57471e-02 | 33 -0.01013 -9.75069e-02
 34 -0.00969 -9.92685e-02 | 35 -0.00923 -1.01030e-01 | 36 -0.00876 -1.02774e-01
 37 -0.00827 -1.04512e-01 | 38 -0.00779 -1.06227e-01 | 39 -0.00732 -1.07923e-01
 40 -0.00687 -1.09583e-01 | 41 -0.00646 -1.11180e-01 | 42 -0.00610 -1.12698e-01
 43 -0.00578 -1.14116e-01 | 44 -0.00550 -1.15423e-01 | 45 -0.00527 -1.16644e-01
 46 -0.00505 -1.17815e-01 | 47 -0.00484 -1.18925e-01 | 48 -0.00461 -1.20003e-01
 49 -0.00433 -1.21108e-01 | 50 -0.00397 -1.22238e-01 | 51 -0.00351 -1.23409e-01
 52 -0.00290 -1.24705e-01 | 53 -0.00211 -1.26104e-01 | 54 -0.00112 -1.27676e-01
 55  0.00012 -1.29414e-01 | 56  0.00162 -1.31454e-01 | 57  0.00342 -1.33788e-01
 58  0.00553 -1.36398e-01 | 59  0.00797 -1.39338e-01 | 60  0.01071 -1.42609e-01
 61  0.01374 -1.46139e-01 | 62  0.01700 -1.49755e-01 | 63  0.02037 -1.53272e-01
 64  0.02373 -1.56390e-01 | 65  0.02687 -1.58728e-01 | 66  0.02959 -1.59974e-01
 67  0.03167 -1.59772e-01 | 68  0.03301 -1.57766e-01 | 69  0.03357 -1.53834e-01
 70  0.03344 -1.47888e-01 | 71  0.03272 -1.40022e-01 | 72  0.03145 -1.30199e-01
 73  0.02959 -1.18387e-01 | 74  0.02705 -1.04543e-01 | 75  0.02380 -8.87278e-02
 76  0.01998 -7.11524e-02 | 77  0.01601 -5.20972e-02 | 78  0.01239 -3.18627e-02
 79  0.00954 -1.04032e-02 | 80  0.00761  1.28955e-02 | 81  0.00637  3.90108e-02
 82  0.00543  6.91390e-02 | 83  0.00468  1.04861e-01 | 84  0.00457  1.49208e-01
 85  0.00521  2.06337e-01 | 86  0.00544  2.79114e-01 | 87  0.00712  3.76431e-01
 88  0.00969  5.01747e-01 | 89  0.01365  6.52550e-01 | 90  0.01374  7.66716e-01
 91  0.01248  7.66897e-01 | 92  0.01079  5.14242e-01 | 93  0.00276 -1.58743e-01
 94  0.00364 -1.33474e+00 | 95  0.02304 -3.32031e+00 | 96  0.02153 -4.53912e+00
 97 -0.00258 -3.17161e+00 | 98  0.01579 -3.86065e-01 | 99  0.08362  4.89837e+00
100  0.02817  1.58355e+00 |101 -0.01447 -1.37214e+00 |102  0.00438 -2.31047e+00
103  0.01944 -1.74287e+00 |104  0.03857  3.79666e+00 |105  0.00262  8.17825e+00
106 -0.06247 -1.05475e-01 |107 -0.07896  1.21130e+00 |108 -0.07726 -1.18448e+00
109 -0.03455 -5.45233e-01 |110  0.06972  1.21853e-01 |111  0.02361  3.98197e-01
112  0.01375  4.21835e-01 |113 -0.02797  2.81995e-01 |114 -0.06716  1.88816e-01
115 -0.00654  2.69002e-01 |116  0.00456  2.50738e-01 |117 -0.02731  1.61058e-01
118  0.02817  1.99307e-01 |119  0.07344  2.16742e-01 |120  0.01038  9.85361e-02
121  0.08254  1.25811e-01 |122  0.00575  4.90381e-02 |123  0.13287  9.09283e-02
124 -0.00532  2.10247e-02 |125 -0.04646  1.12768e-02 |126 -0.05671  7.55345e-03
127 -0.02192  8.38953e-03 |128  0.09420  1.92036e-02 |129  0.03190  1.05266e-02
130  0.01685  8.42447e-03 |131 -0.02798  3.73823e-03 |132 -0.01758  1.82493e-03
133 -0.00588  3.30472e-04 |134 -0.00040  6.60802e-05 |135  0.27670 -6.10585e-01
136  0.18753 -4.39995e-01 |

Initial statistics: 146 variables; iteration 0; function evaluation 0; phase 2
Function value 7.2816150e+03; maximum gradient component mag 1.9037e+01
Var    Value     Gradient |Var    Value     Gradient |Var    Value     Gradient
  1 -0.42269 -4.39411e+00 |  2  0.37110 -2.85820e+00 |  3 -0.12614 -1.80046e+01
  4 -0.01321 -1.24175e+01 |  5 -0.70915 -2.73013e+00 |  6 -0.60419  5.51127e+00
  7  0.37628 -6.80031e+00 |  8 -0.18524  1.90370e+01 |  9  0.03399  7.99402e+00
 10 -0.60948  1.64942e+00 | 11 -0.62338 -9.30159e+00 | 12 -0.09288 -3.47906e+00
 13 -0.01009 -5.10545e-02 | 14 -0.01031 -5.23002e-02 | 15 -0.01053 -5.35623e-02
 16 -0.01074 -5.48497e-02 | 17 -0.01095 -5.61640e-02 | 18 -0.01115 -5.74924e-02
 19 -0.01135 -5.88441e-02 | 20 -0.01153 -6.02213e-02 | 21 -0.01171 -6.16139e-02
 22 -0.01187 -6.30304e-02 | 23 -0.01203 -6.44785e-02 | 24 -0.01217 -6.59414e-02
 25 -0.01229 -6.74304e-02 | 26 -0.01240 -6.89419e-02 | 27 -0.01249 -7.04765e-02
 28 -0.01255 -7.20272e-02 | 29 -0.01260 -7.36011e-02 | 30 -0.01262 -7.51899e-02
 31 -0.01262 -7.68002e-02 | 32 -0.01260 -7.84370e-02 | 33 -0.01254 -8.00968e-02
 34 -0.01246 -8.17813e-02 | 35 -0.01235 -8.34963e-02 | 36 -0.01220 -8.52251e-02
 37 -0.01202 -8.69703e-02 | 38 -0.01180 -8.87225e-02 | 39 -0.01154 -9.04789e-02
 40 -0.01124 -9.22295e-02 | 41 -0.01091 -9.39843e-02 | 42 -0.01054 -9.57471e-02
 43 -0.01013 -9.75069e-02 | 44 -0.00969 -9.92685e-02 | 45 -0.00923 -1.01030e-01
 46 -0.00876 -1.02774e-01 | 47 -0.00827 -1.04512e-01 | 48 -0.00779 -1.06227e-01
 49 -0.00732 -1.07923e-01 | 50 -0.00687 -1.09583e-01 | 51 -0.00646 -1.11180e-01
 52 -0.00610 -1.12698e-01 | 53 -0.00578 -1.14116e-01 | 54 -0.00550 -1.15423e-01
 55 -0.00527 -1.16644e-01 | 56 -0.00505 -1.17815e-01 | 57 -0.00484 -1.18925e-01
 58 -0.00461 -1.20003e-01 | 59 -0.00433 -1.21108e-01 | 60 -0.00397 -1.22238e-01
 61 -0.00351 -1.23409e-01 | 62 -0.00290 -1.24705e-01 | 63 -0.00211 -1.26104e-01
 64 -0.00112 -1.27676e-01 | 65  0.00012 -1.29414e-01 | 66  0.00162 -1.31454e-01
 67  0.00342 -1.33788e-01 | 68  0.00553 -1.36398e-01 | 69  0.00797 -1.39338e-01
 70  0.01071 -1.42609e-01 | 71  0.01374 -1.46139e-01 | 72  0.01700 -1.49755e-01
 73  0.02037 -1.53272e-01 | 74  0.02373 -1.56390e-01 | 75  0.02687 -1.58728e-01
 76  0.02959 -1.59974e-01 | 77  0.03167 -1.59772e-01 | 78  0.03301 -1.57766e-01
 79  0.03357 -1.53834e-01 | 80  0.03344 -1.47888e-01 | 81  0.03272 -1.40022e-01
 82  0.03145 -1.30199e-01 | 83  0.02959 -1.18387e-01 | 84  0.02705 -1.04543e-01
 85  0.02380 -8.87278e-02 | 86  0.01998 -7.11524e-02 | 87  0.01601 -5.20972e-02
 88  0.01239 -3.18627e-02 | 89  0.00954 -1.04032e-02 | 90  0.00761  1.28955e-02
 91  0.00637  3.90108e-02 | 92  0.00543  6.91390e-02 | 93  0.00468  1.04861e-01
 94  0.00457  1.49208e-01 | 95  0.00521  2.06337e-01 | 96  0.00544  2.79114e-01
 97  0.00712  3.76431e-01 | 98  0.00969  5.01747e-01 | 99  0.01365  6.52550e-01
100  0.01374  7.66716e-01 |101  0.01248  7.66897e-01 |102  0.01079  5.14242e-01
103  0.00276 -1.58743e-01 |104  0.00364 -1.33474e+00 |105  0.02304 -3.32031e+00
106  0.02153 -4.53912e+00 |107 -0.00258 -3.17161e+00 |108  0.01579 -3.86065e-01
109  0.08362  4.89837e+00 |110  0.02817  1.58355e+00 |111 -0.01447 -1.37214e+00
112  0.00438 -2.31047e+00 |113  0.01944 -1.74287e+00 |114  0.03857  3.79666e+00
115  0.00262  8.17825e+00 |116 -0.06247 -1.05475e-01 |117 -0.07896  1.21130e+00
118 -0.07726 -1.18448e+00 |119 -0.03455 -5.45233e-01 |120  0.06972  1.21853e-01
121  0.02361  3.98197e-01 |122  0.01375  4.21835e-01 |123 -0.02797  2.81995e-01
124 -0.06716  1.88816e-01 |125 -0.00654  2.69002e-01 |126  0.00456  2.50738e-01
127 -0.02731  1.61058e-01 |128  0.02817  1.99307e-01 |129  0.07344  2.16742e-01
130  0.01038  9.85361e-02 |131  0.08254  1.25811e-01 |132  0.00575  4.90381e-02
133  0.13287  9.09283e-02 |134 -0.00532  2.10247e-02 |135 -0.04646  1.12768e-02
136 -0.05671  7.55345e-03 |137 -0.02192  8.38953e-03 |138  0.09420  1.92036e-02
139  0.03190  1.05266e-02 |140  0.01685  8.42447e-03 |141 -0.02798  3.73823e-03
142 -0.01758  1.82493e-03 |143 -0.00588  3.30472e-04 |144 -0.00040  6.60802e-05
145  0.27670 -6.10585e-01 |146  0.18753 -4.39995e-01 |

Intermediate statistics: 146 variables; iteration 20; function evaluation 27; phase 2
Function value 7.2814596e+03; maximum gradient component mag 1.7341e+01
Var    Value     Gradient |Var    Value     Gradient |Var    Value     Gradient
  1 -0.42244 -2.24959e+00 |  2  0.37063  7.24440e+00 |  3 -0.12600  1.45920e+01
  4 -0.01234  1.00141e+01 |  5 -0.70526 -1.08120e+00 |  6 -0.60526 -1.55609e+01
  7  0.37732  9.15243e+00 |  8 -0.18500  1.73415e+01 |  9  0.03256  1.18061e+01
 10 -0.60975  1.06329e+00 | 11 -0.62291  2.31190e+00 | 12 -0.09329 -1.37368e+01
 13 -0.01000 -9.41674e-03 | 14 -0.01022 -9.68395e-03 | 15 -0.01043 -9.95717e-03
 16 -0.01064 -1.02374e-02 | 17 -0.01085 -1.05249e-02 | 18 -0.01105 -1.08183e-02
 19 -0.01125 -1.11186e-02 | 20 -0.01143 -1.14259e-02 | 21 -0.01161 -1.17386e-02
 22 -0.01177 -1.20573e-02 | 23 -0.01192 -1.23821e-02 | 24 -0.01206 -1.27108e-02
 25 -0.01218 -1.30442e-02 | 26 -0.01229 -1.33818e-02 | 27 -0.01238 -1.37239e-02
 28 -0.01244 -1.40699e-02 | 29 -0.01249 -1.44194e-02 | 30 -0.01251 -1.47693e-02
 31 -0.01251 -1.51177e-02 | 32 -0.01248 -1.54635e-02 | 33 -0.01243 -1.58050e-02
 34 -0.01235 -1.61422e-02 | 35 -0.01224 -1.64760e-02 | 36 -0.01209 -1.68054e-02
 37 -0.01191 -1.71305e-02 | 38 -0.01169 -1.74487e-02 | 39 -0.01143 -1.77563e-02
 40 -0.01114 -1.80473e-02 | 41 -0.01080 -1.83168e-02 | 42 -0.01043 -1.85596e-02
 43 -0.01003 -1.87696e-02 | 44 -0.00959 -1.89426e-02 | 45 -0.00913 -1.90729e-02
 46 -0.00866 -1.91527e-02 | 47 -0.00818 -1.91763e-02 | 48 -0.00770 -1.91364e-02
 49 -0.00723 -1.90298e-02 | 50 -0.00679 -1.88545e-02 | 51 -0.00638 -1.86075e-02
 52 -0.00602 -1.82836e-02 | 53 -0.00570 -1.78708e-02 | 54 -0.00543 -1.73545e-02
 55 -0.00520 -1.67275e-02 | 56 -0.00499 -1.59910e-02 | 57 -0.00478 -1.51476e-02
 58 -0.00455 -1.42044e-02 | 59 -0.00427 -1.31725e-02 | 60 -0.00392 -1.20600e-02
 61 -0.00346 -1.08789e-02 | 62 -0.00285 -9.65129e-03 | 63 -0.00207 -8.39521e-03
 64 -0.00107 -7.14333e-03 | 65  0.00016 -5.93206e-03 | 66  0.00166 -4.81528e-03
 67  0.00346 -3.85391e-03 | 68  0.00558 -3.12568e-03 | 69  0.00801 -2.73437e-03
 70  0.01076 -2.80543e-03 | 71  0.01379 -3.48794e-03 | 72  0.01704 -4.95184e-03
 73  0.02041 -7.38748e-03 | 74  0.02377 -1.09850e-02 | 75  0.02691 -1.59077e-02
 76  0.02961 -2.22636e-02 | 77  0.03170 -3.01030e-02 | 78  0.03303 -3.94325e-02
 79  0.03359 -5.02461e-02 | 80  0.03345 -6.25780e-02 | 81  0.03272 -7.64630e-02
 82  0.03146 -9.19145e-02 | 83  0.02961 -1.08865e-01 | 84  0.02707 -1.27182e-01
 85  0.02382 -1.46793e-01 | 86  0.02002 -1.67836e-01 | 87  0.01605 -1.90824e-01
 88  0.01243 -2.16554e-01 | 89  0.00958 -2.45981e-01 | 90  0.00764 -2.79580e-01
 91  0.00639 -3.17090e-01 | 92  0.00545 -3.57031e-01 | 93  0.00466 -3.97756e-01
 94  0.00450 -4.39259e-01 | 95  0.00505 -4.79878e-01 | 96  0.00513 -5.10612e-01
 97  0.00653 -5.37494e-01 | 98  0.00867 -5.57795e-01 | 99  0.01195 -5.75615e-01
100  0.01136 -5.75956e-01 |101  0.00956 -5.63849e-01 |102  0.00784 -5.68639e-01
103  0.00095 -6.01393e-01 |104  0.00375 -7.54222e-01 |105  0.02747 -1.10387e+00
106  0.02969 -1.27207e+00 |107  0.00353 -9.89455e-01 |108  0.01732 -6.41875e-01
109  0.07061 -5.26053e-01 |110  0.02844 -4.24243e-01 |111 -0.01101 -6.32734e-01
112  0.00770 -7.90235e-01 |113  0.02428 -9.05597e-01 |114  0.03620 -5.46003e-01
115 -0.00857  1.17840e-01 |116 -0.05849 -4.92876e-01 |117 -0.08058  2.21017e-01
118 -0.07513  1.59465e-01 |119 -0.03426  5.14814e-01 |120  0.06981  1.15713e+00
121  0.02332  7.13823e-01 |122  0.01321  5.93093e-01 |123 -0.02847  3.81666e-01
124 -0.06768  3.09152e-01 |125 -0.00743  4.95466e-01 |126  0.00443  4.55550e-01
127 -0.02772  3.21235e-01 |128  0.02731  4.48952e-01 |129  0.07361  5.24186e-01
130  0.00932  2.18303e-01 |131  0.08282  3.27571e-01 |132  0.00566  1.26518e-01
133  0.13293  2.90105e-01 |134 -0.00595  2.32055e-02 |135 -0.04670  2.69306e-03
136 -0.05720  2.46714e-02 |137 -0.02200  1.63237e-02 |138  0.09450  3.23441e-02
139  0.03146  1.41212e-02 |140  0.01674  1.23394e-02 |141 -0.02822  8.71572e-03
142 -0.01785  2.00407e-02 |143 -0.00598 -2.56291e-02 |144 -0.00040 -6.88046e-05
145  0.27724 -1.91487e+00 |146  0.18711 -7.25832e+00 |

 - final statistics:
146 variables; iteration 23; function evaluation 31
Function value 7.2815e+03; maximum gradient component mag 9.9678e+00
Exit code = 1;  converg criter 1.0000e+01
Var    Value     Gradient |Var    Value     Gradient |Var    Value     Gradient
  1 -0.42237 -1.17519e+00 |  2  0.37070  4.16354e+00 |  3 -0.12604  8.48340e+00
  4 -0.01251  5.71737e+00 |  5 -0.70527 -6.82980e-01 |  6 -0.60503 -8.80883e+00
  7  0.37731  5.20999e+00 |  8 -0.18506  9.96780e+00 |  9  0.03248  6.85435e+00
 10 -0.61054  9.68402e-02 | 11 -0.62286  1.36928e+00 | 12 -0.09493 -8.22920e+00
 13 -0.01000 -1.80993e-02 | 14 -0.01022 -1.85871e-02 | 15 -0.01044 -1.90827e-02
 16 -0.01065 -1.95866e-02 | 17 -0.01086 -2.00992e-02 | 18 -0.01106 -2.06167e-02
 19 -0.01125 -2.11390e-02 | 20 -0.01144 -2.16649e-02 | 21 -0.01161 -2.21910e-02
 22 -0.01178 -2.27167e-02 | 23 -0.01193 -2.32407e-02 | 24 -0.01207 -2.37577e-02
 25 -0.01219 -2.42661e-02 | 26 -0.01230 -2.47608e-02 | 27 -0.01238 -2.52365e-02
 28 -0.01245 -2.56856e-02 | 29 -0.01250 -2.61023e-02 | 30 -0.01252 -2.64787e-02
 31 -0.01252 -2.68089e-02 | 32 -0.01249 -2.70855e-02 | 33 -0.01244 -2.72984e-02
 34 -0.01235 -2.74371e-02 | 35 -0.01224 -2.74894e-02 | 36 -0.01209 -2.74388e-02
 37 -0.01191 -2.72696e-02 | 38 -0.01169 -2.69638e-02 | 39 -0.01143 -2.65036e-02
 40 -0.01113 -2.58658e-02 | 41 -0.01080 -2.50386e-02 | 42 -0.01042 -2.40003e-02
 43 -0.01002 -2.27274e-02 | 44 -0.00958 -2.11986e-02 | 45 -0.00911 -1.93911e-02
 46 -0.00863 -1.72817e-02 | 47 -0.00814 -1.48543e-02 | 48 -0.00766 -1.20924e-02
 49 -0.00718 -8.98798e-03 | 50 -0.00673 -5.53813e-03 | 51 -0.00632 -1.74885e-03
 52 -0.00594  2.35901e-03 | 53 -0.00562  6.75632e-03 | 54 -0.00534  1.14096e-02
 55 -0.00509  1.62795e-02 | 56 -0.00487  2.13246e-02 | 57 -0.00465  2.64988e-02
 58 -0.00441  3.17226e-02 | 59 -0.00412  3.68937e-02 | 60 -0.00375  4.18929e-02
 61 -0.00328  4.65805e-02 | 62 -0.00266  5.07732e-02 | 63 -0.00187  5.42950e-02
 64 -0.00087  5.69467e-02 | 65  0.00037  5.85131e-02 | 66  0.00188  5.88446e-02
 67  0.00367  5.77608e-02 | 68  0.00578  5.51429e-02 | 69  0.00821  5.09452e-02
 70  0.01094  4.51889e-02 | 71  0.01396  3.79841e-02 | 72  0.01720  2.94734e-02
 73  0.02056  1.97703e-02 | 74  0.02390  8.89243e-03 | 75  0.02703 -3.28203e-03
 76  0.02973 -1.69101e-02 | 77  0.03180 -3.20206e-02 | 78  0.03312 -4.84625e-02
 79  0.03367 -6.58883e-02 | 80  0.03353 -8.39449e-02 | 81  0.03280 -1.02230e-01
 82  0.03153 -1.20377e-01 | 83  0.02968 -1.37977e-01 | 84  0.02716 -1.54676e-01
 85  0.02392 -1.70225e-01 | 86  0.02013 -1.84414e-01 | 87  0.01618 -1.97027e-01
 88  0.01258 -2.07954e-01 | 89  0.00977 -2.17411e-01 | 90  0.00788 -2.25677e-01
 91  0.00669 -2.32962e-01 | 92  0.00579 -2.39017e-01 | 93  0.00506 -2.43816e-01
 94  0.00494 -2.49383e-01 | 95  0.00551 -2.56843e-01 | 96  0.00558 -2.61928e-01
 97  0.00693 -2.72746e-01 | 98  0.00898 -2.85387e-01 | 99  0.01216 -3.01037e-01
100  0.01143 -3.07941e-01 |101  0.00948 -3.17018e-01 |102  0.00765 -3.31317e-01
103  0.00072 -3.56305e-01 |104  0.00390 -3.70900e-01 |105  0.02781 -5.67241e-01
106  0.03026 -6.41390e-01 |107  0.00393 -5.16185e-01 |108  0.01722 -3.51340e-01
109  0.07022 -3.11233e-01 |110  0.02756 -4.59898e-01 |111 -0.01088 -4.51168e-01
112  0.00752 -6.22175e-01 |113  0.02423 -6.46057e-01 |114  0.03606 -3.00274e-01
115 -0.00915  1.53945e-01 |116 -0.05817 -2.02794e-01 |117 -0.08129  7.20352e-02
118 -0.07476  4.01841e-01 |119 -0.03453  3.83259e-01 |120  0.06926  6.64630e-01
121  0.02302  4.51852e-01 |122  0.01301  2.88492e-01 |123 -0.02922 -1.48569e-01
124 -0.06824 -1.31759e-01 |125 -0.00839 -1.99797e-01 |126  0.00370 -6.57708e-02
127 -0.02812  1.80679e-01 |128  0.02726  7.28275e-01 |129  0.07416  1.45489e+00
130  0.00933  5.88191e-01 |131  0.08284  7.95662e-01 |132  0.00531  1.06231e-01
133  0.13225 -1.64854e-01 |134 -0.00634 -1.35951e-01 |135 -0.04689 -4.23648e-02
136 -0.05744 -3.95367e-02 |137 -0.02215 -9.65553e-03 |138  0.09434  2.45574e-02
139  0.03117 -4.16486e-02 |140  0.01668  7.05367e-03 |141 -0.02831 -2.04588e-02
142 -0.01791 -3.45591e-03 |143 -0.00598 -2.06694e-02 |144 -0.00041 -2.93897e-04
145  0.27992 -7.06429e-01 |146  0.18958 -3.85182e+00 |

Initial statistics: 174 variables; iteration 0; function evaluation 0; phase 3
Function value 7.2814510e+03; maximum gradient component mag 9.9678e+00
Var    Value     Gradient |Var    Value     Gradient |Var    Value     Gradient
  1 -0.42237 -1.17519e+00 |  2  0.37070  4.16354e+00 |  3 -0.12604  8.48340e+00
  4 -0.01251  5.71737e+00 |  5 -0.70527 -6.82980e-01 |  6 -0.60503 -8.80883e+00
  7  0.37731  5.20999e+00 |  8 -0.18506  9.96780e+00 |  9  0.03248  6.85435e+00
 10 -0.61054  9.68402e-02 | 11 -0.62286  1.36928e+00 | 12 -0.09493 -8.22920e+00
 13 -0.01000 -1.80993e-02 | 14 -0.01022 -1.85871e-02 | 15 -0.01044 -1.90827e-02
 16 -0.01065 -1.95866e-02 | 17 -0.01086 -2.00992e-02 | 18 -0.01106 -2.06167e-02
 19 -0.01125 -2.11390e-02 | 20 -0.01144 -2.16649e-02 | 21 -0.01161 -2.21910e-02
 22 -0.01178 -2.27167e-02 | 23 -0.01193 -2.32407e-02 | 24 -0.01207 -2.37577e-02
 25 -0.01219 -2.42661e-02 | 26 -0.01230 -2.47608e-02 | 27 -0.01238 -2.52365e-02
 28 -0.01245 -2.56856e-02 | 29 -0.01250 -2.61023e-02 | 30 -0.01252 -2.64787e-02
 31 -0.01252 -2.68089e-02 | 32 -0.01249 -2.70855e-02 | 33 -0.01244 -2.72984e-02
 34 -0.01235 -2.74371e-02 | 35 -0.01224 -2.74894e-02 | 36 -0.01209 -2.74388e-02
 37 -0.01191 -2.72696e-02 | 38 -0.01169 -2.69638e-02 | 39 -0.01143 -2.65036e-02
 40 -0.01113 -2.58658e-02 | 41 -0.01080 -2.50386e-02 | 42 -0.01042 -2.40003e-02
 43 -0.01002 -2.27274e-02 | 44 -0.00958 -2.11986e-02 | 45 -0.00911 -1.93911e-02
 46 -0.00863 -1.72817e-02 | 47 -0.00814 -1.48543e-02 | 48 -0.00766 -1.20924e-02
 49 -0.00718 -8.98798e-03 | 50 -0.00673 -5.53813e-03 | 51 -0.00632 -1.74885e-03
 52 -0.00594  2.35901e-03 | 53 -0.00562  6.75632e-03 | 54 -0.00534  1.14096e-02
 55 -0.00509  1.62795e-02 | 56 -0.00487  2.13246e-02 | 57 -0.00465  2.64988e-02
 58 -0.00441  3.17226e-02 | 59 -0.00412  3.68937e-02 | 60 -0.00375  4.18929e-02
 61 -0.00328  4.65805e-02 | 62 -0.00266  5.07732e-02 | 63 -0.00187  5.42950e-02
 64 -0.00087  5.69467e-02 | 65  0.00037  5.85131e-02 | 66  0.00188  5.88446e-02
 67  0.00367  5.77608e-02 | 68  0.00578  5.51429e-02 | 69  0.00821  5.09452e-02
 70  0.01094  4.51889e-02 | 71  0.01396  3.79841e-02 | 72  0.01720  2.94734e-02
 73  0.02056  1.97703e-02 | 74  0.02390  8.89243e-03 | 75  0.02703 -3.28203e-03
 76  0.02973 -1.69101e-02 | 77  0.03180 -3.20206e-02 | 78  0.03312 -4.84625e-02
 79  0.03367 -6.58883e-02 | 80  0.03353 -8.39449e-02 | 81  0.03280 -1.02230e-01
 82  0.03153 -1.20377e-01 | 83  0.02968 -1.37977e-01 | 84  0.02716 -1.54676e-01
 85  0.02392 -1.70225e-01 | 86  0.02013 -1.84414e-01 | 87  0.01618 -1.97027e-01
 88  0.01258 -2.07954e-01 | 89  0.00977 -2.17411e-01 | 90  0.00788 -2.25677e-01
 91  0.00669 -2.32962e-01 | 92  0.00579 -2.39017e-01 | 93  0.00506 -2.43816e-01
 94  0.00494 -2.49383e-01 | 95  0.00551 -2.56843e-01 | 96  0.00558 -2.61928e-01
 97  0.00693 -2.72746e-01 | 98  0.00898 -2.85387e-01 | 99  0.01216 -3.01037e-01
100  0.01143 -3.07941e-01 |101  0.00948 -3.17018e-01 |102  0.00765 -3.31317e-01
103  0.00072 -3.56305e-01 |104  0.00390 -3.70900e-01 |105  0.02781 -5.67241e-01
106  0.03026 -6.41390e-01 |107  0.00393 -5.16185e-01 |108  0.01722 -3.51340e-01
109  0.07022 -3.11233e-01 |110  0.02756 -4.59898e-01 |111 -0.01088 -4.51168e-01
112  0.00752 -6.22175e-01 |113  0.02423 -6.46057e-01 |114  0.03606 -3.00274e-01
115 -0.00915  1.53945e-01 |116 -0.05817 -2.02794e-01 |117 -0.08129  7.20352e-02
118 -0.07476  4.01841e-01 |119 -0.03453  3.83259e-01 |120  0.06926  6.64630e-01
121  0.02302  4.51852e-01 |122  0.01301  2.88492e-01 |123 -0.02922 -1.48569e-01
124 -0.06824 -1.31759e-01 |125 -0.00839 -1.99797e-01 |126  0.00370 -6.57708e-02
127 -0.02812  1.80679e-01 |128  0.02726  7.28275e-01 |129  0.07416  1.45489e+00
130  0.00933  5.88191e-01 |131  0.08284  7.95662e-01 |132  0.00531  1.06231e-01
133  0.13225 -1.64854e-01 |134 -0.00634 -1.35951e-01 |135 -0.04689 -4.23648e-02
136 -0.05744 -3.95367e-02 |137 -0.02215 -9.65553e-03 |138  0.09434  2.45574e-02
139  0.03117 -4.16486e-02 |140  0.01668  7.05367e-03 |141 -0.02831 -2.04588e-02
142 -0.01791 -3.45591e-03 |143 -0.00598 -2.06694e-02 |144 -0.00041 -2.93897e-04
145  0.27992 -7.06429e-01 |146  0.18958 -3.85182e+00 |147  0.04662 -1.97837e+00
148  0.29671  2.97005e+00 |149 -0.47543 -1.42137e-01 |150  0.31377  5.06199e-02
151  0.18255 -1.96069e+00 |152  0.25986  3.58038e+00 |153  0.17459 -2.74487e-01
154  0.25418  4.14785e-01 |155  0.10351 -7.04177e-01 |156  0.29677  1.59614e+00
157  0.16893 -2.32175e-01 |158  0.24623  3.85024e-01 |159 -0.35197 -8.88135e-01
160  0.24281  7.30878e-01 |161 -0.38040 -9.45697e-02 |162  0.23607  3.10734e-01
163  0.05118 -4.75901e-01 |164  0.11969  3.17588e-01 |165  0.32140 -2.13665e-01
166  0.27252 -2.66276e-01 |167  0.01343 -1.08782e-02 |168  0.39319  7.48573e-02
169  0.09932 -1.32210e+00 |170  0.16368 -2.05774e+00 |171  0.21870  3.25332e-01
172  0.25726  2.95675e+00 |173 -0.55411 -1.14294e+00 |174  0.17113  2.38785e-01

Intermediate statistics: 174 variables; iteration 20; function evaluation 24; phase 3
Function value 7.2814430e+03; maximum gradient component mag 4.2042e+00
Var    Value     Gradient |Var    Value     Gradient |Var    Value     Gradient
  1 -0.42217  1.83899e+00 |  2  0.37084  3.63478e+00 |  3 -0.12610  4.20419e+00
  4 -0.01273  3.54940e+00 |  5 -0.70516  2.20880e-01 |  6 -0.60468  2.37259e+00
  7  0.37771  3.09157e+00 |  8 -0.18514 -2.50709e+00 |  9  0.03186  1.06135e+00
 10 -0.60991 -1.63049e-01 | 11 -0.62287 -7.00924e-01 | 12 -0.09425  1.46027e+00
 13 -0.00998  9.41928e-05 | 14 -0.01020  1.08677e-04 | 15 -0.01041  1.24057e-04
 16 -0.01062  1.40215e-04 | 17 -0.01083  1.56866e-04 | 18 -0.01103  1.74438e-04
 19 -0.01122  1.92796e-04 | 20 -0.01141  2.11769e-04 | 21 -0.01158  2.31389e-04
 22 -0.01175  2.51313e-04 | 23 -0.01190  2.71205e-04 | 24 -0.01204  2.91186e-04
 25 -0.01216  3.11092e-04 | 26 -0.01227  3.31262e-04 | 27 -0.01235  3.52142e-04
 28 -0.01242  3.74083e-04 | 29 -0.01247  3.96623e-04 | 30 -0.01249  4.19201e-04
 31 -0.01249  4.40996e-04 | 32 -0.01246  4.61826e-04 | 33 -0.01241  4.82020e-04
 34 -0.01233  5.02285e-04 | 35 -0.01221  5.23602e-04 | 36 -0.01207  5.47376e-04
 37 -0.01189  5.74513e-04 | 38 -0.01167  6.05544e-04 | 39 -0.01141  6.40569e-04
 40 -0.01112  6.80618e-04 | 41 -0.01078  7.24146e-04 | 42 -0.01041  7.72662e-04
 43 -0.01001  8.28331e-04 | 44 -0.00958  8.93475e-04 | 45 -0.00912  9.70865e-04
 46 -0.00865  1.06356e-03 | 47 -0.00817  1.17390e-03 | 48 -0.00769  1.30510e-03
 49 -0.00722  1.46031e-03 | 50 -0.00678  1.64309e-03 | 51 -0.00638  1.85637e-03
 52 -0.00602  2.10082e-03 | 53 -0.00570  2.37531e-03 | 54 -0.00544  2.67916e-03
 55 -0.00521  3.01422e-03 | 56 -0.00500  3.38597e-03 | 57 -0.00479  3.80206e-03
 58 -0.00457  4.26827e-03 | 59 -0.00430  4.78885e-03 | 60 -0.00394  5.36895e-03
 61 -0.00348  6.01289e-03 | 62 -0.00288  6.72169e-03 | 63 -0.00210  7.49851e-03
 64 -0.00111  8.34389e-03 | 65  0.00012  9.25558e-03 | 66  0.00162  1.02398e-02
 67  0.00341  1.12966e-02 | 68  0.00552  1.24308e-02 | 69  0.00795  1.36565e-02
 70  0.01069  1.49956e-02 | 71  0.01372  1.64878e-02 | 72  0.01697  1.81785e-02
 73  0.02034  2.01112e-02 | 74  0.02369  2.23042e-02 | 75  0.02684  2.47167e-02
 76  0.02955  2.72528e-02 | 77  0.03165  2.98171e-02 | 78  0.03299  3.23436e-02
 79  0.03357  3.48228e-02 | 80  0.03346  3.72806e-02 | 81  0.03275  3.97419e-02
 82  0.03151  4.21932e-02 | 83  0.02969  4.45685e-02 | 84  0.02718  4.67460e-02
 85  0.02396  4.86207e-02 | 86  0.02018  5.02083e-02 | 87  0.01624  5.17082e-02
 88  0.01265  5.33759e-02 | 89  0.00983  5.54235e-02 | 90  0.00791  5.78756e-02
 91  0.00669  6.06327e-02 | 92  0.00576  6.34781e-02 | 93  0.00498  6.63754e-02
 94  0.00481  6.94719e-02 | 95  0.00534  7.23151e-02 | 96  0.00537  7.39908e-02
 97  0.00670  7.59282e-02 | 98  0.00873  7.76511e-02 | 99  0.01188  8.11140e-02
100  0.01114  8.25753e-02 |101  0.00921  8.30869e-02 |102  0.00743  8.44967e-02
103  0.00062  7.98570e-02 |104  0.00383  9.20618e-02 |105  0.02811  1.06371e-01
106  0.03070  9.22615e-02 |107  0.00445  4.94201e-02 |108  0.01726  5.23797e-02
109  0.06936  9.61677e-02 |110  0.02781 -3.66093e-02 |111 -0.01056  6.45510e-03
112  0.00800  1.94321e-02 |113  0.02482  3.93063e-03 |114  0.03600 -1.14631e-02
115 -0.00973 -1.47290e-02 |116 -0.05747  2.07951e-02 |117 -0.08110  3.67833e-02
118 -0.07515  4.71276e-02 |119 -0.03455  7.89898e-02 |120  0.06951  5.24489e-02
121  0.02302 -1.04840e-01 |122  0.01295 -1.36880e-01 |123 -0.02875 -1.34642e-01
124 -0.06787 -6.75358e-02 |125 -0.00781 -1.58456e-01 |126  0.00425 -1.74320e-01
127 -0.02788 -8.94620e-02 |128  0.02720 -4.68631e-02 |129  0.07361 -7.27195e-02
130  0.00926  1.79242e-03 |131  0.08290 -8.42445e-02 |132  0.00563 -7.06974e-02
133  0.13286 -1.68239e-01 |134 -0.00603 -1.05190e-02 |135 -0.04675  2.97517e-03
136 -0.05731  6.61377e-03 |137 -0.02204 -8.47940e-03 |138  0.09451 -2.13930e-02
139  0.03130 -1.21738e-03 |140  0.01671  9.15845e-03 |141 -0.02825  8.01473e-03
142 -0.01787  5.50656e-03 |143 -0.00598  1.12802e-02 |144 -0.00040  1.55493e-05
145  0.27929  5.25340e-01 |146  0.18931  4.57099e-01 |147  0.04689  2.00324e+00
148  0.29651 -3.54071e+00 |149 -0.47527 -2.40009e-02 |150  0.31368  1.22115e-02
151  0.18294  1.38976e+00 |152  0.25973 -2.91864e+00 |153  0.17468 -6.87675e-01
154  0.25425  9.44406e-01 |155  0.10383 -3.92904e-01 |156  0.29679  8.95501e-01
157  0.16908 -6.97104e-01 |158  0.24632  1.12176e+00 |159 -0.35090 -5.57071e-02
160  0.24308  2.34684e-01 |161 -0.38045 -1.56114e-02 |162  0.23599  7.89982e-02
163  0.05152  3.82645e-02 |164  0.11975  1.08213e-01 |165  0.32160 -2.10425e-01
166  0.27252 -1.26321e-01 |167  0.01347 -4.62555e-02 |168  0.39297 -6.43280e-03
169  0.09940 -1.01954e+00 |170  0.16380  1.05493e+00 |171  0.21874  5.06458e-01
172  0.25719 -1.63920e+00 |173 -0.55279 -1.17764e-01 |174  0.17128 -2.19033e-02
174 variables; iteration 40; function evaluation 46; phase 3
Function value 7.2814419e+03; maximum gradient component mag 2.9360e+00
Var    Value     Gradient |Var    Value     Gradient |Var    Value     Gradient
  1 -0.42219  1.30709e+00 |  2  0.37083  2.54618e+00 |  3 -0.12611  2.93602e+00
  4 -0.01273  2.51682e+00 |  5 -0.70505  1.77948e-01 |  6 -0.60471  1.67246e+00
  7  0.37767  2.16902e+00 |  8 -0.18511 -1.79128e+00 |  9  0.03188  8.04868e-01
 10 -0.60996 -1.73606e-01 | 11 -0.62287 -4.81024e-01 | 12 -0.09384  1.02613e+00
 13 -0.00999 -1.22812e-03 | 14 -0.01021 -1.23048e-03 | 15 -0.01042 -1.23085e-03
 16 -0.01063 -1.22957e-03 | 17 -0.01084 -1.22678e-03 | 18 -0.01104 -1.22141e-03
 19 -0.01123 -1.21376e-03 | 20 -0.01142 -1.20386e-03 | 21 -0.01159 -1.19102e-03
 22 -0.01176 -1.17559e-03 | 23 -0.01191 -1.15785e-03 | 24 -0.01205 -1.13659e-03
 25 -0.01217 -1.11186e-03 | 26 -0.01228 -1.08246e-03 | 27 -0.01236 -1.04698e-03
 28 -0.01243 -1.00366e-03 | 29 -0.01248 -9.52171e-04 | 30 -0.01250 -8.91780e-04
 31 -0.01250 -8.22433e-04 | 32 -0.01247 -7.43032e-04 | 33 -0.01242 -6.51271e-04
 34 -0.01234 -5.44260e-04 | 35 -0.01222 -4.18567e-04 | 36 -0.01208 -2.69142e-04
 37 -0.01190 -9.19690e-05 | 38 -0.01168  1.17120e-04 | 39 -0.01142  3.61490e-04
 40 -0.01113  6.45364e-04 | 41 -0.01079  9.70474e-04 | 42 -0.01042  1.34133e-03
 43 -0.01002  1.76400e-03 | 44 -0.00959  2.24393e-03 | 45 -0.00913  2.78648e-03
 46 -0.00865  3.39671e-03 | 47 -0.00817  4.07712e-03 | 48 -0.00769  4.83076e-03
 49 -0.00722  5.65925e-03 | 50 -0.00678  6.56423e-03 | 51 -0.00637  7.54494e-03
 52 -0.00601  8.59436e-03 | 53 -0.00569  9.70148e-03 | 54 -0.00543  1.08535e-02
 55 -0.00519  1.20389e-02 | 56 -0.00498  1.32512e-02 | 57 -0.00478  1.44860e-02
 58 -0.00455  1.57300e-02 | 59 -0.00427  1.69646e-02 | 60 -0.00392  1.81681e-02
 61 -0.00346  1.93148e-02 | 62 -0.00285  2.03676e-02 | 63 -0.00207  2.12960e-02
 64 -0.00108  2.20680e-02 | 65  0.00014  2.26529e-02 | 66  0.00164  2.30535e-02
 67  0.00344  2.32691e-02 | 68  0.00554  2.33254e-02 | 69  0.00797  2.32743e-02
 70  0.01070  2.31772e-02 | 71  0.01372  2.31023e-02 | 72  0.01697  2.31000e-02
 73  0.02034  2.32055e-02 | 74  0.02368  2.34399e-02 | 75  0.02682  2.37947e-02
 76  0.02953  2.42197e-02 | 77  0.03162  2.46505e-02 | 78  0.03296  2.50464e-02
 79  0.03353  2.54443e-02 | 80  0.03341  2.59310e-02 | 81  0.03270  2.65974e-02
 82  0.03145  2.74868e-02 | 83  0.02963  2.85917e-02 | 84  0.02712  2.98599e-02
 85  0.02390  3.12752e-02 | 86  0.02012  3.29347e-02 | 87  0.01618  3.50526e-02
 88  0.01259  3.78510e-02 | 89  0.00978  4.14927e-02 | 90  0.00786  4.59323e-02
 91  0.00664  5.09305e-02 | 92  0.00571  5.60897e-02 | 93  0.00492  6.11326e-02
 94  0.00475  6.58620e-02 | 95  0.00526  6.98482e-02 | 96  0.00530  7.25619e-02
 97  0.00663  7.51753e-02 | 98  0.00869  7.84527e-02 | 99  0.01184  8.20939e-02
100  0.01110  8.45839e-02 |101  0.00919  8.72673e-02 |102  0.00739  9.00175e-02
103  0.00064  9.07344e-02 |104  0.00398  1.12983e-01 |105  0.02805  1.03253e-01
106  0.03067  8.28168e-02 |107  0.00466  5.52774e-02 |108  0.01736  9.62050e-02
109  0.06940  1.33372e-01 |110  0.02806 -9.00510e-03 |111 -0.01064 -3.73296e-02
112  0.00808 -6.39873e-03 |113  0.02489 -7.04819e-02 |114  0.03602 -1.49193e-01
115 -0.00966 -1.18708e-01 |116 -0.05755 -1.06862e-01 |117 -0.08101 -8.46582e-03
118 -0.07512 -1.24836e-02 |119 -0.03456  3.49204e-02 |120  0.06972  1.36996e-01
121  0.02308 -6.63326e-02 |122  0.01301 -1.35995e-01 |123 -0.02870 -1.27735e-01
124 -0.06775 -2.58041e-02 |125 -0.00766 -7.43996e-02 |126  0.00442 -9.20406e-02
127 -0.02776 -5.72392e-02 |128  0.02717 -1.09055e-01 |129  0.07358 -1.62519e-01
130  0.00916 -6.78937e-02 |131  0.08300 -2.70062e-02 |132  0.00566 -3.86827e-02
133  0.13295 -8.40988e-02 |134 -0.00602 -1.55233e-02 |135 -0.04677 -1.20720e-02
136 -0.05735 -1.75330e-02 |137 -0.02207 -2.22085e-02 |138  0.09453 -1.99969e-02
139  0.03129 -7.58961e-03 |140  0.01668 -1.23621e-02 |141 -0.02827  1.49132e-03
142 -0.01789 -2.88522e-03 |143 -0.00599  5.87911e-03 |144 -0.00040 -1.77805e-04
145  0.27863  2.60199e-01 |146  0.18816  3.10071e-01 |147  0.04688  1.48244e+00
148  0.29657 -2.35613e+00 |149 -0.47531 -3.98563e-02 |150  0.31384  3.37885e-02
151  0.18294  1.06337e+00 |152  0.25979 -2.07699e+00 |153  0.17469 -5.37383e-01
154  0.25424  7.57340e-01 |155  0.10376 -3.33107e-01 |156  0.29677  7.37173e-01
157  0.16905 -3.23796e-01 |158  0.24626  4.68257e-01 |159 -0.35106 -1.64889e-01
160  0.24302  2.44333e-01 |161 -0.38035  1.04159e-02 |162  0.23603  3.24350e-02
163  0.05150 -3.49485e-02 |164  0.11971  7.14442e-02 |165  0.32163 -1.12154e-01
166  0.27249 -2.17924e-01 |167  0.01349 -7.81019e-03 |168  0.39300  1.83136e-02
169  0.09940 -6.95309e-01 |170  0.16378  7.45536e-01 |171  0.21875  4.05911e-01
172  0.25720 -1.14316e+00 |173 -0.54964  5.98311e-02 |174  0.17276  5.52566e-02

 - final statistics:
174 variables; iteration 43; function evaluation 49
Function value 7.2814e+03; maximum gradient component mag 7.5596e-01
Exit code = 1;  converg criter 1.0000e+00
Var    Value     Gradient |Var    Value     Gradient |Var    Value     Gradient
  1 -0.42223  3.57743e-01 |  2  0.37082  6.47488e-01 |  3 -0.12612  7.55962e-01
  4 -0.01273  6.79355e-01 |  5 -0.70517 -3.75834e-03 |  6 -0.60474  4.33317e-01
  7  0.37766  5.70075e-01 |  8 -0.18504 -4.52001e-01 |  9  0.03179  1.98979e-01
 10 -0.60981 -7.28422e-03 | 11 -0.62287 -1.24669e-01 | 12 -0.09336  2.74537e-01
 13 -0.00999 -1.39567e-04 | 14 -0.01021 -1.56743e-04 | 15 -0.01042 -1.78706e-04
 16 -0.01064 -2.06950e-04 | 17 -0.01084 -2.42258e-04 | 18 -0.01104 -2.84316e-04
 19 -0.01124 -3.34763e-04 | 20 -0.01142 -3.94694e-04 | 21 -0.01160 -4.64190e-04
 22 -0.01176 -5.44966e-04 | 23 -0.01192 -6.38681e-04 | 24 -0.01205 -7.45015e-04
 25 -0.01218 -8.65935e-04 | 26 -0.01228 -1.00208e-03 | 27 -0.01237 -1.15433e-03
 28 -0.01244 -1.32302e-03 | 29 -0.01249 -1.50994e-03 | 30 -0.01251 -1.71606e-03
 31 -0.01251 -1.94350e-03 | 32 -0.01248 -2.19395e-03 | 33 -0.01243 -2.46805e-03
 34 -0.01235 -2.76638e-03 | 35 -0.01224 -3.08921e-03 | 36 -0.01209 -3.43445e-03
 37 -0.01192 -3.80103e-03 | 38 -0.01170 -4.18652e-03 | 39 -0.01144 -4.58877e-03
 40 -0.01115 -5.00434e-03 | 41 -0.01082 -5.43107e-03 | 42 -0.01045 -5.86461e-03
 43 -0.01005 -6.29744e-03 | 44 -0.00962 -6.72160e-03 | 45 -0.00916 -7.12728e-03
 46 -0.00869 -7.50234e-03 | 47 -0.00821 -7.83640e-03 | 48 -0.00773 -8.11535e-03
 49 -0.00727 -8.32431e-03 | 50 -0.00683 -8.44340e-03 | 51 -0.00643 -8.44954e-03
 52 -0.00606 -8.32320e-03 | 53 -0.00575 -8.04932e-03 | 54 -0.00548 -7.61814e-03
 55 -0.00525 -7.02325e-03 | 56 -0.00505 -6.25237e-03 | 57 -0.00484 -5.28424e-03
 58 -0.00461 -4.10435e-03 | 59 -0.00433 -2.70549e-03 | 60 -0.00398 -1.07920e-03
 61 -0.00352  7.73523e-04 | 62 -0.00291  2.83000e-03 | 63 -0.00213  5.06945e-03
 64 -0.00114  7.44830e-03 | 65  0.00009  9.91308e-03 | 66  0.00160  1.24137e-02
 67  0.00339  1.49033e-02 | 68  0.00550  1.73696e-02 | 69  0.00793  1.98523e-02
 70  0.01067  2.24538e-02 | 71  0.01370  2.53227e-02 | 72  0.01694  2.85614e-02
 73  0.02032  3.21310e-02 | 74  0.02367  3.58338e-02 | 75  0.02681  3.94483e-02
 76  0.02952  4.29136e-02 | 77  0.03161  4.63096e-02 | 78  0.03295  4.96542e-02
 79  0.03352  5.27411e-02 | 80  0.03341  5.53406e-02 | 81  0.03270  5.72408e-02
 82  0.03145  5.83912e-02 | 83  0.02962  5.88172e-02 | 84  0.02711  5.86205e-02
 85  0.02388  5.78316e-02 | 86  0.02010  5.62736e-02 | 87  0.01616  5.38315e-02
 88  0.01255  5.07631e-02 | 89  0.00973  4.75261e-02 | 90  0.00780  4.43226e-02
 91  0.00657  4.10177e-02 | 92  0.00563  3.72465e-02 | 93  0.00484  3.26150e-02
 94  0.00466  2.64849e-02 | 95  0.00518  1.85736e-02 | 96  0.00521  9.77118e-03
 97  0.00654 -2.18089e-03 | 98  0.00860 -1.40885e-02 | 99  0.01174 -2.57199e-02
100  0.01103 -3.12627e-02 |101  0.00912 -3.86762e-02 |102  0.00733 -4.63871e-02
103  0.00056 -5.28917e-02 |104  0.00397 -2.51620e-02 |105  0.02801 -7.68945e-02
106  0.03063 -9.45303e-02 |107  0.00452 -1.00316e-01 |108  0.01739 -8.96004e-03
109  0.06945  4.27946e-02 |110  0.02812  1.98908e-03 |111 -0.01038  5.44479e-02
112  0.00820  7.71505e-02 |113  0.02497  5.01911e-02 |114  0.03623  5.56614e-02
115 -0.00950  2.68548e-02 |116 -0.05740 -4.22195e-02 |117 -0.08113 -8.76020e-02
118 -0.07494  2.10902e-02 |119 -0.03432  3.65326e-02 |120  0.06963 -8.48174e-02
121  0.02325 -8.31328e-02 |122  0.01315 -9.64682e-02 |123 -0.02852 -4.80051e-02
124 -0.06769 -1.90941e-02 |125 -0.00749 -1.77679e-02 |126  0.00454 -2.73138e-02
127 -0.02774 -3.50687e-02 |128  0.02727 -3.40432e-02 |129  0.07380 -1.37808e-02
130  0.00928 -2.23788e-03 |131  0.08304 -1.38715e-02 |132  0.00575  3.40362e-06
133  0.13314  6.10532e-02 |134 -0.00597 -5.26470e-03 |135 -0.04667  5.35581e-03
136 -0.05722  1.16739e-02 |137 -0.02198 -9.12685e-04 |138  0.09456 -2.11218e-02
139  0.03129 -2.38321e-02 |140  0.01677  1.15752e-02 |141 -0.02832 -2.33351e-02
142 -0.01792 -1.09115e-02 |143 -0.00602 -9.79366e-03 |144 -0.00040 -2.58735e-04
145  0.27782 -1.24157e-02 |146  0.18763  7.16009e-02 |147  0.04681  3.63318e-01
148  0.29662 -6.16607e-01 |149 -0.47521  1.80761e-02 |150  0.31363 -6.75989e-03
151  0.18288  3.10608e-01 |152  0.25985 -5.17576e-01 |153  0.17457 -3.00075e-01
154  0.25410  9.24470e-02 |155  0.10378 -7.80033e-02 |156  0.29675  2.00859e-01
157  0.16910 -5.75976e-02 |158  0.24627  1.42010e-01 |159 -0.35073  1.16936e-02
160  0.24311  9.19785e-02 |161 -0.38085 -6.04167e-02 |162  0.23584 -1.68684e-02
163  0.05155  3.29622e-03 |164  0.11976  9.38330e-02 |165  0.32163 -7.72856e-02
166  0.27254 -5.04900e-03 |167  0.01345 -1.09230e-01 |168  0.39304  8.92974e-02
169  0.09941 -1.89933e-01 |170  0.16377  1.77738e-01 |171  0.21874  1.00811e-01
172  0.25722 -2.83015e-01 |173 -0.54997 -1.30348e-02 |174  0.17259  4.67222e-02

Initial statistics: 196 variables; iteration 0; function evaluation 0; phase 4
Function value 7.2814413e+03; maximum gradient component mag -2.7664e+00
Var    Value     Gradient |Var    Value     Gradient |Var    Value     Gradient
  1 -0.42223  3.57743e-01 |  2  0.37082  6.47488e-01 |  3 -0.12612  7.55962e-01
  4 -0.01273  6.79355e-01 |  5 -0.70517 -3.75834e-03 |  6 -0.60474  4.33317e-01
  7  0.37766  5.70075e-01 |  8 -0.18504 -4.52001e-01 |  9  0.03179  1.98979e-01
 10 -0.60981 -7.28422e-03 | 11 -0.62287 -1.24669e-01 | 12 -0.09336  2.74537e-01
 13 -0.00999 -1.39567e-04 | 14 -0.01021 -1.56743e-04 | 15 -0.01042 -1.78706e-04
 16 -0.01064 -2.06950e-04 | 17 -0.01084 -2.42258e-04 | 18 -0.01104 -2.84316e-04
 19 -0.01124 -3.34763e-04 | 20 -0.01142 -3.94694e-04 | 21 -0.01160 -4.64190e-04
 22 -0.01176 -5.44966e-04 | 23 -0.01192 -6.38681e-04 | 24 -0.01205 -7.45015e-04
 25 -0.01218 -8.65935e-04 | 26 -0.01228 -1.00208e-03 | 27 -0.01237 -1.15433e-03
 28 -0.01244 -1.32302e-03 | 29 -0.01249 -1.50994e-03 | 30 -0.01251 -1.71606e-03
 31 -0.01251 -1.94350e-03 | 32 -0.01248 -2.19395e-03 | 33 -0.01243 -2.46805e-03
 34 -0.01235 -2.76638e-03 | 35 -0.01224 -3.08921e-03 | 36 -0.01209 -3.43445e-03
 37 -0.01192 -3.80103e-03 | 38 -0.01170 -4.18652e-03 | 39 -0.01144 -4.58877e-03
 40 -0.01115 -5.00434e-03 | 41 -0.01082 -5.43107e-03 | 42 -0.01045 -5.86461e-03
 43 -0.01005 -6.29744e-03 | 44 -0.00962 -6.72160e-03 | 45 -0.00916 -7.12728e-03
 46 -0.00869 -7.50234e-03 | 47 -0.00821 -7.83640e-03 | 48 -0.00773 -8.11535e-03
 49 -0.00727 -8.32431e-03 | 50 -0.00683 -8.44340e-03 | 51 -0.00643 -8.44954e-03
 52 -0.00606 -8.32320e-03 | 53 -0.00575 -8.04932e-03 | 54 -0.00548 -7.61814e-03
 55 -0.00525 -7.02325e-03 | 56 -0.00505 -6.25237e-03 | 57 -0.00484 -5.28424e-03
 58 -0.00461 -4.10435e-03 | 59 -0.00433 -2.70549e-03 | 60 -0.00398 -1.07920e-03
 61 -0.00352  7.73523e-04 | 62 -0.00291  2.83000e-03 | 63 -0.00213  5.06945e-03
 64 -0.00114  7.44830e-03 | 65  0.00009  9.91308e-03 | 66  0.00160  1.24137e-02
 67  0.00339  1.49033e-02 | 68  0.00550  1.73696e-02 | 69  0.00793  1.98523e-02
 70  0.01067  2.24538e-02 | 71  0.01370  2.53227e-02 | 72  0.01694  2.85614e-02
 73  0.02032  3.21310e-02 | 74  0.02367  3.58338e-02 | 75  0.02681  3.94483e-02
 76  0.02952  4.29136e-02 | 77  0.03161  4.63096e-02 | 78  0.03295  4.96542e-02
 79  0.03352  5.27411e-02 | 80  0.03341  5.53406e-02 | 81  0.03270  5.72408e-02
 82  0.03145  5.83912e-02 | 83  0.02962  5.88172e-02 | 84  0.02711  5.86205e-02
 85  0.02388  5.78316e-02 | 86  0.02010  5.62736e-02 | 87  0.01616  5.38315e-02
 88  0.01255  5.07631e-02 | 89  0.00973  4.75261e-02 | 90  0.00780  4.43226e-02
 91  0.00657  4.10177e-02 | 92  0.00563  3.72465e-02 | 93  0.00484  3.26150e-02
 94  0.00466  2.64849e-02 | 95  0.00518  1.85736e-02 | 96  0.00521  9.77118e-03
 97  0.00654 -2.18089e-03 | 98  0.00860 -1.40885e-02 | 99  0.01174 -2.57199e-02
100  0.01103 -3.12627e-02 |101  0.00912 -3.86762e-02 |102  0.00733 -4.63871e-02
103  0.00056 -5.28917e-02 |104  0.00397 -2.51620e-02 |105  0.02801 -7.68945e-02
106  0.03063 -9.45303e-02 |107  0.00452 -1.00316e-01 |108  0.01739 -8.96004e-03
109  0.06945  4.27946e-02 |110  0.02812  1.98908e-03 |111 -0.01038  5.44479e-02
112  0.00820  7.71505e-02 |113  0.02497  5.01911e-02 |114  0.03623  5.56614e-02
115 -0.00950  2.68548e-02 |116 -0.05740 -4.22195e-02 |117 -0.08113 -8.76020e-02
118 -0.07494  2.10902e-02 |119 -0.03432  3.65326e-02 |120  0.06963 -8.48174e-02
121  0.02325 -8.31328e-02 |122  0.01315 -9.64682e-02 |123 -0.02852 -4.80051e-02
124 -0.06769 -1.90941e-02 |125 -0.00749 -1.77679e-02 |126  0.00454 -2.73138e-02
127 -0.02774 -3.50687e-02 |128  0.02727 -3.40432e-02 |129  0.07380 -1.37808e-02
130  0.00928 -2.23788e-03 |131  0.08304 -1.38715e-02 |132  0.00575  3.40362e-06
133  0.13314  6.10532e-02 |134 -0.00597 -5.26470e-03 |135 -0.04667  5.35581e-03
136 -0.05722  1.16739e-02 |137 -0.02198 -9.12685e-04 |138  0.09456 -2.11218e-02
139  0.03129 -2.38321e-02 |140  0.01677  1.15752e-02 |141 -0.02832 -2.33351e-02
142 -0.01792 -1.09115e-02 |143 -0.00602 -9.79366e-03 |144 -0.00040 -2.58735e-04
145  0.27782 -1.24157e-02 |146  0.18763  7.16009e-02 |147  0.04681  3.63318e-01
148  0.29662 -6.16607e-01 |149  0.01638  1.49299e-01 |150 -0.11477 -6.52950e-02
151 -0.47521  1.80761e-02 |152  0.31363 -6.75989e-03 |153  0.04878  5.27209e-02
154 -0.23502 -7.78679e-02 |155  0.18288  3.10608e-01 |156  0.25985 -5.17576e-01
157  0.17457 -3.00075e-01 |158  0.25410  9.24470e-02 |159  0.00587 -1.81548e-01
160 -0.09827 -1.32959e-01 |161  0.10378 -7.80033e-02 |162  0.29675  2.00859e-01
163  0.16910 -5.75976e-02 |164  0.24627  1.42010e-01 |165 -0.35073  1.16936e-02
166  0.24311  9.19785e-02 |167  0.05275  1.55442e+00 |168 -0.18762 -1.30643e-01
169 -0.38085 -6.04167e-02 |170  0.23584 -1.68684e-02 |171  0.07820 -8.55925e-02
172 -0.12196 -2.76642e+00 |173  0.05155  3.29622e-03 |174  0.11976  9.38330e-02
175  0.32163 -7.72856e-02 |176  0.27254 -5.04900e-03 |177  0.00546 -9.97864e-02
178  0.00907 -2.30674e-01 |179 -0.15012 -2.87943e-01 |180 -0.12571 -6.81955e-01
181  0.01345 -1.09230e-01 |182  0.39304  8.92974e-02 |183  0.01863 -1.07815e-01
184 -0.15435 -5.40509e-02 |185  0.09941 -1.89933e-01 |186  0.16377  1.77738e-01
187  0.21874  1.00811e-01 |188  0.25722 -2.83015e-01 |189  0.02453 -1.08137e+00
190 -0.00648  4.11827e-02 |191 -0.17628 -8.75102e-01 |192 -0.11429 -3.18533e-01
193 -0.54997 -1.30348e-02 |194  0.17259  4.67222e-02 |195  0.09511  5.18075e-01
196 -0.25343  3.81483e-01 |

Intermediate statistics: 196 variables; iteration 20; function evaluation 24; phase 4
Function value 7.2814399e+03; maximum gradient component mag -1.0019e+00
Var    Value     Gradient |Var    Value     Gradient |Var    Value     Gradient
  1 -0.42220  7.19849e-01 |  2  0.37086  4.07018e-01 |  3 -0.12615  6.96562e-01
  4 -0.01280  5.36374e-01 |  5 -0.70505  5.46477e-02 |  6 -0.60473  4.85967e-01
  7  0.37773  5.58654e-01 |  8 -0.18506  2.07547e-03 |  9  0.03168  3.42123e-01
 10 -0.60975 -5.15446e-02 | 11 -0.62286 -3.71502e-01 | 12 -0.09361 -2.85431e-01
 13 -0.01000 -1.24624e-03 | 14 -0.01022 -1.28051e-03 | 15 -0.01044 -1.31537e-03
 16 -0.01065 -1.35072e-03 | 17 -0.01086 -1.38644e-03 | 18 -0.01106 -1.42259e-03
 19 -0.01125 -1.45906e-03 | 20 -0.01144 -1.49573e-03 | 21 -0.01161 -1.53256e-03
 22 -0.01178 -1.56940e-03 | 23 -0.01193 -1.60607e-03 | 24 -0.01207 -1.64255e-03
 25 -0.01219 -1.67866e-03 | 26 -0.01230 -1.71435e-03 | 27 -0.01239 -1.74958e-03
 28 -0.01245 -1.78434e-03 | 29 -0.01250 -1.81846e-03 | 30 -0.01252 -1.85183e-03
 31 -0.01252 -1.88420e-03 | 32 -0.01250 -1.91543e-03 | 33 -0.01244 -1.94547e-03
 34 -0.01236 -1.97430e-03 | 35 -0.01225 -2.00194e-03 | 36 -0.01210 -2.02860e-03
 37 -0.01192 -2.05438e-03 | 38 -0.01171 -2.07948e-03 | 39 -0.01145 -2.10412e-03
 40 -0.01116 -2.12882e-03 | 41 -0.01082 -2.15372e-03 | 42 -0.01045 -2.17960e-03
 43 -0.01005 -2.20746e-03 | 44 -0.00962 -2.23833e-03 | 45 -0.00916 -2.27341e-03
 46 -0.00869 -2.31398e-03 | 47 -0.00821 -2.36108e-03 | 48 -0.00773 -2.41583e-03
 49 -0.00726 -2.47897e-03 | 50 -0.00682 -2.55091e-03 | 51 -0.00642 -2.63157e-03
 52 -0.00606 -2.72037e-03 | 53 -0.00575 -2.81704e-03 | 54 -0.00548 -2.92217e-03
 55 -0.00525 -3.03726e-03 | 56 -0.00504 -3.16460e-03 | 57 -0.00484 -3.30672e-03
 58 -0.00461 -3.46536e-03 | 59 -0.00434 -3.64192e-03 | 60 -0.00399 -3.83736e-03
 61 -0.00353 -4.05216e-03 | 62 -0.00293 -4.28511e-03 | 63 -0.00215 -4.53506e-03
 64 -0.00117 -4.80006e-03 | 65  0.00006 -5.07682e-03 | 66  0.00156 -5.36820e-03
 67  0.00335 -5.67497e-03 | 68  0.00546 -6.00156e-03 | 69  0.00789 -6.35666e-03
 70  0.01062 -6.74698e-03 | 71  0.01365 -7.17493e-03 | 72  0.01689 -7.63397e-03
 73  0.02026 -8.11842e-03 | 74  0.02361 -8.63371e-03 | 75  0.02675 -9.19160e-03
 76  0.02946 -9.78453e-03 | 77  0.03154 -1.03791e-02 | 78  0.03288 -1.09396e-02
 79  0.03345 -1.14655e-02 | 80  0.03333 -1.19799e-02 | 81  0.03262 -1.25017e-02
 82  0.03138 -1.30207e-02 | 83  0.02955 -1.35001e-02 | 84  0.02704 -1.38879e-02
 85  0.02382 -1.41594e-02 | 86  0.02004 -1.43387e-02 | 87  0.01610 -1.44661e-02
 88  0.01250 -1.45620e-02 | 89  0.00968 -1.46437e-02 | 90  0.00775 -1.46896e-02
 91  0.00652 -1.46320e-02 | 92  0.00558 -1.43675e-02 | 93  0.00479 -1.38363e-02
 94  0.00460 -1.30576e-02 | 95  0.00512 -1.21835e-02 | 96  0.00516 -1.15589e-02
 97  0.00650 -1.14340e-02 | 98  0.00856 -1.23257e-02 | 99  0.01172 -1.44615e-02
100  0.01099 -1.84090e-02 |101  0.00909 -2.34406e-02 |102  0.00731 -2.88031e-02
103  0.00056 -3.10410e-02 |104  0.00384 -3.48478e-02 |105  0.02805 -3.99732e-02
106  0.03075 -3.79238e-02 |107  0.00477 -2.87337e-02 |108  0.01735 -3.52705e-02
109  0.06922 -3.51514e-02 |110  0.02815 -2.24229e-02 |111 -0.01051 -4.78941e-03
112  0.00809  1.56238e-03 |113  0.02500  2.48549e-02 |114  0.03615  4.32038e-02
115 -0.00958  1.67314e-02 |116 -0.05735  3.12110e-02 |117 -0.08095  4.57737e-02
118 -0.07502  1.85672e-02 |119 -0.03444  2.08274e-02 |120  0.06969  6.12930e-02
121  0.02330  1.64693e-02 |122  0.01327  2.57708e-02 |123 -0.02848  2.16114e-02
124 -0.06765  1.90973e-02 |125 -0.00746  1.67367e-02 |126  0.00462  1.69749e-02
127 -0.02762  1.99979e-02 |128  0.02740  3.19855e-02 |129  0.07391  1.95706e-02
130  0.00933  2.86121e-02 |131  0.08327  3.54316e-02 |132  0.00590  1.72043e-02
133  0.13334  4.32698e-02 |134 -0.00582  1.66215e-02 |135 -0.04659  2.02883e-03
136 -0.05716 -5.39470e-04 |137 -0.02184 -1.50754e-04 |138  0.09493  1.59188e-02
139  0.03154  1.16951e-02 |140  0.01688 -1.33339e-03 |141 -0.02817  4.02093e-03
142 -0.01784  1.31846e-03 |143 -0.00600  3.98594e-03 |144 -0.00040  2.54684e-04
145  0.27818 -2.19902e-01 |146  0.18845 -8.49947e-05 |147  0.04689 -6.38652e-02
148  0.29665  8.73637e-02 |149  0.01629 -3.34771e-02 |150 -0.11468 -2.25301e-02
151 -0.47519 -2.80711e-03 |152  0.31365 -3.44997e-03 |153  0.04874  2.35207e-02
154 -0.23470  1.74786e-02 |155  0.18301 -6.17178e-02 |156  0.25988  1.99054e-01
157  0.17482  1.25844e-02 |158  0.25420 -4.44855e-02 |159  0.00578 -4.06962e-02
160 -0.09821  5.81783e-03 |161  0.10396 -2.85159e-02 |162  0.29676  7.20205e-02
163  0.16919  8.25669e-02 |164  0.24626 -1.20349e-01 |165 -0.34947 -2.56328e-01
166  0.24346  9.71549e-02 |167  0.05219 -6.53417e-01 |168 -0.18756 -3.83338e-01
169 -0.38076 -9.62081e-02 |170  0.23602  1.78175e-01 |171  0.07821 -5.74807e-02
172 -0.12157  4.97742e-02 |173  0.05143 -7.35934e-03 |174  0.11963 -2.25297e-01
175  0.32163  9.03743e-03 |176  0.27252  3.20629e-01 |177  0.00558 -1.83900e-02
178  0.00920 -1.83661e-02 |179 -0.14995 -6.56176e-02 |180 -0.12559  1.36767e-01
181  0.01351 -1.14577e-03 |182  0.39289 -1.83787e-02 |183  0.01863 -2.17194e-03
184 -0.15430  7.39518e-03 |185  0.09939  6.68214e-01 |186  0.16383 -1.15104e-01
187  0.21871 -4.90593e-01 |188  0.25722 -4.54316e-02 |189  0.02457  4.82571e-01
190 -0.00653 -1.34380e-01 |191 -0.17621  1.59246e-01 |192 -0.11426 -1.00194e+00
193 -0.54979  4.67976e-03 |194  0.17260 -3.63918e-03 |195  0.09520  1.88394e-01
196 -0.25438  7.27753e-02 |
196 variables; iteration 40; function evaluation 45; phase 4
Function value 7.2814399e+03; maximum gradient component mag 8.6310e-01
Var    Value     Gradient |Var    Value     Gradient |Var    Value     Gradient
  1 -0.42220  7.00744e-01 |  2  0.37087  5.31730e-01 |  3 -0.12616  5.17536e-01
  4 -0.01281  4.96612e-01 |  5 -0.70510  6.76683e-02 |  6 -0.60471  8.63095e-01
  7  0.37774  4.90232e-01 |  8 -0.18507  5.32915e-02 |  9  0.03167  3.11254e-01
 10 -0.60974 -3.26631e-02 | 11 -0.62286 -2.45009e-01 | 12 -0.09409 -2.90993e-01
 13 -0.00999 -1.02087e-03 | 14 -0.01021 -1.05041e-03 | 15 -0.01043 -1.08132e-03
 16 -0.01064 -1.11382e-03 | 17 -0.01085 -1.14808e-03 | 18 -0.01105 -1.18400e-03
 19 -0.01124 -1.22183e-03 | 20 -0.01143 -1.26176e-03 | 21 -0.01160 -1.30382e-03
 22 -0.01177 -1.34833e-03 | 23 -0.01192 -1.39560e-03 | 24 -0.01206 -1.44563e-03
 25 -0.01218 -1.49877e-03 | 26 -0.01229 -1.55510e-03 | 27 -0.01237 -1.61469e-03
 28 -0.01244 -1.67750e-03 | 29 -0.01249 -1.74386e-03 | 30 -0.01251 -1.81406e-03
 31 -0.01251 -1.88870e-03 | 32 -0.01248 -1.96828e-03 | 33 -0.01243 -2.05305e-03
 34 -0.01235 -2.14317e-03 | 35 -0.01224 -2.23866e-03 | 36 -0.01209 -2.33906e-03
 37 -0.01191 -2.44407e-03 | 38 -0.01170 -2.55331e-03 | 39 -0.01144 -2.66660e-03
 40 -0.01114 -2.78351e-03 | 41 -0.01081 -2.90459e-03 | 42 -0.01044 -3.02955e-03
 43 -0.01004 -3.15767e-03 | 44 -0.00961 -3.28807e-03 | 45 -0.00915 -3.41954e-03
 46 -0.00868 -3.55050e-03 | 47 -0.00820 -3.67979e-03 | 48 -0.00772 -3.80553e-03
 49 -0.00726 -3.92557e-03 | 50 -0.00682 -4.03651e-03 | 51 -0.00641 -4.13409e-03
 52 -0.00605 -4.21461e-03 | 53 -0.00574 -4.27610e-03 | 54 -0.00547 -4.31828e-03
 55 -0.00524 -4.34187e-03 | 56 -0.00503 -4.34664e-03 | 57 -0.00483 -4.33064e-03
 58 -0.00460 -4.29282e-03 | 59 -0.00433 -4.23414e-03 | 60 -0.00398 -4.15509e-03
 61 -0.00352 -4.05846e-03 | 62 -0.00292 -3.95041e-03 | 63 -0.00214 -3.83751e-03
 64 -0.00115 -3.73121e-03 | 65  0.00008 -3.64377e-03 | 66  0.00158 -3.59328e-03
 67  0.00337 -3.59293e-03 | 68  0.00548 -3.65103e-03 | 69  0.00791 -3.76781e-03
 70  0.01065 -3.92888e-03 | 71  0.01367 -4.10886e-03 | 72  0.01692 -4.28602e-03
 73  0.02029 -4.46227e-03 | 74  0.02364 -4.66357e-03 | 75  0.02678 -4.90884e-03
 76  0.02949 -5.17438e-03 | 77  0.03158 -5.40814e-03 | 78  0.03292 -5.57423e-03
 79  0.03350 -5.68481e-03 | 80  0.03338 -5.76714e-03 | 81  0.03267 -5.84672e-03
 82  0.03143 -5.91753e-03 | 83  0.02961 -5.95037e-03 | 84  0.02710 -5.89822e-03
 85  0.02388 -5.73938e-03 | 86  0.02011 -5.51744e-03 | 87  0.01617 -5.29351e-03
 88  0.01257 -5.05895e-03 | 89  0.00975 -4.75281e-03 | 90  0.00783 -4.32448e-03
 91  0.00660 -3.76306e-03 | 92  0.00565 -3.08722e-03 | 93  0.00486 -2.33387e-03
 94  0.00468 -1.60040e-03 | 95  0.00519 -9.44320e-04 | 96  0.00522 -2.42940e-04
 97  0.00655  1.49135e-04 | 98  0.00860  7.17775e-04 | 99  0.01175  1.32158e-03
100  0.01103  2.77551e-03 |101  0.00913  3.29930e-03 |102  0.00735  3.10687e-03
103  0.00059  1.81435e-03 |104  0.00390  7.53544e-03 |105  0.02807 -3.07727e-04
106  0.03073 -6.87800e-03 |107  0.00473 -1.67771e-02 |108  0.01735 -1.23396e-02
109  0.06915 -1.76742e-02 |110  0.02807 -2.76259e-02 |111 -0.01056 -1.21547e-02
112  0.00807 -8.13284e-03 |113  0.02493 -9.04688e-03 |114  0.03602 -1.96477e-03
115 -0.00959  7.49217e-03 |116 -0.05743  9.03241e-03 |117 -0.08108  9.68485e-03
118 -0.07507  1.82996e-02 |119 -0.03447  2.42434e-02 |120  0.06954  2.75680e-02
121  0.02326  1.53979e-02 |122  0.01318  1.91364e-02 |123 -0.02859  8.94088e-03
124 -0.06774  1.05700e-02 |125 -0.00755  1.13193e-02 |126  0.00451  5.82780e-03
127 -0.02772  5.47331e-03 |128  0.02728  1.14775e-02 |129  0.07383  9.85672e-03
130  0.00924  1.23594e-02 |131  0.08316  7.46010e-03 |132  0.00583 -9.36310e-05
133  0.13325  1.08059e-02 |134 -0.00589  4.03828e-04 |135 -0.04663 -6.08215e-04
136 -0.05720 -2.93618e-03 |137 -0.02189 -7.18081e-03 |138  0.09481 -1.33663e-02
139  0.03147 -5.80255e-03 |140  0.01685 -3.47032e-03 |141 -0.02821 -3.39410e-03
142 -0.01786 -2.60395e-03 |143 -0.00601  2.66848e-03 |144 -0.00040  3.19330e-04
145  0.27891 -1.94862e-01 |146  0.18910  2.57786e-02 |147  0.04691 -1.06165e-01
148  0.29666  1.74771e-01 |149  0.01628 -3.74184e-02 |150 -0.11466  4.62106e-02
151 -0.47502 -2.91272e-03 |152  0.31374 -1.69368e-03 |153  0.04867 -1.60765e-03
154 -0.23473 -7.67777e-03 |155  0.18301 -1.32800e-01 |156  0.25987  2.55411e-01
157  0.17480 -1.31854e-01 |158  0.25421  1.86939e-01 |159  0.00583 -2.64205e-02
160 -0.09821 -9.36189e-02 |161  0.10399 -9.06084e-02 |162  0.29677  2.06421e-01
163  0.16920  5.17951e-02 |164  0.24626 -9.33210e-02 |165 -0.34912 -1.92012e-01
166  0.24357  9.39340e-02 |167  0.05212 -6.15855e-01 |168 -0.18758 -4.76435e-01
169 -0.38031 -1.15072e-01 |170  0.23617  2.14641e-01 |171  0.07807 -1.64505e-01
172 -0.12157  8.57251e-02 |173  0.05144 -4.35335e-02 |174  0.11967  4.43017e-03
175  0.32165  4.04756e-02 |176  0.27251  3.92381e-02 |177  0.00555 -4.13897e-02
178  0.00918  5.82451e-02 |179 -0.14989 -4.05146e-02 |180 -0.12557  2.76884e-01
181  0.01353 -2.53869e-03 |182  0.39292 -2.36831e-03 |183  0.01862 -3.77741e-03
184 -0.15429  2.52151e-04 |185  0.09940  7.44829e-01 |186  0.16385 -1.64850e-01
187  0.21871 -5.05121e-01 |188  0.25722 -8.31602e-02 |189  0.02457  4.38411e-01
190 -0.00656 -2.30809e-01 |191 -0.17621 -6.86047e-02 |192 -0.11424 -8.44736e-01
193 -0.54967  1.02188e-02 |194  0.17263 -1.41849e-02 |195  0.09513  1.08633e-01
196 -0.25431  7.39466e-02 |
196 variables; iteration 60; function evaluation 66; phase 4
Function value 7.2814398e+03; maximum gradient component mag 1.7672e-01
Var    Value     Gradient |Var    Value     Gradient |Var    Value     Gradient
  1 -0.42221  1.46901e-01 |  2  0.37086  1.06774e-01 |  3 -0.12617  1.00201e-01
  4 -0.01280  1.07526e-01 |  5 -0.70511  2.76851e-03 |  6 -0.60472  1.76723e-01
  7  0.37773  8.94576e-02 |  8 -0.18507  2.55323e-03 |  9  0.03167  8.63625e-02
 10 -0.60973  4.20536e-04 | 11 -0.62286 -5.06515e-02 | 12 -0.09411 -7.82927e-02
 13 -0.00999  1.48268e-03 | 14 -0.01021  1.49824e-03 | 15 -0.01043  1.51155e-03
 16 -0.01064  1.52224e-03 | 17 -0.01085  1.53023e-03 | 18 -0.01105  1.53554e-03
 19 -0.01124  1.53783e-03 | 20 -0.01143  1.53694e-03 | 21 -0.01160  1.53294e-03
 22 -0.01177  1.52557e-03 | 23 -0.01192  1.51458e-03 | 24 -0.01206  1.50015e-03
 25 -0.01218  1.48195e-03 | 26 -0.01229  1.45991e-03 | 27 -0.01237  1.43390e-03
 28 -0.01244  1.40390e-03 | 29 -0.01249  1.36962e-03 | 30 -0.01251  1.33090e-03
 31 -0.01251  1.28735e-03 | 32 -0.01249  1.23855e-03 | 33 -0.01243  1.18425e-03
 34 -0.01235  1.12411e-03 | 35 -0.01224  1.05778e-03 | 36 -0.01209  9.85287e-04
 37 -0.01191  9.06334e-04 | 38 -0.01170  8.20836e-04 | 39 -0.01144  7.28464e-04
 40 -0.01115  6.28653e-04 | 41 -0.01082  5.21287e-04 | 42 -0.01045  4.05792e-04
 43 -0.01004  2.82450e-04 | 44 -0.00961  1.51733e-04 | 45 -0.00916  1.45966e-05
 46 -0.00868 -1.27221e-04 | 47 -0.00820 -2.71998e-04 | 48 -0.00772 -4.16727e-04
 49 -0.00726 -5.57468e-04 | 50 -0.00682 -6.87990e-04 | 51 -0.00642 -8.00376e-04
 52 -0.00606 -8.87537e-04 | 53 -0.00574 -9.43992e-04 | 54 -0.00548 -9.67294e-04
 55 -0.00525 -9.57269e-04 | 56 -0.00504 -9.12073e-04 | 57 -0.00484 -8.26654e-04
 58 -0.00461 -6.97789e-04 | 59 -0.00434 -5.23656e-04 | 60 -0.00399 -3.01693e-04
 61 -0.00353 -3.18252e-05 | 62 -0.00292  2.78677e-04 | 63 -0.00214  6.21893e-04
 64 -0.00115  9.79281e-04 | 65  0.00008  1.32388e-03 | 66  0.00158  1.62006e-03
 67  0.00337  1.82659e-03 | 68  0.00548  1.90954e-03 | 69  0.00791  1.85293e-03
 70  0.01065  1.66895e-03 | 71  0.01367  1.38782e-03 | 72  0.01692  1.02657e-03
 73  0.02029  5.73852e-04 | 74  0.02363  2.47437e-05 | 75  0.02677 -5.76953e-04
 76  0.02948 -1.16337e-03 | 77  0.03157 -1.70281e-03 | 78  0.03291 -2.19687e-03
 79  0.03348 -2.64317e-03 | 80  0.03337 -3.02839e-03 | 81  0.03266 -3.32789e-03
 82  0.03142 -3.51908e-03 | 83  0.02959 -3.58032e-03 | 84  0.02709 -3.48898e-03
 85  0.02387 -3.22319e-03 | 86  0.02010 -2.80978e-03 | 87  0.01616 -2.36501e-03
 88  0.01257 -1.96264e-03 | 89  0.00975 -1.53425e-03 | 90  0.00783 -9.97279e-04
 91  0.00660 -4.11092e-04 | 92  0.00566  4.88577e-05 | 93  0.00487  2.32177e-04
 94  0.00468  2.49445e-05 | 95  0.00518 -4.65486e-04 | 96  0.00521 -6.32077e-04
 97  0.00653 -1.32429e-03 | 98  0.00859 -1.68281e-03 | 99  0.01173 -2.46986e-03
100  0.01102 -5.08862e-05 |101  0.00913 -5.44388e-04 |102  0.00735 -3.58610e-03
103  0.00056 -1.24684e-02 |104  0.00389 -3.98709e-03 |105  0.02806 -1.11603e-02
106  0.03072 -1.16998e-02 |107  0.00472 -1.60383e-02 |108  0.01736 -4.68141e-03
109  0.06913 -8.69116e-03 |110  0.02806 -1.69334e-02 |111 -0.01054 -2.82576e-03
112  0.00806 -1.18682e-02 |113  0.02492 -1.43796e-02 |114  0.03601 -6.67801e-03
115 -0.00959  1.92293e-03 |116 -0.05741  1.73881e-03 |117 -0.08113 -3.59213e-02
118 -0.07512 -4.10742e-02 |119 -0.03449 -2.92680e-02 |120  0.06955 -1.88687e-02
121  0.02326 -1.33432e-02 |122  0.01316 -1.27292e-02 |123 -0.02853  3.02869e-02
124 -0.06776 -4.83815e-03 |125 -0.00755  4.54924e-03 |126  0.00453  1.60498e-02
127 -0.02771  1.25634e-02 |128  0.02732  3.03818e-02 |129  0.07387  3.01249e-02
130  0.00926  1.24921e-02 |131  0.08315 -1.28505e-02 |132  0.00585  2.40688e-03
133  0.13326  1.44983e-03 |134 -0.00586  7.25905e-03 |135 -0.04658  1.37733e-02
136 -0.05715  1.24336e-02 |137 -0.02185  5.78944e-03 |138  0.09483 -6.54728e-03
139  0.03149 -6.23360e-03 |140  0.01692  1.48066e-02 |141 -0.02822 -1.28290e-02
142 -0.01789 -1.57928e-02 |143 -0.00602 -7.47928e-04 |144 -0.00041 -1.69386e-04
145  0.27889 -8.30256e-02 |146  0.18926  2.22091e-02 |147  0.04692 -1.31797e-02
148  0.29665  3.65687e-02 |149  0.01628 -1.24448e-02 |150 -0.11466  1.12149e-02
151 -0.47476  1.01517e-02 |152  0.31394  1.69197e-03 |153  0.04860  7.89443e-03
154 -0.23471 -1.00054e-02 |155  0.18303 -3.01225e-02 |156  0.25986  4.44481e-02
157  0.17481 -2.50540e-02 |158  0.25420  4.29390e-02 |159  0.00583  1.26839e-02
160 -0.09820 -1.53871e-02 |161  0.10403 -1.20023e-02 |162  0.29677  4.10482e-02
163  0.16923  2.01825e-02 |164  0.24627 -1.43175e-02 |165 -0.34898 -4.34033e-02
166  0.24362  3.19726e-02 |167  0.05215 -1.18202e-01 |168 -0.18755 -7.03451e-02
169 -0.38003 -2.06206e-02 |170  0.23623  4.15003e-02 |171  0.07804 -3.86135e-02
172 -0.12157  2.12237e-02 |173  0.05144  8.36186e-03 |174  0.11966 -7.41602e-03
175  0.32165  3.65449e-02 |176  0.27250  7.24682e-03 |177  0.00559  2.43661e-02
178  0.00919  1.86681e-02 |179 -0.14988 -9.14302e-03 |180 -0.12559  5.79983e-02
181  0.01353 -1.84849e-03 |182  0.39293  1.36881e-02 |183  0.01863  7.24059e-03
184 -0.15429  1.54984e-03 |185  0.09940  1.48393e-01 |186  0.16387 -2.21497e-03
187  0.21872 -1.03481e-01 |188  0.25723 -2.75319e-03 |189  0.02457  8.96156e-02
190 -0.00658 -1.02472e-01 |191 -0.17620 -1.21901e-02 |192 -0.11422 -1.65310e-01
193 -0.54965  5.40307e-03 |194  0.17264 -8.16086e-03 |195  0.09513  3.21571e-02
196 -0.25448  2.17931e-02 |
196 variables; iteration 80; function evaluation 90; phase 4
Function value 7.2814398e+03; maximum gradient component mag 5.5895e-02
Var    Value     Gradient |Var    Value     Gradient |Var    Value     Gradient
  1 -0.42221  4.73061e-02 |  2  0.37087  3.31704e-02 |  3 -0.12617  3.05698e-02
  4 -0.01280  3.57279e-02 |  5 -0.70511 -3.60961e-04 |  6 -0.60473  5.58951e-02
  7  0.37774  2.56999e-02 |  8 -0.18507 -1.29955e-03 |  9  0.03166  3.27293e-02
 10 -0.60973 -2.53420e-03 | 11 -0.62286 -1.58112e-02 | 12 -0.09412 -3.13082e-02
 13 -0.01000  1.13785e-04 | 14 -0.01022  1.02882e-04 | 15 -0.01043  9.15818e-05
 16 -0.01064  7.99851e-05 | 17 -0.01085  6.82922e-05 | 18 -0.01105  5.67731e-05
 19 -0.01125  4.56176e-05 | 20 -0.01143  3.50840e-05 | 21 -0.01161  2.55010e-05
 22 -0.01177  1.71331e-05 | 23 -0.01192  1.02628e-05 | 24 -0.01206  5.25163e-06
 25 -0.01218  2.35093e-06 | 26 -0.01229  1.84489e-06 | 27 -0.01238  3.99209e-06
 28 -0.01245  9.06737e-06 | 29 -0.01249  1.73047e-05 | 30 -0.01252  2.89632e-05
 31 -0.01252  4.42472e-05 | 32 -0.01249  6.33027e-05 | 33 -0.01244  8.62198e-05
 34 -0.01235  1.12948e-04 | 35 -0.01224  1.43270e-04 | 36 -0.01210  1.76836e-04
 37 -0.01192  2.13025e-04 | 38 -0.01170  2.51030e-04 | 39 -0.01144  2.89770e-04
 40 -0.01115  3.27756e-04 | 41 -0.01081  3.63641e-04 | 42 -0.01045  3.95452e-04
 43 -0.01004  4.21246e-04 | 44 -0.00961  4.38961e-04 | 45 -0.00915  4.46600e-04
 46 -0.00868  4.42510e-04 | 47 -0.00820  4.25295e-04 | 48 -0.00772  3.94245e-04
 49 -0.00726  3.49330e-04 | 50 -0.00682  2.91757e-04 | 51 -0.00641  2.23771e-04
 52 -0.00605  1.47591e-04 | 53 -0.00574  6.51984e-05 | 54 -0.00547 -2.27041e-05
 55 -0.00524 -1.16552e-04 | 56 -0.00504 -2.15814e-04 | 57 -0.00483 -3.17828e-04
 58 -0.00461 -4.19853e-04 | 59 -0.00433 -5.18002e-04 | 60 -0.00398 -6.05637e-04
 61 -0.00352 -6.74487e-04 | 62 -0.00292 -7.17217e-04 | 63 -0.00214 -7.24214e-04
 64 -0.00116 -6.90917e-04 | 65  0.00007 -6.18899e-04 | 66  0.00157 -5.21581e-04
 67  0.00337 -4.23058e-04 | 68  0.00547 -3.52801e-04 | 69  0.00790 -3.36810e-04
 70  0.01064 -3.84680e-04 | 71  0.01367 -4.94099e-04 | 72  0.01691 -6.75647e-04
 73  0.02028 -9.58088e-04 | 74  0.02363 -1.32841e-03 | 75  0.02677 -1.68135e-03
 76  0.02948 -1.89874e-03 | 77  0.03157 -1.94902e-03 | 78  0.03291 -1.86942e-03
 79  0.03349 -1.73505e-03 | 80  0.03337 -1.61849e-03 | 81  0.03267 -1.54661e-03
 82  0.03142 -1.47650e-03 | 83  0.02960 -1.32557e-03 | 84  0.02710 -1.00312e-03
 85  0.02388 -4.54059e-04 | 86  0.02011  2.60589e-04 | 87  0.01617  9.22197e-04
 88  0.01258  1.37432e-03 | 89  0.00975  1.67974e-03 | 90  0.00784  1.94975e-03
 91  0.00661  2.17893e-03 | 92  0.00566  2.25785e-03 | 93  0.00487  2.09245e-03
 94  0.00468  1.62574e-03 | 95  0.00518  9.16458e-04 | 96  0.00521  3.84434e-04
 97  0.00654 -6.51601e-04 | 98  0.00859 -1.43086e-03 | 99  0.01173 -2.59868e-03
100  0.01102 -9.77848e-04 |101  0.00913 -1.55105e-03 |102  0.00734 -3.85377e-03
103  0.00057 -9.86373e-03 |104  0.00389 -3.26138e-03 |105  0.02806 -6.41993e-03
106  0.03073 -5.12476e-03 |107  0.00475 -7.19789e-03 |108  0.01735 -9.90419e-04
109  0.06912 -1.76877e-03 |110  0.02809 -4.46283e-03 |111 -0.01054  1.94591e-03
112  0.00806 -7.78650e-03 |113  0.02493 -5.75952e-03 |114  0.03601  1.47062e-03
115 -0.00960  3.56081e-03 |116 -0.05741  7.01541e-03 |117 -0.08110 -1.13173e-02
118 -0.07508 -1.01465e-02 |119 -0.03448 -1.55567e-02 |120  0.06955 -1.24659e-02
121  0.02327 -2.45189e-03 |122  0.01318 -1.85021e-03 |123 -0.02857  1.22785e-02
124 -0.06775 -1.40371e-03 |125 -0.00754  3.73609e-03 |126  0.00453  3.46168e-03
127 -0.02772 -5.22088e-05 |128  0.02730  1.06232e-02 |129  0.07386  1.31363e-02
130  0.00925  6.69993e-03 |131  0.08317 -5.54811e-03 |132  0.00585  4.96046e-05
133  0.13327  1.98456e-03 |134 -0.00587  3.28027e-03 |135 -0.04660  5.13297e-03
136 -0.05719 -2.02320e-03 |137 -0.02187 -4.74479e-04 |138  0.09483 -6.47145e-03
139  0.03150  3.67647e-05 |140  0.01689  2.64961e-03 |141 -0.02815  6.52085e-03
142 -0.01784 -2.49227e-03 |143 -0.00602 -2.44265e-03 |144 -0.00041 -1.88624e-04
145  0.27892 -3.37715e-02 |146  0.18925  6.22285e-03 |147  0.04692 -3.58554e-03
148  0.29665  1.16903e-02 |149  0.01628 -5.53954e-03 |150 -0.11466  5.26263e-03
151 -0.47498  1.60483e-03 |152  0.31376 -2.56000e-03 |153  0.04866  6.41039e-03
154 -0.23471 -2.80518e-03 |155  0.18303 -9.36766e-03 |156  0.25987  1.36834e-02
157  0.17482 -7.55945e-03 |158  0.25420  1.42286e-02 |159  0.00582  5.90544e-03
160 -0.09820 -3.87652e-03 |161  0.10404  1.41515e-03 |162  0.29677  1.47954e-02
163  0.16922  7.69037e-03 |164  0.24627 -4.14774e-03 |165 -0.34893 -1.26762e-02
166  0.24364  1.28178e-02 |167  0.05215 -3.71317e-02 |168 -0.18756 -1.87876e-02
169 -0.38002 -5.84700e-03 |170  0.23623  1.26818e-02 |171  0.07805 -1.40900e-02
172 -0.12157  6.80509e-03 |173  0.05148  2.35265e-03 |174  0.11967 -3.92513e-03
175  0.32166  9.82864e-03 |176  0.27250  1.55109e-03 |177  0.00553 -2.60005e-03
178  0.00918  6.96611e-03 |179 -0.14987  6.73202e-03 |180 -0.12559  1.91757e-02
181  0.01353 -3.52566e-03 |182  0.39293  1.22466e-02 |183  0.01863  5.67847e-03
184 -0.15429  3.81964e-03 |185  0.09940  4.80313e-02 |186  0.16386  2.88552e-03
187  0.21872 -3.28980e-02 |188  0.25723  1.34046e-03 |189  0.02456  2.81475e-02
190 -0.00657 -3.91098e-02 |191 -0.17619 -2.88770e-03 |192 -0.11422 -5.05730e-02
193 -0.54947  8.03820e-03 |194  0.17273  2.22647e-03 |195  0.09512  5.83098e-03
196 -0.25448  8.57320e-03 |

 - final statistics:
196 variables; iteration 92; function evaluation 110
Function value 7.2814e+03; maximum gradient component mag 7.3178e-04
Exit code = 1;  converg criter 1.0000e-03
Var    Value     Gradient |Var    Value     Gradient |Var    Value     Gradient
  1 -0.42221  6.02902e-04 |  2  0.37087  4.28464e-04 |  3 -0.12617  3.90345e-04
  4 -0.01281  4.68357e-04 |  5 -0.70509 -8.30430e-05 |  6 -0.60473  7.31779e-04
  7  0.37774  3.35939e-04 |  8 -0.18507 -2.07019e-05 |  9  0.03165  4.22734e-04
 10 -0.60972 -3.76561e-05 | 11 -0.62286 -2.05124e-04 | 12 -0.09413 -3.54303e-04
 13 -0.01000  2.39730e-05 | 14 -0.01022  2.28116e-05 | 15 -0.01043  2.14842e-05
 16 -0.01064  1.99962e-05 | 17 -0.01085  1.83622e-05 | 18 -0.01105  1.66094e-05
 19 -0.01125  1.47565e-05 | 20 -0.01143  1.28300e-05 | 21 -0.01161  1.08652e-05
 22 -0.01177  8.89015e-06 | 23 -0.01192  6.93409e-06 | 24 -0.01206  5.03716e-06
 25 -0.01218  3.22535e-06 | 26 -0.01229  1.53064e-06 | 27 -0.01238 -1.71095e-08
 28 -0.01245 -1.38599e-06 | 29 -0.01249 -2.55343e-06 | 30 -0.01252 -3.49688e-06
 31 -0.01251 -4.20559e-06 | 32 -0.01249 -4.67363e-06 | 33 -0.01244 -4.89978e-06
 34 -0.01235 -4.89621e-06 | 35 -0.01224 -4.69041e-06 | 36 -0.01210 -4.31849e-06
 37 -0.01192 -3.84527e-06 | 38 -0.01170 -3.35333e-06 | 39 -0.01144 -2.95194e-06
 40 -0.01115 -2.77493e-06 | 41 -0.01081 -2.95402e-06 | 42 -0.01045 -3.62961e-06
 43 -0.01004 -4.89632e-06 | 44 -0.00961 -6.79751e-06 | 45 -0.00915 -9.29210e-06
 46 -0.00868 -1.22280e-05 | 47 -0.00820 -1.53623e-05 | 48 -0.00772 -1.83469e-05
 49 -0.00726 -2.07815e-05 | 50 -0.00682 -2.22446e-05 | 51 -0.00641 -2.23753e-05
 52 -0.00605 -2.09526e-05 | 53 -0.00574 -1.78928e-05 | 54 -0.00547 -1.32124e-05
 55 -0.00524 -6.95427e-06 | 56 -0.00504  8.68200e-07 | 57 -0.00483  1.02588e-05
 58 -0.00461  2.11733e-05 | 59 -0.00433  3.34556e-05 | 60 -0.00398  4.67041e-05
 61 -0.00352  6.00292e-05 | 62 -0.00292  7.17708e-05 | 63 -0.00214  7.91439e-05
 64 -0.00115  7.83280e-05 | 65  0.00007  6.53598e-05 | 66  0.00157  3.88436e-05
 67  0.00337  3.70391e-06 | 68  0.00547 -2.61546e-05 | 69  0.00790 -3.16179e-05
 70  0.01064 -1.67224e-06 | 71  0.01367  4.91662e-05 | 72  0.01691  7.04440e-05
 73  0.02028  5.00514e-06 | 74  0.02363 -1.17276e-04 | 75  0.02677 -1.72876e-04
 76  0.02949 -1.20572e-04 | 77  0.03158 -3.51390e-05 | 78  0.03292  2.66871e-05
 79  0.03349  6.19727e-05 | 80  0.03338  8.38263e-05 | 81  0.03267  8.84266e-05
 82  0.03143  5.61572e-05 | 83  0.02961 -2.79547e-05 | 84  0.02710 -1.30402e-04
 85  0.02388 -1.45783e-04 | 86  0.02011 -1.92756e-05 | 87  0.01617  8.98885e-05
 88  0.01258  7.42012e-05 | 89  0.00975  3.06895e-05 | 90  0.00783  1.65401e-05
 91  0.00660  1.93410e-05 | 92  0.00566  2.58936e-05 | 93  0.00486  3.14633e-05
 94  0.00468  3.97128e-05 | 95  0.00518  5.34119e-05 | 96  0.00521  4.10823e-05
 97  0.00654  8.86793e-05 | 98  0.00859  1.01040e-04 | 99  0.01174 -4.90949e-07
100  0.01102 -3.11130e-05 |101  0.00913 -2.06655e-04 |102  0.00735 -2.00490e-04
103  0.00060  8.37807e-05 |104  0.00388 -1.69513e-04 |105  0.02807 -1.36484e-04
106  0.03073  2.50441e-05 |107  0.00476  8.92250e-05 |108  0.01734  1.65248e-04
109  0.06911 -1.23305e-04 |110  0.02809 -1.25120e-04 |111 -0.01056  6.53384e-05
112  0.00807 -5.91395e-05 |113  0.02494 -1.98901e-04 |114  0.03600  8.47175e-05
115 -0.00960  2.19427e-04 |116 -0.05743 -4.56190e-06 |117 -0.08108 -2.41335e-04
118 -0.07507 -2.39095e-04 |119 -0.03447 -1.00847e-04 |120  0.06955 -1.22155e-04
121  0.02327 -6.29271e-05 |122  0.01318 -7.15237e-05 |123 -0.02859  2.15287e-04
124 -0.06774  3.85832e-05 |125 -0.00754  2.02134e-04 |126  0.00453  6.24125e-05
127 -0.02771 -2.17187e-04 |128  0.02728  1.77492e-04 |129  0.07385  1.65116e-04
130  0.00923  2.89806e-04 |131  0.08318 -1.19275e-04 |132  0.00584  1.67014e-04
133  0.13327  7.49538e-05 |134 -0.00588  8.29638e-06 |135 -0.04661  2.23364e-04
136 -0.05718  4.58145e-05 |137 -0.02187 -1.69521e-04 |138  0.09485 -3.75115e-05
139  0.03150  1.50951e-04 |140  0.01688 -2.96428e-04 |141 -0.02818  1.45876e-04
142 -0.01784 -9.38900e-05 |143 -0.00601  4.85415e-05 |144 -0.00041  1.32940e-05
145  0.27896 -3.58301e-04 |146  0.18926  5.61472e-05 |147  0.04692 -4.43244e-05
148  0.29665  1.48054e-04 |149  0.01629 -6.86967e-05 |150 -0.11467  6.96298e-05
151 -0.47494  6.40075e-05 |152  0.31381 -3.09494e-05 |153  0.04864  1.20826e-04
154 -0.23470 -4.36510e-04 |155  0.18303 -1.45493e-04 |156  0.25987  1.58390e-04
157  0.17482  6.51619e-05 |158  0.25420  2.73508e-04 |159  0.00581 -6.74602e-05
160 -0.09820 -4.12418e-05 |161  0.10402  9.23005e-05 |162  0.29676  2.18410e-04
163  0.16921  4.26103e-05 |164  0.24627 -9.21525e-05 |165 -0.34893 -1.68616e-04
166  0.24363  1.54072e-04 |167  0.05215 -4.83861e-04 |168 -0.18757 -2.56123e-04
169 -0.38007 -7.63771e-05 |170  0.23621  1.66430e-04 |171  0.07806 -1.87030e-04
172 -0.12157  9.41644e-05 |173  0.05144  3.57222e-05 |174  0.11967  2.15400e-05
175  0.32164  1.25493e-04 |176  0.27250  5.56188e-05 |177  0.00557 -1.89366e-05
178  0.00918  1.50395e-05 |179 -0.14987  9.02002e-05 |180 -0.12560  2.61275e-04
181  0.01354 -1.46727e-04 |182  0.39292  5.35812e-05 |183  0.01862  1.34418e-04
184 -0.15429  4.38801e-05 |185  0.09940  6.17769e-04 |186  0.16385  4.45165e-05
187  0.21872 -4.23293e-04 |188  0.25723  1.15392e-05 |189  0.02456  3.62843e-04
190 -0.00655 -4.98978e-04 |191 -0.17619 -3.68244e-05 |192 -0.11422 -6.53860e-04
193 -0.54964  9.62955e-05 |194  0.17266  4.81006e-05 |195  0.09514  2.34482e-04
196 -0.25451  7.55144e-05 |

 - final statistics:
209 variables; iteration 0; function evaluation 0
Function value 7.2814e+03; maximum gradient component mag 7.3178e-04
Exit code = 0;  converg criter 1.0000e-03
Var    Value     Gradient |Var    Value     Gradient |Var    Value     Gradient
  1 -0.42221  6.02902e-04 |  2  0.37087  4.28464e-04 |  3 -0.12617  3.90345e-04
  4 -0.01281  4.68357e-04 |  5 -0.70509 -8.30430e-05 |  6 -0.60473  7.31779e-04
  7  0.37774  3.35939e-04 |  8 -0.18507 -2.07019e-05 |  9  0.03165  4.22734e-04
 10 -0.60972 -3.76561e-05 | 11 -0.62286 -2.05124e-04 | 12 -0.09413 -3.54303e-04
 13 -0.01000  2.39730e-05 | 14 -0.01022  2.28116e-05 | 15 -0.01043  2.14842e-05
 16 -0.01064  1.99962e-05 | 17 -0.01085  1.83622e-05 | 18 -0.01105  1.66094e-05
 19 -0.01125  1.47565e-05 | 20 -0.01143  1.28300e-05 | 21 -0.01161  1.08652e-05
 22 -0.01177  8.89015e-06 | 23 -0.01192  6.93409e-06 | 24 -0.01206  5.03716e-06
 25 -0.01218  3.22535e-06 | 26 -0.01229  1.53064e-06 | 27 -0.01238 -1.71096e-08
 28 -0.01245 -1.38599e-06 | 29 -0.01249 -2.55343e-06 | 30 -0.01252 -3.49688e-06
 31 -0.01251 -4.20559e-06 | 32 -0.01249 -4.67363e-06 | 33 -0.01244 -4.89978e-06
 34 -0.01235 -4.89621e-06 | 35 -0.01224 -4.69042e-06 | 36 -0.01210 -4.31849e-06
 37 -0.01192 -3.84527e-06 | 38 -0.01170 -3.35333e-06 | 39 -0.01144 -2.95194e-06
 40 -0.01115 -2.77493e-06 | 41 -0.01081 -2.95402e-06 | 42 -0.01045 -3.62961e-06
 43 -0.01004 -4.89632e-06 | 44 -0.00961 -6.79751e-06 | 45 -0.00915 -9.29210e-06
 46 -0.00868 -1.22280e-05 | 47 -0.00820 -1.53623e-05 | 48 -0.00772 -1.83469e-05
 49 -0.00726 -2.07815e-05 | 50 -0.00682 -2.22446e-05 | 51 -0.00641 -2.23753e-05
 52 -0.00605 -2.09526e-05 | 53 -0.00574 -1.78928e-05 | 54 -0.00547 -1.32124e-05
 55 -0.00524 -6.95427e-06 | 56 -0.00504  8.68200e-07 | 57 -0.00483  1.02588e-05
 58 -0.00461  2.11733e-05 | 59 -0.00433  3.34556e-05 | 60 -0.00398  4.67041e-05
 61 -0.00352  6.00292e-05 | 62 -0.00292  7.17708e-05 | 63 -0.00214  7.91439e-05
 64 -0.00115  7.83280e-05 | 65  0.00007  6.53598e-05 | 66  0.00157  3.88436e-05
 67  0.00337  3.70391e-06 | 68  0.00547 -2.61546e-05 | 69  0.00790 -3.16179e-05
 70  0.01064 -1.67224e-06 | 71  0.01367  4.91662e-05 | 72  0.01691  7.04440e-05
 73  0.02028  5.00514e-06 | 74  0.02363 -1.17276e-04 | 75  0.02677 -1.72876e-04
 76  0.02949 -1.20572e-04 | 77  0.03158 -3.51390e-05 | 78  0.03292  2.66871e-05
 79  0.03349  6.19727e-05 | 80  0.03338  8.38263e-05 | 81  0.03267  8.84266e-05
 82  0.03143  5.61572e-05 | 83  0.02961 -2.79547e-05 | 84  0.02710 -1.30402e-04
 85  0.02388 -1.45783e-04 | 86  0.02011 -1.92756e-05 | 87  0.01617  8.98885e-05
 88  0.01258  7.42012e-05 | 89  0.00975  3.06895e-05 | 90  0.00783  1.65401e-05
 91  0.00660  1.93410e-05 | 92  0.00566  2.58936e-05 | 93  0.00486  3.14633e-05
 94  0.00468  3.97128e-05 | 95  0.00518  5.34119e-05 | 96  0.00521  4.10823e-05
 97  0.00654  8.86793e-05 | 98  0.00859  1.01040e-04 | 99  0.01174 -4.90949e-07
100  0.01102 -3.11130e-05 |101  0.00913 -2.06655e-04 |102  0.00735 -2.00490e-04
103  0.00060  8.37807e-05 |104  0.00388 -1.69513e-04 |105  0.02807 -1.36484e-04
106  0.03073  2.50441e-05 |107  0.00476  8.92250e-05 |108  0.01734  1.65248e-04
109  0.06911 -1.23305e-04 |110  0.02809 -1.25120e-04 |111 -0.01056  6.53384e-05
112  0.00807 -5.91395e-05 |113  0.02494 -1.98901e-04 |114  0.03600  8.47175e-05
115 -0.00960  2.19427e-04 |116 -0.05743 -4.56190e-06 |117 -0.08108 -2.41335e-04
118 -0.07507 -2.39095e-04 |119 -0.03447 -1.00847e-04 |120  0.06955 -1.22155e-04
121  0.02327 -6.29271e-05 |122  0.01318 -7.15237e-05 |123 -0.02859  2.15287e-04
124 -0.06774  3.85832e-05 |125 -0.00754  2.02134e-04 |126  0.00453  6.24125e-05
127 -0.02771 -2.17187e-04 |128  0.02728  1.77492e-04 |129  0.07385  1.65116e-04
130  0.00923  2.89806e-04 |131  0.08318 -1.19275e-04 |132  0.00584  1.67014e-04
133  0.13327  7.49538e-05 |134 -0.00588  8.29638e-06 |135 -0.04661  2.23364e-04
136 -0.05718  4.58145e-05 |137 -0.02187 -1.69521e-04 |138  0.09485 -3.75115e-05
139  0.03150  1.50951e-04 |140  0.01688 -2.96428e-04 |141 -0.02818  1.45876e-04
142 -0.01784 -9.38900e-05 |143 -0.00601  4.85415e-05 |144 -0.00041  1.32940e-05
145  0.00000  0.00000e+00 |146  0.00000  0.00000e+00 |147  0.00000  0.00000e+00
148  0.00000  0.00000e+00 |149  0.00000  0.00000e+00 |150  0.00000  0.00000e+00
151  0.00000  0.00000e+00 |152  0.00000  0.00000e+00 |153  0.00000  0.00000e+00
154  0.00000  0.00000e+00 |155  0.00000  0.00000e+00 |156  0.00000  0.00000e+00
157  0.00000  0.00000e+00 |158  0.27896 -3.58301e-04 |159  0.18926  5.61472e-05
160  0.04692 -4.43244e-05 |161  0.29665  1.48054e-04 |162  0.01629 -6.86967e-05
163 -0.11467  6.96298e-05 |164 -0.47494  6.40075e-05 |165  0.31381 -3.09494e-05
166  0.04864  1.20826e-04 |167 -0.23470 -4.36510e-04 |168  0.18303 -1.45493e-04
169  0.25987  1.58390e-04 |170  0.17482  6.51619e-05 |171  0.25420  2.73508e-04
172  0.00581 -6.74602e-05 |173 -0.09820 -4.12418e-05 |174  0.10402  9.23005e-05
175  0.29676  2.18410e-04 |176  0.16921  4.26103e-05 |177  0.24627 -9.21525e-05
178 -0.34893 -1.68616e-04 |179  0.24363  1.54072e-04 |180  0.05215 -4.83861e-04
181 -0.18757 -2.56123e-04 |182 -0.38007 -7.63771e-05 |183  0.23621  1.66430e-04
184  0.07806 -1.87030e-04 |185 -0.12157  9.41644e-05 |186  0.05144  3.57222e-05
187  0.11967  2.15400e-05 |188  0.32164  1.25493e-04 |189  0.27250  5.56188e-05
190  0.00557 -1.89366e-05 |191  0.00918  1.50395e-05 |192 -0.14987  9.02002e-05
193 -0.12560  2.61275e-04 |194  0.01354 -1.46727e-04 |195  0.39292  5.35812e-05
196  0.01862  1.34418e-04 |197 -0.15429  4.38801e-05 |198  0.09940  6.17769e-04
199  0.16385  4.45165e-05 |200  0.21872 -4.23293e-04 |201  0.25723  1.15392e-05
202  0.02456  3.62843e-04 |203 -0.00655 -4.98978e-04 |204 -0.17619 -3.68244e-05
205 -0.11422 -6.53860e-04 |206 -0.54964  9.62955e-05 |207  0.17266  4.81006e-05
208  0.09514  2.34482e-04 |209 -0.25451  7.55144e-05 |
size of file gradfil1.tmp = 0
size of file gradfil2.tmp = 0
size of file varssave.tmp = 0
size of file cmpdiff.tmp = 1000000040
