
Initial statistics: 134 variables; iteration 0; function evaluation 0; phase 1
Function value 7.3574726e+03; maximum gradient component mag -1.2905e+02
Var    Value     Gradient |Var    Value     Gradient |Var    Value     Gradient
  1 -0.42334 -3.80047e+01 |  2 -0.09289 -1.29045e+02 |  3  0.00000  4.73951e+00
  4  0.00000  4.86286e+00 |  5  0.00000  4.98732e+00 |  6  0.00000  5.11261e+00
  7  0.00000  5.23859e+00 |  8  0.00000  5.36482e+00 |  9  0.00000  5.49091e+00
 10  0.00000  5.61648e+00 | 11  0.00000  5.74117e+00 | 12  0.00000  5.86458e+00
 13  0.00000  5.98629e+00 | 14  0.00000  6.10592e+00 | 15  0.00000  6.22301e+00
 16  0.00000  6.33702e+00 | 17  0.00000  6.44730e+00 | 18  0.00000  6.55317e+00
 19  0.00000  6.65392e+00 | 20  0.00000  6.74896e+00 | 21  0.00000  6.83787e+00
 22  0.00000  6.92009e+00 | 23  0.00000  6.99498e+00 | 24  0.00000  7.06174e+00
 25  0.00000  7.11935e+00 | 26  0.00000  7.16666e+00 | 27  0.00000  7.20235e+00
 28  0.00000  7.22517e+00 | 29  0.00000  7.23393e+00 | 30  0.00000  7.22699e+00
 31  0.00000  7.20471e+00 | 32  0.00000  7.16620e+00 | 33  0.00000  7.11107e+00
 34  0.00000  7.03927e+00 | 35  0.00000  6.95075e+00 | 36  0.00000  6.84571e+00
 37  0.00000  6.72472e+00 | 38  0.00000  6.58829e+00 | 39  0.00000  6.43705e+00
 40  0.00000  6.27148e+00 | 41  0.00000  6.09155e+00 | 42  0.00000  5.89620e+00
 43  0.00000  5.68361e+00 | 44  0.00000  5.44996e+00 | 45  0.00000  5.18935e+00
 46  0.00000  4.89463e+00 | 47  0.00000  4.55764e+00 | 48  0.00000  4.16879e+00
 49  0.00000  3.71859e+00 | 50  0.00000  3.19690e+00 | 51  0.00000  2.59379e+00
 52  0.00000  1.89911e+00 | 53  0.00000  1.10405e+00 | 54  0.00000  2.01255e-01
 55  0.00000 -8.14237e-01 | 56  0.00000 -1.94526e+00 | 57  0.00000 -3.19121e+00
 58  0.00000 -4.54656e+00 | 59  0.00000 -6.00166e+00 | 60  0.00000 -7.54025e+00
 61  0.00000 -9.14044e+00 | 62  0.00000 -1.07725e+01 | 63  0.00000 -1.24015e+01
 64  0.00000 -1.39875e+01 | 65  0.00000 -1.54877e+01 | 66  0.00000 -1.68599e+01
 67  0.00000 -1.80712e+01 | 68  0.00000 -1.91010e+01 | 69  0.00000 -1.99413e+01
 70  0.00000 -2.05966e+01 | 71  0.00000 -2.10692e+01 | 72  0.00000 -2.13512e+01
 73  0.00000 -2.14162e+01 | 74  0.00000 -2.12249e+01 | 75  0.00000 -2.07461e+01
 76  0.00000 -1.99830e+01 | 77  0.00000 -1.90012e+01 | 78  0.00000 -1.79246e+01
 79  0.00000 -1.69125e+01 | 80  0.00000 -1.60920e+01 | 81  0.00000 -1.55331e+01
 82  0.00000 -1.52388e+01 | 83  0.00000 -1.52057e+01 | 84  0.00000 -1.54752e+01
 85  0.00000 -1.61228e+01 | 86  0.00000 -1.71787e+01 | 87  0.00000 -1.85533e+01
 88  0.00000 -2.00938e+01 | 89  0.00000 -2.17726e+01 | 90  0.00000 -2.37851e+01
 91  0.00000 -2.62049e+01 | 92  0.00000 -2.89096e+01 | 93  0.00000 -3.18242e+01
 94  0.00000 -3.49843e+01 | 95  0.00000 -3.81683e+01 | 96  0.00000 -4.13579e+01
 97  0.00000 -4.60754e+01 | 98  0.00000 -5.33826e+01 | 99  0.00000 -5.83015e+01
100  0.00000 -5.29577e+01 |101  0.00000 -4.17344e+01 |102  0.00000 -3.00017e+01
103  0.00000 -1.46490e+01 |104  0.00000  3.71182e+00 |105  0.00000  3.70634e+01
106  0.00000  9.74684e+01 |107  0.00000  1.23421e+02 |108  0.00000  1.19800e+02
109  0.00000  7.60389e+01 |110  0.00000  1.03089e+01 |111  0.00000  1.76083e+01
112  0.00000  2.70245e+01 |113  0.00000  5.30701e+01 |114  0.00000  7.34323e+01
115  0.00000  4.09526e+01 |116  0.00000  2.46889e+01 |117  0.00000  1.94285e+01
118  0.00000 -1.90787e+01 |119  0.00000 -4.49497e+01 |120  0.00000 -3.15843e+01
121  0.00000 -5.06297e+01 |122  0.00000 -2.06933e+01 |123  0.00000 -9.03587e+01
124  0.00000  3.42319e+00 |125  0.00000  2.57154e+01 |126  0.00000  2.82050e+01
127  0.00000  9.36104e+00 |128  0.00000 -3.69515e+01 |129  0.00000 -1.38175e+01
130  0.00000 -3.70956e+00 |131  0.00000  1.08141e+01 |132  0.00000  5.18142e+00
133  0.00000  1.49593e+00 |134  0.00000  1.14593e-01 |

Intermediate statistics: 134 variables; iteration 20; function evaluation 32; phase 1
Function value 7.3190929e+03; maximum gradient component mag -1.1265e+01
Var    Value     Gradient |Var    Value     Gradient |Var    Value     Gradient
  1 -0.42263  9.00534e+00 |  2 -0.09985  1.73654e+00 |  3 -0.00938  2.29495e-01
  4 -0.00961  2.28961e-01 |  5 -0.00983  2.27798e-01 |  6 -0.01006  2.25949e-01
  7 -0.01028  2.23358e-01 |  8 -0.01050  2.19970e-01 |  9 -0.01072  2.15728e-01
 10 -0.01093  2.10577e-01 | 11 -0.01113  2.04470e-01 | 12 -0.01133  1.97359e-01
 13 -0.01151  1.89194e-01 | 14 -0.01169  1.79938e-01 | 15 -0.01186  1.69542e-01
 16 -0.01201  1.57959e-01 | 17 -0.01215  1.45142e-01 | 18 -0.01227  1.31059e-01
 19 -0.01238  1.15700e-01 | 20 -0.01247  9.90834e-02 | 21 -0.01253  8.12241e-02
 22 -0.01258  6.21312e-02 | 23 -0.01261  4.18030e-02 | 24 -0.01261  2.02308e-02
 25 -0.01258 -2.59946e-03 | 26 -0.01252 -2.66875e-02 | 27 -0.01244 -5.20125e-02
 28 -0.01232 -7.85114e-02 | 29 -0.01217 -1.06073e-01 | 30 -0.01198 -1.34517e-01
 31 -0.01175 -1.63634e-01 | 32 -0.01150 -1.93115e-01 | 33 -0.01121 -2.22578e-01
 34 -0.01089 -2.51500e-01 | 35 -0.01054 -2.79208e-01 | 36 -0.01017 -3.04837e-01
 37 -0.00978 -3.27373e-01 | 38 -0.00938 -3.45660e-01 | 39 -0.00897 -3.58470e-01
 40 -0.00857 -3.64578e-01 | 41 -0.00817 -3.62818e-01 | 42 -0.00778 -3.52160e-01
 43 -0.00741 -3.31805e-01 | 44 -0.00705 -3.01298e-01 | 45 -0.00669 -2.60644e-01
 46 -0.00632 -2.10315e-01 | 47 -0.00593 -1.51136e-01 | 48 -0.00548 -8.42116e-02
 49 -0.00496 -1.08672e-02 | 50 -0.00436  6.73732e-02 | 51 -0.00363  1.48805e-01
 52 -0.00275  2.31451e-01 | 53 -0.00170  3.13130e-01 | 54 -0.00045  3.91338e-01
 55  0.00102  4.62990e-01 | 56  0.00272  5.25127e-01 | 57  0.00467  5.73683e-01
 58  0.00686  6.04324e-01 | 59  0.00929  6.12915e-01 | 60  0.01191  5.96132e-01
 61  0.01470  5.52997e-01 | 62  0.01758  4.86732e-01 | 63  0.02050  4.06591e-01
 64  0.02337  3.28499e-01 | 65  0.02610  2.72689e-01 | 66  0.02858  2.57003e-01
 67  0.03068  2.87787e-01 | 68  0.03222  3.55257e-01 | 69  0.03308  4.40019e-01
 70  0.03324  5.26600e-01 | 71  0.03277  6.07826e-01 | 72  0.03167  6.80115e-01
 73  0.02989  7.39381e-01 | 74  0.02735  7.88228e-01 | 75  0.02409  8.44477e-01
 76  0.02036  9.26819e-01 | 77  0.01650  1.02744e+00 | 78  0.01287  1.11068e+00
 79  0.00982  1.14041e+00 | 80  0.00755  1.09930e+00 | 81  0.00610  9.88756e-01
 82  0.00532  8.17004e-01 | 83  0.00504  5.86758e-01 | 84  0.00524  2.85000e-01
 85  0.00598 -1.14578e-01 | 86  0.00725 -6.19532e-01 | 87  0.00875 -1.18002e+00
 88  0.00980 -1.74947e+00 | 89  0.00978 -2.36522e+00 | 90  0.00920 -3.03254e+00
 91  0.00875 -3.66608e+00 | 92  0.00859 -4.05568e+00 | 93  0.00968 -3.86795e+00
 94  0.01388 -2.79803e+00 | 95  0.01556 -1.87257e+00 | 96  0.01796 -6.92418e-01
 97  0.02436 -6.53744e-01 | 98 -0.00025 -9.76504e+00 | 99  0.04513 -8.23134e+00
100 -0.00001 -1.12647e+01 |101  0.03344 -1.29210e+00 |102  0.01787 -3.63587e+00
103  0.00603 -6.47064e+00 |104  0.01267 -7.40332e+00 |105  0.01043  3.58821e-01
106 -0.05572  5.81846e+00 |107 -0.05896  1.02961e+01 |108 -0.06045  1.05173e+01
109 -0.03788  8.45241e+00 |110  0.06030  8.79434e+00 |111  0.01453  3.86693e+00
112  0.01459  1.50266e+00 |113 -0.02873  1.48712e+00 |114 -0.06461  2.40967e+00
115 -0.00910  6.94823e-01 |116 -0.00097 -1.13780e+00 |117 -0.03011 -8.34844e-01
118  0.02539 -1.87837e+00 |119  0.06290 -4.07518e+00 |120  0.01619  1.85609e+00
121  0.07796 -1.57766e-01 |122  0.00578  4.76167e-01 |123  0.12482 -5.18121e+00
124 -0.00772 -5.57715e-01 |125 -0.04722  1.96825e-01 |126 -0.05630  5.70112e-01
127 -0.02117  5.92622e-01 |128  0.09135 -6.10579e-01 |129  0.03072 -1.71006e-01
130  0.01361 -9.37155e-01 |131 -0.02603  7.51018e-01 |132 -0.01384  1.10541e+00
133 -0.00398  4.78522e-01 |134 -0.00030  2.72375e-02 |

 - final statistics:
134 variables; iteration 31; function evaluation 49
Function value 7.3186e+03; maximum gradient component mag 8.8750e+00
Exit code = 1;  converg criter 1.0000e+01
Var    Value     Gradient |Var    Value     Gradient |Var    Value     Gradient
  1 -0.42293 -1.46505e+00 |  2 -0.10307  8.87496e+00 |  3 -0.00993  4.38558e-02
  4 -0.01015  4.52272e-02 |  5 -0.01036  4.65783e-02 |  6 -0.01057  4.78912e-02
  7 -0.01077  4.91468e-02 |  8 -0.01097  5.03225e-02 |  9 -0.01116  5.13933e-02
 10 -0.01135  5.23334e-02 | 11 -0.01152  5.31159e-02 | 12 -0.01169  5.37130e-02
 13 -0.01184  5.40969e-02 | 14 -0.01198  5.42416e-02 | 15 -0.01211  5.41215e-02
 16 -0.01222  5.37140e-02 | 17 -0.01231  5.30001e-02 | 18 -0.01238  5.19657e-02
 19 -0.01244  5.06022e-02 | 20 -0.01247  4.89070e-02 | 21 -0.01248  4.68815e-02
 22 -0.01247  4.45332e-02 | 23 -0.01243  4.18774e-02 | 24 -0.01236  3.89407e-02
 25 -0.01226  3.57643e-02 | 26 -0.01214  3.24076e-02 | 27 -0.01198  2.89499e-02
 28 -0.01178  2.54892e-02 | 29 -0.01154  2.21407e-02 | 30 -0.01127  1.90418e-02
 31 -0.01095  1.63147e-02 | 32 -0.01060  1.41079e-02 | 33 -0.01022  1.25669e-02
 34 -0.00980  1.18341e-02 | 35 -0.00936  1.20451e-02 | 36 -0.00890  1.33238e-02
 37 -0.00843  1.57826e-02 | 38 -0.00796  1.95376e-02 | 39 -0.00750  2.47194e-02
 40 -0.00706  3.14844e-02 | 41 -0.00665  4.00195e-02 | 42 -0.00628  5.05337e-02
 43 -0.00596  6.32521e-02 | 44 -0.00568  7.84140e-02 | 45 -0.00542  9.62607e-02
 46 -0.00519  1.17030e-01 | 47 -0.00495  1.40938e-01 | 48 -0.00467  1.68154e-01
 49 -0.00434  1.98841e-01 | 50 -0.00393  2.33162e-01 | 51 -0.00339  2.71381e-01
 52 -0.00270  3.13906e-01 | 53 -0.00181  3.61497e-01 | 54 -0.00069  4.15351e-01
 55  0.00069  4.76840e-01 | 56  0.00239  5.47639e-01 | 57  0.00442  6.27571e-01
 58  0.00679  7.13087e-01 | 59  0.00946  7.95100e-01 | 60  0.01238  8.58022e-01
 61  0.01542  8.84392e-01 | 62  0.01848  8.66631e-01 | 63  0.02152  8.21744e-01
 64  0.02459  7.91936e-01 | 65  0.02771  8.16785e-01 | 66  0.03068  8.95244e-01
 67  0.03313  9.86813e-01 | 68  0.03473  1.05720e+00 | 69  0.03545  1.10589e+00
 70  0.03543  1.14619e+00 | 71  0.03477  1.18123e+00 | 72  0.03346  1.20117e+00
 73  0.03134  1.18190e+00 | 74  0.02818  1.10154e+00 | 75  0.02422  1.00480e+00
 76  0.02008  9.94115e-01 | 77  0.01608  1.06493e+00 | 78  0.01219  1.10322e+00
 79  0.00878  1.07687e+00 | 80  0.00633  1.03883e+00 | 81  0.00499  1.02787e+00
 82  0.00459  1.04857e+00 | 83  0.00489  1.08851e+00 | 84  0.00579  1.11573e+00
 85  0.00718  1.06090e+00 | 86  0.00885  8.58139e-01 | 87  0.01082  6.25433e-01
 88  0.01305  5.36147e-01 | 89  0.01440  3.96628e-01 | 90  0.01487  7.31881e-02
 91  0.01472 -4.74400e-01 | 92  0.01303 -1.28757e+00 | 93  0.01133 -1.90182e+00
 94  0.01453 -1.30767e+00 | 95  0.01203 -1.45640e+00 | 96  0.00666 -1.76878e+00
 97  0.00913 -1.55050e+00 | 98  0.02816 -1.32397e+00 | 99  0.03340 -4.44310e+00
100  0.03344 -2.09700e+00 |101  0.01273 -2.97393e+00 |102  0.01042 -3.76823e+00
103  0.01006 -3.35476e+00 |104  0.02805 -1.53790e+00 |105  0.00630 -1.27967e+00
106 -0.06285 -8.97224e-01 |107 -0.06793  2.80219e-01 |108 -0.07023  7.66299e-02
109 -0.04476  1.42538e-01 |110  0.06107  1.51963e+00 |111  0.01540  1.13665e+00
112  0.01612  2.61335e-02 |113 -0.02920  7.67452e-02 |114 -0.07044 -8.69577e-01
115 -0.00999 -4.54807e-01 |116  0.00020 -6.91756e-01 |117 -0.03071 -4.67959e-01
118  0.02585 -1.32104e-01 |119  0.06827 -9.51308e-01 |120  0.00901 -6.44046e-02
121  0.07856 -5.75937e-01 |122  0.00384 -2.90561e-02 |123  0.13177  1.58152e+00
124 -0.00800 -5.74605e-01 |125 -0.04667  3.34736e-01 |126 -0.05617  5.02403e-01
127 -0.02155  3.77766e-01 |128  0.09161 -7.11496e-01 |129  0.03007 -4.58563e-01
130  0.01698  3.15537e-01 |131 -0.02807  7.87820e-02 |132 -0.01714  1.77496e-01
133 -0.00597 -1.45292e-02 |134 -0.00040  2.32813e-03 |

Initial statistics: 144 variables; iteration 0; function evaluation 0; phase 2
Function value 7.3185560e+03; maximum gradient component mag -1.7204e+01
Var    Value     Gradient |Var    Value     Gradient |Var    Value     Gradient
  1 -0.42293 -1.46505e+00 |  2  0.37110 -1.44764e+01 |  3 -0.12614 -1.72044e+01
  4 -0.01321 -6.29493e+00 |  5 -0.70915 -4.18959e-01 |  6 -0.60419 -9.78265e-01
  7  0.37628  1.62483e+01 |  8 -0.18524 -7.87788e+00 |  9  0.03399  6.95773e+00
 10 -0.60948  6.16599e-01 | 11 -0.62338  5.45209e+00 | 12 -0.10307  8.87496e+00
 13 -0.00993  4.38558e-02 | 14 -0.01015  4.52272e-02 | 15 -0.01036  4.65783e-02
 16 -0.01057  4.78912e-02 | 17 -0.01077  4.91468e-02 | 18 -0.01097  5.03225e-02
 19 -0.01116  5.13933e-02 | 20 -0.01135  5.23334e-02 | 21 -0.01152  5.31159e-02
 22 -0.01169  5.37130e-02 | 23 -0.01184  5.40969e-02 | 24 -0.01198  5.42416e-02
 25 -0.01211  5.41215e-02 | 26 -0.01222  5.37140e-02 | 27 -0.01231  5.30001e-02
 28 -0.01238  5.19657e-02 | 29 -0.01244  5.06022e-02 | 30 -0.01247  4.89070e-02
 31 -0.01248  4.68815e-02 | 32 -0.01247  4.45332e-02 | 33 -0.01243  4.18774e-02
 34 -0.01236  3.89407e-02 | 35 -0.01226  3.57643e-02 | 36 -0.01214  3.24076e-02
 37 -0.01198  2.89499e-02 | 38 -0.01178  2.54892e-02 | 39 -0.01154  2.21407e-02
 40 -0.01127  1.90418e-02 | 41 -0.01095  1.63147e-02 | 42 -0.01060  1.41079e-02
 43 -0.01022  1.25669e-02 | 44 -0.00980  1.18341e-02 | 45 -0.00936  1.20451e-02
 46 -0.00890  1.33238e-02 | 47 -0.00843  1.57826e-02 | 48 -0.00796  1.95376e-02
 49 -0.00750  2.47194e-02 | 50 -0.00706  3.14844e-02 | 51 -0.00665  4.00195e-02
 52 -0.00628  5.05337e-02 | 53 -0.00596  6.32521e-02 | 54 -0.00568  7.84140e-02
 55 -0.00542  9.62607e-02 | 56 -0.00519  1.17030e-01 | 57 -0.00495  1.40938e-01
 58 -0.00467  1.68154e-01 | 59 -0.00434  1.98841e-01 | 60 -0.00393  2.33162e-01
 61 -0.00339  2.71381e-01 | 62 -0.00270  3.13906e-01 | 63 -0.00181  3.61497e-01
 64 -0.00069  4.15351e-01 | 65  0.00069  4.76840e-01 | 66  0.00239  5.47639e-01
 67  0.00442  6.27571e-01 | 68  0.00679  7.13087e-01 | 69  0.00946  7.95100e-01
 70  0.01238  8.58022e-01 | 71  0.01542  8.84392e-01 | 72  0.01848  8.66631e-01
 73  0.02152  8.21744e-01 | 74  0.02459  7.91936e-01 | 75  0.02771  8.16785e-01
 76  0.03068  8.95244e-01 | 77  0.03313  9.86813e-01 | 78  0.03473  1.05720e+00
 79  0.03545  1.10589e+00 | 80  0.03543  1.14619e+00 | 81  0.03477  1.18123e+00
 82  0.03346  1.20117e+00 | 83  0.03134  1.18190e+00 | 84  0.02818  1.10154e+00
 85  0.02422  1.00480e+00 | 86  0.02008  9.94115e-01 | 87  0.01608  1.06493e+00
 88  0.01219  1.10322e+00 | 89  0.00878  1.07687e+00 | 90  0.00633  1.03883e+00
 91  0.00499  1.02787e+00 | 92  0.00459  1.04857e+00 | 93  0.00489  1.08851e+00
 94  0.00579  1.11573e+00 | 95  0.00718  1.06090e+00 | 96  0.00885  8.58139e-01
 97  0.01082  6.25433e-01 | 98  0.01305  5.36147e-01 | 99  0.01440  3.96628e-01
100  0.01487  7.31881e-02 |101  0.01472 -4.74400e-01 |102  0.01303 -1.28757e+00
103  0.01133 -1.90182e+00 |104  0.01453 -1.30767e+00 |105  0.01203 -1.45640e+00
106  0.00666 -1.76878e+00 |107  0.00913 -1.55050e+00 |108  0.02816 -1.32397e+00
109  0.03340 -4.44310e+00 |110  0.03344 -2.09700e+00 |111  0.01273 -2.97393e+00
112  0.01042 -3.76823e+00 |113  0.01006 -3.35476e+00 |114  0.02805 -1.53790e+00
115  0.00630 -1.27967e+00 |116 -0.06285 -8.97224e-01 |117 -0.06793  2.80219e-01
118 -0.07023  7.66299e-02 |119 -0.04476  1.42538e-01 |120  0.06107  1.51963e+00
121  0.01540  1.13665e+00 |122  0.01612  2.61335e-02 |123 -0.02920  7.67452e-02
124 -0.07044 -8.69577e-01 |125 -0.00999 -4.54807e-01 |126  0.00020 -6.91756e-01
127 -0.03071 -4.67959e-01 |128  0.02585 -1.32104e-01 |129  0.06827 -9.51308e-01
130  0.00901 -6.44046e-02 |131  0.07856 -5.75937e-01 |132  0.00384 -2.90561e-02
133  0.13177  1.58152e+00 |134 -0.00800 -5.74605e-01 |135 -0.04667  3.34736e-01
136 -0.05617  5.02403e-01 |137 -0.02155  3.77766e-01 |138  0.09161 -7.11496e-01
139  0.03007 -4.58563e-01 |140  0.01698  3.15537e-01 |141 -0.02807  7.87820e-02
142 -0.01714  1.77496e-01 |143 -0.00597 -1.45292e-02 |144 -0.00040  2.32813e-03

Intermediate statistics: 144 variables; iteration 20; function evaluation 25; phase 2
Function value 7.3185102e+03; maximum gradient component mag 1.9343e+01
Var    Value     Gradient |Var    Value     Gradient |Var    Value     Gradient
  1 -0.42283  1.14331e+01 |  2  0.37169  1.70473e+01 |  3 -0.12526  1.93434e+01
  4 -0.01431  1.70138e+01 |  5 -0.70911  1.39928e-01 |  6 -0.60405  3.73975e+00
  7  0.37606  1.80651e+01 |  8 -0.18474  1.80941e+01 |  9  0.03392  1.39688e+01
 10 -0.61047 -6.40030e-01 | 11 -0.62366 -4.34940e+00 | 12 -0.10489 -5.32822e-02
 13 -0.00992 -1.83712e-02 | 14 -0.01014 -1.88237e-02 | 15 -0.01035 -1.93147e-02
 16 -0.01056 -1.98531e-02 | 17 -0.01076 -2.04506e-02 | 18 -0.01096 -2.11174e-02
 19 -0.01115 -2.18661e-02 | 20 -0.01133 -2.27105e-02 | 21 -0.01150 -2.36650e-02
 22 -0.01167 -2.47448e-02 | 23 -0.01182 -2.59656e-02 | 24 -0.01195 -2.73423e-02
 25 -0.01208 -2.88893e-02 | 26 -0.01218 -3.06187e-02 | 27 -0.01227 -3.25406e-02
 28 -0.01234 -3.46631e-02 | 29 -0.01238 -3.69948e-02 | 30 -0.01241 -3.95444e-02
 31 -0.01241 -4.23218e-02 | 32 -0.01239 -4.53335e-02 | 33 -0.01234 -4.85822e-02
 34 -0.01226 -5.20648e-02 | 35 -0.01215 -5.57700e-02 | 36 -0.01201 -5.96772e-02
 37 -0.01184 -6.37570e-02 | 38 -0.01163 -6.79745e-02 | 39 -0.01138 -7.22896e-02
 40 -0.01109 -7.66471e-02 | 41 -0.01077 -8.10276e-02 | 42 -0.01041 -8.53803e-02
 43 -0.01001 -8.96601e-02 | 44 -0.00959 -9.38237e-02 | 45 -0.00914 -9.78275e-02
 46 -0.00867 -1.01633e-01 | 47 -0.00820 -1.05213e-01 | 48 -0.00772 -1.08531e-01
 49 -0.00726 -1.11539e-01 | 50 -0.00683 -1.14163e-01 | 51 -0.00643 -1.16292e-01
 52 -0.00607 -1.17781e-01 | 53 -0.00576 -1.18494e-01 | 54 -0.00549 -1.18298e-01
 55 -0.00526 -1.17072e-01 | 56 -0.00505 -1.14712e-01 | 57 -0.00483 -1.11121e-01
 58 -0.00459 -1.06186e-01 | 59 -0.00430 -9.98120e-02 | 60 -0.00393 -9.18647e-02
 61 -0.00344 -8.21575e-02 | 62 -0.00280 -7.03646e-02 | 63 -0.00197 -5.59871e-02
 64 -0.00091 -3.83091e-02 | 65  0.00041 -1.64509e-02 | 66  0.00202  1.02549e-02
 67  0.00395  4.16432e-02 | 68  0.00621  7.54612e-02 | 69  0.00880  1.06261e-01
 70  0.01165  1.25599e-01 | 71  0.01472  1.25649e-01 | 72  0.01792  1.06486e-01
 73  0.02123  8.15818e-02 | 74  0.02458  7.15264e-02 | 75  0.02786  8.57716e-02
 76  0.03079  1.13309e-01 | 77  0.03308  1.38139e-01 | 78  0.03458  1.56069e-01
 79  0.03527  1.70516e-01 | 80  0.03524  1.83998e-01 | 81  0.03456  1.97229e-01
 82  0.03329  2.09558e-01 | 83  0.03133  2.16008e-01 | 84  0.02853  2.05242e-01
 85  0.02485  1.78820e-01 | 86  0.02065  1.74563e-01 | 87  0.01640  2.08719e-01
 88  0.01238  2.34397e-01 | 89  0.00898  2.26346e-01 | 90  0.00655  2.06465e-01
 91  0.00516  1.95341e-01 | 92  0.00463  1.97561e-01 | 93  0.00474  2.08929e-01
 94  0.00545  2.14874e-01 | 95  0.00678  1.81759e-01 | 96  0.00864  7.99617e-02
 97  0.01083 -2.49810e-02 | 98  0.01288 -4.92806e-02 | 99  0.01401 -8.93833e-02
100  0.01457 -2.04914e-01 |101  0.01499 -4.05797e-01 |102  0.01459 -6.90914e-01
103  0.01378 -8.50313e-01 |104  0.01480 -4.30154e-01 |105  0.01242 -3.05493e-01
106  0.00742 -3.21409e-01 |107  0.00849 -1.16063e-01 |108  0.02310 -1.26028e-01
109  0.04214 -3.58920e-01 |110  0.02789 -2.89016e-01 |111  0.01333 -2.77990e-01
112  0.01237 -7.46486e-01 |113  0.01129 -6.91073e-01 |114  0.02632  4.16421e-01
115  0.00676  3.90379e-01 |116 -0.06170  3.29716e-01 |117 -0.06907  3.47636e-01
118 -0.07063  1.79623e-01 |119 -0.04476  3.83418e-01 |120  0.06041  1.00802e+00
121  0.01395  3.39883e-01 |122  0.01590 -2.71241e-01 |123 -0.02999 -3.40744e-01
124 -0.06973 -2.83953e-01 |125 -0.01077 -3.13399e-01 |126  0.00019 -2.25285e-01
127 -0.03058  3.32022e-03 |128  0.02527  3.82401e-01 |129  0.06850  2.44790e-01
130  0.00920  6.20967e-01 |131  0.07957  1.11139e+00 |132  0.00409  3.48075e-01
133  0.13004  3.82170e-01 |134 -0.00709 -2.30671e-01 |135 -0.04731  2.29869e-01
136 -0.05689  2.12222e-01 |137 -0.02248  9.74050e-02 |138  0.09209 -4.02523e-01
139  0.03074 -1.65059e-01 |140  0.01653  2.17196e-01 |141 -0.02823  5.92760e-02
142 -0.01720  5.29528e-02 |143 -0.00608  9.35630e-02 |144 -0.00040  1.25447e-03

 - final statistics:
144 variables; iteration 22; function evaluation 27
Function value 7.3185e+03; maximum gradient component mag 9.4302e+00
Exit code = 1;  converg criter 1.0000e+01
Var    Value     Gradient |Var    Value     Gradient |Var    Value     Gradient
  1 -0.42304  5.68344e+00 |  2  0.37175  8.26443e+00 |  3 -0.12526  9.43017e+00
  4 -0.01457  8.22930e+00 |  5 -0.70874  1.25153e-01 |  6 -0.60410  1.84794e+00
  7  0.37594  8.85870e+00 |  8 -0.18484  8.86747e+00 |  9  0.03391  6.76655e+00
 10 -0.61018 -1.47551e-01 | 11 -0.62363 -2.14596e+00 | 12 -0.10503  2.89779e-02
 13 -0.00997 -1.40899e-02 | 14 -0.01019 -1.43598e-02 | 15 -0.01040 -1.46253e-02
 16 -0.01061 -1.48855e-02 | 17 -0.01081 -1.51391e-02 | 18 -0.01101 -1.53846e-02
 19 -0.01120 -1.56202e-02 | 20 -0.01138 -1.58439e-02 | 21 -0.01156 -1.60531e-02
 22 -0.01172 -1.62451e-02 | 23 -0.01187 -1.64167e-02 | 24 -0.01200 -1.65642e-02
 25 -0.01212 -1.66836e-02 | 26 -0.01222 -1.67709e-02 | 27 -0.01231 -1.68220e-02
 28 -0.01237 -1.68330e-02 | 29 -0.01241 -1.68001e-02 | 30 -0.01243 -1.67187e-02
 31 -0.01242 -1.65839e-02 | 32 -0.01239 -1.63905e-02 | 33 -0.01233 -1.61339e-02
 34 -0.01224 -1.58102e-02 | 35 -0.01212 -1.54172e-02 | 36 -0.01197 -1.49543e-02
 37 -0.01178 -1.44233e-02 | 38 -0.01156 -1.38276e-02 | 39 -0.01129 -1.31723e-02
 40 -0.01099 -1.24642e-02 | 41 -0.01065 -1.17115e-02 | 42 -0.01027 -1.09249e-02
 43 -0.00986 -1.01190e-02 | 44 -0.00942 -9.31280e-03 | 45 -0.00896 -8.53025e-03
 46 -0.00848 -7.80013e-03 | 47 -0.00799 -7.15502e-03 | 48 -0.00750 -6.63013e-03
 49 -0.00703 -6.26061e-03 | 50 -0.00659 -6.07882e-03 | 51 -0.00618 -6.11136e-03
 52 -0.00581 -6.37636e-03 | 53 -0.00550 -6.88178e-03 | 54 -0.00523 -7.62963e-03
 55 -0.00500 -8.62105e-03 | 56 -0.00480 -9.85779e-03 | 57 -0.00460 -1.13397e-02
 58 -0.00437 -1.30561e-02 | 59 -0.00410 -1.49724e-02 | 60 -0.00375 -1.70100e-02
 61 -0.00329 -1.90188e-02 | 62 -0.00269 -2.07314e-02 | 63 -0.00190 -2.17065e-02
 64 -0.00089 -2.12678e-02 | 65  0.00037 -1.84594e-02 | 66  0.00192 -1.21778e-02
 67  0.00379 -1.49436e-03 | 68  0.00600  1.33953e-02 | 69  0.00855  2.97622e-02
 70  0.01140  4.12725e-02 | 71  0.01449  3.95209e-02 | 72  0.01773  2.04745e-02
 73  0.02106 -7.21136e-03 | 74  0.02443 -2.37656e-02 | 75  0.02771 -1.66862e-02
 76  0.03065  4.46243e-03 | 77  0.03296  2.26298e-02 | 78  0.03447  3.40533e-02
 79  0.03518  4.32739e-02 | 80  0.03516  5.28273e-02 | 81  0.03450  6.35755e-02
 82  0.03325  7.54391e-02 | 83  0.03133  8.36356e-02 | 84  0.02855  7.59224e-02
 85  0.02489  5.39790e-02 | 86  0.02072  5.55572e-02 | 87  0.01645  8.95840e-02
 88  0.01239  1.09800e-01 | 89  0.00897  1.00664e-01 | 90  0.00653  8.22224e-02
 91  0.00510  6.75406e-02 | 92  0.00450  5.89120e-02 | 93  0.00451  5.52385e-02
 94  0.00512  5.10125e-02 | 95  0.00643  2.96251e-02 | 96  0.00838 -2.83681e-02
 97  0.01066 -8.23789e-02 | 98  0.01273 -6.25387e-02 | 99  0.01397 -3.51124e-02
100  0.01475 -5.47326e-02 |101  0.01544 -1.47162e-01 |102  0.01529 -3.38634e-01
103  0.01453 -4.62032e-01 |104  0.01510 -1.31280e-01 |105  0.01234 -1.13187e-01
106  0.00723 -2.05508e-01 |107  0.00816 -7.40426e-02 |108  0.02277 -7.81545e-02
109  0.04250 -1.19962e-01 |110  0.02758 -9.87178e-02 |111  0.01338  4.47147e-02
112  0.01320 -1.98471e-01 |113  0.01208 -2.62787e-01 |114  0.02570  2.29220e-01
115  0.00651  5.34984e-02 |116 -0.06193  5.69888e-02 |117 -0.06923  1.59809e-01
118 -0.07018  2.83444e-01 |119 -0.04472  2.70262e-01 |120  0.06048  7.50846e-01
121  0.01378  1.75415e-01 |122  0.01615 -2.19984e-01 |123 -0.02991 -2.97259e-01
124 -0.06948 -2.99262e-01 |125 -0.01105 -5.20220e-01 |126  0.00030 -2.21706e-01
127 -0.03043  7.03267e-02 |128  0.02530  4.87824e-01 |129  0.06927  6.67408e-01
130  0.00902  4.83555e-01 |131  0.07861  1.88930e-01 |132  0.00367 -3.29251e-02
133  0.12981 -7.29641e-03 |134 -0.00705 -2.62727e-01 |135 -0.04740  1.72267e-01
136 -0.05699  1.47025e-01 |137 -0.02277 -1.60459e-04 |138  0.09234 -2.96572e-01
139  0.03079 -1.26089e-01 |140  0.01643  1.46647e-01 |141 -0.02830  3.18737e-02
142 -0.01710  6.06571e-02 |143 -0.00626  4.29393e-02 |144 -0.00040  9.07956e-04

Initial statistics: 174 variables; iteration 0; function evaluation 0; phase 3
Function value 7.3184994e+03; maximum gradient component mag 9.4302e+00
Var    Value     Gradient |Var    Value     Gradient |Var    Value     Gradient
  1 -0.42304  5.68344e+00 |  2  0.37175  8.26443e+00 |  3 -0.12526  9.43017e+00
  4 -0.01457  8.22930e+00 |  5 -0.70874  1.25153e-01 |  6 -0.60410  1.84794e+00
  7  0.37594  8.85870e+00 |  8 -0.18484  8.86747e+00 |  9  0.03391  6.76655e+00
 10 -0.61018 -1.47551e-01 | 11 -0.62363 -2.14596e+00 | 12 -0.10503  2.89779e-02
 13 -0.00997 -1.40899e-02 | 14 -0.01019 -1.43598e-02 | 15 -0.01040 -1.46253e-02
 16 -0.01061 -1.48855e-02 | 17 -0.01081 -1.51391e-02 | 18 -0.01101 -1.53846e-02
 19 -0.01120 -1.56202e-02 | 20 -0.01138 -1.58439e-02 | 21 -0.01156 -1.60531e-02
 22 -0.01172 -1.62451e-02 | 23 -0.01187 -1.64167e-02 | 24 -0.01200 -1.65642e-02
 25 -0.01212 -1.66836e-02 | 26 -0.01222 -1.67709e-02 | 27 -0.01231 -1.68220e-02
 28 -0.01237 -1.68330e-02 | 29 -0.01241 -1.68001e-02 | 30 -0.01243 -1.67187e-02
 31 -0.01242 -1.65839e-02 | 32 -0.01239 -1.63905e-02 | 33 -0.01233 -1.61339e-02
 34 -0.01224 -1.58102e-02 | 35 -0.01212 -1.54172e-02 | 36 -0.01197 -1.49543e-02
 37 -0.01178 -1.44233e-02 | 38 -0.01156 -1.38276e-02 | 39 -0.01129 -1.31723e-02
 40 -0.01099 -1.24642e-02 | 41 -0.01065 -1.17115e-02 | 42 -0.01027 -1.09249e-02
 43 -0.00986 -1.01190e-02 | 44 -0.00942 -9.31280e-03 | 45 -0.00896 -8.53025e-03
 46 -0.00848 -7.80013e-03 | 47 -0.00799 -7.15502e-03 | 48 -0.00750 -6.63013e-03
 49 -0.00703 -6.26061e-03 | 50 -0.00659 -6.07882e-03 | 51 -0.00618 -6.11136e-03
 52 -0.00581 -6.37636e-03 | 53 -0.00550 -6.88178e-03 | 54 -0.00523 -7.62963e-03
 55 -0.00500 -8.62105e-03 | 56 -0.00480 -9.85779e-03 | 57 -0.00460 -1.13397e-02
 58 -0.00437 -1.30561e-02 | 59 -0.00410 -1.49724e-02 | 60 -0.00375 -1.70100e-02
 61 -0.00329 -1.90188e-02 | 62 -0.00269 -2.07314e-02 | 63 -0.00190 -2.17065e-02
 64 -0.00089 -2.12678e-02 | 65  0.00037 -1.84594e-02 | 66  0.00192 -1.21778e-02
 67  0.00379 -1.49436e-03 | 68  0.00600  1.33953e-02 | 69  0.00855  2.97622e-02
 70  0.01140  4.12725e-02 | 71  0.01449  3.95209e-02 | 72  0.01773  2.04745e-02
 73  0.02106 -7.21136e-03 | 74  0.02443 -2.37656e-02 | 75  0.02771 -1.66862e-02
 76  0.03065  4.46243e-03 | 77  0.03296  2.26298e-02 | 78  0.03447  3.40533e-02
 79  0.03518  4.32739e-02 | 80  0.03516  5.28273e-02 | 81  0.03450  6.35755e-02
 82  0.03325  7.54391e-02 | 83  0.03133  8.36356e-02 | 84  0.02855  7.59224e-02
 85  0.02489  5.39790e-02 | 86  0.02072  5.55572e-02 | 87  0.01645  8.95840e-02
 88  0.01239  1.09800e-01 | 89  0.00897  1.00664e-01 | 90  0.00653  8.22224e-02
 91  0.00510  6.75406e-02 | 92  0.00450  5.89120e-02 | 93  0.00451  5.52385e-02
 94  0.00512  5.10125e-02 | 95  0.00643  2.96251e-02 | 96  0.00838 -2.83681e-02
 97  0.01066 -8.23789e-02 | 98  0.01273 -6.25387e-02 | 99  0.01397 -3.51124e-02
100  0.01475 -5.47326e-02 |101  0.01544 -1.47162e-01 |102  0.01529 -3.38634e-01
103  0.01453 -4.62032e-01 |104  0.01510 -1.31280e-01 |105  0.01234 -1.13187e-01
106  0.00723 -2.05508e-01 |107  0.00816 -7.40426e-02 |108  0.02277 -7.81545e-02
109  0.04250 -1.19962e-01 |110  0.02758 -9.87178e-02 |111  0.01338  4.47147e-02
112  0.01320 -1.98471e-01 |113  0.01208 -2.62787e-01 |114  0.02570  2.29220e-01
115  0.00651  5.34984e-02 |116 -0.06193  5.69888e-02 |117 -0.06923  1.59809e-01
118 -0.07018  2.83444e-01 |119 -0.04472  2.70262e-01 |120  0.06048  7.50846e-01
121  0.01378  1.75415e-01 |122  0.01615 -2.19984e-01 |123 -0.02991 -2.97259e-01
124 -0.06948 -2.99262e-01 |125 -0.01105 -5.20220e-01 |126  0.00030 -2.21706e-01
127 -0.03043  7.03267e-02 |128  0.02530  4.87824e-01 |129  0.06927  6.67408e-01
130  0.00902  4.83555e-01 |131  0.07861  1.88930e-01 |132  0.00367 -3.29251e-02
133  0.12981 -7.29641e-03 |134 -0.00705 -2.62727e-01 |135 -0.04740  1.72267e-01
136 -0.05699  1.47025e-01 |137 -0.02277 -1.60459e-04 |138  0.09234 -2.96572e-01
139  0.03079 -1.26089e-01 |140  0.01643  1.46647e-01 |141 -0.02830  3.18737e-02
142 -0.01710  6.06571e-02 |143 -0.00626  4.29393e-02 |144 -0.00040  9.07956e-04
145  0.04662 -3.03325e+00 |146  0.29671  4.70141e+00 |147 -0.47544 -1.51705e-01
148  0.31377  8.24274e-02 |149  0.18255 -3.18667e+00 |150  0.25986  6.23421e+00
151  0.17459 -4.71381e-01 |152  0.25418  9.72011e-01 |153  0.10351 -8.45544e-01
154  0.29677  2.27710e+00 |155  0.16893 -1.95739e-01 |156  0.24623  8.98201e-01
157 -0.35197 -1.93862e-03 |158  0.24281  1.25995e-03 |159  0.20265 -3.71122e-02
160  0.31675  4.18915e+00 |161 -0.38040 -4.02929e-01 |162  0.23607  1.33792e+00
163  0.05118  1.42745e+00 |164  0.11969 -1.50068e+00 |165  0.32140  1.02246e+00
166  0.27252  2.25158e+00 |167  0.01343 -7.69294e-02 |168  0.39319 -3.30025e-01
169  0.09932 -2.82221e+00 |170  0.16368 -2.17052e+00 |171  0.21870  5.82671e+00
172  0.25726  1.28837e+00 |173 -0.55411 -3.72680e-03 |174  0.17113  8.65438e-04

Intermediate statistics: 174 variables; iteration 20; function evaluation 22; phase 3
Function value 7.3184871e+03; maximum gradient component mag -4.9529e+00
Var    Value     Gradient |Var    Value     Gradient |Var    Value     Gradient
  1 -0.42335 -4.95293e+00 |  2  0.37198  4.82895e+00 |  3 -0.12528 -1.33811e+00
  4 -0.01510  1.23449e+00 |  5 -0.70865 -2.58846e-01 |  6 -0.60407 -2.34200e+00
  7  0.37600 -2.68045e-01 |  8 -0.18486  4.35461e+00 |  9  0.03351  1.32273e+00
 10 -0.60990  5.09006e-01 | 11 -0.62339  4.19094e+00 | 12 -0.10696  3.90545e-01
 13 -0.00998  5.28218e-03 | 14 -0.01019  5.39119e-03 | 15 -0.01041  5.49977e-03
 16 -0.01062  5.60761e-03 | 17 -0.01082  5.71506e-03 | 18 -0.01102  5.82140e-03
 19 -0.01121  5.92632e-03 | 20 -0.01140  6.02985e-03 | 21 -0.01157  6.13205e-03
 22 -0.01173  6.23313e-03 | 23 -0.01188  6.33335e-03 | 24 -0.01202  6.43287e-03
 25 -0.01214  6.53148e-03 | 26 -0.01224  6.62835e-03 | 27 -0.01232  6.72218e-03
 28 -0.01239  6.81202e-03 | 29 -0.01243  6.89840e-03 | 30 -0.01245  6.98291e-03
 31 -0.01245  7.06752e-03 | 32 -0.01242  7.15297e-03 | 33 -0.01236  7.23927e-03
 34 -0.01227  7.32548e-03 | 35 -0.01216  7.40984e-03 | 36 -0.01201  7.49040e-03
 37 -0.01183  7.56570e-03 | 38 -0.01160  7.63592e-03 | 39 -0.01134  7.70247e-03
 40 -0.01105  7.76547e-03 | 41 -0.01071  7.83182e-03 | 42 -0.01034  7.90200e-03
 43 -0.00993  7.97636e-03 | 44 -0.00949  8.05473e-03 | 45 -0.00903  8.13646e-03
 46 -0.00856  8.22110e-03 | 47 -0.00807  8.30921e-03 | 48 -0.00759  8.40026e-03
 49 -0.00712  8.49292e-03 | 50 -0.00667  8.58472e-03 | 51 -0.00627  8.67355e-03
 52 -0.00590  8.76031e-03 | 53 -0.00558  8.85264e-03 | 54 -0.00531  8.95991e-03
 55 -0.00508  9.08770e-03 | 56 -0.00487  9.23751e-03 | 57 -0.00466  9.40970e-03
 58 -0.00442  9.60414e-03 | 59 -0.00414  9.82519e-03 | 60 -0.00378  1.00767e-02
 61 -0.00331  1.03678e-02 | 62 -0.00269  1.07106e-02 | 63 -0.00189  1.11312e-02
 64 -0.00088  1.16782e-02 | 65  0.00038  1.24297e-02 | 66  0.00192  1.35206e-02
 67  0.00376  1.51028e-02 | 68  0.00593  1.72910e-02 | 69  0.00842  1.99802e-02
 70  0.01124  2.25641e-02 | 71  0.01436  2.38309e-02 | 72  0.01769  2.26031e-02
 73  0.02115  1.93097e-02 | 74  0.02461  1.68294e-02 | 75  0.02790  1.80349e-02
 76  0.03078  2.20365e-02 | 77  0.03305  2.55636e-02 | 78  0.03455  2.75100e-02
 79  0.03525  2.87288e-02 | 80  0.03523  2.98039e-02 | 81  0.03456  3.09837e-02
 82  0.03330  3.22662e-02 | 83  0.03136  3.26181e-02 | 84  0.02864  2.97584e-02
 85  0.02510  2.48033e-02 | 86  0.02093  2.46142e-02 | 87  0.01653  2.89451e-02
 88  0.01239  3.05327e-02 | 89  0.00901  2.88201e-02 | 90  0.00663  2.69537e-02
 91  0.00526  2.62227e-02 | 92  0.00467  2.66791e-02 | 93  0.00468  2.81901e-02
 94  0.00527  3.03590e-02 | 95  0.00661  3.17784e-02 | 96  0.00872  3.01744e-02
 97  0.01113  2.88952e-02 | 98  0.01303  3.65095e-02 | 99  0.01402  4.58450e-02
100  0.01472  4.92878e-02 |101  0.01560  4.16216e-02 |102  0.01603  1.56433e-02
103  0.01559 -8.45447e-03 |104  0.01470  1.81776e-02 |105  0.01183 -5.77174e-03
106  0.00715 -4.27953e-02 |107  0.00765 -5.42405e-02 |108  0.02228 -8.11829e-02
109  0.04204 -1.23388e-01 |110  0.02717 -1.27979e-01 |111  0.01258 -1.02970e-01
112  0.01340 -1.32997e-01 |113  0.01272 -1.71548e-01 |114  0.02477 -2.09002e-01
115  0.00645 -2.42801e-01 |116 -0.06193 -9.65713e-02 |117 -0.06940 -5.82743e-02
118 -0.07058 -2.54887e-02 |119 -0.04464  5.73169e-02 |120  0.05981  5.08522e-02
121  0.01345  9.72557e-03 |122  0.01614  7.35366e-04 |123 -0.02992 -3.13873e-02
124 -0.06911  3.86735e-02 |125 -0.01038 -3.43015e-02 |126  0.00042 -5.83526e-02
127 -0.03047 -4.46913e-02 |128  0.02495 -4.99903e-02 |129  0.06930 -6.91685e-02
130  0.00857 -1.48438e-02 |131  0.07921  1.09959e-02 |132  0.00412  7.20162e-03
133  0.13038  1.48648e-02 |134 -0.00615  4.22034e-02 |135 -0.04765  1.31325e-02
136 -0.05726 -1.58874e-02 |137 -0.02268  5.75993e-03 |138  0.09316  4.36655e-02
139  0.03112  5.12992e-03 |140  0.01617  7.54543e-04 |141 -0.02831  9.99732e-03
142 -0.01719 -2.13925e-02 |143 -0.00640  2.81603e-02 |144 -0.00040 -6.80518e-04
145  0.04708  5.87438e-02 |146  0.29654 -1.01597e-02 |147 -0.47504  5.79236e-03
148  0.31341  2.22111e-02 |149  0.18335  5.76238e-01 |150  0.25972 -9.16247e-01
151  0.17480  3.91423e-01 |152  0.25401 -5.58067e-01 |153  0.10402  4.87504e-01
154  0.29654 -1.04746e+00 |155  0.16889  3.31552e-01 |156  0.24596 -5.08788e-01
157 -0.35196 -1.93854e-03 |158  0.24280  1.25990e-03 |159  0.20109 -4.68408e-04
160  0.31543 -5.02660e-01 |161 -0.38085  1.07553e-01 |162  0.23553 -1.62445e-01
163  0.04982  3.48991e-03 |164  0.11994  4.87246e-01 |165  0.32052  1.12788e-01
166  0.27226 -7.29028e-01 |167  0.01374 -7.35015e-02 |168  0.39337  1.24151e-02
169  0.09927  2.59202e+00 |170  0.16396 -2.11817e+00 |171  0.21828 -3.71853e+00
172  0.25733  3.37217e+00 |173 -0.55409 -3.72653e-03 |174  0.17112  8.65410e-04

 - final statistics:
174 variables; iteration 40; function evaluation 43
Function value 7.3185e+03; maximum gradient component mag -8.7171e-01
Exit code = 1;  converg criter 1.0000e+00
Var    Value     Gradient |Var    Value     Gradient |Var    Value     Gradient
  1 -0.42322 -8.71707e-01 |  2  0.37192  8.67756e-01 |  3 -0.12524 -2.39820e-01
  4 -0.01511  2.06715e-01 |  5 -0.70855  1.22311e-02 |  6 -0.60403 -4.23013e-01
  7  0.37604 -3.33650e-02 |  8 -0.18491  7.85243e-01 |  9  0.03348  2.45960e-01
 10 -0.60999  4.57757e-02 | 11 -0.62348  7.43672e-01 | 12 -0.10726 -2.10960e-02
 13 -0.00995  4.46891e-03 | 14 -0.01017  4.52130e-03 | 15 -0.01038  4.57049e-03
 16 -0.01059  4.61627e-03 | 17 -0.01079  4.65780e-03 | 18 -0.01099  4.69550e-03
 19 -0.01118  4.72951e-03 | 20 -0.01137  4.75974e-03 | 21 -0.01154  4.78622e-03
 22 -0.01170  4.80890e-03 | 23 -0.01185  4.82778e-03 | 24 -0.01198  4.84288e-03
 25 -0.01210  4.85440e-03 | 26 -0.01221  4.86294e-03 | 27 -0.01229  4.86970e-03
 28 -0.01235  4.87627e-03 | 29 -0.01240  4.88390e-03 | 30 -0.01242  4.89287e-03
 31 -0.01241  4.90216e-03 | 32 -0.01238  4.91097e-03 | 33 -0.01232  4.91851e-03
 34 -0.01224  4.92428e-03 | 35 -0.01212  4.92817e-03 | 36 -0.01197  4.93030e-03
 37 -0.01179  4.93068e-03 | 38 -0.01157  4.92824e-03 | 39 -0.01131  4.92073e-03
 40 -0.01101  4.90635e-03 | 41 -0.01067  4.87618e-03 | 42 -0.01030  4.82548e-03
 43 -0.00989  4.74836e-03 | 44 -0.00945  4.63899e-03 | 45 -0.00899  4.49179e-03
 46 -0.00852  4.30065e-03 | 47 -0.00803  4.05845e-03 | 48 -0.00755  3.75916e-03
 49 -0.00708  3.39845e-03 | 50 -0.00664  2.97577e-03 | 51 -0.00623  2.49503e-03
 52 -0.00587  1.96282e-03 | 53 -0.00555  1.38439e-03 | 54 -0.00528  7.65237e-04
 55 -0.00505  1.13831e-04 | 56 -0.00484 -5.56597e-04 | 57 -0.00464 -1.22857e-03
 58 -0.00441 -1.87971e-03 | 59 -0.00413 -2.48411e-03 | 60 -0.00377 -3.00200e-03
 61 -0.00330 -3.37684e-03 | 62 -0.00268 -3.52492e-03 | 63 -0.00188 -3.33967e-03
 64 -0.00087 -2.70719e-03 | 65  0.00039 -1.55623e-03 | 66  0.00194  3.08009e-05
 67  0.00378  1.67802e-03 | 68  0.00594  2.61889e-03 | 69  0.00843  1.98972e-03
 70  0.01123 -2.13240e-04 | 71  0.01433 -1.93876e-03 | 72  0.01768  2.41455e-04
 73  0.02120  7.00310e-03 | 74  0.02471  1.32460e-02 | 75  0.02800  1.37249e-02
 76  0.03085  1.05243e-02 | 77  0.03309  8.48413e-03 | 78  0.03458  8.24575e-03
 79  0.03528  8.50509e-03 | 80  0.03525  8.69514e-03 | 81  0.03458  8.61406e-03
 82  0.03331  8.14268e-03 | 83  0.03138  8.18383e-03 | 84  0.02869  1.19303e-02
 85  0.02520  1.91074e-02 | 86  0.02103  1.92381e-02 | 87  0.01658  1.29707e-02
 88  0.01243  1.21416e-02 | 89  0.00906  1.43957e-02 | 90  0.00670  1.49039e-02
 91  0.00533  1.43196e-02 | 92  0.00475  1.39917e-02 | 93  0.00475  1.43106e-02
 94  0.00534  1.47314e-02 | 95  0.00668  1.40460e-02 | 96  0.00881  1.35236e-02
 97  0.01125  1.52535e-02 | 98  0.01309  9.07484e-03 | 99  0.01398 -4.47499e-03
100  0.01460 -1.73200e-02 |101  0.01548 -2.17387e-02 |102  0.01608 -4.59395e-03
103  0.01579  1.24729e-02 |104  0.01456 -2.13902e-02 |105  0.01182 -1.52681e-03
106  0.00724  1.92964e-03 |107  0.00761 -2.32398e-02 |108  0.02213 -4.24409e-02
109  0.04205 -3.26078e-03 |110  0.02728  3.39070e-02 |111  0.01259  3.86883e-02
112  0.01330 -1.69173e-02 |113  0.01257 -6.75818e-02 |114  0.02468 -5.21777e-02
115  0.00646 -3.21414e-02 |116 -0.06194  2.91422e-02 |117 -0.06939  5.26236e-02
118 -0.07063  2.89127e-02 |119 -0.04475  3.59995e-02 |120  0.05969 -1.15865e-02
121  0.01332 -6.05262e-02 |122  0.01606 -5.70683e-02 |123 -0.03002 -6.14002e-02
124 -0.06916  1.01242e-02 |125 -0.01048 -2.19124e-02 |126  0.00039 -1.28765e-02
127 -0.03046  9.17751e-03 |128  0.02484 -7.11583e-03 |129  0.06922 -1.31360e-02
130  0.00842 -1.47033e-02 |131  0.07907 -4.25759e-04 |132  0.00401  5.64158e-04
133  0.13024 -3.33375e-02 |134 -0.00624  4.70068e-02 |135 -0.04777 -3.31260e-02
136 -0.05740 -4.64112e-02 |137 -0.02287 -4.90468e-02 |138  0.09301  9.52853e-03
139  0.03096 -2.02793e-02 |140  0.01597 -6.60669e-02 |141 -0.02845 -2.85326e-02
142 -0.01727 -2.32103e-02 |143 -0.00640  1.23651e-02 |144 -0.00040 -8.43992e-04
145  0.04708 -2.52579e-02 |146  0.29653 -9.84281e-03 |147 -0.47538 -7.53480e-02
148  0.31326  3.69192e-02 |149  0.18329  8.27111e-02 |150  0.25972 -1.53037e-01
151  0.17479  2.44394e-02 |152  0.25404 -2.43319e-02 |153  0.10400  8.04245e-02
154  0.29659 -1.40541e-01 |155  0.16893  1.31658e-01 |156  0.24599 -1.68158e-01
157 -0.35032 -1.92737e-03 |158  0.24174  1.25379e-03 |159  0.20142  7.46240e-02
160  0.31560 -5.81280e-02 |161 -0.38076  7.86738e-02 |162  0.23559 -1.53744e-02
163  0.04977 -2.49771e-02 |164  0.11997  1.80189e-01 |165  0.32044 -5.71239e-02
166  0.27233 -1.06856e-01 |167  0.01378 -2.45595e-02 |168  0.39337 -1.64537e-03
169  0.09931  4.36158e-01 |170  0.16396 -4.48154e-01 |171  0.21841 -6.62177e-01
172  0.25727  5.75535e-01 |173 -0.55093 -3.68927e-03 |174  0.17039  8.61520e-04

Initial statistics: 198 variables; iteration 0; function evaluation 0; phase 4
Function value 7.3184856e+03; maximum gradient component mag -5.3369e+00
Var    Value     Gradient |Var    Value     Gradient |Var    Value     Gradient
  1 -0.42322 -8.71707e-01 |  2  0.37192  8.67756e-01 |  3 -0.12524 -2.39820e-01
  4 -0.01511  2.06715e-01 |  5 -0.70855  1.22311e-02 |  6 -0.60403 -4.23013e-01
  7  0.37604 -3.33650e-02 |  8 -0.18491  7.85243e-01 |  9  0.03348  2.45960e-01
 10 -0.60999  4.57757e-02 | 11 -0.62348  7.43672e-01 | 12 -0.10726 -2.10960e-02
 13 -0.00995  4.46891e-03 | 14 -0.01017  4.52130e-03 | 15 -0.01038  4.57049e-03
 16 -0.01059  4.61627e-03 | 17 -0.01079  4.65780e-03 | 18 -0.01099  4.69550e-03
 19 -0.01118  4.72951e-03 | 20 -0.01137  4.75974e-03 | 21 -0.01154  4.78622e-03
 22 -0.01170  4.80890e-03 | 23 -0.01185  4.82778e-03 | 24 -0.01198  4.84288e-03
 25 -0.01210  4.85440e-03 | 26 -0.01221  4.86294e-03 | 27 -0.01229  4.86970e-03
 28 -0.01235  4.87627e-03 | 29 -0.01240  4.88390e-03 | 30 -0.01242  4.89287e-03
 31 -0.01241  4.90216e-03 | 32 -0.01238  4.91097e-03 | 33 -0.01232  4.91851e-03
 34 -0.01224  4.92428e-03 | 35 -0.01212  4.92817e-03 | 36 -0.01197  4.93030e-03
 37 -0.01179  4.93068e-03 | 38 -0.01157  4.92824e-03 | 39 -0.01131  4.92073e-03
 40 -0.01101  4.90635e-03 | 41 -0.01067  4.87618e-03 | 42 -0.01030  4.82548e-03
 43 -0.00989  4.74836e-03 | 44 -0.00945  4.63899e-03 | 45 -0.00899  4.49179e-03
 46 -0.00852  4.30065e-03 | 47 -0.00803  4.05845e-03 | 48 -0.00755  3.75916e-03
 49 -0.00708  3.39845e-03 | 50 -0.00664  2.97577e-03 | 51 -0.00623  2.49503e-03
 52 -0.00587  1.96282e-03 | 53 -0.00555  1.38439e-03 | 54 -0.00528  7.65237e-04
 55 -0.00505  1.13831e-04 | 56 -0.00484 -5.56597e-04 | 57 -0.00464 -1.22857e-03
 58 -0.00441 -1.87971e-03 | 59 -0.00413 -2.48411e-03 | 60 -0.00377 -3.00200e-03
 61 -0.00330 -3.37684e-03 | 62 -0.00268 -3.52492e-03 | 63 -0.00188 -3.33967e-03
 64 -0.00087 -2.70719e-03 | 65  0.00039 -1.55623e-03 | 66  0.00194  3.08009e-05
 67  0.00378  1.67802e-03 | 68  0.00594  2.61889e-03 | 69  0.00843  1.98972e-03
 70  0.01123 -2.13240e-04 | 71  0.01433 -1.93876e-03 | 72  0.01768  2.41455e-04
 73  0.02120  7.00310e-03 | 74  0.02471  1.32460e-02 | 75  0.02800  1.37249e-02
 76  0.03085  1.05243e-02 | 77  0.03309  8.48413e-03 | 78  0.03458  8.24575e-03
 79  0.03528  8.50509e-03 | 80  0.03525  8.69514e-03 | 81  0.03458  8.61406e-03
 82  0.03331  8.14268e-03 | 83  0.03138  8.18383e-03 | 84  0.02869  1.19303e-02
 85  0.02520  1.91074e-02 | 86  0.02103  1.92381e-02 | 87  0.01658  1.29707e-02
 88  0.01243  1.21416e-02 | 89  0.00906  1.43957e-02 | 90  0.00670  1.49039e-02
 91  0.00533  1.43196e-02 | 92  0.00475  1.39917e-02 | 93  0.00475  1.43106e-02
 94  0.00534  1.47314e-02 | 95  0.00668  1.40460e-02 | 96  0.00881  1.35236e-02
 97  0.01125  1.52535e-02 | 98  0.01309  9.07484e-03 | 99  0.01398 -4.47499e-03
100  0.01460 -1.73200e-02 |101  0.01548 -2.17387e-02 |102  0.01608 -4.59395e-03
103  0.01579  1.24729e-02 |104  0.01456 -2.13902e-02 |105  0.01182 -1.52681e-03
106  0.00724  1.92964e-03 |107  0.00761 -2.32398e-02 |108  0.02213 -4.24409e-02
109  0.04205 -3.26078e-03 |110  0.02728  3.39070e-02 |111  0.01259  3.86883e-02
112  0.01330 -1.69173e-02 |113  0.01257 -6.75818e-02 |114  0.02468 -5.21777e-02
115  0.00646 -3.21414e-02 |116 -0.06194  2.91422e-02 |117 -0.06939  5.26236e-02
118 -0.07063  2.89127e-02 |119 -0.04475  3.59995e-02 |120  0.05969 -1.15865e-02
121  0.01332 -6.05262e-02 |122  0.01606 -5.70683e-02 |123 -0.03002 -6.14002e-02
124 -0.06916  1.01242e-02 |125 -0.01048 -2.19124e-02 |126  0.00039 -1.28765e-02
127 -0.03046  9.17751e-03 |128  0.02484 -7.11583e-03 |129  0.06922 -1.31360e-02
130  0.00842 -1.47033e-02 |131  0.07907 -4.25759e-04 |132  0.00401  5.64158e-04
133  0.13024 -3.33375e-02 |134 -0.00624  4.70068e-02 |135 -0.04777 -3.31260e-02
136 -0.05740 -4.64112e-02 |137 -0.02287 -4.90468e-02 |138  0.09301  9.52853e-03
139  0.03096 -2.02793e-02 |140  0.01597 -6.60669e-02 |141 -0.02845 -2.85326e-02
142 -0.01727 -2.32103e-02 |143 -0.00640  1.23651e-02 |144 -0.00040 -8.43992e-04
145  0.04708 -2.52579e-02 |146  0.29653 -9.84281e-03 |147  0.01638  2.06207e-02
148 -0.11477  1.52589e+00 |149 -0.47538 -7.53480e-02 |150  0.31326  3.69192e-02
151  0.04878 -2.03388e-01 |152 -0.23502 -2.28112e-01 |153  0.18329  8.27111e-02
154  0.25972 -1.53037e-01 |155  0.17479  2.44394e-02 |156  0.25404 -2.43319e-02
157  0.00587  5.27899e-02 |158 -0.09827  1.26679e+00 |159  0.10400  8.04245e-02
160  0.29659 -1.40541e-01 |161  0.16893  1.31658e-01 |162  0.24599 -1.68158e-01
163 -0.35032 -1.92737e-03 |164  0.24174  1.25379e-03 |165  0.05275  2.60930e-04
166 -0.18762 -9.53679e-04 |167  0.20142  7.46240e-02 |168  0.31560 -5.81280e-02
169  0.07774  8.98532e-01 |170 -0.53183 -9.92971e-05 |171 -0.38076  7.86738e-02
172  0.23559 -1.53744e-02 |173  0.07820  1.20899e+00 |174 -0.12196 -5.33693e+00
175  0.04977 -2.49771e-02 |176  0.11997  1.80189e-01 |177  0.32044 -5.71239e-02
178  0.27233 -1.06856e-01 |179  0.00546 -7.26311e-01 |180  0.00907  6.83948e-01
181 -0.15012 -1.85295e+00 |182 -0.12571  1.99102e+00 |183  0.01378 -2.45595e-02
184  0.39337 -1.64537e-03 |185  0.01863  1.30093e-01 |186 -0.15435  1.23014e-01
187  0.09931  4.36158e-01 |188  0.16396 -4.48154e-01 |189  0.21841 -6.62177e-01
190  0.25727  5.75535e-01 |191  0.02453  2.25735e+00 |192 -0.00648 -4.65852e-01
193 -0.17628  1.69010e+00 |194 -0.11429  4.52052e+00 |195 -0.55093 -3.68927e-03
196  0.17039  8.61520e-04 |197  0.09511  4.72870e-04 |198 -0.25343 -1.32117e-03

Intermediate statistics: 198 variables; iteration 20; function evaluation 22; phase 4
Function value 7.3184814e+03; maximum gradient component mag 4.8476e+00
Var    Value     Gradient |Var    Value     Gradient |Var    Value     Gradient
  1 -0.42322 -1.80881e-01 |  2  0.37201  3.81666e+00 |  3 -0.12495  4.84764e+00
  4 -0.01542  3.77599e+00 |  5 -0.70841 -3.06602e-02 |  6 -0.60403 -1.12769e+00
  7  0.37632  1.57984e+00 |  8 -0.18461  4.50412e+00 |  9  0.03285  2.24693e+00
 10 -0.60927  8.67886e-02 | 11 -0.62353 -8.91290e-01 | 12 -0.10746  9.81002e-02
 13 -0.00995  1.05568e-03 | 14 -0.01017  1.08474e-03 | 15 -0.01038  1.11439e-03
 16 -0.01059  1.14457e-03 | 17 -0.01080  1.17540e-03 | 18 -0.01099  1.20666e-03
 19 -0.01118  1.23825e-03 | 20 -0.01137  1.27011e-03 | 21 -0.01154  1.30219e-03
 22 -0.01170  1.33449e-03 | 23 -0.01185  1.36699e-03 | 24 -0.01198  1.39970e-03
 25 -0.01210  1.43252e-03 | 26 -0.01220  1.46521e-03 | 27 -0.01229  1.49722e-03
 28 -0.01235  1.52789e-03 | 29 -0.01239  1.55672e-03 | 30 -0.01241  1.58362e-03
 31 -0.01241  1.60890e-03 | 32 -0.01238  1.63272e-03 | 33 -0.01232  1.65511e-03
 34 -0.01223  1.67580e-03 | 35 -0.01212  1.69414e-03 | 36 -0.01197  1.70916e-03
 37 -0.01178  1.71972e-03 | 38 -0.01156  1.72487e-03 | 39 -0.01130  1.72393e-03
 40 -0.01100  1.71604e-03 | 41 -0.01067  1.70226e-03 | 42 -0.01029  1.68222e-03
 43 -0.00989  1.65549e-03 | 44 -0.00945  1.62125e-03 | 45 -0.00899  1.57832e-03
 46 -0.00851  1.52555e-03 | 47 -0.00803  1.46200e-03 | 48 -0.00754  1.38655e-03
 49 -0.00707  1.29778e-03 | 50 -0.00663  1.19341e-03 | 51 -0.00622  1.07033e-03
 52 -0.00585  9.25472e-04 | 53 -0.00554  7.57154e-04 | 54 -0.00527  5.64631e-04
 55 -0.00503  3.46818e-04 | 56 -0.00482  1.01202e-04 | 57 -0.00462 -1.75960e-04
 58 -0.00439 -4.88714e-04 | 59 -0.00411 -8.40908e-04 | 60 -0.00375 -1.23719e-03
 61 -0.00328 -1.68303e-03 | 62 -0.00266 -2.18472e-03 | 63 -0.00186 -2.74859e-03
 64 -0.00085 -3.37921e-03 | 65  0.00040 -4.07371e-03 | 66  0.00194 -4.82338e-03
 67  0.00378 -5.60518e-03 | 68  0.00593 -6.39900e-03 | 69  0.00842 -7.21989e-03
 70  0.01123 -8.12822e-03 | 71  0.01434 -9.15521e-03 | 72  0.01769 -1.01468e-02
 73  0.02117 -1.08444e-02 | 74  0.02465 -1.13608e-02 | 75  0.02794 -1.22204e-02
 76  0.03081 -1.34912e-02 | 77  0.03306 -1.46889e-02 | 78  0.03455 -1.56126e-02
 79  0.03525 -1.63401e-02 | 80  0.03523 -1.69048e-02 | 81  0.03456 -1.72964e-02
 82  0.03329 -1.74939e-02 | 83  0.03136 -1.73435e-02 | 84  0.02865 -1.65086e-02
 85  0.02514 -1.52185e-02 | 86  0.02096 -1.43563e-02 | 87  0.01654 -1.34672e-02
 88  0.01239 -1.20588e-02 | 89  0.00901 -1.05358e-02 | 90  0.00664 -8.96486e-03
 91  0.00527 -7.27577e-03 | 92  0.00468 -5.43261e-03 | 93  0.00468 -3.38988e-03
 94  0.00526 -1.07540e-03 | 95  0.00660  1.60461e-03 | 96  0.00872  4.70977e-03
 97  0.01114  8.35170e-03 | 98  0.01300  1.24853e-02 | 99  0.01394  1.70059e-02
100  0.01460  2.22304e-02 |101  0.01549  2.85203e-02 |102  0.01600  3.65461e-02
103  0.01560  4.58367e-02 |104  0.01450  5.52962e-02 |105  0.01165  6.71412e-02
106  0.00705  7.84969e-02 |107  0.00752  9.25421e-02 |108  0.02211  1.08996e-01
109  0.04182  1.21012e-01 |110  0.02694  9.18435e-02 |111  0.01226  7.72669e-02
112  0.01315  8.23372e-02 |113  0.01254  9.02229e-02 |114  0.02454  7.82640e-02
115  0.00627  3.44679e-02 |116 -0.06215 -2.17093e-03 |117 -0.06964 -7.81046e-03
118 -0.07082  2.39957e-03 |119 -0.04493  2.09384e-02 |120  0.05961 -3.35956e-02
121  0.01336 -7.57690e-02 |122  0.01593 -1.03562e-01 |123 -0.03008 -8.96913e-02
124 -0.06930 -4.29862e-02 |125 -0.01049 -9.26832e-02 |126  0.00040 -8.85745e-02
127 -0.03052 -5.73428e-02 |128  0.02482 -5.10041e-02 |129  0.06946 -1.03175e-01
130  0.00841 -4.27743e-03 |131  0.07952 -4.25105e-02 |132  0.00429 -2.03611e-02
133  0.13083 -7.32148e-03 |134 -0.00622 -3.36961e-02 |135 -0.04748  6.79620e-03
136 -0.05709  2.96489e-03 |137 -0.02244  4.44940e-04 |138  0.09355 -2.50630e-02
139  0.03131 -2.40254e-02 |140  0.01642  5.68795e-04 |141 -0.02824 -3.18401e-03
142 -0.01715 -9.64278e-03 |143 -0.00649  8.27835e-03 |144 -0.00040 -2.39543e-04
145  0.04714  1.18281e+00 |146  0.29641 -1.56098e+00 |147  0.01666  5.96754e-01
148 -0.11506  1.08704e+00 |149 -0.47531 -1.68471e-02 |150  0.31314  1.06205e-02
151  0.04885  7.24901e-04 |152 -0.23427  5.65247e-02 |153  0.18333  4.94722e-01
154  0.25965 -8.15163e-01 |155  0.17482  3.89273e-02 |156  0.25400 -1.15364e-02
157  0.00601  3.93497e-02 |158 -0.09864  3.25352e-01 |159  0.10379  1.15611e-01
160  0.29645 -2.37283e-01 |161  0.16876  1.82195e-01 |162  0.24589 -2.81002e-01
163 -0.35031 -1.92729e-03 |164  0.24173  1.25374e-03 |165  0.05275  2.60922e-04
166 -0.18762 -9.53644e-04 |167  0.20174 -2.42515e-01 |168  0.31565  1.14985e-01
169  0.07761 -1.30168e+00 |170 -0.53183 -2.92306e-04 |171 -0.38012  1.06192e-01
172  0.23589 -6.15759e-01 |173  0.07776 -1.01705e-01 |174 -0.12114  1.97945e+00
175  0.04838  2.40545e-01 |176  0.12010 -1.55995e-01 |177  0.32017 -1.00645e-01
178  0.27237  2.52169e-01 |179  0.00679  3.97562e-02 |180  0.00895 -2.83863e-02
181 -0.14950  2.69217e-01 |182 -0.12596  3.47649e-01 |183  0.01407  7.25838e-02
184  0.39328 -5.35986e-02 |185  0.01842  7.53997e-02 |186 -0.15445  7.33336e-02
187  0.09946  5.98273e-01 |188  0.16390  1.70798e+00 |189  0.21850 -4.18351e-01
190  0.25717 -9.98297e-01 |191  0.02443  2.24915e-01 |192 -0.00606  7.26714e-01
193 -0.17646 -1.12920e-01 |194 -0.11459  7.91757e-01 |195 -0.55091 -3.68898e-03
196  0.17038  8.61489e-04 |197  0.09510  4.72854e-04 |198 -0.25342 -1.32112e-03
198 variables; iteration 40; function evaluation 43; phase 4
Function value 7.3184811e+03; maximum gradient component mag 4.5265e+00
Var    Value     Gradient |Var    Value     Gradient |Var    Value     Gradient
  1 -0.42322 -5.22528e-01 |  2  0.37200  3.63941e+00 |  3 -0.12497  4.52649e+00
  4 -0.01539  3.75288e+00 |  5 -0.70842  4.49476e-02 |  6 -0.60401 -4.08881e-01
  7  0.37630  1.69615e+00 |  8 -0.18462  4.19287e+00 |  9  0.03288  2.13172e+00
 10 -0.60950 -3.48495e-02 | 11 -0.62350 -7.79313e-01 | 12 -0.10735  4.32660e-01
 13 -0.00996  3.23470e-04 | 14 -0.01018  3.25065e-04 | 15 -0.01039  3.26531e-04
 16 -0.01060  3.27892e-04 | 17 -0.01080  3.29197e-04 | 18 -0.01100  3.30469e-04
 19 -0.01119  3.31753e-04 | 20 -0.01137  3.33128e-04 | 21 -0.01155  3.34704e-04
 22 -0.01171  3.36634e-04 | 23 -0.01186  3.39113e-04 | 24 -0.01199  3.42374e-04
 25 -0.01211  3.46692e-04 | 26 -0.01221  3.52331e-04 | 27 -0.01230  3.59508e-04
 28 -0.01236  3.68341e-04 | 29 -0.01240  3.78940e-04 | 30 -0.01242  3.91580e-04
 31 -0.01242  4.06809e-04 | 32 -0.01239  4.25327e-04 | 33 -0.01233  4.47899e-04
 34 -0.01224  4.75282e-04 | 35 -0.01213  5.08145e-04 | 36 -0.01198  5.47006e-04
 37 -0.01179  5.92241e-04 | 38 -0.01157  6.44168e-04 | 39 -0.01131  7.03161e-04
 40 -0.01101  7.69653e-04 | 41 -0.01068  8.44622e-04 | 42 -0.01030  9.28986e-04
 43 -0.00990  1.02379e-03 | 44 -0.00946  1.13000e-03 | 45 -0.00900  1.24846e-03
 46 -0.00852  1.38005e-03 | 47 -0.00804  1.52585e-03 | 48 -0.00755  1.68722e-03
 49 -0.00708  1.86579e-03 | 50 -0.00664  2.06315e-03 | 51 -0.00623  2.28030e-03
 52 -0.00586  2.51745e-03 | 53 -0.00554  2.77485e-03 | 54 -0.00527  3.05340e-03
 55 -0.00504  3.35498e-03 | 56 -0.00483  3.68213e-03 | 57 -0.00462  4.03705e-03
 58 -0.00439  4.42090e-03 | 59 -0.00411  4.83561e-03 | 60 -0.00375  5.28313e-03
 61 -0.00328  5.76727e-03 | 62 -0.00266  6.29299e-03 | 63 -0.00186  6.86901e-03
 64 -0.00085  7.50755e-03 | 65  0.00041  8.21786e-03 | 66  0.00195  9.00907e-03
 67  0.00379  9.85294e-03 | 68  0.00595  1.06719e-02 | 69  0.00844  1.13510e-02
 70  0.01125  1.18387e-02 | 71  0.01436  1.23554e-02 | 72  0.01770  1.34116e-02
 73  0.02119  1.52310e-02 | 74  0.02468  1.70653e-02 | 75  0.02796  1.79256e-02
 76  0.03083  1.80382e-02 | 77  0.03308  1.82443e-02 | 78  0.03457  1.86770e-02
 79  0.03527  1.90982e-02 | 80  0.03525  1.94050e-02 | 81  0.03458  1.95633e-02
 82  0.03330  1.95563e-02 | 83  0.03137  1.95518e-02 | 84  0.02866  2.01123e-02
 85  0.02514  2.11225e-02 | 86  0.02097  2.08164e-02 | 87  0.01654  1.95984e-02
 88  0.01239  1.93789e-02 | 89  0.00901  1.97535e-02 | 90  0.00664  2.01841e-02
 91  0.00526  2.08524e-02 | 92  0.00467  2.19418e-02 | 93  0.00467  2.35307e-02
 94  0.00525  2.56513e-02 | 95  0.00659  2.83030e-02 | 96  0.00872  3.17186e-02
 97  0.01114  3.61477e-02 | 98  0.01300  4.01179e-02 | 99  0.01395  4.34214e-02
100  0.01462  4.72385e-02 |101  0.01551  5.24880e-02 |102  0.01603  6.06629e-02
103  0.01565  6.82862e-02 |104  0.01452  6.80747e-02 |105  0.01167  7.38212e-02
106  0.00706  7.51321e-02 |107  0.00751  7.38979e-02 |108  0.02208  7.34441e-02
109  0.04181  7.19862e-02 |110  0.02697  4.34150e-02 |111  0.01230  2.36306e-02
112  0.01316  9.48678e-03 |113  0.01252  2.24102e-03 |114  0.02457  5.92312e-03
115  0.00632  1.84406e-03 |116 -0.06206  1.63780e-02 |117 -0.06956  1.08016e-02
118 -0.07081 -1.77849e-02 |119 -0.04497 -3.76819e-02 |120  0.05956 -1.43843e-01
121  0.01340 -1.06468e-01 |122  0.01598 -1.06838e-01 |123 -0.03004 -8.68743e-02
124 -0.06925 -2.72609e-02 |125 -0.01040 -4.56217e-02 |126  0.00045 -6.01797e-02
127 -0.03049 -4.75052e-02 |128  0.02486 -4.80568e-02 |129  0.06953 -9.20672e-02
130  0.00834 -5.92490e-02 |131  0.07945 -1.00903e-01 |132  0.00426 -4.55264e-02
133  0.13081 -4.99016e-02 |134 -0.00618 -3.34689e-02 |135 -0.04752 -1.50590e-02
136 -0.05715 -1.52132e-02 |137 -0.02254 -1.72209e-02 |138  0.09344 -4.12422e-02
139  0.03130 -3.17633e-02 |140  0.01641 -1.32952e-02 |141 -0.02821 -1.09235e-02
142 -0.01713 -1.04433e-02 |143 -0.00649  6.62025e-03 |144 -0.00041 -6.92182e-04
145  0.04716  1.21378e+00 |146  0.29642 -1.57891e+00 |147  0.01665  5.58149e-01
148 -0.11507  9.91009e-01 |149 -0.47524 -1.20283e-03 |150  0.31317  5.15867e-03
151  0.04884  7.52292e-03 |152 -0.23443 -4.35900e-03 |153  0.18332  6.54878e-01
154  0.25963 -1.18762e+00 |155  0.17488  3.43271e-01 |156  0.25400 -3.16220e-01
157  0.00603  1.75147e-01 |158 -0.09865  3.91319e-01 |159  0.10385  5.26134e-02
160  0.29650 -9.34691e-04 |161  0.16883  3.00335e-01 |162  0.24593 -3.76350e-01
163 -0.35023 -1.92674e-03 |164  0.24168  1.25345e-03 |165  0.05274  2.60868e-04
166 -0.18758 -9.53431e-04 |167  0.20186 -1.58719e-01 |168  0.31563 -1.07265e-01
169  0.07759 -1.22031e+00 |170 -0.53182 -2.98087e-04 |171 -0.37775  2.17570e-01
172  0.23668 -6.33891e-01 |173  0.07726 -1.01782e-01 |174 -0.12119  1.97914e+00
175  0.04751  1.37481e-01 |176  0.12010 -1.45026e-01 |177  0.31985 -2.23440e-01
178  0.27239  3.49553e-01 |179  0.00750  5.32113e-02 |180  0.00897  2.07319e-02
181 -0.14961  2.09906e-01 |182 -0.12597  3.29225e-01 |183  0.01403  1.00659e-01
184  0.39331 -2.89377e-02 |185  0.01846  1.65689e-01 |186 -0.15438  2.06446e-01
187  0.09947  5.60636e-01 |188  0.16387  1.54583e+00 |189  0.21853 -2.18098e-01
190  0.25715 -1.06660e+00 |191  0.02442  2.09636e-01 |192 -0.00603  6.95708e-01
193 -0.17643  2.41896e-01 |194 -0.11460  6.57574e-01 |195 -0.55076 -3.68718e-03
196  0.17035  8.61300e-04 |197  0.09509  4.72755e-04 |198 -0.25336 -1.32080e-03
198 variables; iteration 60; function evaluation 68; phase 4
Function value 7.3184804e+03; maximum gradient component mag 4.7870e-01
Var    Value     Gradient |Var    Value     Gradient |Var    Value     Gradient
  1 -0.42322 -5.92740e-02 |  2  0.37201  3.84653e-01 |  3 -0.12501  4.78699e-01
  4 -0.01544  4.00342e-01 |  5 -0.70841  1.97301e-03 |  6 -0.60400 -4.39226e-02
  7  0.37633  1.61970e-01 |  8 -0.18467  4.32162e-01 |  9  0.03285  2.70709e-01
 10 -0.60932  1.55823e-02 | 11 -0.62350 -8.96139e-02 | 12 -0.10736  4.35121e-02
 13 -0.00996  5.98373e-05 | 14 -0.01017  8.84647e-05 | 15 -0.01039  1.19113e-04
 16 -0.01060  1.51819e-04 | 17 -0.01080  1.86558e-04 | 18 -0.01100  2.23327e-04
 19 -0.01119  2.62066e-04 | 20 -0.01137  3.02663e-04 | 21 -0.01154  3.44966e-04
 22 -0.01170  3.88776e-04 | 23 -0.01185  4.33871e-04 | 24 -0.01199  4.80029e-04
 25 -0.01211  5.27050e-04 | 26 -0.01221  5.74763e-04 | 27 -0.01229  6.22950e-04
 28 -0.01236  6.71249e-04 | 29 -0.01240  7.19071e-04 | 30 -0.01242  7.65696e-04
 31 -0.01241  8.10349e-04 | 32 -0.01238  8.52316e-04 | 33 -0.01232  8.90919e-04
 34 -0.01224  9.25510e-04 | 35 -0.01212  9.55416e-04 | 36 -0.01197  9.79869e-04
 37 -0.01179  9.97906e-04 | 38 -0.01157  1.00833e-03 | 39 -0.01131  1.00976e-03
 40 -0.01101  1.00084e-03 | 41 -0.01067  9.80047e-04 | 42 -0.01030  9.46283e-04
 43 -0.00989  8.98568e-04 | 44 -0.00945  8.36053e-04 | 45 -0.00899  7.57930e-04
 46 -0.00852  6.63372e-04 | 47 -0.00803  5.51465e-04 | 48 -0.00755  4.21111e-04
 49 -0.00708  2.70865e-04 | 50 -0.00663  9.88200e-05 | 51 -0.00622 -9.73220e-05
 52 -0.00586 -3.19838e-04 | 53 -0.00554 -5.70578e-04 | 54 -0.00527 -8.50766e-04
 55 -0.00504 -1.16115e-03 | 56 -0.00483 -1.50224e-03 | 57 -0.00462 -1.87395e-03
 58 -0.00439 -2.27504e-03 | 59 -0.00411 -2.70433e-03 | 60 -0.00375 -3.16127e-03
 61 -0.00328 -3.64827e-03 | 62 -0.00267 -4.17193e-03 | 63 -0.00187 -4.74616e-03
 64 -0.00086 -5.39120e-03 | 65  0.00040 -6.12195e-03 | 66  0.00193 -6.93118e-03
 67  0.00377 -7.73294e-03 | 68  0.00592 -8.33411e-03 | 69  0.00841 -8.50469e-03
 70  0.01123 -8.24434e-03 | 71  0.01434 -8.07619e-03 | 72  0.01768 -8.64613e-03
 73  0.02116 -9.54967e-03 | 74  0.02464 -9.50987e-03 | 75  0.02793 -8.59873e-03
 76  0.03081 -7.99217e-03 | 77  0.03306 -7.65040e-03 | 78  0.03455 -7.04717e-03
 79  0.03526 -6.15204e-03 | 80  0.03523 -5.04598e-03 | 81  0.03457 -3.76886e-03
 82  0.03330 -2.32252e-03 | 83  0.03137 -5.20882e-04 | 84  0.02867  1.67361e-03
 85  0.02515  3.20258e-03 | 86  0.02097  4.37762e-03 | 87  0.01655  6.70865e-03
 88  0.01241  8.25402e-03 | 89  0.00902  8.93791e-03 | 90  0.00665  9.86036e-03
 91  0.00528  1.08744e-02 | 92  0.00469  1.16045e-02 | 93  0.00469  1.18964e-02
 94  0.00527  1.18327e-02 | 95  0.00660  1.16929e-02 | 96  0.00872  1.12465e-02
 97  0.01113  1.01384e-02 | 98  0.01299  1.07417e-02 | 99  0.01395  1.28797e-02
100  0.01463  1.50774e-02 |101  0.01552  1.60657e-02 |102  0.01602  1.36605e-02
103  0.01561  1.19260e-02 |104  0.01455  2.07262e-02 |105  0.01167  1.82808e-02
106  0.00705  1.76536e-02 |107  0.00753  2.14371e-02 |108  0.02214  2.25535e-02
109  0.04185  1.41572e-02 |110  0.02694 -1.21057e-02 |111  0.01230 -1.92940e-02
112  0.01315 -2.37692e-02 |113  0.01252 -1.25420e-02 |114  0.02459  6.82026e-03
115  0.00637  2.72753e-02 |116 -0.06209 -6.95468e-03 |117 -0.06962 -2.93039e-02
118 -0.07082 -2.86121e-02 |119 -0.04494 -1.30956e-02 |120  0.05964 -2.09730e-03
121  0.01345  1.30492e-02 |122  0.01601  9.54800e-03 |123 -0.03008 -2.95450e-02
124 -0.06924 -5.38875e-03 |125 -0.01044 -1.86267e-02 |126  0.00050  1.12626e-02
127 -0.03041  2.82779e-02 |128  0.02483  3.01908e-02 |129  0.06971  8.23069e-02
130  0.00826  8.27569e-03 |131  0.07959  2.90127e-02 |132  0.00422 -2.35976e-02
133  0.13079 -2.97036e-02 |134 -0.00625 -3.64201e-02 |135 -0.04753 -9.12165e-03
136 -0.05719 -1.45375e-02 |137 -0.02256 -1.27862e-02 |138  0.09342 -1.83437e-02
139  0.03129 -7.97585e-03 |140  0.01636 -1.83251e-02 |141 -0.02818  8.21942e-03
142 -0.01709  9.76533e-03 |143 -0.00653 -4.66625e-03 |144 -0.00041  3.25601e-04
145  0.04712  1.12010e-01 |146  0.29645 -1.78686e-01 |147  0.01664  6.95644e-02
148 -0.11509  1.12085e-01 |149 -0.47525 -1.00987e-02 |150  0.31331  2.31010e-02
151  0.04887  2.37272e-02 |152 -0.23441 -4.95170e-03 |153  0.18336  1.17616e-01
154  0.25969 -1.09149e-01 |155  0.17485  3.46020e-02 |156  0.25400 -3.50460e-02
157  0.00600  1.78945e-02 |158 -0.09865  4.96012e-02 |159  0.10379 -2.31969e-02
160  0.29646 -1.58740e-02 |161  0.16882  4.14979e-02 |162  0.24593 -3.58434e-02
163 -0.34844 -1.91460e-03 |164  0.24051  1.24678e-03 |165  0.05250  2.59662e-04
166 -0.18669 -9.48655e-04 |167  0.20150 -7.32559e-02 |168  0.31559 -1.90366e-02
169  0.07769 -1.23684e-01 |170 -0.53163 -1.76279e-04 |171 -0.37768  1.88787e-02
172  0.23675 -7.95352e-02 |173  0.07722 -5.53991e-02 |174 -0.12133  2.05561e-01
175  0.04737  1.61897e-02 |176  0.12011 -1.95746e-02 |177  0.31983 -2.57857e-02
178  0.27234  3.26256e-02 |179  0.00763  1.21583e-02 |180  0.00894 -2.43870e-02
181 -0.14964  6.19976e-03 |182 -0.12598  4.31425e-02 |183  0.01411  2.14068e-02
184  0.39330 -2.30101e-02 |185  0.01837 -2.19864e-03 |186 -0.15442  2.87827e-02
187  0.09945  5.73584e-02 |188  0.16384  1.31801e-01 |189  0.21851 -2.76748e-02
190  0.25714 -1.35739e-01 |191  0.02443  2.44256e-02 |192 -0.00605  1.24394e-01
193 -0.17642  2.86574e-02 |194 -0.11457  6.52354e-02 |195 -0.54733 -3.64722e-03
196  0.16955  8.57052e-04 |197  0.09465  4.70536e-04 |198 -0.25214 -1.31368e-03
198 variables; iteration 80; function evaluation 95; phase 4
Function value 7.3184803e+03; maximum gradient component mag -2.8939e-01
Var    Value     Gradient |Var    Value     Gradient |Var    Value     Gradient
  1 -0.42321  3.54435e-02 |  2  0.37201 -2.32427e-01 |  3 -0.12502 -2.89394e-01
  4 -0.01545 -2.40668e-01 |  5 -0.70844 -2.34913e-02 |  6 -0.60399  2.83733e-02
  7  0.37633 -1.00886e-01 |  8 -0.18468 -2.63276e-01 |  9  0.03284 -1.54166e-01
 10 -0.60936 -6.68042e-03 | 11 -0.62349  5.31859e-02 | 12 -0.10742 -2.65477e-02
 13 -0.00996 -6.91993e-06 | 14 -0.01018 -4.34607e-05 | 15 -0.01039 -7.91854e-05
 16 -0.01060 -1.13571e-04 | 17 -0.01080 -1.45952e-04 | 18 -0.01100 -1.75799e-04
 19 -0.01119 -2.02496e-04 | 20 -0.01138 -2.25372e-04 | 21 -0.01155 -2.43763e-04
 22 -0.01171 -2.56997e-04 | 23 -0.01186 -2.64431e-04 | 24 -0.01199 -2.65506e-04
 25 -0.01211 -2.59761e-04 | 26 -0.01221 -2.46900e-04 | 27 -0.01230 -2.26745e-04
 28 -0.01236 -1.99124e-04 | 29 -0.01240 -1.63684e-04 | 30 -0.01242 -1.19880e-04
 31 -0.01242 -6.69722e-05 | 32 -0.01239 -4.35846e-06 | 33 -0.01233  6.84587e-05
 34 -0.01224  1.51768e-04 | 35 -0.01213  2.45628e-04 | 36 -0.01198  3.49892e-04
 37 -0.01179  4.64316e-04 | 38 -0.01157  5.88770e-04 | 39 -0.01131  7.23161e-04
 40 -0.01101  8.66679e-04 | 41 -0.01067  1.02004e-03 | 42 -0.01030  1.18167e-03
 43 -0.00989  1.34930e-03 | 44 -0.00945  1.51959e-03 | 45 -0.00899  1.68788e-03
 46 -0.00852  1.84838e-03 | 47 -0.00803  1.99463e-03 | 48 -0.00755  2.11936e-03
 49 -0.00708  2.21578e-03 | 50 -0.00663  2.27872e-03 | 51 -0.00622  2.30548e-03
 52 -0.00586  2.29550e-03 | 53 -0.00554  2.24914e-03 | 54 -0.00527  2.16490e-03
 55 -0.00504  2.03909e-03 | 56 -0.00483  1.86812e-03 | 57 -0.00462  1.64962e-03
 58 -0.00439  1.38227e-03 | 59 -0.00411  1.06886e-03 | 60 -0.00375  7.18816e-04
 61 -0.00328  3.53339e-04 | 62 -0.00267  1.02909e-05 | 63 -0.00187 -2.51358e-04
 64 -0.00086 -3.58587e-04 | 65  0.00040 -2.55972e-04 | 66  0.00194  2.56574e-05
 67  0.00378  3.04454e-04 | 68  0.00594  3.10097e-04 | 69  0.00843 -5.29094e-06
 70  0.01124 -2.93555e-04 | 71  0.01435 -4.55758e-04 | 72  0.01769 -8.04225e-04
 73  0.02118 -2.97170e-04 | 74  0.02467  1.37976e-03 | 75  0.02796  1.02883e-03
 76  0.03082 -1.04590e-03 | 77  0.03307 -2.19416e-03 | 78  0.03456 -2.66860e-03
 79  0.03526 -3.09330e-03 | 80  0.03523 -3.56008e-03 | 81  0.03457 -4.08984e-03
 82  0.03329 -4.77461e-03 | 83  0.03136 -5.58396e-03 | 84  0.02865 -5.09600e-03
 85  0.02514 -2.79547e-03 | 86  0.02097 -3.51338e-03 | 87  0.01654 -4.86297e-03
 88  0.01239 -5.31926e-03 | 89  0.00901 -5.46604e-03 | 90  0.00664 -5.46629e-03
 91  0.00526 -5.65611e-03 | 92  0.00467 -5.73325e-03 | 93  0.00467 -5.42292e-03
 94  0.00526 -4.76509e-03 | 95  0.00660 -4.10057e-03 | 96  0.00873 -3.54219e-03
 97  0.01115 -3.57952e-03 | 98  0.01301 -4.75040e-03 | 99  0.01395 -6.48021e-03
100  0.01461 -8.62872e-03 |101  0.01549 -1.07034e-02 |102  0.01600 -1.14808e-02
103  0.01561 -1.14481e-02 |104  0.01451 -1.23278e-02 |105  0.01165 -1.15911e-02
106  0.00704 -1.14894e-02 |107  0.00747 -1.91403e-02 |108  0.02205 -1.93659e-02
109  0.04181 -3.85079e-03 |110  0.02701  1.25086e-02 |111  0.01238  2.12626e-02
112  0.01316 -1.00032e-03 |113  0.01249 -1.33910e-02 |114  0.02459 -6.67895e-03
115  0.00625 -1.34753e-02 |116 -0.06207  1.43367e-02 |117 -0.06957  1.90148e-02
118 -0.07079  1.12986e-02 |119 -0.04496 -5.57967e-03 |120  0.05960  2.96467e-03
121  0.01341  7.75337e-03 |122  0.01594 -1.03040e-02 |123 -0.03005 -2.19741e-03
124 -0.06930 -1.33786e-02 |125 -0.01040  1.27830e-02 |126  0.00044  4.46538e-03
127 -0.03048  3.85166e-03 |128  0.02483 -4.12795e-03 |129  0.06950 -3.70344e-02
130  0.00832 -2.30878e-03 |131  0.07949 -3.60992e-03 |132  0.00431  2.65246e-02
133  0.13079  6.70748e-03 |134 -0.00615  2.08474e-02 |135 -0.04750  2.93404e-03
136 -0.05716 -6.56307e-04 |137 -0.02253  2.28021e-03 |138  0.09348  1.52570e-02
139  0.03128 -7.70998e-03 |140  0.01645  1.37386e-02 |141 -0.02820 -4.12071e-04
142 -0.01707  1.63128e-02 |143 -0.00654 -8.34641e-03 |144 -0.00041 -7.89696e-04
145  0.04712 -6.75521e-02 |146  0.29646  1.06500e-01 |147  0.01662 -4.21245e-02
148 -0.11509 -6.56642e-02 |149 -0.47530  2.39672e-03 |150  0.31296 -1.26534e-02
151  0.04884 -5.47079e-03 |152 -0.23442 -1.90479e-03 |153  0.18329 -4.83709e-02
154  0.25966  7.46645e-02 |155  0.17484 -2.32199e-02 |156  0.25400  1.93772e-02
157  0.00600 -8.68192e-03 |158 -0.09866 -2.78523e-02 |159  0.10387  9.27427e-03
160  0.29650  6.20572e-03 |161  0.16878 -3.33017e-02 |162  0.24591  1.56610e-02
163 -0.34198 -1.87115e-03 |164  0.23630  1.22280e-03 |165  0.05162  2.55305e-04
166 -0.18349 -9.31432e-04 |167  0.20211  3.19051e-02 |168  0.31572  9.47073e-03
169  0.07761  7.62392e-02 |170 -0.53102 -1.43096e-04 |171 -0.37770 -1.25022e-02
172  0.23677  4.53219e-02 |173  0.07725  2.29874e-02 |174 -0.12135 -1.23904e-01
175  0.04740 -9.85286e-03 |176  0.12010  3.19677e-03 |177  0.31985  1.55529e-02
178  0.27233 -2.44973e-02 |179  0.00759 -5.80034e-03 |180  0.00898  1.74841e-02
181 -0.14962 -5.29646e-03 |182 -0.12599 -2.53292e-02 |183  0.01405 -1.09409e-02
184  0.39333  1.99915e-02 |185  0.01843  1.88007e-03 |186 -0.15446 -1.60962e-02
187  0.09945 -3.45842e-02 |188  0.16386 -8.63315e-02 |189  0.21851  1.57208e-02
190  0.25716  7.68075e-02 |191  0.02443 -1.40287e-02 |192 -0.00609 -6.36829e-02
193 -0.17642 -1.64066e-02 |194 -0.11456 -4.01335e-02 |195 -0.53506 -3.50820e-03
196  0.16665  8.41726e-04 |197  0.09306  4.62521e-04 |198 -0.24770 -1.28804e-03
198 variables; iteration 100; function evaluation 127; phase 4
Function value 7.3184798e+03; maximum gradient component mag -6.2098e-01
Var    Value     Gradient |Var    Value     Gradient |Var    Value     Gradient
  1 -0.42320  7.87246e-02 |  2  0.37201 -4.93715e-01 |  3 -0.12502 -6.20984e-01
  4 -0.01547 -5.25826e-01 |  5 -0.70824  9.84517e-02 |  6 -0.60401  5.00020e-02
  7  0.37631 -2.19965e-01 |  8 -0.18468 -5.66224e-01 |  9  0.03286 -3.27498e-01
 10 -0.60947 -8.23303e-02 | 11 -0.62348  1.21796e-01 | 12 -0.10740 -6.13099e-02
 13 -0.00994  6.31387e-03 | 14 -0.01016  6.75160e-03 | 15 -0.01037  7.11954e-03
 16 -0.01058  7.41109e-03 | 17 -0.01078  7.62266e-03 | 18 -0.01098  7.75144e-03
 19 -0.01117  7.79773e-03 | 20 -0.01136  7.76498e-03 | 21 -0.01153  7.65939e-03
 22 -0.01169  7.48984e-03 | 23 -0.01184  7.26747e-03 | 24 -0.01198  7.00494e-03
 25 -0.01210  6.71599e-03 | 26 -0.01220  6.41479e-03 | 27 -0.01229  6.11594e-03
 28 -0.01235  5.83416e-03 | 29 -0.01240  5.58367e-03 | 30 -0.01242  5.37649e-03
 31 -0.01241  5.22268e-03 | 32 -0.01238  5.12872e-03 | 33 -0.01233  5.09738e-03
 34 -0.01224  5.12693e-03 | 35 -0.01212  5.21088e-03 | 36 -0.01197  5.33721e-03
 37 -0.01179  5.48797e-03 | 38 -0.01157  5.63855e-03 | 39 -0.01131  5.75681e-03
 40 -0.01101  5.80207e-03 | 41 -0.01067  5.73799e-03 | 42 -0.01030  5.52796e-03
 43 -0.00990  5.15325e-03 | 44 -0.00946  4.62345e-03 | 45 -0.00900  3.98540e-03
 46 -0.00853  3.32914e-03 | 47 -0.00805  2.78415e-03 | 48 -0.00757  2.50279e-03
 49 -0.00710  2.62939e-03 | 50 -0.00665  3.25953e-03 | 51 -0.00624  4.40979e-03
 52 -0.00586  6.02176e-03 | 53 -0.00554  7.99979e-03 | 54 -0.00526  1.02586e-02
 55 -0.00501  1.27375e-02 | 56 -0.00479  1.53755e-02 | 57 -0.00457  1.80847e-02
 58 -0.00433  2.07290e-02 | 59 -0.00403  2.30810e-02 | 60 -0.00366  2.47440e-02
 61 -0.00319  2.50797e-02 | 62 -0.00257  2.31812e-02 | 63 -0.00179  1.80942e-02
 64 -0.00081  9.52464e-03 | 65  0.00041 -9.93064e-04 | 66  0.00192 -9.89614e-03
 67  0.00374 -1.52382e-02 | 68  0.00588 -2.18814e-02 | 69  0.00833 -3.30813e-02
 70  0.01113 -3.60742e-02 | 71  0.01426 -3.33883e-02 | 72  0.01757 -4.14908e-02
 73  0.02111 -3.26197e-02 | 74  0.02469 -1.36698e-02 | 75  0.02788 -3.48861e-02
 76  0.03070 -4.40948e-02 | 77  0.03300 -3.73087e-02 | 78  0.03448 -3.99174e-02
 79  0.03518 -3.97321e-02 | 80  0.03516 -3.81961e-02 | 81  0.03450 -3.69117e-02
 82  0.03324 -3.35621e-02 | 83  0.03133 -2.74182e-02 | 84  0.02856 -3.59353e-02
 85  0.02519 -4.44777e-03 | 86  0.02107  9.30785e-03 | 87  0.01661  5.56447e-03
 88  0.01246  8.43294e-03 | 89  0.00907  9.11299e-03 | 90  0.00671  1.39547e-02
 91  0.00529  5.75114e-03 | 92  0.00463 -1.04430e-02 | 93  0.00455 -2.75681e-02
 94  0.00508 -3.90926e-02 | 95  0.00642 -3.62905e-02 | 96  0.00866 -7.94995e-03
 97  0.01120  1.94129e-02 | 98  0.01314  3.61875e-02 | 99  0.01419  5.35443e-02
100  0.01488  5.02995e-02 |101  0.01564  1.10612e-02 |102  0.01592 -5.37852e-02
103  0.01529 -1.20255e-01 |104  0.01423 -1.23757e-01 |105  0.01134 -1.34401e-01
106  0.00711 -4.12219e-02 |107  0.00786  3.87632e-02 |108  0.02187 -7.56231e-02
109  0.04164 -2.55102e-02 |110  0.02701  4.61665e-02 |111  0.01298  1.94730e-01
112  0.01300 -2.60873e-02 |113  0.01214 -1.30322e-01 |114  0.02474 -3.03670e-02
115  0.00607 -8.28698e-02 |116 -0.06197  7.10730e-02 |117 -0.06949  1.02221e-01
118 -0.07065  1.20955e-01 |119 -0.04488  5.42776e-02 |120  0.05949 -6.82331e-02
121  0.01335 -2.09052e-02 |122  0.01608  5.71832e-02 |123 -0.03018 -5.92915e-02
124 -0.06946 -9.26350e-02 |125 -0.01035  3.09605e-02 |126  0.00043 -2.53208e-03
127 -0.03046  7.84992e-03 |128  0.02479 -3.58811e-02 |129  0.06947 -6.27741e-02
130  0.00832 -1.79286e-02 |131  0.07944 -2.88982e-04 |132  0.00455  1.34648e-01
133  0.13080  3.27231e-02 |134 -0.00596  1.03381e-01 |135 -0.04742  3.04725e-02
136 -0.05700  5.11020e-02 |137 -0.02253  1.59499e-04 |138  0.09349  7.60284e-03
139  0.03138  3.44819e-02 |140  0.01641 -7.58856e-03 |141 -0.02824 -1.97930e-02
142 -0.01673  1.08486e-01 |143 -0.00625  6.61248e-02 |144 -0.00042 -2.86645e-03
145  0.04714 -1.23967e-01 |146  0.29647  2.34479e-01 |147  0.01659 -1.15982e-01
148 -0.11509 -1.34755e-01 |149 -0.47549  1.32636e-03 |150  0.31273 -2.22913e-02
151  0.04890 -4.16370e-03 |152 -0.23449 -2.25648e-02 |153  0.18331 -6.11866e-02
154  0.25968  1.78509e-01 |155  0.17463 -1.36862e-01 |156  0.25388 -8.74561e-03
157  0.00619  5.77919e-02 |158 -0.09867 -6.30633e-02 |159  0.10394  3.78815e-02
160  0.29652  1.72865e-02 |161  0.16859 -1.80908e-01 |162  0.24580 -3.58938e-02
163 -0.23317 -1.20502e-03 |164  0.16519  8.34017e-04 |165  0.03677  1.81679e-04
166 -0.12932 -6.47124e-04 |167  0.20243  7.99683e-02 |168  0.31580  2.17762e-02
169  0.07757  1.64363e-01 |170 -0.52292  5.35502e-04 |171 -0.37770 -2.61707e-02
172  0.23676  9.89959e-02 |173  0.07727  5.64491e-02 |174 -0.12135 -2.56913e-01
175  0.04742 -2.43139e-02 |176  0.12022  1.16322e-01 |177  0.31985  2.87204e-02
178  0.27238 -1.59195e-04 |179  0.00756 -1.87012e-02 |180  0.00885 -7.30326e-02
181 -0.14961 -4.53133e-03 |182 -0.12597 -3.74598e-02 |183  0.01393 -4.72480e-02
184  0.39339  1.14658e-01 |185  0.01858  6.17361e-02 |186 -0.15452 -6.19775e-02
187  0.09945 -7.29329e-02 |188  0.16386 -1.73333e-01 |189  0.21851  3.41947e-02
190  0.25716  1.70100e-01 |191  0.02443 -3.13257e-02 |192 -0.00611 -1.53803e-01
193 -0.17642 -3.43259e-02 |194 -0.11455 -8.23148e-02 |195 -0.33089 -1.79777e-03
196  0.11770  5.87564e-04 |197  0.06616  3.27667e-04 |198 -0.17280 -8.74325e-04
198 variables; iteration 120; function evaluation 159; phase 4
Function value 7.3184787e+03; maximum gradient component mag 1.8023e-02
Var    Value     Gradient |Var    Value     Gradient |Var    Value     Gradient
  1 -0.42321  1.96125e-03 |  2  0.37201 -1.08607e-02 |  3 -0.12501 -1.32613e-02
  4 -0.01545 -1.17685e-02 |  5 -0.70839  9.28210e-03 |  6 -0.60400  5.67570e-04
  7  0.37633 -5.66366e-03 |  8 -0.18467 -1.22931e-02 |  9  0.03284 -5.75130e-03
 10 -0.60936 -6.78161e-03 | 11 -0.62349  3.17075e-03 | 12 -0.10742 -3.25524e-03
 13 -0.00996 -1.78478e-03 | 14 -0.01018 -1.54959e-03 | 15 -0.01039 -1.29619e-03
 16 -0.01060 -1.03775e-03 | 17 -0.01080 -7.87927e-04 | 18 -0.01100 -5.60194e-04
 19 -0.01119 -3.66592e-04 | 20 -0.01137 -2.16581e-04 | 21 -0.01154 -1.16302e-04
 22 -0.01171 -6.81490e-05 | 23 -0.01185 -7.05814e-05 | 24 -0.01199 -1.18389e-04
 25 -0.01211 -2.03287e-04 | 26 -0.01221 -3.14577e-04 | 27 -0.01230 -4.39809e-04
 28 -0.01236 -5.65615e-04 | 29 -0.01240 -6.78857e-04 | 30 -0.01242 -7.68057e-04
 31 -0.01242 -8.24071e-04 | 32 -0.01239 -8.40203e-04 | 33 -0.01233 -8.12469e-04
 34 -0.01224 -7.39702e-04 | 35 -0.01213 -6.23374e-04 | 36 -0.01198 -4.67529e-04
 37 -0.01179 -2.78072e-04 | 38 -0.01157 -6.18995e-05 | 39 -0.01131  1.75766e-04
 40 -0.01101  4.36555e-04 | 41 -0.01067  7.29093e-04 | 42 -0.01030  1.07840e-03
 43 -0.00989  1.52004e-03 | 44 -0.00945  2.08913e-03 | 45 -0.00899  2.80249e-03
 46 -0.00851  3.63820e-03 | 47 -0.00802  4.52472e-03 | 48 -0.00753  5.34975e-03
 49 -0.00706  5.98875e-03 | 50 -0.00662  6.34492e-03 | 51 -0.00621  6.38007e-03
 52 -0.00584  6.11855e-03 | 53 -0.00553  5.62528e-03 | 54 -0.00526  4.97050e-03
 55 -0.00503  4.20883e-03 | 56 -0.00482  3.38284e-03 | 57 -0.00462  2.53914e-03
 58 -0.00439  1.75032e-03 | 59 -0.00411  1.14399e-03 | 60 -0.00375  9.19551e-04
 61 -0.00328  1.32127e-03 | 62 -0.00265  2.49314e-03 | 63 -0.00185  4.15802e-03
 64 -0.00083  5.34946e-03 | 65  0.00042  4.90611e-03 | 66  0.00195  2.84832e-03
 67  0.00378  4.59285e-04 | 68  0.00594 -7.89583e-04 | 69  0.00842 -1.31294e-03
 70  0.01124 -1.59661e-03 | 71  0.01435 -7.86981e-04 | 72  0.01769 -2.02700e-03
 73  0.02117 -2.72943e-03 | 74  0.02465 -3.29197e-03 | 75  0.02794 -3.06737e-03
 76  0.03079 -6.30842e-03 | 77  0.03307 -1.94686e-03 | 78  0.03453 -7.44479e-03
 79  0.03525 -5.21737e-03 | 80  0.03532  1.20738e-02 | 81  0.03456 -4.58681e-03
 82  0.03332  6.37465e-04 | 83  0.03140  4.80512e-03 | 84  0.02859 -1.54370e-02
 85  0.02516  2.46989e-03 | 86  0.02098  2.22201e-03 | 87  0.01655  1.71030e-03
 88  0.01241  3.72645e-03 | 89  0.00903  3.33722e-03 | 90  0.00666  4.18941e-03
 91  0.00528  3.77530e-03 | 92  0.00469  2.80149e-03 | 93  0.00468  1.72059e-03
 94  0.00526  1.84407e-03 | 95  0.00661  3.16244e-03 | 96  0.00873  2.07461e-03
 97  0.01113 -1.07244e-03 | 98  0.01299 -1.38392e-03 | 99  0.01397  4.22567e-03
100  0.01465  6.39916e-03 |101  0.01552  2.78238e-03 |102  0.01602 -1.26096e-03
103  0.01560 -6.47405e-03 |104  0.01450 -6.41521e-03 |105  0.01162 -1.13478e-02
106  0.00702 -5.17262e-03 |107  0.00758  1.80229e-02 |108  0.02205 -7.43689e-03
109  0.04185  8.67513e-03 |110  0.02696 -1.66553e-03 |111  0.01235  5.59699e-03
112  0.01313 -1.32094e-02 |113  0.01255  3.38009e-03 |114  0.02459  3.59102e-03
115  0.00628 -4.99520e-03 |116 -0.06211 -7.15069e-03 |117 -0.06959  3.80207e-03
118 -0.07077  1.50043e-02 |119 -0.04496 -5.99626e-03 |120  0.05960 -6.34217e-03
121  0.01343  1.02201e-02 |122  0.01593 -1.31679e-02 |123 -0.03002  1.29369e-02
124 -0.06927 -7.65104e-03 |125 -0.01044 -7.40690e-03 |126  0.00045 -2.13152e-03
127 -0.03047  4.71246e-03 |128  0.02482 -9.39609e-04 |129  0.06956 -4.85168e-03
130  0.00828 -8.50369e-03 |131  0.07951 -1.75826e-04 |132  0.00426 -1.43153e-04
133  0.13079 -1.13547e-03 |134 -0.00619 -1.05256e-04 |135 -0.04747  1.68877e-02
136 -0.05720 -1.67746e-02 |137 -0.02251  6.68132e-03 |138  0.09345  3.54289e-05
139  0.03133  1.31855e-02 |140  0.01644  9.93663e-03 |141 -0.02824 -1.26878e-02
142 -0.01712  2.05962e-03 |143 -0.00652 -3.64995e-03 |144 -0.00041  5.26365e-04
145  0.04712 -3.19067e-03 |146  0.29646  5.25202e-03 |147  0.01663 -2.57649e-03
148 -0.11509 -3.44502e-03 |149 -0.47521  6.55214e-04 |150  0.31312  5.92252e-04
151  0.04882  1.54957e-03 |152 -0.23444 -1.37084e-02 |153  0.18330 -2.35901e-03
154  0.25966  3.87391e-03 |155  0.17483 -9.36901e-03 |156  0.25399 -3.52450e-03
157  0.00602  6.63096e-03 |158 -0.09866 -2.17224e-03 |159  0.10382 -1.14571e-02
160  0.29648 -4.52938e-03 |161  0.16879 -8.52118e-03 |162  0.24592 -3.16945e-03
163 -0.01574 -7.76937e-05 |164  0.02265  1.11834e-04 |165  0.00693  3.42103e-05
166 -0.02062 -1.01807e-04 |167  0.20195  2.04166e-03 |168  0.31569  8.33344e-04
169  0.07763  1.98351e-03 |170 -0.51605  1.22316e-03 |171 -0.37770 -3.24285e-04
172  0.23676  2.46493e-03 |173  0.07725  2.35888e-03 |174 -0.12135 -5.87083e-03
175  0.04739 -1.01032e-03 |176  0.12012  4.65078e-03 |177  0.31984  4.12110e-04
178  0.27234  1.23972e-03 |179  0.00760 -1.66418e-04 |180  0.00896 -3.85326e-03
181 -0.14963 -4.43296e-05 |182 -0.12598 -8.18541e-04 |183  0.01402 -1.14701e-02
184  0.39330  1.42397e-03 |185  0.01845  1.11394e-02 |186 -0.15446 -4.72104e-03
187  0.09945 -1.90279e-03 |188  0.16385 -4.08429e-03 |189  0.21851  7.25569e-04
190  0.25715  3.71207e-03 |191  0.02443 -8.19650e-04 |192 -0.00608 -3.28104e-03
193 -0.17642 -1.15812e-03 |194 -0.11456 -2.33710e-03 |195  0.07359  3.64772e-04
196  0.01944  9.59710e-05 |197  0.01211  5.97790e-05 |198 -0.02270 -1.12056e-04

 - final statistics:
198 variables; iteration 140; function evaluation 194
Function value 7.3185e+03; maximum gradient component mag 6.1953e-04
Exit code = 1;  converg criter 1.0000e-03
Var    Value     Gradient |Var    Value     Gradient |Var    Value     Gradient
  1 -0.42321  6.37447e-05 |  2  0.37201 -4.40759e-04 |  3 -0.12501 -5.47227e-04
  4 -0.01544 -4.85683e-04 |  5 -0.70841  2.52194e-04 |  6 -0.60399  3.00611e-05
  7  0.37633 -2.19331e-04 |  8 -0.18467 -5.14814e-04 |  9  0.03284 -2.48845e-04
 10 -0.60935 -2.18449e-04 | 11 -0.62349  1.05941e-04 | 12 -0.10740 -9.11543e-05
 13 -0.00996 -6.41853e-05 | 14 -0.01017 -6.23091e-07 | 15 -0.01039  1.08736e-04
 16 -0.01060  2.33146e-04 | 17 -0.01080  3.31331e-04 | 18 -0.01100  3.63723e-04
 19 -0.01119  3.07966e-04 | 20 -0.01137  1.70358e-04 | 21 -0.01154 -1.23091e-05
 22 -0.01171 -1.82970e-04 | 23 -0.01186 -2.84624e-04 | 24 -0.01199 -2.83240e-04
 25 -0.01211 -1.83275e-04 | 26 -0.01221 -2.83719e-05 | 27 -0.01230  1.15823e-04
 28 -0.01236  1.91769e-04 | 29 -0.01240  1.78638e-04 | 30 -0.01242  1.02137e-04
 31 -0.01241  1.91257e-05 | 32 -0.01238 -1.22771e-05 | 33 -0.01233  3.78768e-05
 34 -0.01224  1.55457e-04 | 35 -0.01212  2.87226e-04 | 36 -0.01197  3.64802e-04
 37 -0.01179  3.38590e-04 | 38 -0.01157  2.05521e-04 | 39 -0.01131  1.58437e-05
 40 -0.01101 -1.44965e-04 | 41 -0.01067 -1.89496e-04 | 42 -0.01030 -8.05220e-05
 43 -0.00989  1.29079e-04 | 44 -0.00946  2.95609e-04 | 45 -0.00900  2.71490e-04
 46 -0.00852  3.86203e-05 | 47 -0.00803 -2.44399e-04 | 48 -0.00755 -3.63325e-04
 49 -0.00708 -2.29888e-04 | 50 -0.00664  5.99251e-05 | 51 -0.00623  3.31668e-04
 52 -0.00586  4.69562e-04 | 53 -0.00554  4.60994e-04 | 54 -0.00527  3.54282e-04
 55 -0.00504  2.03619e-04 | 56 -0.00483  4.80757e-05 | 57 -0.00462 -8.22818e-05
 58 -0.00439 -1.52429e-04 | 59 -0.00411 -1.14847e-04 | 60 -0.00375  6.63916e-05
 61 -0.00328  3.27291e-04 | 62 -0.00266  4.00390e-04 | 63 -0.00186  2.53294e-05
 64 -0.00085 -3.25762e-04 | 65  0.00041  1.79494e-04 | 66  0.00194  6.19531e-04
 67  0.00378 -1.33202e-05 | 68  0.00594 -2.03757e-04 | 69  0.00843 -5.49818e-05
 70  0.01124 -2.39613e-06 | 71  0.01435 -1.97511e-05 | 72  0.01770  2.47331e-04
 73  0.02118 -2.54261e-04 | 74  0.02466  1.32941e-04 | 75  0.02795 -9.01862e-05
 76  0.03082 -5.25701e-04 | 77  0.03307 -5.31474e-05 | 78  0.03457 -1.21913e-04
 79  0.03527 -3.63091e-04 | 80  0.03524  2.00692e-04 | 81  0.03458  4.32799e-05
 82  0.03330 -4.13984e-05 | 83  0.03137  4.18759e-04 | 84  0.02866  1.84884e-04
 85  0.02514  2.67062e-04 | 86  0.02097  1.10761e-04 | 87  0.01654 -7.45684e-05
 88  0.01240  2.10844e-05 | 89  0.00901  5.90301e-05 | 90  0.00665  5.95327e-05
 91  0.00527 -5.69794e-05 | 92  0.00468 -1.79084e-04 | 93  0.00468 -1.87748e-04
 94  0.00526  2.03306e-04 | 95  0.00660  3.42493e-04 | 96  0.00872  6.51426e-05
 97  0.01114  3.69585e-05 | 98  0.01301  2.06161e-04 | 99  0.01395  4.55161e-05
100  0.01462 -1.79309e-04 |101  0.01551  2.06217e-04 |102  0.01602  1.57348e-04
103  0.01562 -6.39871e-06 |104  0.01452 -4.29701e-04 |105  0.01165 -1.61708e-04
106  0.00704 -2.00482e-04 |107  0.00750  4.22554e-04 |108  0.02210  1.16399e-04
109  0.04181  1.40587e-04 |110  0.02698 -3.17669e-04 |111  0.01232  5.51144e-04
112  0.01318 -2.68206e-04 |113  0.01253  1.96716e-05 |114  0.02458  8.16379e-05
115  0.00630 -8.42149e-05 |116 -0.06209 -6.53559e-05 |117 -0.06959  1.83462e-04
118 -0.07080  3.76417e-04 |119 -0.04494 -7.23202e-05 |120  0.05961 -8.33150e-05
121  0.01340  1.85900e-04 |122  0.01597 -1.49395e-04 |123 -0.03004  2.41802e-04
124 -0.06926 -1.25415e-04 |125 -0.01042 -8.38965e-05 |126  0.00046 -6.77050e-06
127 -0.03048  1.57930e-04 |128  0.02482  4.30045e-05 |129  0.06957 -1.29156e-04
130  0.00830 -3.14843e-05 |131  0.07951  1.84241e-05 |132  0.00426  1.11980e-04
133  0.13079  4.24521e-05 |134 -0.00619  1.33759e-04 |135 -0.04751  3.75454e-04
136 -0.05715 -1.44527e-04 |137 -0.02253  2.35147e-04 |138  0.09345  7.93251e-05
139  0.03130  1.81000e-04 |140  0.01642  1.45687e-04 |141 -0.02820 -1.37059e-04
142 -0.01713  7.19885e-05 |143 -0.00651 -4.04560e-04 |144 -0.00041 -6.67347e-06
145  0.04712 -1.17767e-04 |146  0.29646  2.12228e-04 |147  0.01663 -1.06243e-04
148 -0.11509 -1.29156e-04 |149 -0.47520  1.68956e-05 |150  0.31313 -4.28242e-06
151  0.04882  2.52027e-05 |152 -0.23440 -2.68346e-04 |153  0.18330 -6.79900e-05
154  0.25966  1.60887e-04 |155  0.17485 -2.51062e-04 |156  0.25400 -7.42538e-05
157  0.00600  1.61241e-04 |158 -0.09866 -7.01902e-05 |159  0.10385 -1.55158e-04
160  0.29649 -5.93976e-05 |161  0.16880 -2.43977e-04 |162  0.24593 -7.60089e-05
163 -0.02392 -1.18086e-04 |164  0.02678  1.32240e-04 |165  0.00758  3.74003e-05
166 -0.02344 -1.15715e-04 |167  0.20193  1.12484e-04 |168  0.31568  1.42727e-05
169  0.07763  3.15225e-04 |170 -0.53180 -2.01065e-04 |171 -0.37770 -1.85079e-05
172  0.23676  9.66487e-05 |173  0.07725  6.84697e-05 |174 -0.12134 -2.33894e-04
175  0.04739 -3.04528e-05 |176  0.12011  1.43542e-04 |177  0.31984  2.37323e-05
178  0.27234  2.28407e-05 |179  0.00760 -1.45680e-05 |180  0.00896 -1.08207e-04
181 -0.14963 -4.55356e-06 |182 -0.12598 -3.34848e-05 |183  0.01407 -1.80567e-04
184  0.39332  1.02870e-04 |185  0.01841  1.98985e-04 |186 -0.15445 -1.03559e-04
187  0.09945 -7.45578e-05 |188  0.16385 -1.59455e-04 |189  0.21851  3.09975e-05
190  0.25715  1.52363e-04 |191  0.02443 -3.23982e-05 |192 -0.00608 -1.38177e-04
193 -0.17642 -3.83527e-05 |194 -0.11456 -8.31406e-05 |195  0.04810  2.37837e-04
196  0.02191  1.08148e-04 |197  0.01333  6.57751e-05 |198 -0.02716 -1.34116e-04

 - final statistics:
211 variables; iteration 0; function evaluation 0
Function value 7.3185e+03; maximum gradient component mag 6.1953e-04
Exit code = 0;  converg criter 1.0000e-03
Var    Value     Gradient |Var    Value     Gradient |Var    Value     Gradient
  1 -0.42321  6.37447e-05 |  2  0.37201 -4.40759e-04 |  3 -0.12501 -5.47227e-04
  4 -0.01544 -4.85683e-04 |  5 -0.70841  2.52194e-04 |  6 -0.60399  3.00611e-05
  7  0.37633 -2.19331e-04 |  8 -0.18467 -5.14814e-04 |  9  0.03284 -2.48845e-04
 10 -0.60935 -2.18449e-04 | 11 -0.62349  1.05941e-04 | 12 -0.10740 -9.11543e-05
 13 -0.00996 -6.41853e-05 | 14 -0.01017 -6.23091e-07 | 15 -0.01039  1.08736e-04
 16 -0.01060  2.33146e-04 | 17 -0.01080  3.31331e-04 | 18 -0.01100  3.63723e-04
 19 -0.01119  3.07966e-04 | 20 -0.01137  1.70358e-04 | 21 -0.01154 -1.23091e-05
 22 -0.01171 -1.82970e-04 | 23 -0.01186 -2.84624e-04 | 24 -0.01199 -2.83240e-04
 25 -0.01211 -1.83275e-04 | 26 -0.01221 -2.83719e-05 | 27 -0.01230  1.15823e-04
 28 -0.01236  1.91769e-04 | 29 -0.01240  1.78638e-04 | 30 -0.01242  1.02137e-04
 31 -0.01241  1.91257e-05 | 32 -0.01238 -1.22771e-05 | 33 -0.01233  3.78768e-05
 34 -0.01224  1.55457e-04 | 35 -0.01212  2.87226e-04 | 36 -0.01197  3.64802e-04
 37 -0.01179  3.38590e-04 | 38 -0.01157  2.05521e-04 | 39 -0.01131  1.58437e-05
 40 -0.01101 -1.44965e-04 | 41 -0.01067 -1.89496e-04 | 42 -0.01030 -8.05220e-05
 43 -0.00989  1.29079e-04 | 44 -0.00946  2.95609e-04 | 45 -0.00900  2.71490e-04
 46 -0.00852  3.86203e-05 | 47 -0.00803 -2.44399e-04 | 48 -0.00755 -3.63325e-04
 49 -0.00708 -2.29888e-04 | 50 -0.00664  5.99251e-05 | 51 -0.00623  3.31668e-04
 52 -0.00586  4.69562e-04 | 53 -0.00554  4.60994e-04 | 54 -0.00527  3.54282e-04
 55 -0.00504  2.03619e-04 | 56 -0.00483  4.80757e-05 | 57 -0.00462 -8.22818e-05
 58 -0.00439 -1.52429e-04 | 59 -0.00411 -1.14847e-04 | 60 -0.00375  6.63916e-05
 61 -0.00328  3.27291e-04 | 62 -0.00266  4.00390e-04 | 63 -0.00186  2.53294e-05
 64 -0.00085 -3.25762e-04 | 65  0.00041  1.79494e-04 | 66  0.00194  6.19531e-04
 67  0.00378 -1.33202e-05 | 68  0.00594 -2.03757e-04 | 69  0.00843 -5.49818e-05
 70  0.01124 -2.39613e-06 | 71  0.01435 -1.97511e-05 | 72  0.01770  2.47331e-04
 73  0.02118 -2.54261e-04 | 74  0.02466  1.32941e-04 | 75  0.02795 -9.01862e-05
 76  0.03082 -5.25701e-04 | 77  0.03307 -5.31474e-05 | 78  0.03457 -1.21913e-04
 79  0.03527 -3.63091e-04 | 80  0.03524  2.00692e-04 | 81  0.03458  4.32799e-05
 82  0.03330 -4.13984e-05 | 83  0.03137  4.18759e-04 | 84  0.02866  1.84884e-04
 85  0.02514  2.67062e-04 | 86  0.02097  1.10761e-04 | 87  0.01654 -7.45684e-05
 88  0.01240  2.10844e-05 | 89  0.00901  5.90301e-05 | 90  0.00665  5.95327e-05
 91  0.00527 -5.69794e-05 | 92  0.00468 -1.79084e-04 | 93  0.00468 -1.87748e-04
 94  0.00526  2.03306e-04 | 95  0.00660  3.42493e-04 | 96  0.00872  6.51426e-05
 97  0.01114  3.69585e-05 | 98  0.01301  2.06161e-04 | 99  0.01395  4.55161e-05
100  0.01462 -1.79309e-04 |101  0.01551  2.06217e-04 |102  0.01602  1.57348e-04
103  0.01562 -6.39871e-06 |104  0.01452 -4.29701e-04 |105  0.01165 -1.61708e-04
106  0.00704 -2.00482e-04 |107  0.00750  4.22554e-04 |108  0.02210  1.16399e-04
109  0.04181  1.40587e-04 |110  0.02698 -3.17669e-04 |111  0.01232  5.51144e-04
112  0.01318 -2.68206e-04 |113  0.01253  1.96716e-05 |114  0.02458  8.16379e-05
115  0.00630 -8.42149e-05 |116 -0.06209 -6.53559e-05 |117 -0.06959  1.83462e-04
118 -0.07080  3.76417e-04 |119 -0.04494 -7.23202e-05 |120  0.05961 -8.33150e-05
121  0.01340  1.85900e-04 |122  0.01597 -1.49395e-04 |123 -0.03004  2.41802e-04
124 -0.06926 -1.25415e-04 |125 -0.01042 -8.38965e-05 |126  0.00046 -6.77050e-06
127 -0.03048  1.57930e-04 |128  0.02482  4.30045e-05 |129  0.06957 -1.29156e-04
130  0.00830 -3.14843e-05 |131  0.07951  1.84241e-05 |132  0.00426  1.11980e-04
133  0.13079  4.24521e-05 |134 -0.00619  1.33759e-04 |135 -0.04751  3.75454e-04
136 -0.05715 -1.44527e-04 |137 -0.02253  2.35147e-04 |138  0.09345  7.93251e-05
139  0.03130  1.81000e-04 |140  0.01642  1.45687e-04 |141 -0.02820 -1.37059e-04
142 -0.01713  7.19885e-05 |143 -0.00651 -4.04560e-04 |144 -0.00041 -6.67347e-06
145  0.00000  0.00000e+00 |146  0.00000  0.00000e+00 |147  0.00000  0.00000e+00
148  0.00000  0.00000e+00 |149  0.00000  0.00000e+00 |150  0.00000  0.00000e+00
151  0.00000  0.00000e+00 |152  0.00000  0.00000e+00 |153  0.00000  0.00000e+00
154  0.00000  0.00000e+00 |155  0.00000  0.00000e+00 |156  0.00000  0.00000e+00
157  0.00000  0.00000e+00 |158  0.04712 -1.17767e-04 |159  0.29646  2.12228e-04
160  0.01663 -1.06243e-04 |161 -0.11509 -1.29156e-04 |162 -0.47520  1.68956e-05
163  0.31313 -4.28242e-06 |164  0.04882  2.52027e-05 |165 -0.23440 -2.68346e-04
166  0.18330 -6.79900e-05 |167  0.25966  1.60887e-04 |168  0.17485 -2.51062e-04
169  0.25400 -7.42538e-05 |170  0.00600  1.61241e-04 |171 -0.09866 -7.01902e-05
172  0.10385 -1.55158e-04 |173  0.29649 -5.93976e-05 |174  0.16880 -2.43977e-04
175  0.24593 -7.60089e-05 |176 -0.02392 -1.18086e-04 |177  0.02678  1.32240e-04
178  0.00758  3.74003e-05 |179 -0.02344 -1.15715e-04 |180  0.20193  1.12484e-04
181  0.31568  1.42727e-05 |182  0.07763  3.15225e-04 |183 -0.53180 -2.01065e-04
184 -0.37770 -1.85079e-05 |185  0.23676  9.66487e-05 |186  0.07725  6.84697e-05
187 -0.12134 -2.33894e-04 |188  0.04739 -3.04528e-05 |189  0.12011  1.43542e-04
190  0.31984  2.37323e-05 |191  0.27234  2.28407e-05 |192  0.00760 -1.45680e-05
193  0.00896 -1.08207e-04 |194 -0.14963 -4.55356e-06 |195 -0.12598 -3.34848e-05
196  0.01407 -1.80567e-04 |197  0.39332  1.02870e-04 |198  0.01841  1.98985e-04
199 -0.15445 -1.03559e-04 |200  0.09945 -7.45578e-05 |201  0.16385 -1.59455e-04
202  0.21851  3.09975e-05 |203  0.25715  1.52363e-04 |204  0.02443 -3.23982e-05
205 -0.00608 -1.38177e-04 |206 -0.17642 -3.83527e-05 |207 -0.11456 -8.31406e-05
208  0.04810  2.37837e-04 |209  0.02191  1.08148e-04 |210  0.01333  6.57751e-05
211 -0.02716 -1.34116e-04 |
size of file gradfil1.tmp = 0
size of file gradfil2.tmp = 0
size of file varssave.tmp = 0
size of file cmpdiff.tmp = 1000000040
