
 - final statistics:
136 variables; iteration 0; function evaluation 0
Function value 7.3447e+03; maximum gradient component mag 7.9963e-04
Exit code = 0;  converg criter 1.0000e+01
Var    Value     Gradient |Var    Value     Gradient |Var    Value     Gradient
  1 -0.45021 -1.72158e-04 |  2 -0.17519  7.99631e-04 |  3 -0.01707 -5.74988e-06
  4 -0.01738 -5.26622e-06 |  5 -0.01769 -4.86542e-06 |  6 -0.01799 -4.56325e-06
  7 -0.01828 -4.35728e-06 |  8 -0.01857 -4.25785e-06 |  9 -0.01884 -4.26716e-06
 10 -0.01910 -4.37857e-06 | 11 -0.01934 -4.58281e-06 | 12 -0.01957 -4.86734e-06
 13 -0.01978 -5.21900e-06 | 14 -0.01997 -5.62693e-06 | 15 -0.02014 -6.08585e-06
 16 -0.02029 -6.59996e-06 | 17 -0.02041 -7.18362e-06 | 18 -0.02051 -7.85755e-06
 19 -0.02057 -8.63816e-06 | 20 -0.02060 -9.53241e-06 | 21 -0.02059 -1.05246e-05
 22 -0.02055 -1.15985e-05 | 23 -0.02046 -1.27227e-05 | 24 -0.02034 -1.38477e-05
 25 -0.02017 -1.48967e-05 | 26 -0.01996 -1.57528e-05 | 27 -0.01969 -1.62499e-05
 28 -0.01937 -1.61594e-05 | 29 -0.01900 -1.52100e-05 | 30 -0.01856 -1.31362e-05
 31 -0.01807 -9.64286e-06 | 32 -0.01752 -4.64198e-06 | 33 -0.01691  1.73941e-06
 34 -0.01624  9.04449e-06 | 35 -0.01553  1.64626e-05 | 36 -0.01476  2.28972e-05
 37 -0.01395  2.71196e-05 | 38 -0.01311  2.80029e-05 | 39 -0.01224  2.46712e-05
 40 -0.01136  1.66870e-05 | 41 -0.01048  4.37929e-06 | 42 -0.00964 -1.07880e-05
 43 -0.00883 -2.62349e-05 | 44 -0.00808 -3.89441e-05 | 45 -0.00735 -4.62608e-05
 46 -0.00665 -4.61884e-05 | 47 -0.00595 -3.73853e-05 | 48 -0.00522 -1.93131e-05
 49 -0.00444  7.14329e-06 | 50 -0.00359  3.86509e-05 | 51 -0.00263  6.80918e-05
 52 -0.00154  8.39085e-05 | 53 -0.00026  7.25720e-05 | 54  0.00122  2.77291e-05
 55  0.00294 -3.44785e-05 | 56  0.00495 -6.78663e-05 | 57  0.00726 -2.64088e-05
 58  0.00990  4.57149e-05 | 59  0.01289  6.52019e-06 | 60  0.01622 -1.05211e-04
 61  0.01987 -4.87778e-05 | 62  0.02380  2.67590e-05 | 63  0.02792 -3.41254e-05
 64  0.03210  2.26876e-05 | 65  0.03616 -3.46191e-05 | 66  0.03987 -5.19366e-05
 67  0.04302  1.25483e-05 | 68  0.04544  1.13995e-04 | 69  0.04706 -7.57528e-05
 70  0.04796  2.36150e-05 | 71  0.04820 -1.32683e-04 | 72  0.04782 -3.02714e-05
 73  0.04674 -6.20704e-05 | 74  0.04481  1.79974e-04 | 75  0.04200  4.61676e-05
 76  0.03849  4.96625e-05 | 77  0.03475 -3.92837e-05 | 78  0.03138 -7.05181e-06
 79  0.02888  6.40972e-05 | 80  0.02738  5.08306e-05 | 81  0.02664  4.74721e-05
 82  0.02617  5.08189e-05 | 83  0.02577  5.64447e-05 | 84  0.02600  4.27811e-05
 85  0.02692  1.29101e-05 | 86  0.02701  1.62786e-05 | 87  0.02862  8.40011e-05
 88  0.03104 -1.85892e-05 | 89  0.03511  7.28750e-05 | 90  0.03423  5.57390e-06
 91  0.03164  1.74628e-04 | 92  0.02859  1.53472e-05 | 93  0.01795  8.74266e-05
 94  0.01718  9.07782e-05 | 95  0.03689  9.47436e-05 | 96  0.03284  1.59603e-04
 97  0.00501 -1.32216e-04 | 98  0.02206 -4.49797e-05 | 99  0.09361  7.36595e-05
100  0.03255 -3.37147e-05 |101 -0.01030 -3.81928e-05 |102  0.00933 -2.21607e-05
103  0.02386 -7.19964e-06 |104  0.04290 -1.04977e-04 |105  0.00590 -1.05755e-04
106 -0.06025  3.20216e-05 |107 -0.07687 -2.63658e-05 |108 -0.07560  7.68280e-05
109 -0.03278  2.45221e-05 |110  0.06996 -2.16268e-05 |111  0.02320  3.07479e-06
112  0.01345  2.33220e-05 |113 -0.02851 -1.38030e-05 |114 -0.06754  1.52152e-05
115 -0.00762 -2.12461e-05 |116  0.00307 -2.26392e-05 |117 -0.02834 -3.58802e-05
118  0.02728 -5.09010e-06 |119  0.07122 -9.10027e-05 |120  0.01071 -9.88144e-05
121  0.08050 -1.97817e-05 |122  0.00499  8.20271e-05 |123  0.13178  7.99983e-05
124 -0.00554 -2.36740e-05 |125 -0.04637  3.58355e-05 |126 -0.05671 -1.56988e-04
127 -0.02211  1.86952e-05 |128  0.09298  8.28011e-06 |129  0.03160 -6.11124e-05
130  0.01658  6.57044e-06 |131 -0.02769 -1.17723e-05 |132 -0.01790  1.19558e-05
133 -0.00549  1.29024e-05 |134 -0.00041 -2.88375e-06 |135  0.38077  4.78460e-05
136  0.27253  3.68071e-04 |

 - final statistics:
146 variables; iteration 0; function evaluation 0
Function value 7.3447e+03; maximum gradient component mag 7.9963e-04
Exit code = 0;  converg criter 1.0000e+01
Var    Value     Gradient |Var    Value     Gradient |Var    Value     Gradient
  1 -0.45021 -1.72158e-04 |  2  0.37081 -2.14321e-04 |  3 -0.12780  7.12455e-06
  4 -0.01184 -3.32319e-04 |  5 -0.71332 -4.45911e-05 |  6 -0.60306 -9.30154e-06
  7  0.37580  2.46651e-05 |  8 -0.18668 -1.01288e-04 |  9  0.03608 -3.60445e-05
 10 -0.61481 -1.17253e-04 | 11 -0.62233 -5.03787e-05 | 12 -0.17519  7.99631e-04
 13 -0.01707 -5.74988e-06 | 14 -0.01738 -5.26622e-06 | 15 -0.01769 -4.86542e-06
 16 -0.01799 -4.56325e-06 | 17 -0.01828 -4.35728e-06 | 18 -0.01857 -4.25785e-06
 19 -0.01884 -4.26716e-06 | 20 -0.01910 -4.37857e-06 | 21 -0.01934 -4.58281e-06
 22 -0.01957 -4.86734e-06 | 23 -0.01978 -5.21900e-06 | 24 -0.01997 -5.62693e-06
 25 -0.02014 -6.08585e-06 | 26 -0.02029 -6.59996e-06 | 27 -0.02041 -7.18362e-06
 28 -0.02051 -7.85755e-06 | 29 -0.02057 -8.63816e-06 | 30 -0.02060 -9.53241e-06
 31 -0.02059 -1.05246e-05 | 32 -0.02055 -1.15985e-05 | 33 -0.02046 -1.27227e-05
 34 -0.02034 -1.38477e-05 | 35 -0.02017 -1.48967e-05 | 36 -0.01996 -1.57528e-05
 37 -0.01969 -1.62499e-05 | 38 -0.01937 -1.61594e-05 | 39 -0.01900 -1.52100e-05
 40 -0.01856 -1.31362e-05 | 41 -0.01807 -9.64286e-06 | 42 -0.01752 -4.64198e-06
 43 -0.01691  1.73941e-06 | 44 -0.01624  9.04449e-06 | 45 -0.01553  1.64626e-05
 46 -0.01476  2.28972e-05 | 47 -0.01395  2.71196e-05 | 48 -0.01311  2.80029e-05
 49 -0.01224  2.46712e-05 | 50 -0.01136  1.66870e-05 | 51 -0.01048  4.37929e-06
 52 -0.00964 -1.07880e-05 | 53 -0.00883 -2.62349e-05 | 54 -0.00808 -3.89441e-05
 55 -0.00735 -4.62608e-05 | 56 -0.00665 -4.61884e-05 | 57 -0.00595 -3.73853e-05
 58 -0.00522 -1.93131e-05 | 59 -0.00444  7.14329e-06 | 60 -0.00359  3.86509e-05
 61 -0.00263  6.80918e-05 | 62 -0.00154  8.39085e-05 | 63 -0.00026  7.25720e-05
 64  0.00122  2.77291e-05 | 65  0.00294 -3.44785e-05 | 66  0.00495 -6.78663e-05
 67  0.00726 -2.64088e-05 | 68  0.00990  4.57149e-05 | 69  0.01289  6.52019e-06
 70  0.01622 -1.05211e-04 | 71  0.01987 -4.87778e-05 | 72  0.02380  2.67590e-05
 73  0.02792 -3.41254e-05 | 74  0.03210  2.26876e-05 | 75  0.03616 -3.46191e-05
 76  0.03987 -5.19366e-05 | 77  0.04302  1.25483e-05 | 78  0.04544  1.13995e-04
 79  0.04706 -7.57528e-05 | 80  0.04796  2.36150e-05 | 81  0.04820 -1.32683e-04
 82  0.04782 -3.02714e-05 | 83  0.04674 -6.20704e-05 | 84  0.04481  1.79974e-04
 85  0.04200  4.61676e-05 | 86  0.03849  4.96625e-05 | 87  0.03475 -3.92837e-05
 88  0.03138 -7.05181e-06 | 89  0.02888  6.40972e-05 | 90  0.02738  5.08306e-05
 91  0.02664  4.74721e-05 | 92  0.02617  5.08189e-05 | 93  0.02577  5.64447e-05
 94  0.02600  4.27811e-05 | 95  0.02692  1.29101e-05 | 96  0.02701  1.62786e-05
 97  0.02862  8.40011e-05 | 98  0.03104 -1.85892e-05 | 99  0.03511  7.28750e-05
100  0.03423  5.57390e-06 |101  0.03164  1.74628e-04 |102  0.02859  1.53472e-05
103  0.01795  8.74266e-05 |104  0.01718  9.07782e-05 |105  0.03689  9.47436e-05
106  0.03284  1.59603e-04 |107  0.00501 -1.32216e-04 |108  0.02206 -4.49797e-05
109  0.09361  7.36595e-05 |110  0.03255 -3.37147e-05 |111 -0.01030 -3.81928e-05
112  0.00933 -2.21607e-05 |113  0.02386 -7.19964e-06 |114  0.04290 -1.04977e-04
115  0.00590 -1.05755e-04 |116 -0.06025  3.20216e-05 |117 -0.07687 -2.63658e-05
118 -0.07560  7.68280e-05 |119 -0.03278  2.45221e-05 |120  0.06996 -2.16268e-05
121  0.02320  3.07479e-06 |122  0.01345  2.33220e-05 |123 -0.02851 -1.38030e-05
124 -0.06754  1.52152e-05 |125 -0.00762 -2.12461e-05 |126  0.00307 -2.26392e-05
127 -0.02834 -3.58802e-05 |128  0.02728 -5.09010e-06 |129  0.07122 -9.10027e-05
130  0.01071 -9.88144e-05 |131  0.08050 -1.97817e-05 |132  0.00499  8.20271e-05
133  0.13178  7.99983e-05 |134 -0.00554 -2.36740e-05 |135 -0.04637  3.58355e-05
136 -0.05671 -1.56988e-04 |137 -0.02211  1.86952e-05 |138  0.09298  8.28011e-06
139  0.03160 -6.11124e-05 |140  0.01658  6.57044e-06 |141 -0.02769 -1.17723e-05
142 -0.01790  1.19558e-05 |143 -0.00549  1.29024e-05 |144 -0.00041 -2.88375e-06
145  0.38077  4.78460e-05 |146  0.27253  3.68071e-04 |

 - final statistics:
176 variables; iteration 0; function evaluation 0
Function value 7.3447e+03; maximum gradient component mag 7.9963e-04
Exit code = 0;  converg criter 1.0000e+00
Var    Value     Gradient |Var    Value     Gradient |Var    Value     Gradient
  1 -0.45021 -1.72158e-04 |  2  0.37081 -2.14321e-04 |  3 -0.12780  7.12455e-06
  4 -0.01184 -3.32319e-04 |  5 -0.71332 -4.45911e-05 |  6 -0.60306 -9.30153e-06
  7  0.37580  2.46651e-05 |  8 -0.18668 -1.01288e-04 |  9  0.03608 -3.60445e-05
 10 -0.61481 -1.17253e-04 | 11 -0.62233 -5.03787e-05 | 12 -0.17519  7.99631e-04
 13 -0.01707 -5.74988e-06 | 14 -0.01738 -5.26622e-06 | 15 -0.01769 -4.86542e-06
 16 -0.01799 -4.56325e-06 | 17 -0.01828 -4.35728e-06 | 18 -0.01857 -4.25785e-06
 19 -0.01884 -4.26716e-06 | 20 -0.01910 -4.37857e-06 | 21 -0.01934 -4.58281e-06
 22 -0.01957 -4.86734e-06 | 23 -0.01978 -5.21900e-06 | 24 -0.01997 -5.62693e-06
 25 -0.02014 -6.08585e-06 | 26 -0.02029 -6.59996e-06 | 27 -0.02041 -7.18362e-06
 28 -0.02051 -7.85755e-06 | 29 -0.02057 -8.63816e-06 | 30 -0.02060 -9.53241e-06
 31 -0.02059 -1.05246e-05 | 32 -0.02055 -1.15985e-05 | 33 -0.02046 -1.27227e-05
 34 -0.02034 -1.38477e-05 | 35 -0.02017 -1.48967e-05 | 36 -0.01996 -1.57528e-05
 37 -0.01969 -1.62499e-05 | 38 -0.01937 -1.61594e-05 | 39 -0.01900 -1.52100e-05
 40 -0.01856 -1.31362e-05 | 41 -0.01807 -9.64286e-06 | 42 -0.01752 -4.64198e-06
 43 -0.01691  1.73941e-06 | 44 -0.01624  9.04449e-06 | 45 -0.01553  1.64626e-05
 46 -0.01476  2.28972e-05 | 47 -0.01395  2.71196e-05 | 48 -0.01311  2.80029e-05
 49 -0.01224  2.46712e-05 | 50 -0.01136  1.66870e-05 | 51 -0.01048  4.37929e-06
 52 -0.00964 -1.07880e-05 | 53 -0.00883 -2.62349e-05 | 54 -0.00808 -3.89441e-05
 55 -0.00735 -4.62608e-05 | 56 -0.00665 -4.61884e-05 | 57 -0.00595 -3.73853e-05
 58 -0.00522 -1.93131e-05 | 59 -0.00444  7.14329e-06 | 60 -0.00359  3.86509e-05
 61 -0.00263  6.80918e-05 | 62 -0.00154  8.39085e-05 | 63 -0.00026  7.25720e-05
 64  0.00122  2.77291e-05 | 65  0.00294 -3.44785e-05 | 66  0.00495 -6.78663e-05
 67  0.00726 -2.64088e-05 | 68  0.00990  4.57149e-05 | 69  0.01289  6.52019e-06
 70  0.01622 -1.05211e-04 | 71  0.01987 -4.87778e-05 | 72  0.02380  2.67590e-05
 73  0.02792 -3.41254e-05 | 74  0.03210  2.26876e-05 | 75  0.03616 -3.46191e-05
 76  0.03987 -5.19366e-05 | 77  0.04302  1.25483e-05 | 78  0.04544  1.13995e-04
 79  0.04706 -7.57528e-05 | 80  0.04796  2.36150e-05 | 81  0.04820 -1.32683e-04
 82  0.04782 -3.02714e-05 | 83  0.04674 -6.20704e-05 | 84  0.04481  1.79974e-04
 85  0.04200  4.61676e-05 | 86  0.03849  4.96625e-05 | 87  0.03475 -3.92837e-05
 88  0.03138 -7.05181e-06 | 89  0.02888  6.40972e-05 | 90  0.02738  5.08306e-05
 91  0.02664  4.74721e-05 | 92  0.02617  5.08189e-05 | 93  0.02577  5.64447e-05
 94  0.02600  4.27811e-05 | 95  0.02692  1.29101e-05 | 96  0.02701  1.62786e-05
 97  0.02862  8.40011e-05 | 98  0.03104 -1.85892e-05 | 99  0.03511  7.28750e-05
100  0.03423  5.57390e-06 |101  0.03164  1.74628e-04 |102  0.02859  1.53472e-05
103  0.01795  8.74266e-05 |104  0.01718  9.07782e-05 |105  0.03689  9.47436e-05
106  0.03284  1.59603e-04 |107  0.00501 -1.32216e-04 |108  0.02206 -4.49797e-05
109  0.09361  7.36595e-05 |110  0.03255 -3.37147e-05 |111 -0.01030 -3.81928e-05
112  0.00933 -2.21607e-05 |113  0.02386 -7.19964e-06 |114  0.04290 -1.04977e-04
115  0.00590 -1.05755e-04 |116 -0.06025  3.20216e-05 |117 -0.07687 -2.63658e-05
118 -0.07560  7.68280e-05 |119 -0.03278  2.45221e-05 |120  0.06996 -2.16268e-05
121  0.02320  3.07479e-06 |122  0.01345  2.33220e-05 |123 -0.02851 -1.38030e-05
124 -0.06754  1.52152e-05 |125 -0.00762 -2.12461e-05 |126  0.00307 -2.26392e-05
127 -0.02834 -3.58802e-05 |128  0.02728 -5.09010e-06 |129  0.07122 -9.10027e-05
130  0.01071 -9.88144e-05 |131  0.08050 -1.97817e-05 |132  0.00499  8.20271e-05
133  0.13178  7.99983e-05 |134 -0.00554 -2.36740e-05 |135 -0.04637  3.58355e-05
136 -0.05671 -1.56988e-04 |137 -0.02211  1.86952e-05 |138  0.09298  8.28011e-06
139  0.03160 -6.11124e-05 |140  0.01658  6.57044e-06 |141 -0.02769 -1.17723e-05
142 -0.01790  1.19558e-05 |143 -0.00549  1.29024e-05 |144 -0.00041 -2.88375e-06
145  0.38077  4.78460e-05 |146  0.27253  3.68071e-04 |147  0.04754  1.86058e-04
148  0.29714 -5.84137e-05 |149 -0.47702  4.49544e-05 |150  0.31417  1.00261e-05
151  0.18549 -6.60126e-05 |152  0.26052 -8.74444e-05 |153  0.17602 -3.08978e-05
154  0.25472 -3.20415e-05 |155  0.10740  4.67953e-05 |156  0.29780  2.67440e-05
157  0.17182  3.10009e-05 |158  0.24713  4.02294e-05 |159 -0.35540 -2.69427e-05
160  0.24238 -5.38505e-05 |161  0.20043  2.12089e-05 |162  0.31776 -1.39502e-05
163 -0.37967  2.07672e-05 |164  0.23662 -1.78971e-05 |165  0.06492  4.83857e-04
166  0.12136  3.40597e-05 |167  0.32616 -1.40659e-04 |168  0.27348  1.93159e-05
169  0.01364 -3.88076e-06 |170  0.39763 -5.73727e-05 |171  0.10098  2.46048e-04
172  0.16450  1.84820e-04 |173  0.21955 -1.16966e-04 |174  0.25760 -2.21804e-04
175 -0.56103  8.87501e-05 |176  0.16921  7.84740e-05 |

 - final statistics:
200 variables; iteration 0; function evaluation 0
Function value 7.3447e+03; maximum gradient component mag 9.7140e-04
Exit code = 0;  converg criter 1.0000e-03
Var    Value     Gradient |Var    Value     Gradient |Var    Value     Gradient
  1 -0.45021 -1.72158e-04 |  2  0.37081 -2.14321e-04 |  3 -0.12780  7.12455e-06
  4 -0.01184 -3.32319e-04 |  5 -0.71332 -4.45911e-05 |  6 -0.60306 -9.30152e-06
  7  0.37580  2.46651e-05 |  8 -0.18668 -1.01288e-04 |  9  0.03608 -3.60445e-05
 10 -0.61481 -1.17253e-04 | 11 -0.62233 -5.03787e-05 | 12 -0.17519  7.99631e-04
 13 -0.01707 -5.74988e-06 | 14 -0.01738 -5.26622e-06 | 15 -0.01769 -4.86542e-06
 16 -0.01799 -4.56325e-06 | 17 -0.01828 -4.35728e-06 | 18 -0.01857 -4.25785e-06
 19 -0.01884 -4.26716e-06 | 20 -0.01910 -4.37857e-06 | 21 -0.01934 -4.58281e-06
 22 -0.01957 -4.86734e-06 | 23 -0.01978 -5.21900e-06 | 24 -0.01997 -5.62693e-06
 25 -0.02014 -6.08585e-06 | 26 -0.02029 -6.59996e-06 | 27 -0.02041 -7.18362e-06
 28 -0.02051 -7.85755e-06 | 29 -0.02057 -8.63816e-06 | 30 -0.02060 -9.53241e-06
 31 -0.02059 -1.05246e-05 | 32 -0.02055 -1.15985e-05 | 33 -0.02046 -1.27227e-05
 34 -0.02034 -1.38477e-05 | 35 -0.02017 -1.48967e-05 | 36 -0.01996 -1.57528e-05
 37 -0.01969 -1.62499e-05 | 38 -0.01937 -1.61594e-05 | 39 -0.01900 -1.52100e-05
 40 -0.01856 -1.31362e-05 | 41 -0.01807 -9.64286e-06 | 42 -0.01752 -4.64198e-06
 43 -0.01691  1.73941e-06 | 44 -0.01624  9.04449e-06 | 45 -0.01553  1.64626e-05
 46 -0.01476  2.28972e-05 | 47 -0.01395  2.71196e-05 | 48 -0.01311  2.80029e-05
 49 -0.01224  2.46712e-05 | 50 -0.01136  1.66870e-05 | 51 -0.01048  4.37929e-06
 52 -0.00964 -1.07880e-05 | 53 -0.00883 -2.62349e-05 | 54 -0.00808 -3.89441e-05
 55 -0.00735 -4.62608e-05 | 56 -0.00665 -4.61884e-05 | 57 -0.00595 -3.73853e-05
 58 -0.00522 -1.93131e-05 | 59 -0.00444  7.14329e-06 | 60 -0.00359  3.86509e-05
 61 -0.00263  6.80918e-05 | 62 -0.00154  8.39085e-05 | 63 -0.00026  7.25720e-05
 64  0.00122  2.77291e-05 | 65  0.00294 -3.44785e-05 | 66  0.00495 -6.78663e-05
 67  0.00726 -2.64088e-05 | 68  0.00990  4.57149e-05 | 69  0.01289  6.52019e-06
 70  0.01622 -1.05211e-04 | 71  0.01987 -4.87778e-05 | 72  0.02380  2.67590e-05
 73  0.02792 -3.41254e-05 | 74  0.03210  2.26876e-05 | 75  0.03616 -3.46191e-05
 76  0.03987 -5.19366e-05 | 77  0.04302  1.25483e-05 | 78  0.04544  1.13995e-04
 79  0.04706 -7.57528e-05 | 80  0.04796  2.36150e-05 | 81  0.04820 -1.32683e-04
 82  0.04782 -3.02714e-05 | 83  0.04674 -6.20704e-05 | 84  0.04481  1.79974e-04
 85  0.04200  4.61676e-05 | 86  0.03849  4.96625e-05 | 87  0.03475 -3.92837e-05
 88  0.03138 -7.05181e-06 | 89  0.02888  6.40972e-05 | 90  0.02738  5.08306e-05
 91  0.02664  4.74721e-05 | 92  0.02617  5.08189e-05 | 93  0.02577  5.64447e-05
 94  0.02600  4.27811e-05 | 95  0.02692  1.29101e-05 | 96  0.02701  1.62786e-05
 97  0.02862  8.40011e-05 | 98  0.03104 -1.85892e-05 | 99  0.03511  7.28750e-05
100  0.03423  5.57390e-06 |101  0.03164  1.74628e-04 |102  0.02859  1.53472e-05
103  0.01795  8.74266e-05 |104  0.01718  9.07782e-05 |105  0.03689  9.47436e-05
106  0.03284  1.59603e-04 |107  0.00501 -1.32216e-04 |108  0.02206 -4.49797e-05
109  0.09361  7.36595e-05 |110  0.03255 -3.37147e-05 |111 -0.01030 -3.81928e-05
112  0.00933 -2.21607e-05 |113  0.02386 -7.19964e-06 |114  0.04290 -1.04977e-04
115  0.00590 -1.05755e-04 |116 -0.06025  3.20216e-05 |117 -0.07687 -2.63658e-05
118 -0.07560  7.68280e-05 |119 -0.03278  2.45221e-05 |120  0.06996 -2.16268e-05
121  0.02320  3.07479e-06 |122  0.01345  2.33220e-05 |123 -0.02851 -1.38030e-05
124 -0.06754  1.52152e-05 |125 -0.00762 -2.12461e-05 |126  0.00307 -2.26392e-05
127 -0.02834 -3.58802e-05 |128  0.02728 -5.09010e-06 |129  0.07122 -9.10027e-05
130  0.01071 -9.88144e-05 |131  0.08050 -1.97817e-05 |132  0.00499  8.20271e-05
133  0.13178  7.99982e-05 |134 -0.00554 -2.36740e-05 |135 -0.04637  3.58355e-05
136 -0.05671 -1.56988e-04 |137 -0.02211  1.86952e-05 |138  0.09298  8.28011e-06
139  0.03160 -6.11124e-05 |140  0.01658  6.57044e-06 |141 -0.02769 -1.17723e-05
142 -0.01790  1.19558e-05 |143 -0.00549  1.29024e-05 |144 -0.00041 -2.88375e-06
145  0.38077  4.78460e-05 |146  0.27253  3.68071e-04 |147  0.04754  1.86058e-04
148  0.29714 -5.84137e-05 |149  0.01603 -1.10063e-04 |150 -0.11375 -1.60677e-05
151 -0.47702  4.49544e-05 |152  0.31417  1.00261e-05 |153  0.04881 -3.62264e-05
154 -0.23574  7.85216e-05 |155  0.18549 -6.60126e-05 |156  0.26052 -8.74444e-05
157  0.17602 -3.08978e-05 |158  0.25472 -3.20415e-05 |159  0.00519  7.38258e-05
160 -0.09713 -9.29092e-05 |161  0.10740  4.67953e-05 |162  0.29780  2.67440e-05
163  0.17182  3.10009e-05 |164  0.24713  4.02294e-05 |165 -0.35540 -2.69427e-05
166  0.24238 -5.38505e-05 |167  0.05231  2.73615e-05 |168 -0.18860  6.62864e-05
169  0.20043  2.12089e-05 |170  0.31776 -1.39502e-05 |171  0.07870  1.25119e-04
172 -0.53179 -7.90911e-05 |173 -0.37967  2.07672e-05 |174  0.23662 -1.78971e-05
175  0.07663  4.01408e-05 |176 -0.12351 -7.60233e-05 |177  0.06492  4.83857e-04
178  0.12136  3.40597e-05 |179  0.32616 -1.40659e-04 |180  0.27348  1.93159e-05
181 -0.01285  4.94584e-04 |182  0.00828  5.70834e-05 |183 -0.12823  1.87792e-04
184 -0.12397 -4.57820e-05 |185  0.01364 -3.88076e-06 |186  0.39763 -5.73727e-05
187  0.01891  3.48236e-05 |188 -0.15289 -4.54884e-05 |189  0.10098  2.46048e-04
190  0.16450  1.84820e-04 |191  0.21955 -1.16966e-04 |192  0.25760 -2.21804e-04
193  0.02420  3.35826e-04 |194 -0.00726  1.29728e-04 |195 -0.17347  1.66578e-04
196 -0.11333  5.94646e-05 |197 -0.56103  8.87501e-05 |198  0.16921  7.84740e-05
199  0.09309  9.71405e-04 |200 -0.24761  3.99030e-04 |

 - final statistics:
213 variables; iteration 0; function evaluation 0
Function value 7.3447e+03; maximum gradient component mag 9.7140e-04
Exit code = 0;  converg criter 1.0000e-03
Var    Value     Gradient |Var    Value     Gradient |Var    Value     Gradient
  1 -0.45021 -1.72158e-04 |  2  0.37081 -2.14321e-04 |  3 -0.12780  7.12455e-06
  4 -0.01184 -3.32319e-04 |  5 -0.71332 -4.45911e-05 |  6 -0.60306 -9.30151e-06
  7  0.37580  2.46651e-05 |  8 -0.18668 -1.01288e-04 |  9  0.03608 -3.60445e-05
 10 -0.61481 -1.17253e-04 | 11 -0.62233 -5.03787e-05 | 12 -0.17519  7.99631e-04
 13 -0.01707 -5.74988e-06 | 14 -0.01738 -5.26622e-06 | 15 -0.01769 -4.86542e-06
 16 -0.01799 -4.56325e-06 | 17 -0.01828 -4.35728e-06 | 18 -0.01857 -4.25785e-06
 19 -0.01884 -4.26716e-06 | 20 -0.01910 -4.37857e-06 | 21 -0.01934 -4.58281e-06
 22 -0.01957 -4.86734e-06 | 23 -0.01978 -5.21900e-06 | 24 -0.01997 -5.62693e-06
 25 -0.02014 -6.08585e-06 | 26 -0.02029 -6.59996e-06 | 27 -0.02041 -7.18362e-06
 28 -0.02051 -7.85755e-06 | 29 -0.02057 -8.63816e-06 | 30 -0.02060 -9.53241e-06
 31 -0.02059 -1.05246e-05 | 32 -0.02055 -1.15985e-05 | 33 -0.02046 -1.27227e-05
 34 -0.02034 -1.38477e-05 | 35 -0.02017 -1.48967e-05 | 36 -0.01996 -1.57528e-05
 37 -0.01969 -1.62499e-05 | 38 -0.01937 -1.61594e-05 | 39 -0.01900 -1.52100e-05
 40 -0.01856 -1.31362e-05 | 41 -0.01807 -9.64286e-06 | 42 -0.01752 -4.64198e-06
 43 -0.01691  1.73941e-06 | 44 -0.01624  9.04449e-06 | 45 -0.01553  1.64626e-05
 46 -0.01476  2.28972e-05 | 47 -0.01395  2.71196e-05 | 48 -0.01311  2.80029e-05
 49 -0.01224  2.46712e-05 | 50 -0.01136  1.66870e-05 | 51 -0.01048  4.37929e-06
 52 -0.00964 -1.07880e-05 | 53 -0.00883 -2.62349e-05 | 54 -0.00808 -3.89441e-05
 55 -0.00735 -4.62608e-05 | 56 -0.00665 -4.61884e-05 | 57 -0.00595 -3.73853e-05
 58 -0.00522 -1.93131e-05 | 59 -0.00444  7.14329e-06 | 60 -0.00359  3.86509e-05
 61 -0.00263  6.80918e-05 | 62 -0.00154  8.39085e-05 | 63 -0.00026  7.25720e-05
 64  0.00122  2.77291e-05 | 65  0.00294 -3.44785e-05 | 66  0.00495 -6.78663e-05
 67  0.00726 -2.64088e-05 | 68  0.00990  4.57149e-05 | 69  0.01289  6.52019e-06
 70  0.01622 -1.05211e-04 | 71  0.01987 -4.87778e-05 | 72  0.02380  2.67590e-05
 73  0.02792 -3.41254e-05 | 74  0.03210  2.26876e-05 | 75  0.03616 -3.46191e-05
 76  0.03987 -5.19366e-05 | 77  0.04302  1.25483e-05 | 78  0.04544  1.13995e-04
 79  0.04706 -7.57528e-05 | 80  0.04796  2.36150e-05 | 81  0.04820 -1.32683e-04
 82  0.04782 -3.02714e-05 | 83  0.04674 -6.20704e-05 | 84  0.04481  1.79974e-04
 85  0.04200  4.61676e-05 | 86  0.03849  4.96625e-05 | 87  0.03475 -3.92837e-05
 88  0.03138 -7.05181e-06 | 89  0.02888  6.40972e-05 | 90  0.02738  5.08306e-05
 91  0.02664  4.74721e-05 | 92  0.02617  5.08189e-05 | 93  0.02577  5.64447e-05
 94  0.02600  4.27811e-05 | 95  0.02692  1.29101e-05 | 96  0.02701  1.62786e-05
 97  0.02862  8.40011e-05 | 98  0.03104 -1.85892e-05 | 99  0.03511  7.28750e-05
100  0.03423  5.57390e-06 |101  0.03164  1.74628e-04 |102  0.02859  1.53472e-05
103  0.01795  8.74266e-05 |104  0.01718  9.07782e-05 |105  0.03689  9.47436e-05
106  0.03284  1.59604e-04 |107  0.00501 -1.32216e-04 |108  0.02206 -4.49797e-05
109  0.09361  7.36595e-05 |110  0.03255 -3.37147e-05 |111 -0.01030 -3.81928e-05
112  0.00933 -2.21607e-05 |113  0.02386 -7.19964e-06 |114  0.04290 -1.04977e-04
115  0.00590 -1.05755e-04 |116 -0.06025  3.20216e-05 |117 -0.07687 -2.63658e-05
118 -0.07560  7.68280e-05 |119 -0.03278  2.45221e-05 |120  0.06996 -2.16268e-05
121  0.02320  3.07479e-06 |122  0.01345  2.33220e-05 |123 -0.02851 -1.38030e-05
124 -0.06754  1.52152e-05 |125 -0.00762 -2.12461e-05 |126  0.00307 -2.26392e-05
127 -0.02834 -3.58802e-05 |128  0.02728 -5.09010e-06 |129  0.07122 -9.10027e-05
130  0.01071 -9.88144e-05 |131  0.08050 -1.97817e-05 |132  0.00499  8.20271e-05
133  0.13178  7.99982e-05 |134 -0.00554 -2.36740e-05 |135 -0.04637  3.58355e-05
136 -0.05671 -1.56988e-04 |137 -0.02211  1.86952e-05 |138  0.09298  8.28011e-06
139  0.03160 -6.11124e-05 |140  0.01658  6.57044e-06 |141 -0.02769 -1.17723e-05
142 -0.01790  1.19558e-05 |143 -0.00549  1.29024e-05 |144 -0.00041 -2.88375e-06
145  0.00000  0.00000e+00 |146  0.00000  0.00000e+00 |147  0.00000  0.00000e+00
148  0.00000  0.00000e+00 |149  0.00000  0.00000e+00 |150  0.00000  0.00000e+00
151  0.00000  0.00000e+00 |152  0.00000  0.00000e+00 |153  0.00000  0.00000e+00
154  0.00000  0.00000e+00 |155  0.00000  0.00000e+00 |156  0.00000  0.00000e+00
157  0.00000  0.00000e+00 |158  0.38077  4.78460e-05 |159  0.27253  3.68071e-04
160  0.04754  1.86058e-04 |161  0.29714 -5.84137e-05 |162  0.01603 -1.10063e-04
163 -0.11375 -1.60677e-05 |164 -0.47702  4.49544e-05 |165  0.31417  1.00261e-05
166  0.04881 -3.62264e-05 |167 -0.23574  7.85216e-05 |168  0.18549 -6.60126e-05
169  0.26052 -8.74444e-05 |170  0.17602 -3.08978e-05 |171  0.25472 -3.20415e-05
172  0.00519  7.38258e-05 |173 -0.09713 -9.29092e-05 |174  0.10740  4.67953e-05
175  0.29780  2.67440e-05 |176  0.17182  3.10009e-05 |177  0.24713  4.02294e-05
178 -0.35540 -2.69427e-05 |179  0.24238 -5.38505e-05 |180  0.05231  2.73615e-05
181 -0.18860  6.62864e-05 |182  0.20043  2.12089e-05 |183  0.31776 -1.39502e-05
184  0.07870  1.25119e-04 |185 -0.53179 -7.90911e-05 |186 -0.37967  2.07672e-05
187  0.23662 -1.78971e-05 |188  0.07663  4.01408e-05 |189 -0.12351 -7.60233e-05
190  0.06492  4.83857e-04 |191  0.12136  3.40597e-05 |192  0.32616 -1.40659e-04
193  0.27348  1.93159e-05 |194 -0.01285  4.94584e-04 |195  0.00828  5.70834e-05
196 -0.12823  1.87792e-04 |197 -0.12397 -4.57820e-05 |198  0.01364 -3.88076e-06
199  0.39763 -5.73727e-05 |200  0.01891  3.48236e-05 |201 -0.15289 -4.54884e-05
202  0.10098  2.46048e-04 |203  0.16450  1.84820e-04 |204  0.21955 -1.16966e-04
205  0.25760 -2.21804e-04 |206  0.02420  3.35826e-04 |207 -0.00726  1.29728e-04
208 -0.17347  1.66578e-04 |209 -0.11333  5.94646e-05 |210 -0.56103  8.87501e-05
211  0.16921  7.84740e-05 |212  0.09309  9.71405e-04 |213 -0.24761  3.99030e-04
Estimating row 1 out of 213 for hessian
Estimating row 2 out of 213 for hessian
Estimating row 3 out of 213 for hessian
Estimating row 4 out of 213 for hessian
Estimating row 5 out of 213 for hessian
Estimating row 6 out of 213 for hessian
Estimating row 7 out of 213 for hessian
Estimating row 8 out of 213 for hessian
Estimating row 9 out of 213 for hessian
Estimating row 10 out of 213 for hessian
Estimating row 11 out of 213 for hessian
Estimating row 12 out of 213 for hessian
Estimating row 13 out of 213 for hessian
Estimating row 14 out of 213 for hessian
Estimating row 15 out of 213 for hessian
Estimating row 16 out of 213 for hessian
Estimating row 17 out of 213 for hessian
Estimating row 18 out of 213 for hessian
Estimating row 19 out of 213 for hessian
Estimating row 20 out of 213 for hessian
Estimating row 21 out of 213 for hessian
Estimating row 22 out of 213 for hessian
Estimating row 23 out of 213 for hessian
Estimating row 24 out of 213 for hessian
Estimating row 25 out of 213 for hessian
Estimating row 26 out of 213 for hessian
Estimating row 27 out of 213 for hessian
Estimating row 28 out of 213 for hessian
Estimating row 29 out of 213 for hessian
Estimating row 30 out of 213 for hessian
Estimating row 31 out of 213 for hessian
Estimating row 32 out of 213 for hessian
Estimating row 33 out of 213 for hessian
Estimating row 34 out of 213 for hessian
Estimating row 35 out of 213 for hessian
Estimating row 36 out of 213 for hessian
Estimating row 37 out of 213 for hessian
Estimating row 38 out of 213 for hessian
Estimating row 39 out of 213 for hessian
Estimating row 40 out of 213 for hessian
Estimating row 41 out of 213 for hessian
Estimating row 42 out of 213 for hessian
Estimating row 43 out of 213 for hessian
Estimating row 44 out of 213 for hessian
Estimating row 45 out of 213 for hessian
Estimating row 46 out of 213 for hessian
Estimating row 47 out of 213 for hessian
Estimating row 48 out of 213 for hessian
Estimating row 49 out of 213 for hessian
Estimating row 50 out of 213 for hessian
Estimating row 51 out of 213 for hessian
Estimating row 52 out of 213 for hessian
Estimating row 53 out of 213 for hessian
Estimating row 54 out of 213 for hessian
Estimating row 55 out of 213 for hessian
Estimating row 56 out of 213 for hessian
Estimating row 57 out of 213 for hessian
Estimating row 58 out of 213 for hessian
Estimating row 59 out of 213 for hessian
Estimating row 60 out of 213 for hessian
Estimating row 61 out of 213 for hessian
Estimating row 62 out of 213 for hessian
Estimating row 63 out of 213 for hessian
Estimating row 64 out of 213 for hessian
Estimating row 65 out of 213 for hessian
Estimating row 66 out of 213 for hessian
Estimating row 67 out of 213 for hessian
Estimating row 68 out of 213 for hessian
Estimating row 69 out of 213 for hessian
Estimating row 70 out of 213 for hessian
Estimating row 71 out of 213 for hessian
Estimating row 72 out of 213 for hessian
Estimating row 73 out of 213 for hessian
Estimating row 74 out of 213 for hessian
Estimating row 75 out of 213 for hessian
Estimating row 76 out of 213 for hessian
Estimating row 77 out of 213 for hessian
Estimating row 78 out of 213 for hessian
Estimating row 79 out of 213 for hessian
Estimating row 80 out of 213 for hessian
Estimating row 81 out of 213 for hessian
Estimating row 82 out of 213 for hessian
Estimating row 83 out of 213 for hessian
Estimating row 84 out of 213 for hessian
Estimating row 85 out of 213 for hessian
Estimating row 86 out of 213 for hessian
Estimating row 87 out of 213 for hessian
Estimating row 88 out of 213 for hessian
Estimating row 89 out of 213 for hessian
Estimating row 90 out of 213 for hessian
Estimating row 91 out of 213 for hessian
Estimating row 92 out of 213 for hessian
Estimating row 93 out of 213 for hessian
Estimating row 94 out of 213 for hessian
Estimating row 95 out of 213 for hessian
Estimating row 96 out of 213 for hessian
Estimating row 97 out of 213 for hessian
Estimating row 98 out of 213 for hessian
Estimating row 99 out of 213 for hessian
Estimating row 100 out of 213 for hessian
Estimating row 101 out of 213 for hessian
Estimating row 102 out of 213 for hessian
Estimating row 103 out of 213 for hessian
Estimating row 104 out of 213 for hessian
Estimating row 105 out of 213 for hessian
Estimating row 106 out of 213 for hessian
Estimating row 107 out of 213 for hessian
Estimating row 108 out of 213 for hessian
Estimating row 109 out of 213 for hessian
Estimating row 110 out of 213 for hessian
Estimating row 111 out of 213 for hessian
Estimating row 112 out of 213 for hessian
Estimating row 113 out of 213 for hessian
Estimating row 114 out of 213 for hessian
Estimating row 115 out of 213 for hessian
Estimating row 116 out of 213 for hessian
Estimating row 117 out of 213 for hessian
Estimating row 118 out of 213 for hessian
Estimating row 119 out of 213 for hessian
Estimating row 120 out of 213 for hessian
Estimating row 121 out of 213 for hessian
Estimating row 122 out of 213 for hessian
Estimating row 123 out of 213 for hessian
Estimating row 124 out of 213 for hessian
Estimating row 125 out of 213 for hessian
Estimating row 126 out of 213 for hessian
Estimating row 127 out of 213 for hessian
Estimating row 128 out of 213 for hessian
Estimating row 129 out of 213 for hessian
Estimating row 130 out of 213 for hessian
Estimating row 131 out of 213 for hessian
Estimating row 132 out of 213 for hessian
Estimating row 133 out of 213 for hessian
Estimating row 134 out of 213 for hessian
Estimating row 135 out of 213 for hessian
Estimating row 136 out of 213 for hessian
Estimating row 137 out of 213 for hessian
Estimating row 138 out of 213 for hessian
Estimating row 139 out of 213 for hessian
Estimating row 140 out of 213 for hessian
Estimating row 141 out of 213 for hessian
Estimating row 142 out of 213 for hessian
Estimating row 143 out of 213 for hessian
Estimating row 144 out of 213 for hessian
Estimating row 145 out of 213 for hessian
Estimating row 146 out of 213 for hessian
Estimating row 147 out of 213 for hessian
Estimating row 148 out of 213 for hessian
Estimating row 149 out of 213 for hessian
Estimating row 150 out of 213 for hessian
Estimating row 151 out of 213 for hessian
Estimating row 152 out of 213 for hessian
Estimating row 153 out of 213 for hessian
Estimating row 154 out of 213 for hessian
Estimating row 155 out of 213 for hessian
Estimating row 156 out of 213 for hessian
Estimating row 157 out of 213 for hessian
Estimating row 158 out of 213 for hessian
Estimating row 159 out of 213 for hessian
Estimating row 160 out of 213 for hessian
Estimating row 161 out of 213 for hessian
Estimating row 162 out of 213 for hessian
Estimating row 163 out of 213 for hessian
Estimating row 164 out of 213 for hessian
Estimating row 165 out of 213 for hessian
Estimating row 166 out of 213 for hessian
Estimating row 167 out of 213 for hessian
Estimating row 168 out of 213 for hessian
Estimating row 169 out of 213 for hessian
Estimating row 170 out of 213 for hessian
Estimating row 171 out of 213 for hessian
Estimating row 172 out of 213 for hessian
Estimating row 173 out of 213 for hessian
Estimating row 174 out of 213 for hessian
Estimating row 175 out of 213 for hessian
Estimating row 176 out of 213 for hessian
Estimating row 177 out of 213 for hessian
Estimating row 178 out of 213 for hessian
Estimating row 179 out of 213 for hessian
Estimating row 180 out of 213 for hessian
Estimating row 181 out of 213 for hessian
Estimating row 182 out of 213 for hessian
Estimating row 183 out of 213 for hessian
Estimating row 184 out of 213 for hessian
Estimating row 185 out of 213 for hessian
Estimating row 186 out of 213 for hessian
Estimating row 187 out of 213 for hessian
Estimating row 188 out of 213 for hessian
Estimating row 189 out of 213 for hessian
Estimating row 190 out of 213 for hessian
Estimating row 191 out of 213 for hessian
Estimating row 192 out of 213 for hessian
Estimating row 193 out of 213 for hessian
Estimating row 194 out of 213 for hessian
Estimating row 195 out of 213 for hessian
Estimating row 196 out of 213 for hessian
Estimating row 197 out of 213 for hessian
Estimating row 198 out of 213 for hessian
Estimating row 199 out of 213 for hessian
Estimating row 200 out of 213 for hessian
Estimating row 201 out of 213 for hessian
Estimating row 202 out of 213 for hessian
Estimating row 203 out of 213 for hessian
Estimating row 204 out of 213 for hessian
Estimating row 205 out of 213 for hessian
Estimating row 206 out of 213 for hessian
Estimating row 207 out of 213 for hessian
Estimating row 208 out of 213 for hessian
Estimating row 209 out of 213 for hessian
Estimating row 210 out of 213 for hessian
Estimating row 211 out of 213 for hessian
Estimating row 212 out of 213 for hessian
Estimating row 213 out of 213 for hessian
size of file gradfil1.tmp = 1793520000
size of file gradfil2.tmp = 0
size of file varssave.tmp = 0
size of file cmpdiff.tmp = 2898001288
