
Initial statistics: 136 variables; iteration 0; function evaluation 0; phase 1
Function value 6.7802356e+03; maximum gradient component mag -1.5345e+02
Var    Value     Gradient |Var    Value     Gradient |Var    Value     Gradient
  1 -0.42250 -1.53452e+02 |  2 -0.08598 -1.53075e+02 |  3  0.00000  4.87328e+00
  4  0.00000  5.00070e+00 |  5  0.00000  5.12933e+00 |  6  0.00000  5.25891e+00
  7  0.00000  5.38927e+00 |  8  0.00000  5.52000e+00 |  9  0.00000  5.65071e+00
 10  0.00000  5.78101e+00 | 11  0.00000  5.91053e+00 | 12  0.00000  6.03886e+00
 13  0.00000  6.16561e+00 | 14  0.00000  6.29036e+00 | 15  0.00000  6.41266e+00
 16  0.00000  6.53196e+00 | 17  0.00000  6.64763e+00 | 18  0.00000  6.75896e+00
 19  0.00000  6.86527e+00 | 20  0.00000  6.96593e+00 | 21  0.00000  7.06051e+00
 22  0.00000  7.14845e+00 | 23  0.00000  7.22908e+00 | 24  0.00000  7.30165e+00
 25  0.00000  7.36517e+00 | 26  0.00000  7.41855e+00 | 27  0.00000  7.46057e+00
 28  0.00000  7.49015e+00 | 29  0.00000  7.50630e+00 | 30  0.00000  7.50774e+00
 31  0.00000  7.49519e+00 | 32  0.00000  7.46836e+00 | 33  0.00000  7.42758e+00
 34  0.00000  7.37371e+00 | 35  0.00000  7.30776e+00 | 36  0.00000  7.23110e+00
 37  0.00000  7.14561e+00 | 38  0.00000  7.05306e+00 | 39  0.00000  6.95527e+00
 40  0.00000  6.85366e+00 | 41  0.00000  6.74865e+00 | 42  0.00000  6.63908e+00
 43  0.00000  6.52240e+00 | 44  0.00000  6.39361e+00 | 45  0.00000  6.24524e+00
 46  0.00000  6.06831e+00 | 47  0.00000  5.85262e+00 | 48  0.00000  5.58651e+00
 49  0.00000  5.25886e+00 | 50  0.00000  4.85840e+00 | 51  0.00000  4.37511e+00
 52  0.00000  3.79965e+00 | 53  0.00000  3.12512e+00 | 54  0.00000  2.34714e+00
 55  0.00000  1.46363e+00 | 56  0.00000  4.76693e-01 | 57  0.00000 -6.10444e-01
 58  0.00000 -1.79030e+00 | 59  0.00000 -3.05192e+00 | 60  0.00000 -4.37968e+00
 61  0.00000 -5.75355e+00 | 62  0.00000 -7.14731e+00 | 63  0.00000 -8.52968e+00
 64  0.00000 -9.86475e+00 | 65  0.00000 -1.11133e+01 | 66  0.00000 -1.22366e+01
 67  0.00000 -1.32032e+01 | 68  0.00000 -1.39933e+01 | 69  0.00000 -1.45992e+01
 70  0.00000 -1.50250e+01 | 71  0.00000 -1.52738e+01 | 72  0.00000 -1.53399e+01
 73  0.00000 -1.52015e+01 | 74  0.00000 -1.48271e+01 | 75  0.00000 -1.41966e+01
 76  0.00000 -1.33282e+01 | 77  0.00000 -1.23030e+01 | 78  0.00000 -1.12564e+01
 79  0.00000 -1.03411e+01 | 80  0.00000 -9.65464e+00 | 81  0.00000 -9.21016e+00
 82  0.00000 -8.95922e+00 | 83  0.00000 -8.90643e+00 | 84  0.00000 -9.19754e+00
 85  0.00000 -9.88515e+00 | 86  0.00000 -1.07183e+01 | 87  0.00000 -1.21593e+01
 88  0.00000 -1.41018e+01 | 89  0.00000 -1.66600e+01 | 90  0.00000 -1.88260e+01
 91  0.00000 -2.11049e+01 | 92  0.00000 -2.37726e+01 | 93  0.00000 -2.57465e+01
 94  0.00000 -3.09554e+01 | 95  0.00000 -4.15304e+01 | 96  0.00000 -4.83640e+01
 97  0.00000 -4.95847e+01 | 98  0.00000 -6.32938e+01 | 99  0.00000 -8.10074e+01
100  0.00000 -6.49813e+01 |101  0.00000 -3.53380e+01 |102  0.00000 -2.65072e+01
103  0.00000 -1.95413e+01 |104  0.00000 -5.59860e+00 |105  0.00000  3.65155e+01
106  0.00000  1.07257e+02 |107  0.00000  1.39379e+02 |108  0.00000  1.30266e+02
109  0.00000  6.66983e+01 |110  0.00000 -1.27119e+01 |111  0.00000 -4.64198e+00
112  0.00000  1.56142e+01 |113  0.00000  3.97349e+01 |114  0.00000  5.70451e+01
115  0.00000  2.19918e+01 |116  0.00000  4.25786e+00 |117  0.00000 -1.33446e+00
118  0.00000 -3.91110e+01 |119  0.00000 -6.33524e+01 |120  0.00000 -4.75739e+01
121  0.00000 -6.24788e+01 |122  0.00000 -2.75452e+01 |123  0.00000 -9.38051e+01
124  0.00000  1.06289e-01 |125  0.00000  2.26284e+01 |126  0.00000  2.56205e+01
127  0.00000  6.86850e+00 |128  0.00000 -3.06195e+01 |129  0.00000 -9.59992e-01
130  0.00000 -3.68270e+00 |131  0.00000  4.51605e+00 |132  0.00000  3.17345e+00
133  0.00000  2.57389e-01 |134  0.00000 -1.98250e-16 |135  0.26793 -3.56838e+01
136  0.17955 -5.61754e+01 |

Intermediate statistics: 136 variables; iteration 20; function evaluation 25; phase 1
Function value 6.7439159e+03; maximum gradient component mag -2.2843e+02
Var    Value     Gradient |Var    Value     Gradient |Var    Value     Gradient
  1 -0.41565  1.37036e+02 |  2 -0.11035 -2.28427e+02 |  3 -0.00853  2.61255e-01
  4 -0.00868  2.77492e-01 |  5 -0.00883  2.94973e-01 |  6 -0.00896  3.13790e-01
  7 -0.00908  3.34057e-01 |  8 -0.00920  3.55860e-01 |  9 -0.00929  3.79295e-01
 10 -0.00938  4.04459e-01 | 11 -0.00945  4.31451e-01 | 12 -0.00950  4.60370e-01
 13 -0.00953  4.91318e-01 | 14 -0.00954  5.24397e-01 | 15 -0.00952  5.59717e-01
 16 -0.00948  5.97388e-01 | 17 -0.00941  6.37510e-01 | 18 -0.00932  6.80153e-01
 19 -0.00919  7.25335e-01 | 20 -0.00902  7.73033e-01 | 21 -0.00883  8.23251e-01
 22 -0.00859  8.75982e-01 | 23 -0.00832  9.31216e-01 | 24 -0.00801  9.88904e-01
 25 -0.00765  1.04893e+00 | 26 -0.00725  1.11103e+00 | 27 -0.00680  1.17481e+00
 28 -0.00630  1.23964e+00 | 29 -0.00576  1.30468e+00 | 30 -0.00518  1.36866e+00
 31 -0.00456  1.43051e+00 | 32 -0.00391  1.48850e+00 | 33 -0.00324  1.54065e+00
 34 -0.00256  1.58456e+00 | 35 -0.00189  1.61735e+00 | 36 -0.00125  1.63569e+00
 37 -0.00066  1.63604e+00 | 38 -0.00015  1.61461e+00 | 39  0.00025  1.56772e+00
 40  0.00052  1.49192e+00 | 41  0.00064  1.38416e+00 | 42  0.00060  1.24184e+00
 43  0.00038  1.06291e+00 | 44 -0.00001  8.45654e-01 | 45 -0.00056  5.88678e-01
 46 -0.00123  2.91238e-01 | 47 -0.00200 -4.65843e-02 | 48 -0.00282 -4.23512e-01
 49 -0.00365 -8.36707e-01 | 50 -0.00442 -1.28114e+00 | 51 -0.00508 -1.74931e+00
 52 -0.00555 -2.23022e+00 | 53 -0.00574 -2.70954e+00 | 54 -0.00554 -3.16967e+00
 55 -0.00484 -3.58928e+00 | 56 -0.00351 -3.94968e+00 | 57 -0.00141 -4.23197e+00
 58  0.00155 -4.42744e+00 | 59  0.00540 -4.54692e+00 | 60  0.01004 -4.63003e+00
 61  0.01511 -4.75396e+00 | 62  0.01997 -5.02917e+00 | 63  0.02366 -5.57541e+00
 64  0.02514 -6.47342e+00 | 65  0.02382 -7.70585e+00 | 66  0.02017 -9.11757e+00
 67  0.01582 -1.04483e+01 | 68  0.01255 -1.14583e+01 | 69  0.01104 -1.20736e+01
 70  0.01086 -1.23751e+01 | 71  0.01158 -1.24353e+01 | 72  0.01324 -1.22498e+01
 73  0.01627 -1.17517e+01 | 74  0.02073 -1.09053e+01 | 75  0.02521 -9.85506e+00
 76  0.02702 -8.93669e+00 | 77  0.02454 -8.47150e+00 | 78  0.01886 -8.54620e+00
 79  0.01237 -9.01412e+00 | 80  0.00671 -9.66846e+00 | 81  0.00241 -1.03558e+01
 82 -0.00028 -1.09175e+01 | 83 -0.00107 -1.12534e+01 | 84 -0.00060 -1.15553e+01
 85  0.00062 -1.19099e+01 | 86  0.00554 -1.15859e+01 | 87  0.00909 -1.17822e+01
 88  0.01027 -1.24429e+01 | 89  0.00143 -1.45144e+01 | 90  0.00636 -1.38617e+01
 91  0.01112 -1.26646e+01 | 92  0.00804 -1.21278e+01 | 93  0.00678 -9.90618e+00
 94  0.01771 -8.13448e+00 | 95 -0.00114 -1.49011e+01 | 96  0.04064 -9.14790e+00
 97 -0.04668 -1.89642e+01 | 98 -0.03121 -1.80541e+01 | 99  0.11720 -1.33498e+01
100 -0.02673 -1.89699e+01 |101 -0.03963 -1.27595e+01 |102  0.00764 -3.83232e+00
103 -0.02589 -7.70856e+00 |104  0.05214  3.07880e+01 |105 -0.01429  2.87180e+01
106 -0.03010  6.06029e+01 |107 -0.01087  9.91183e+01 |108 -0.03877  6.38878e+01
109 -0.02346  3.29280e+01 |110  0.03957 -1.22279e-01 |111  0.00179 -7.69600e+00
112 -0.00073 -1.00275e+00 |113 -0.01930  1.06503e+01 |114 -0.04796  1.40912e+01
115  0.00002  9.49591e+00 |116  0.01463  4.95890e+00 |117 -0.03152 -4.95608e+00
118  0.01848 -1.31007e+01 |119  0.08590 -1.93554e+01 |120 -0.02605 -1.82921e+01
121  0.11336 -3.75954e+00 |122 -0.00210 -6.62918e+00 |123  0.14478 -2.50386e+00
124  0.00066 -6.03295e-01 |125 -0.03817  1.73051e+00 |126 -0.05024  1.66552e+00
127 -0.01527  5.43933e-01 |128  0.08208  1.47967e-02 |129  0.00700  5.37092e-01
130  0.01778  6.20202e-01 |131 -0.01345  9.34097e-02 |132 -0.01417 -5.98728e-01
133 -0.00147 -7.39172e-02 |134 -0.00000 -2.36997e-16 |135  0.29775 -3.68403e+01
136  0.20172 -6.66964e+01 |
136 variables; iteration 40; function evaluation 55; phase 1
Function value 6.7337221e+03; maximum gradient component mag -2.2518e+01
Var    Value     Gradient |Var    Value     Gradient |Var    Value     Gradient
  1 -0.41967 -2.25179e+01 |  2 -0.12145  1.06939e+01 |  3 -0.00944  2.33232e-01
  4 -0.00964  2.40543e-01 |  5 -0.00984  2.48045e-01 |  6 -0.01003  2.55730e-01
  7 -0.01022  2.63592e-01 |  8 -0.01040  2.71620e-01 |  9 -0.01058  2.79802e-01
 10 -0.01074  2.88121e-01 | 11 -0.01090  2.96565e-01 | 12 -0.01104  3.05115e-01
 13 -0.01117  3.13758e-01 | 14 -0.01128  3.22478e-01 | 15 -0.01139  3.31267e-01
 16 -0.01147  3.40118e-01 | 17 -0.01154  3.49029e-01 | 18 -0.01158  3.57999e-01
 19 -0.01160  3.67024e-01 | 20 -0.01160  3.76102e-01 | 21 -0.01157  3.85245e-01
 22 -0.01152  3.94481e-01 | 23 -0.01144  4.03851e-01 | 24 -0.01133  4.13411e-01
 25 -0.01119  4.23227e-01 | 26 -0.01101  4.33369e-01 | 27 -0.01079  4.43903e-01
 28 -0.01053  4.54889e-01 | 29 -0.01023  4.66374e-01 | 30 -0.00989  4.78374e-01
 31 -0.00951  4.90944e-01 | 32 -0.00910  5.04067e-01 | 33 -0.00865  5.17696e-01
 34 -0.00818  5.31714e-01 | 35 -0.00768  5.45917e-01 | 36 -0.00719  5.60019e-01
 37 -0.00670  5.73690e-01 | 38 -0.00623  5.86564e-01 | 39 -0.00580  5.98272e-01
 40 -0.00542  6.08444e-01 | 41 -0.00510  6.16679e-01 | 42 -0.00486  6.22547e-01
 43 -0.00470  6.25699e-01 | 44 -0.00461  6.25881e-01 | 45 -0.00457  6.22973e-01
 46 -0.00455  6.17002e-01 | 47 -0.00453  6.08056e-01 | 48 -0.00446  5.96210e-01
 49 -0.00432  5.81730e-01 | 50 -0.00406  5.65034e-01 | 51 -0.00365  5.46851e-01
 52 -0.00305  5.28062e-01 | 53 -0.00223  5.09597e-01 | 54 -0.00116  4.91722e-01
 55  0.00017  4.72462e-01 | 56  0.00176  4.46456e-01 | 57  0.00357  4.01853e-01
 58  0.00552  3.21442e-01 | 59  0.00755  1.89596e-01 | 60  0.00963  9.51991e-03
 61  0.01190 -1.75534e-01 | 62  0.01465 -2.92740e-01 | 63  0.01796 -3.08658e-01
 64  0.02148 -2.79085e-01 | 65  0.02503 -2.10294e-01 | 66  0.02958  1.15454e-01
 67  0.03392  4.85879e-01 | 68  0.03545  4.60845e-01 | 69  0.03410  5.13204e-02
 70  0.03163 -4.32454e-01 | 71  0.03013 -6.35236e-01 | 72  0.03004 -4.76407e-01
 73  0.02998 -1.91296e-01 | 74  0.02794 -1.33566e-01 | 75  0.02410 -2.83104e-01
 76  0.02013 -3.59302e-01 | 77  0.01533 -5.93625e-01 | 78  0.01165 -6.89127e-01
 79  0.00989 -5.53016e-01 | 80  0.00937 -3.57843e-01 | 81  0.00945 -2.08822e-01
 82  0.00951 -1.48255e-01 | 83  0.00931 -2.00818e-01 | 84  0.00941 -3.48009e-01
 85  0.00996 -5.77241e-01 | 86  0.00895 -1.05409e+00 | 87  0.00888 -1.64134e+00
 88  0.00961 -2.23400e+00 | 89  0.01840 -1.47619e+00 | 90  0.01681 -1.95579e+00
 91  0.00860 -3.47497e+00 | 92  0.00967 -3.00386e+00 | 93 -0.00125 -3.49800e+00
 94  0.00178 -2.98467e+00 | 95  0.02318 -2.95308e+00 | 96  0.01406 -4.32696e+00
 97 -0.00814 -3.23569e+00 | 98  0.00095 -4.51618e+00 | 99  0.08507 -6.56825e-02
100  0.01574 -1.77961e+00 |101 -0.01908  3.81439e-01 |102 -0.00202  5.54770e-01
103  0.00770 -7.61929e-02 |104  0.02920  3.35677e+00 |105 -0.00280  6.10031e+00
106 -0.06895  5.10688e+00 |107 -0.07774  9.15741e+00 |108 -0.08109  6.22098e+00
109 -0.04262  3.70154e+00 |110  0.05696  3.38196e+00 |111  0.01668  2.49158e+00
112  0.00579  6.70875e-01 |113 -0.03557 -1.48796e+00 |114 -0.07941 -4.25770e+00
115 -0.01189 -2.29333e+00 |116  0.00499 -1.01736e+00 |117 -0.02402 -5.41571e-01
118  0.03237 -1.52995e+00 |119  0.08626 -1.70162e+00 |120  0.02441 -5.16508e-01
121  0.09750 -3.20186e+00 |122  0.01879  6.24428e-01 |123  0.14588 -3.67363e-01
124  0.00078 -5.05631e-01 |125 -0.04253  6.53593e-03 |126 -0.05661 -5.57908e-01
127 -0.01734 -1.72378e-01 |128  0.08067 -4.07863e-01 |129  0.00477 -1.42086e-01
130  0.01567 -5.35056e-03 |131 -0.01379  8.37222e-03 |132 -0.01220 -6.31265e-02
133 -0.00115 -2.26349e-03 |134 -0.00000 -2.82128e-14 |135  0.32535  7.53363e+00
136  0.22561  6.54463e+00 |

 - final statistics:
136 variables; iteration 45; function evaluation 63
Function value 6.7336e+03; maximum gradient component mag 7.6487e+00
Exit code = 1;  converg criter 1.0000e+01
Var    Value     Gradient |Var    Value     Gradient |Var    Value     Gradient
  1 -0.41911 -4.95136e+00 |  2 -0.12079  7.64868e+00 |  3 -0.01013 -1.04689e-01
  4 -0.01035 -1.05564e-01 |  5 -0.01056 -1.06229e-01 |  6 -0.01077 -1.06686e-01
  7 -0.01097 -1.06948e-01 |  8 -0.01116 -1.07024e-01 |  9 -0.01134 -1.06934e-01
 10 -0.01152 -1.06705e-01 | 11 -0.01168 -1.06370e-01 | 12 -0.01184 -1.05965e-01
 13 -0.01198 -1.05531e-01 | 14 -0.01210 -1.05110e-01 | 15 -0.01222 -1.04739e-01
 16 -0.01231 -1.04447e-01 | 17 -0.01239 -1.04255e-01 | 18 -0.01244 -1.04176e-01
 19 -0.01247 -1.04220e-01 | 20 -0.01248 -1.04392e-01 | 21 -0.01247 -1.04690e-01
 22 -0.01243 -1.05089e-01 | 23 -0.01236 -1.05536e-01 | 24 -0.01226 -1.05944e-01
 25 -0.01213 -1.06190e-01 | 26 -0.01197 -1.06117e-01 | 27 -0.01177 -1.05545e-01
 28 -0.01152 -1.04287e-01 | 29 -0.01124 -1.02166e-01 | 30 -0.01091 -9.90074e-02
 31 -0.01054 -9.47561e-02 | 32 -0.01013 -8.93472e-02 | 33 -0.00969 -8.27823e-02
 34 -0.00923 -7.51121e-02 | 35 -0.00874 -6.63892e-02 | 36 -0.00825 -5.66182e-02
 37 -0.00777 -4.56992e-02 | 38 -0.00730 -3.33731e-02 | 39 -0.00687 -1.92481e-02
 40 -0.00647 -2.86985e-03 | 41 -0.00614  1.61761e-02 | 42 -0.00586  3.81828e-02
 43 -0.00564  6.33038e-02 | 44 -0.00548  9.16371e-02 | 45 -0.00535  1.23320e-01
 46 -0.00523  1.58594e-01 | 47 -0.00509  1.97840e-01 | 48 -0.00489  2.41531e-01
 49 -0.00458  2.90141e-01 | 50 -0.00415  3.43785e-01 | 51 -0.00354  4.01645e-01
 52 -0.00274  4.60867e-01 | 53 -0.00175  5.15355e-01 | 54 -0.00057  5.55001e-01
 55  0.00076  5.67309e-01 | 56  0.00224  5.46236e-01 | 57  0.00392  5.05251e-01
 58  0.00599  4.87420e-01 | 59  0.00863  5.36552e-01 | 60  0.01170  6.17511e-01
 61  0.01459  5.96568e-01 | 62  0.01710  4.50251e-01 | 63  0.02037  4.51199e-01
 64  0.02501  7.31364e-01 | 65  0.02868  8.40297e-01 | 66  0.03054  6.67632e-01
 67  0.03250  6.24677e-01 | 68  0.03345  5.21942e-01 | 69  0.03319  3.31482e-01
 70  0.03244  1.70171e-01 | 71  0.03180  1.37007e-01 | 72  0.03136  2.46570e-01
 73  0.03052  3.97682e-01 | 74  0.02893  5.46801e-01 | 75  0.02734  8.49241e-01
 76  0.02157  4.19244e-01 | 77  0.01490 -2.13265e-01 | 78  0.01224 -8.19572e-02
 79  0.01057  9.40530e-02 | 80  0.00908  9.64341e-02 | 81  0.00810  4.92767e-02
 82  0.00749  1.67988e-02 | 83  0.00715  2.18374e-02 | 84  0.00749  5.48198e-02
 85  0.00842  8.19027e-02 | 86  0.00942  2.69427e-01 | 87  0.01270  6.84933e-01
 88  0.01554  8.26597e-01 | 89  0.01406 -2.31847e-01 | 90  0.01406 -3.56562e-02
 91  0.01452  6.06748e-01 | 92  0.01220  7.35732e-01 | 93  0.00432  1.00469e+00
 94  0.00058  3.70223e-02 | 95  0.02110  7.26796e-01 | 96  0.02058  1.15669e+00
 97 -0.00619  1.92833e-01 | 98  0.00970 -2.44537e-01 | 99  0.07854  5.39801e-01
100  0.01965 -9.73577e-01 |101 -0.02200 -8.86503e-01 |102 -0.00135  1.94304e-01
103  0.01013 -6.72324e-02 |104  0.03295  1.78171e+00 |105 -0.00720  1.45082e-01
106 -0.07062  1.27204e-01 |107 -0.08471  1.41236e+00 |108 -0.08561  1.88108e-01
109 -0.04441 -4.58757e-01 |110  0.05900  1.12239e-01 |111  0.01564 -4.90989e-02
112  0.00494 -1.06183e+00 |113 -0.03415 -1.10262e+00 |114 -0.07225 -9.99730e-01
115 -0.00938 -6.80619e-01 |116  0.00263 -1.47231e+00 |117 -0.02396 -3.31198e-01
118  0.03365 -5.00411e-01 |119  0.08894 -5.68441e-02 |120  0.02165 -6.75724e-01
121  0.10170 -1.48207e+00 |122  0.01320 -1.41077e+00 |123  0.14693 -7.53848e-02
124 -0.00041 -1.12198e+00 |125 -0.04312 -2.48446e-01 |126 -0.05341  5.65787e-01
127 -0.01645  1.10654e-01 |128  0.07822 -1.53385e+00 |129  0.00490 -1.32730e-01
130  0.01616  1.75801e-01 |131 -0.01341  1.17861e-01 |132 -0.01246 -1.39881e-01
133 -0.00086  7.18639e-02 |134  0.00000  2.75981e-14 |135  0.32238  1.90028e+00
136  0.22309  1.08024e+00 |

Initial statistics: 146 variables; iteration 0; function evaluation 0; phase 2
Function value 6.7335515e+03; maximum gradient component mag -2.1474e+02
Var    Value     Gradient |Var    Value     Gradient |Var    Value     Gradient
  1 -0.41911 -4.95136e+00 |  2  0.37053 -1.17383e+02 |  3 -0.12669 -1.25825e+02
  4 -0.01167 -1.15564e+02 |  5 -0.70627  1.85564e+01 |  6 -0.60527  7.75523e+01
  7  0.37555 -8.67841e+01 |  8 -0.18500 -2.14744e+02 |  9  0.03518 -1.31306e+02
 10 -0.60813 -9.99025e-01 | 11 -0.62427  2.92215e+01 | 12 -0.12079  7.64868e+00
 13 -0.01013 -1.04689e-01 | 14 -0.01035 -1.05564e-01 | 15 -0.01056 -1.06229e-01
 16 -0.01077 -1.06686e-01 | 17 -0.01097 -1.06948e-01 | 18 -0.01116 -1.07024e-01
 19 -0.01134 -1.06934e-01 | 20 -0.01152 -1.06705e-01 | 21 -0.01168 -1.06370e-01
 22 -0.01184 -1.05965e-01 | 23 -0.01198 -1.05531e-01 | 24 -0.01210 -1.05110e-01
 25 -0.01222 -1.04739e-01 | 26 -0.01231 -1.04447e-01 | 27 -0.01239 -1.04255e-01
 28 -0.01244 -1.04176e-01 | 29 -0.01247 -1.04220e-01 | 30 -0.01248 -1.04392e-01
 31 -0.01247 -1.04690e-01 | 32 -0.01243 -1.05089e-01 | 33 -0.01236 -1.05536e-01
 34 -0.01226 -1.05944e-01 | 35 -0.01213 -1.06190e-01 | 36 -0.01197 -1.06117e-01
 37 -0.01177 -1.05545e-01 | 38 -0.01152 -1.04287e-01 | 39 -0.01124 -1.02166e-01
 40 -0.01091 -9.90074e-02 | 41 -0.01054 -9.47561e-02 | 42 -0.01013 -8.93472e-02
 43 -0.00969 -8.27823e-02 | 44 -0.00923 -7.51121e-02 | 45 -0.00874 -6.63892e-02
 46 -0.00825 -5.66182e-02 | 47 -0.00777 -4.56992e-02 | 48 -0.00730 -3.33731e-02
 49 -0.00687 -1.92481e-02 | 50 -0.00647 -2.86985e-03 | 51 -0.00614  1.61761e-02
 52 -0.00586  3.81828e-02 | 53 -0.00564  6.33038e-02 | 54 -0.00548  9.16371e-02
 55 -0.00535  1.23320e-01 | 56 -0.00523  1.58594e-01 | 57 -0.00509  1.97840e-01
 58 -0.00489  2.41531e-01 | 59 -0.00458  2.90141e-01 | 60 -0.00415  3.43785e-01
 61 -0.00354  4.01645e-01 | 62 -0.00274  4.60867e-01 | 63 -0.00175  5.15355e-01
 64 -0.00057  5.55001e-01 | 65  0.00076  5.67309e-01 | 66  0.00224  5.46236e-01
 67  0.00392  5.05251e-01 | 68  0.00599  4.87420e-01 | 69  0.00863  5.36552e-01
 70  0.01170  6.17511e-01 | 71  0.01459  5.96568e-01 | 72  0.01710  4.50251e-01
 73  0.02037  4.51199e-01 | 74  0.02501  7.31364e-01 | 75  0.02868  8.40297e-01
 76  0.03054  6.67632e-01 | 77  0.03250  6.24677e-01 | 78  0.03345  5.21942e-01
 79  0.03319  3.31482e-01 | 80  0.03244  1.70171e-01 | 81  0.03180  1.37007e-01
 82  0.03136  2.46570e-01 | 83  0.03052  3.97682e-01 | 84  0.02893  5.46801e-01
 85  0.02734  8.49241e-01 | 86  0.02157  4.19244e-01 | 87  0.01490 -2.13265e-01
 88  0.01224 -8.19572e-02 | 89  0.01057  9.40530e-02 | 90  0.00908  9.64341e-02
 91  0.00810  4.92767e-02 | 92  0.00749  1.67988e-02 | 93  0.00715  2.18374e-02
 94  0.00749  5.48198e-02 | 95  0.00842  8.19027e-02 | 96  0.00942  2.69427e-01
 97  0.01270  6.84933e-01 | 98  0.01554  8.26597e-01 | 99  0.01406 -2.31847e-01
100  0.01406 -3.56562e-02 |101  0.01452  6.06748e-01 |102  0.01220  7.35732e-01
103  0.00432  1.00469e+00 |104  0.00058  3.70223e-02 |105  0.02110  7.26796e-01
106  0.02058  1.15669e+00 |107 -0.00619  1.92833e-01 |108  0.00970 -2.44537e-01
109  0.07854  5.39801e-01 |110  0.01965 -9.73577e-01 |111 -0.02200 -8.86503e-01
112 -0.00135  1.94304e-01 |113  0.01013 -6.72324e-02 |114  0.03295  1.78171e+00
115 -0.00720  1.45082e-01 |116 -0.07062  1.27204e-01 |117 -0.08471  1.41236e+00
118 -0.08561  1.88108e-01 |119 -0.04441 -4.58757e-01 |120  0.05900  1.12239e-01
121  0.01564 -4.90989e-02 |122  0.00494 -1.06183e+00 |123 -0.03415 -1.10262e+00
124 -0.07225 -9.99730e-01 |125 -0.00938 -6.80619e-01 |126  0.00263 -1.47231e+00
127 -0.02396 -3.31198e-01 |128  0.03365 -5.00411e-01 |129  0.08894 -5.68441e-02
130  0.02165 -6.75724e-01 |131  0.10170 -1.48207e+00 |132  0.01320 -1.41077e+00
133  0.14693 -7.53848e-02 |134 -0.00041 -1.12198e+00 |135 -0.04312 -2.48446e-01
136 -0.05341  5.65787e-01 |137 -0.01645  1.10654e-01 |138  0.07822 -1.53385e+00
139  0.00490 -1.32730e-01 |140  0.01616  1.75801e-01 |141 -0.01341  1.17861e-01
142 -0.01246 -1.39881e-01 |143 -0.00086  7.18639e-02 |144  0.00000  2.75981e-14
145  0.32238  1.90028e+00 |146  0.22309  1.08024e+00 |

Intermediate statistics: 146 variables; iteration 20; function evaluation 25; phase 2
Function value 6.7328527e+03; maximum gradient component mag -1.5098e+02
Var    Value     Gradient |Var    Value     Gradient |Var    Value     Gradient
  1 -0.41967 -3.33634e+01 |  2  0.36856 -1.22827e+02 |  3 -0.12848 -1.50983e+02
  4 -0.00666 -1.21608e+02 |  5 -0.72573 -1.98733e+00 |  6 -0.60813 -4.75371e+01
  7  0.37075 -7.87423e+01 |  8 -0.18515 -1.34655e+02 |  9  0.04311 -9.09521e+01
 10 -0.62161 -5.29491e+00 | 11 -0.62507 -2.23186e+01 | 12 -0.11322  1.10561e+00
 13 -0.00994  8.98188e-02 | 14 -0.01016  9.28103e-02 | 15 -0.01037  9.59358e-02
 16 -0.01058  9.91971e-02 | 17 -0.01078  1.02601e-01 | 18 -0.01098  1.06143e-01
 19 -0.01117  1.09822e-01 | 20 -0.01134  1.13635e-01 | 21 -0.01151  1.17582e-01
 22 -0.01167  1.21660e-01 | 23 -0.01181  1.25869e-01 | 24 -0.01194  1.30207e-01
 25 -0.01206  1.34669e-01 | 26 -0.01216  1.39248e-01 | 27 -0.01223  1.43937e-01
 28 -0.01229  1.48733e-01 | 29 -0.01233  1.53641e-01 | 30 -0.01234  1.58679e-01
 31 -0.01232  1.63876e-01 | 32 -0.01228  1.69259e-01 | 33 -0.01221  1.74863e-01
 34 -0.01211  1.80719e-01 | 35 -0.01198  1.86861e-01 | 36 -0.01181  1.93323e-01
 37 -0.01160  2.00137e-01 | 38 -0.01136  2.07349e-01 | 39 -0.01107  2.15001e-01
 40 -0.01074  2.23109e-01 | 41 -0.01038  2.31771e-01 | 42 -0.00998  2.40997e-01
 43 -0.00954  2.50798e-01 | 44 -0.00909  2.61168e-01 | 45 -0.00861  2.72087e-01
 46 -0.00813  2.83546e-01 | 47 -0.00766  2.95584e-01 | 48 -0.00721  3.08271e-01
 49 -0.00679  3.21706e-01 | 50 -0.00641  3.35975e-01 | 51 -0.00610  3.51098e-01
 52 -0.00585  3.67013e-01 | 53 -0.00568  3.83687e-01 | 54 -0.00556  4.01121e-01
 55 -0.00548  4.19381e-01 | 56 -0.00542  4.38637e-01 | 57 -0.00535  4.59100e-01
 58 -0.00523  4.80919e-01 | 59 -0.00502  5.04328e-01 | 60 -0.00470  5.29402e-01
 61 -0.00422  5.56046e-01 | 62 -0.00355  5.83548e-01 | 63 -0.00268  6.10533e-01
 64 -0.00159  6.34846e-01 | 65 -0.00026  6.53785e-01 | 66  0.00131  6.67223e-01
 67  0.00315  6.78722e-01 | 68  0.00530  6.97600e-01 | 69  0.00780  7.31681e-01
 70  0.01060  7.72317e-01 | 71  0.01357  7.97064e-01 | 72  0.01665  8.07645e-01
 73  0.01993  8.42741e-01 | 74  0.02331  9.04783e-01 | 75  0.02637  9.42084e-01
 76  0.02894  9.58879e-01 | 77  0.03097  9.83052e-01 | 78  0.03230  1.00217e+00
 79  0.03287  1.01513e+00 | 80  0.03277  1.02355e+00 | 81  0.03206  1.02931e+00
 82  0.03081  1.03490e+00 | 83  0.02897  1.03960e+00 | 84  0.02646  1.04372e+00
 85  0.02335  1.06386e+00 | 86  0.01941  1.01139e+00 | 87  0.01518  9.07857e-01
 88  0.01184  9.05709e-01 | 89  0.00943  9.22912e-01 | 90  0.00790  9.17564e-01
 91  0.00709  9.05182e-01 | 92  0.00659  8.90797e-01 | 93  0.00622  8.72928e-01
 94  0.00649  8.55180e-01 | 95  0.00746  8.36320e-01 | 96  0.00775  8.15398e-01
 97  0.00970  8.28494e-01 | 98  0.01221  7.75959e-01 | 99  0.01563  6.10337e-01
100  0.01507  5.15353e-01 |101  0.01338  4.35663e-01 |102  0.01126  3.09548e-01
103  0.00237  1.10868e-01 |104  0.00180 -3.81385e-01 |105  0.02118 -6.31571e-01
106  0.01916 -9.35514e-01 |107 -0.00693 -1.54936e+00 |108  0.00964 -2.51018e+00
109  0.07815 -4.65443e+00 |110  0.02132 -3.40728e+00 |111 -0.02035 -2.84541e+00
112 -0.00120 -3.24541e+00 |113  0.01322 -3.25832e+00 |114  0.03046 -3.11770e+00
115 -0.00295 -1.92202e+00 |116 -0.06973 -1.30340e+00 |117 -0.08608 -1.02591e+00
118 -0.08375 -1.50071e+00 |119 -0.04067 -2.48030e+00 |120  0.05721 -2.90084e+00
121  0.01647 -7.48371e-01 |122  0.00835 -9.82169e-01 |123 -0.02960 -5.51629e-01
124 -0.06990 -1.30683e+00 |125 -0.00723 -1.45596e+00 |126  0.00380 -1.66360e+00
127 -0.02259 -1.07513e+00 |128  0.03821 -1.09451e+00 |129  0.08387 -1.10963e+00
130  0.03228  1.56169e-02 |131  0.09723 -2.93516e-01 |132  0.01521 -8.69120e-03
133  0.14416 -3.09244e-01 |134  0.00374 -2.90171e-01 |135 -0.04151 -3.77568e-01
136 -0.05278  1.18765e-01 |137 -0.01680 -1.10362e-02 |138  0.07819 -1.57881e-01
139  0.00653 -9.07584e-02 |140  0.01635 -1.86484e-01 |141 -0.01352  1.29002e-02
142 -0.01108  8.02745e-02 |143 -0.00016 -9.08172e-02 |144  0.00000  5.57574e-14
145  0.30884 -5.53449e+00 |146  0.21298 -7.72947e+00 |

 - final statistics:
146 variables; iteration 33; function evaluation 43
Function value 6.7324e+03; maximum gradient component mag -4.3219e+00
Exit code = 1;  converg criter 1.0000e+01
Var    Value     Gradient |Var    Value     Gradient |Var    Value     Gradient
  1 -0.41908 -6.34160e-01 |  2  0.36867 -2.67926e+00 |  3 -0.12722 -4.32195e+00
  4 -0.00522 -3.30680e+00 |  5 -0.73190 -1.28225e-01 |  6 -0.60664 -1.61160e+00
  7  0.36898 -1.99650e+00 |  8 -0.18478 -3.57472e+00 |  9  0.04782 -2.68435e+00
 10 -0.62432 -2.09917e-01 | 11 -0.62467 -1.04103e+00 | 12 -0.11624 -1.20367e+00
 13 -0.00969  1.79813e-02 | 14 -0.00990  1.79372e-02 | 15 -0.01011  1.78810e-02
 16 -0.01032  1.78204e-02 | 17 -0.01052  1.77637e-02 | 18 -0.01071  1.77206e-02
 19 -0.01090  1.77012e-02 | 20 -0.01107  1.77153e-02 | 21 -0.01124  1.77730e-02
 22 -0.01140  1.78838e-02 | 23 -0.01154  1.80565e-02 | 24 -0.01167  1.82990e-02
 25 -0.01178  1.86190e-02 | 26 -0.01187  1.90250e-02 | 27 -0.01195  1.95263e-02
 28 -0.01200  2.01320e-02 | 29 -0.01203  2.08475e-02 | 30 -0.01204  2.16750e-02
 31 -0.01202  2.26179e-02 | 32 -0.01197  2.36812e-02 | 33 -0.01189  2.48709e-02
 34 -0.01179  2.61935e-02 | 35 -0.01165  2.76558e-02 | 36 -0.01147  2.92633e-02
 37 -0.01126  3.10187e-02 | 38 -0.01101  3.29210e-02 | 39 -0.01072  3.49645e-02
 40 -0.01038  3.71375e-02 | 41 -0.01001  3.94398e-02 | 42 -0.00961  4.18703e-02
 43 -0.00917  4.44413e-02 | 44 -0.00871  4.71767e-02 | 45 -0.00824  5.00990e-02
 46 -0.00775  5.32170e-02 | 47 -0.00728  5.65124e-02 | 48 -0.00682  5.99266e-02
 49 -0.00640  6.33738e-02 | 50 -0.00603  6.67641e-02 | 51 -0.00572  7.00146e-02
 52 -0.00548  7.30374e-02 | 53 -0.00532  7.57278e-02 | 54 -0.00521  7.79518e-02
 55 -0.00516  7.95742e-02 | 56 -0.00512  8.04842e-02 | 57 -0.00508  8.05480e-02
 58 -0.00500  7.95445e-02 | 59 -0.00484  7.72151e-02 | 60 -0.00457  7.33092e-02
 61 -0.00415  6.77562e-02 | 62 -0.00355  6.09249e-02 | 63 -0.00274  5.40824e-02
 64 -0.00168  4.97004e-02 | 65 -0.00034  5.08654e-02 | 66  0.00131  5.87427e-02
 67  0.00326  6.84229e-02 | 68  0.00546  6.94049e-02 | 69  0.00791  5.86796e-02
 70  0.01065  5.03909e-02 | 71  0.01365  4.39731e-02 | 72  0.01673  1.40375e-02
 73  0.01998 -2.71912e-03 | 74  0.02318 -2.08406e-02 | 75  0.02568 -1.37275e-01
 76  0.02817 -1.74853e-01 | 77  0.02993 -2.37995e-01 | 78  0.03164 -1.81333e-01
 79  0.03379  8.76395e-02 | 80  0.03500  3.09541e-01 | 81  0.03396  2.35789e-01
 82  0.03126 -3.89128e-02 | 83  0.02852 -2.11388e-01 | 84  0.02600 -2.12646e-01
 85  0.02330 -1.06688e-01 | 86  0.01971 -7.21768e-02 | 87  0.01559 -1.27902e-01
 88  0.01238 -8.27301e-02 | 89  0.00991 -6.56615e-02 | 90  0.00841 -5.31225e-02
 91  0.00769 -3.44579e-02 | 92  0.00727 -1.61560e-02 | 93  0.00691 -3.81709e-03
 94  0.00709 -3.77326e-03 | 95  0.00796 -1.10422e-02 | 96  0.00807 -1.14940e-02
 97  0.00967 -1.95566e-02 | 98  0.01246  5.49816e-02 | 99  0.01594 -6.24501e-02
100  0.01568  4.02831e-03 |101  0.01383  4.37903e-02 |102  0.01106 -8.31939e-02
103  0.00175 -1.57589e-01 |104  0.00250  9.01095e-03 |105  0.02086 -1.41254e-01
106  0.01842 -2.35478e-01 |107 -0.00742 -2.50992e-01 |108  0.01109  1.17891e-01
109  0.07631 -4.75773e-01 |110  0.02452  3.86276e-01 |111 -0.02018 -1.11140e-01
112 -0.00192 -2.92401e-01 |113  0.01329  2.47022e-02 |114  0.02967  5.54042e-02
115 -0.00262 -7.21573e-02 |116 -0.07076 -3.28441e-01 |117 -0.08658  3.21423e-01
118 -0.08471 -1.42080e-01 |119 -0.04096 -6.70846e-02 |120  0.05480 -1.22570e-02
121  0.01571  4.36586e-01 |122  0.00684  1.58850e-01 |123 -0.03052 -1.24374e-01
124 -0.07106 -1.95864e-01 |125 -0.00961 -3.93244e-01 |126  0.00377  1.96715e-01
127 -0.02410 -2.07956e-01 |128  0.03695  2.70648e-01 |129  0.08174  4.05964e-02
130  0.03132 -1.06463e-01 |131  0.09500  9.82906e-02 |132  0.01420 -1.15785e-01
133  0.14089 -5.84767e-01 |134  0.00313 -5.60818e-01 |135 -0.04106  2.60333e-01
136 -0.05274  2.39015e-01 |137 -0.01777 -7.91629e-02 |138  0.07644 -3.76198e-01
139  0.00732  7.10314e-02 |140  0.01608  6.09721e-02 |141 -0.01391 -1.34400e-02
142 -0.01189 -1.41483e-01 |143 -0.00003 -9.28906e-03 |144 -0.00000 -3.06968e-13
145  0.31472 -3.91470e-01 |146  0.21815 -3.51402e-01 |

Initial statistics: 176 variables; iteration 0; function evaluation 0; phase 3
Function value 6.7324304e+03; maximum gradient component mag 7.5632e+01
Var    Value     Gradient |Var    Value     Gradient |Var    Value     Gradient
  1 -0.41908 -6.34160e-01 |  2  0.36867 -2.67926e+00 |  3 -0.12722 -4.32195e+00
  4 -0.00522 -3.30680e+00 |  5 -0.73190 -1.28225e-01 |  6 -0.60664 -1.61160e+00
  7  0.36898 -1.99650e+00 |  8 -0.18478 -3.57472e+00 |  9  0.04782 -2.68435e+00
 10 -0.62432 -2.09917e-01 | 11 -0.62467 -1.04103e+00 | 12 -0.11624 -1.20367e+00
 13 -0.00969  1.79813e-02 | 14 -0.00990  1.79372e-02 | 15 -0.01011  1.78810e-02
 16 -0.01032  1.78204e-02 | 17 -0.01052  1.77637e-02 | 18 -0.01071  1.77206e-02
 19 -0.01090  1.77012e-02 | 20 -0.01107  1.77153e-02 | 21 -0.01124  1.77730e-02
 22 -0.01140  1.78838e-02 | 23 -0.01154  1.80565e-02 | 24 -0.01167  1.82990e-02
 25 -0.01178  1.86190e-02 | 26 -0.01187  1.90250e-02 | 27 -0.01195  1.95263e-02
 28 -0.01200  2.01320e-02 | 29 -0.01203  2.08475e-02 | 30 -0.01204  2.16750e-02
 31 -0.01202  2.26179e-02 | 32 -0.01197  2.36812e-02 | 33 -0.01189  2.48709e-02
 34 -0.01179  2.61935e-02 | 35 -0.01165  2.76558e-02 | 36 -0.01147  2.92633e-02
 37 -0.01126  3.10187e-02 | 38 -0.01101  3.29210e-02 | 39 -0.01072  3.49645e-02
 40 -0.01038  3.71375e-02 | 41 -0.01001  3.94398e-02 | 42 -0.00961  4.18703e-02
 43 -0.00917  4.44413e-02 | 44 -0.00871  4.71767e-02 | 45 -0.00824  5.00990e-02
 46 -0.00775  5.32170e-02 | 47 -0.00728  5.65124e-02 | 48 -0.00682  5.99266e-02
 49 -0.00640  6.33738e-02 | 50 -0.00603  6.67641e-02 | 51 -0.00572  7.00146e-02
 52 -0.00548  7.30374e-02 | 53 -0.00532  7.57278e-02 | 54 -0.00521  7.79518e-02
 55 -0.00516  7.95742e-02 | 56 -0.00512  8.04842e-02 | 57 -0.00508  8.05480e-02
 58 -0.00500  7.95445e-02 | 59 -0.00484  7.72151e-02 | 60 -0.00457  7.33092e-02
 61 -0.00415  6.77562e-02 | 62 -0.00355  6.09249e-02 | 63 -0.00274  5.40824e-02
 64 -0.00168  4.97004e-02 | 65 -0.00034  5.08654e-02 | 66  0.00131  5.87427e-02
 67  0.00326  6.84229e-02 | 68  0.00546  6.94049e-02 | 69  0.00791  5.86796e-02
 70  0.01065  5.03909e-02 | 71  0.01365  4.39731e-02 | 72  0.01673  1.40375e-02
 73  0.01998 -2.71912e-03 | 74  0.02318 -2.08406e-02 | 75  0.02568 -1.37275e-01
 76  0.02817 -1.74853e-01 | 77  0.02993 -2.37995e-01 | 78  0.03164 -1.81333e-01
 79  0.03379  8.76395e-02 | 80  0.03500  3.09541e-01 | 81  0.03396  2.35789e-01
 82  0.03126 -3.89128e-02 | 83  0.02852 -2.11388e-01 | 84  0.02600 -2.12646e-01
 85  0.02330 -1.06688e-01 | 86  0.01971 -7.21768e-02 | 87  0.01559 -1.27902e-01
 88  0.01238 -8.27301e-02 | 89  0.00991 -6.56615e-02 | 90  0.00841 -5.31225e-02
 91  0.00769 -3.44579e-02 | 92  0.00727 -1.61560e-02 | 93  0.00691 -3.81709e-03
 94  0.00709 -3.77326e-03 | 95  0.00796 -1.10422e-02 | 96  0.00807 -1.14940e-02
 97  0.00967 -1.95566e-02 | 98  0.01246  5.49816e-02 | 99  0.01594 -6.24501e-02
100  0.01568  4.02831e-03 |101  0.01383  4.37903e-02 |102  0.01106 -8.31939e-02
103  0.00175 -1.57589e-01 |104  0.00250  9.01095e-03 |105  0.02086 -1.41254e-01
106  0.01842 -2.35478e-01 |107 -0.00742 -2.50992e-01 |108  0.01109  1.17891e-01
109  0.07631 -4.75773e-01 |110  0.02452  3.86276e-01 |111 -0.02018 -1.11140e-01
112 -0.00192 -2.92401e-01 |113  0.01329  2.47022e-02 |114  0.02967  5.54042e-02
115 -0.00262 -7.21573e-02 |116 -0.07076 -3.28441e-01 |117 -0.08658  3.21423e-01
118 -0.08471 -1.42080e-01 |119 -0.04096 -6.70846e-02 |120  0.05480 -1.22570e-02
121  0.01571  4.36586e-01 |122  0.00684  1.58850e-01 |123 -0.03052 -1.24374e-01
124 -0.07106 -1.95864e-01 |125 -0.00961 -3.93244e-01 |126  0.00377  1.96715e-01
127 -0.02410 -2.07956e-01 |128  0.03695  2.70648e-01 |129  0.08174  4.05964e-02
130  0.03132 -1.06463e-01 |131  0.09500  9.82906e-02 |132  0.01420 -1.15785e-01
133  0.14089 -5.84767e-01 |134  0.00313 -5.60818e-01 |135 -0.04106  2.60333e-01
136 -0.05274  2.39015e-01 |137 -0.01777 -7.91629e-02 |138  0.07644 -3.76198e-01
139  0.00732  7.10314e-02 |140  0.01608  6.09721e-02 |141 -0.01391 -1.34400e-02
142 -0.01189 -1.41483e-01 |143 -0.00003 -9.28906e-03 |144 -0.00000 -3.06968e-13
145  0.31472 -3.91470e-01 |146  0.21815 -3.51402e-01 |147  0.04585 -3.73725e+01
148  0.29666  6.28799e+01 |149 -0.47552 -1.88223e+00 |150  0.31347  9.33835e-01
151  0.18110 -2.54348e+00 |152  0.25963  2.98430e+01 |153  0.17359 -6.97088e+00
154  0.25394  1.30114e+01 |155  0.10183 -3.68706e+01 |156  0.29651  7.56323e+01
157  0.16796  3.11901e+00 |158  0.24605 -1.81755e+00 |159 -0.35218  9.61316e-01
160  0.24271 -1.04956e+00 |161  0.20168  6.66472e-01 |162  0.31665 -3.18035e+00
163 -0.38333 -4.47187e+00 |164  0.23513  1.07268e+01 |165  0.05028 -1.35954e+00
166  0.11913  2.73067e+00 |167  0.32126  7.54029e-01 |168  0.27246 -3.42591e+00
169  0.01272  2.56790e-01 |170  0.39332  1.91667e+00 |171  0.09898  1.28173e+00
172  0.16318 -3.02301e+01 |173  0.21863 -3.23256e+00 |174  0.25726  6.18557e+01
175 -0.55410  7.94351e-01 |176  0.17112 -5.51422e-01 |

Intermediate statistics: 176 variables; iteration 20; function evaluation 24; phase 3
Function value 6.7318527e+03; maximum gradient component mag 8.5820e+01
Var    Value     Gradient |Var    Value     Gradient |Var    Value     Gradient
  1 -0.41835  1.72365e+01 |  2  0.36972  2.71404e+00 |  3 -0.12746 -1.82028e+01
  4 -0.00713 -9.45322e+00 |  5 -0.73279 -6.58709e-01 |  6 -0.60590  2.86897e+00
  7  0.37041 -2.46700e+01 |  8 -0.18472 -2.48675e+01 |  9  0.04442 -2.05710e+01
 10 -0.62133 -2.11293e-01 | 11 -0.62427  4.32309e+00 | 12 -0.12318 -2.77472e+01
 13 -0.00994 -1.26177e-01 | 14 -0.01016 -1.29896e-01 | 15 -0.01038 -1.33720e-01
 16 -0.01059 -1.37651e-01 | 17 -0.01079 -1.41694e-01 | 18 -0.01099 -1.45851e-01
 19 -0.01118 -1.50121e-01 | 20 -0.01137 -1.54509e-01 | 21 -0.01154 -1.59016e-01
 22 -0.01170 -1.63646e-01 | 23 -0.01185 -1.68402e-01 | 24 -0.01198 -1.73290e-01
 25 -0.01210 -1.78316e-01 | 26 -0.01220 -1.83486e-01 | 27 -0.01228 -1.88807e-01
 28 -0.01235 -1.94281e-01 | 29 -0.01238 -1.99909e-01 | 30 -0.01240 -2.05690e-01
 31 -0.01239 -2.11636e-01 | 32 -0.01235 -2.17759e-01 | 33 -0.01229 -2.24077e-01
 34 -0.01219 -2.30607e-01 | 35 -0.01206 -2.37361e-01 | 36 -0.01190 -2.44346e-01
 37 -0.01170 -2.51555e-01 | 38 -0.01146 -2.58980e-01 | 39 -0.01118 -2.66606e-01
 40 -0.01086 -2.74400e-01 | 41 -0.01051 -2.82398e-01 | 42 -0.01012 -2.90592e-01
 43 -0.00969 -2.98992e-01 | 44 -0.00925 -3.07602e-01 | 45 -0.00879 -3.16407e-01
 46 -0.00832 -3.25387e-01 | 47 -0.00786 -3.34529e-01 | 48 -0.00742 -3.43813e-01
 49 -0.00702 -3.53219e-01 | 50 -0.00666 -3.62710e-01 | 51 -0.00636 -3.72194e-01
 52 -0.00614 -3.81526e-01 | 53 -0.00598 -3.90601e-01 | 54 -0.00588 -3.99372e-01
 55 -0.00583 -4.07878e-01 | 56 -0.00580 -4.16262e-01 | 57 -0.00576 -4.24698e-01
 58 -0.00567 -4.33295e-01 | 59 -0.00550 -4.42248e-01 | 60 -0.00521 -4.51701e-01
 61 -0.00476 -4.61842e-01 | 62 -0.00414 -4.72712e-01 | 63 -0.00329 -4.84325e-01
 64 -0.00221 -4.96589e-01 | 65 -0.00086 -5.09092e-01 | 66  0.00077 -5.22267e-01
 67  0.00270 -5.36591e-01 | 68  0.00491 -5.53477e-01 | 69  0.00742 -5.73741e-01
 70  0.01020 -5.95536e-01 | 71  0.01324 -6.18987e-01 | 72  0.01646 -6.48329e-01
 73  0.01979 -6.77399e-01 | 74  0.02310 -7.08326e-01 | 75  0.02610 -7.60934e-01
 76  0.02879 -7.97961e-01 | 77  0.03086 -8.39651e-01 | 78  0.03240 -8.50871e-01
 79  0.03349 -8.07031e-01 | 80  0.03385 -7.70738e-01 | 81  0.03318 -8.03506e-01
 82  0.03167 -8.79976e-01 | 83  0.02970 -9.26343e-01 | 84  0.02723 -9.28762e-01
 85  0.02416 -9.05555e-01 | 86  0.02048 -8.96133e-01 | 87  0.01662 -9.04169e-01
 88  0.01327 -8.99323e-01 | 89  0.01076 -9.07683e-01 | 90  0.00923 -9.25811e-01
 91  0.00846 -9.51190e-01 | 92  0.00796 -9.81300e-01 | 93  0.00755 -1.01448e+00
 94  0.00772 -1.05252e+00 | 95  0.00858 -1.09094e+00 | 96  0.00864 -1.11320e+00
 97  0.01020 -1.13103e+00 | 98  0.01258 -1.11972e+00 | 99  0.01630 -1.12152e+00
100  0.01558 -1.03520e+00 |101  0.01339 -8.99984e-01 |102  0.01092 -7.41039e-01
103  0.00173 -5.20668e-01 |104  0.00159 -2.61938e-01 |105  0.01998  2.82193e-02
106  0.01788  4.06072e-01 |107 -0.00775  6.92414e-01 |108  0.00956  1.26931e+00
109  0.07608  2.59023e+00 |110  0.02197  2.09908e+00 |111 -0.02112  1.46499e+00
112 -0.00252  1.61290e+00 |113  0.01160  1.69874e+00 |114  0.02795  1.69953e+00
115 -0.00435  1.11786e+00 |116 -0.07153  4.44353e-01 |117 -0.08839  3.66984e-01
118 -0.08557  3.58610e-01 |119 -0.04175  5.78177e-01 |120  0.05395  1.01889e+00
121  0.01465  1.08593e+00 |122  0.00618  1.07158e+00 |123 -0.03051  8.56034e-01
124 -0.07060  6.57046e-01 |125 -0.00822  6.48298e-01 |126  0.00433  7.10764e-01
127 -0.02217  3.67759e-01 |128  0.03804  3.31744e-01 |129  0.08649  3.77517e-01
130  0.03474  5.53663e-01 |131  0.10230  1.27715e+00 |132  0.01902  7.60589e-01
133  0.14797  1.44765e+00 |134  0.00647  3.65962e-01 |135 -0.04031  2.67757e-01
136 -0.05252  6.27227e-02 |137 -0.01657  1.01116e-01 |138  0.07851  1.01910e-01
139  0.00785  3.03369e-02 |140  0.01665  1.13441e-01 |141 -0.01320  1.55474e-01
142 -0.01125 -1.68535e-03 |143 -0.00018  4.75916e-02 |144 -0.00000 -2.79563e-14
145  0.32541 -3.44477e+00 |146  0.22583 -9.41612e+00 |147  0.04858 -1.61332e+01
148  0.29487  2.74951e+01 |149 -0.46903 -4.69985e-02 |150  0.31005  8.95832e-02
151  0.17784  3.09813e+00 |152  0.25502  2.93175e+00 |153  0.17457 -3.87124e+00
154  0.25286  6.71284e+00 |155  0.11959 -4.01754e+00 |156  0.29656  1.00773e+01
157  0.16759 -3.34426e+00 |158  0.24555  5.76887e+00 |159 -0.35310  7.60052e-01
160  0.24205 -2.01071e+00 |161  0.20362  6.92376e-01 |162  0.31689 -3.53364e+00
163 -0.38309 -5.68102e+00 |164  0.23524  1.51676e+01 |165  0.05133 -4.13914e-02
166  0.11935 -3.62337e+00 |167  0.32091 -7.82905e-01 |168  0.27264  3.14071e+00
169  0.01246 -4.99287e-01 |170  0.38961 -7.42980e-02 |171  0.09896 -8.43707e+00
172  0.16346 -5.54761e+01 |173  0.21792 -1.02762e+01 |174  0.25696  8.58204e+01
175 -0.55625 -1.35496e+00 |176  0.17105 -5.38853e-02 |
176 variables; iteration 40; function evaluation 45; phase 3
Function value 6.7317813e+03; maximum gradient component mag 6.4832e+01
Var    Value     Gradient |Var    Value     Gradient |Var    Value     Gradient
  1 -0.41836  1.43697e+01 |  2  0.36972  1.69223e+00 |  3 -0.12732 -1.31104e+01
  4 -0.00729 -6.98288e+00 |  5 -0.73310 -7.41309e-01 |  6 -0.60586  9.30255e-01
  7  0.37080 -1.75633e+01 |  8 -0.18461 -1.90018e+01 |  9  0.04384 -1.53608e+01
 10 -0.62051  3.80995e-02 | 11 -0.62429  4.29499e+00 | 12 -0.12524 -2.04781e+01
 13 -0.01003 -1.39557e-01 | 14 -0.01025 -1.42376e-01 | 15 -0.01046 -1.45210e-01
 16 -0.01067 -1.48064e-01 | 17 -0.01087 -1.50938e-01 | 18 -0.01107 -1.53838e-01
 19 -0.01125 -1.56766e-01 | 20 -0.01143 -1.59725e-01 | 21 -0.01160 -1.62718e-01
 22 -0.01176 -1.65747e-01 | 23 -0.01190 -1.68815e-01 | 24 -0.01203 -1.71921e-01
 25 -0.01215 -1.75067e-01 | 26 -0.01224 -1.78255e-01 | 27 -0.01232 -1.81490e-01
 28 -0.01237 -1.84775e-01 | 29 -0.01241 -1.88111e-01 | 30 -0.01241 -1.91493e-01
 31 -0.01240 -1.94923e-01 | 32 -0.01235 -1.98407e-01 | 33 -0.01228 -2.01956e-01
 34 -0.01218 -2.05582e-01 | 35 -0.01204 -2.09297e-01 | 36 -0.01187 -2.13110e-01
 37 -0.01166 -2.17025e-01 | 38 -0.01141 -2.21039e-01 | 39 -0.01113 -2.25146e-01
 40 -0.01080 -2.29328e-01 | 41 -0.01043 -2.33610e-01 | 42 -0.01003 -2.38004e-01
 43 -0.00960 -2.42546e-01 | 44 -0.00915 -2.47286e-01 | 45 -0.00868 -2.52270e-01
 46 -0.00820 -2.57542e-01 | 47 -0.00774 -2.63147e-01 | 48 -0.00729 -2.69112e-01
 49 -0.00688 -2.75453e-01 | 50 -0.00652 -2.82170e-01 | 51 -0.00622 -2.89217e-01
 52 -0.00599 -2.96491e-01 | 53 -0.00583 -3.03898e-01 | 54 -0.00573 -3.11380e-01
 55 -0.00569 -3.18977e-01 | 56 -0.00566 -3.26831e-01 | 57 -0.00562 -3.35072e-01
 58 -0.00553 -3.43690e-01 | 59 -0.00536 -3.52676e-01 | 60 -0.00507 -3.61951e-01
 61 -0.00463 -3.71554e-01 | 62 -0.00400 -3.81704e-01 | 63 -0.00315 -3.93262e-01
 64 -0.00208 -4.07999e-01 | 65 -0.00076 -4.28068e-01 | 66  0.00082 -4.55028e-01
 67  0.00268 -4.85420e-01 | 68  0.00486 -5.11242e-01 | 69  0.00737 -5.29825e-01
 70  0.01016 -5.51529e-01 | 71  0.01319 -5.75841e-01 | 72  0.01651 -5.83806e-01
 73  0.01989 -6.03409e-01 | 74  0.02325 -6.24364e-01 | 75  0.02671 -5.91240e-01
 76  0.02950 -6.13382e-01 | 77  0.03176 -6.26479e-01 | 78  0.03302 -6.88976e-01
 79  0.03312 -8.21354e-01 | 80  0.03267 -9.26517e-01 | 81  0.03223 -9.20085e-01
 82  0.03168 -8.24965e-01 | 83  0.03036 -7.50000e-01 | 84  0.02794 -7.36912e-01
 85  0.02450 -7.78846e-01 | 86  0.02072 -7.82759e-01 | 87  0.01714 -7.26218e-01
 88  0.01364 -7.44238e-01 | 89  0.01111 -7.50945e-01 | 90  0.00959 -7.62053e-01
 91  0.00881 -7.82664e-01 | 92  0.00835 -8.02209e-01 | 93  0.00803 -8.12689e-01
 94  0.00836 -8.14561e-01 | 95  0.00937 -8.13322e-01 | 96  0.00952 -8.02560e-01
 97  0.01104 -7.99661e-01 | 98  0.01283 -8.65357e-01 | 99  0.01679 -8.02148e-01
100  0.01570 -7.96180e-01 |101  0.01325 -7.25316e-01 |102  0.01130 -5.06284e-01
103  0.00221 -2.49641e-01 |104  0.00103 -1.69589e-01 |105  0.02007  6.56255e-02
106  0.01772  3.73485e-01 |107 -0.00859  5.86649e-01 |108  0.00859  6.28505e-01
109  0.07616  1.73596e+00 |110  0.02006  1.21557e+00 |111 -0.02140  1.09953e+00
112 -0.00287  1.37976e+00 |113  0.01076  1.70267e+00 |114  0.02826  2.49603e+00
115 -0.00472  1.82123e+00 |116 -0.07168  8.84866e-01 |117 -0.08878  5.83195e-01
118 -0.08611  4.83200e-01 |119 -0.04238  6.47236e-01 |120  0.05355  1.42694e+00
121  0.01429  1.26785e+00 |122  0.00593  1.23415e+00 |123 -0.03089  8.57915e-01
124 -0.07114  5.00258e-01 |125 -0.00848  4.79861e-01 |126  0.00391  4.31476e-01
127 -0.02198  2.67479e-01 |128  0.03602 -3.87102e-01 |129  0.08800  4.10324e-01
130  0.03190 -3.09127e-01 |131  0.10299  1.10627e+00 |132  0.01830  4.10397e-01
133  0.14841  1.46203e+00 |134  0.00625  3.16783e-01 |135 -0.04018  2.84788e-01
136 -0.05202  2.62268e-01 |137 -0.01562  3.84876e-01 |138  0.07885  2.15263e-01
139  0.00908  4.04651e-01 |140  0.01838  6.33144e-01 |141 -0.01204  4.36035e-01
142 -0.01062  1.63583e-01 |143 -0.00051 -4.88308e-02 |144  0.00000  5.02189e-13
145  0.32927 -1.36192e+00 |146  0.23342 -6.18974e+00 |147  0.04818 -1.47767e+01
148  0.29414  1.91231e+01 |149 -0.46917 -1.66857e-01 |150  0.31015  1.70103e-01
151  0.17678  1.97052e+00 |152  0.25430  1.98136e+00 |153  0.17446 -3.27810e+00
154  0.25250  5.00376e+00 |155  0.11757 -3.63349e+00 |156  0.29535  6.48128e+00
157  0.16767 -3.07074e+00 |158  0.24545  5.24092e+00 |159 -0.35323  1.12405e+00
160  0.24184 -2.63248e+00 |161  0.20394  7.10355e-01 |162  0.31703 -2.77187e+00
163 -0.38293 -4.27700e+00 |164  0.23443  1.12518e+01 |165  0.05151  1.86728e-01
166  0.11964 -1.69215e+00 |167  0.32093 -6.89882e-01 |168  0.27252  1.06606e+00
169  0.01315  8.45359e-01 |170  0.38911 -9.68141e-01 |171  0.09919 -6.70794e+00
172  0.16373 -4.14061e+01 |173  0.21818 -7.37555e+00 |174  0.25660  6.48324e+01
175 -0.57921 -1.95734e+00 |176  0.15999 -5.60041e-01 |
176 variables; iteration 60; function evaluation 69; phase 3
Function value 6.7316736e+03; maximum gradient component mag 7.2270e+00
Var    Value     Gradient |Var    Value     Gradient |Var    Value     Gradient
  1 -0.41845  2.11444e+00 |  2  0.36966  4.20074e-01 |  3 -0.12709 -1.16469e+00
  4 -0.00747 -5.58632e-01 |  5 -0.73331 -1.69745e-01 |  6 -0.60568  1.63923e-01
  7  0.37097 -1.73131e+00 |  8 -0.18458 -1.86327e+00 |  9  0.04386 -1.59771e+00
 10 -0.62179  7.93527e-02 | 11 -0.62411  6.15701e-01 | 12 -0.12766 -3.09068e+00
 13 -0.00987 -2.18829e-02 | 14 -0.01008 -2.31727e-02 | 15 -0.01030 -2.45177e-02
 16 -0.01051 -2.59158e-02 | 17 -0.01072 -2.73662e-02 | 18 -0.01092 -2.88641e-02
 19 -0.01111 -3.04050e-02 | 20 -0.01129 -3.19846e-02 | 21 -0.01146 -3.35981e-02
 22 -0.01163 -3.52404e-02 | 23 -0.01177 -3.69068e-02 | 24 -0.01191 -3.85924e-02
 25 -0.01203 -4.02930e-02 | 26 -0.01213 -4.20040e-02 | 27 -0.01221 -4.37197e-02
 28 -0.01227 -4.54322e-02 | 29 -0.01231 -4.71310e-02 | 30 -0.01233 -4.88054e-02
 31 -0.01231 -5.04470e-02 | 32 -0.01228 -5.20476e-02 | 33 -0.01221 -5.36003e-02
 34 -0.01211 -5.50981e-02 | 35 -0.01199 -5.65336e-02 | 36 -0.01182 -5.78979e-02
 37 -0.01162 -5.91802e-02 | 38 -0.01138 -6.03690e-02 | 39 -0.01110 -6.14514e-02
 40 -0.01078 -6.24076e-02 | 41 -0.01042 -6.32413e-02 | 42 -0.01002 -6.39384e-02
 43 -0.00960 -6.44869e-02 | 44 -0.00915 -6.48698e-02 | 45 -0.00869 -6.50604e-02
 46 -0.00822 -6.50259e-02 | 47 -0.00775 -6.47349e-02 | 48 -0.00730 -6.41567e-02
 49 -0.00689 -6.32676e-02 | 50 -0.00653 -6.20486e-02 | 51 -0.00622 -6.04818e-02
 52 -0.00599 -5.85534e-02 | 53 -0.00582 -5.62685e-02 | 54 -0.00571 -5.36454e-02
 55 -0.00565 -5.07154e-02 | 56 -0.00561 -4.75347e-02 | 57 -0.00556 -4.41963e-02
 58 -0.00546 -4.08375e-02 | 59 -0.00528 -3.76437e-02 | 60 -0.00498 -3.48147e-02
 61 -0.00453 -3.25221e-02 | 62 -0.00389 -3.08071e-02 | 63 -0.00304 -2.94421e-02
 64 -0.00194 -2.78164e-02 | 65 -0.00058 -2.51308e-02 | 66  0.00107 -2.12919e-02
 67  0.00301 -1.80843e-02 | 68  0.00523 -1.84613e-02 | 69  0.00774 -2.24483e-02
 70  0.01053 -2.64716e-02 | 71  0.01357 -3.05494e-02 | 72  0.01680 -3.75579e-02
 73  0.02014 -4.51173e-02 | 74  0.02343 -5.82722e-02 | 75  0.02624 -1.30492e-01
 76  0.02867 -1.95611e-01 | 77  0.03035 -2.91947e-01 | 78  0.03198 -2.69851e-01
 79  0.03441  2.73682e-02 | 80  0.03610  3.09848e-01 | 81  0.03496  1.96699e-01
 82  0.03205 -1.33952e-01 | 83  0.02954 -2.84191e-01 | 84  0.02729 -2.55232e-01
 85  0.02455 -1.77691e-01 | 86  0.02098 -1.56842e-01 | 87  0.01720 -1.57283e-01
 88  0.01389 -1.47405e-01 | 89  0.01144 -1.43671e-01 | 90  0.00997 -1.41009e-01
 91  0.00925 -1.37567e-01 | 92  0.00882 -1.34351e-01 | 93  0.00845 -1.32952e-01
 94  0.00865 -1.36003e-01 | 95  0.00952 -1.42056e-01 | 96  0.00955 -1.45555e-01
 97  0.01102 -1.53252e-01 | 98  0.01323 -1.49621e-01 | 99  0.01689 -1.64789e-01
100  0.01603 -1.52617e-01 |101  0.01365 -1.44107e-01 |102  0.01111 -1.50976e-01
103  0.00155 -1.60442e-01 |104  0.00096 -1.05281e-01 |105  0.01965 -8.97197e-03
106  0.01736  9.84151e-02 |107 -0.00898  6.80374e-02 |108  0.00899  1.96625e-01
109  0.07408 -3.51370e-03 |110  0.01988  3.88882e-02 |111 -0.02234  7.31843e-02
112 -0.00403  1.33579e-01 |113  0.01007  3.69614e-01 |114  0.02664  5.21049e-01
115 -0.00588  2.54736e-01 |116 -0.07300 -1.24631e-01 |117 -0.08983 -1.31053e-01
118 -0.08676  6.72283e-02 |119 -0.04274  2.49561e-01 |120  0.05284  3.11765e-01
121  0.01325 -1.83654e-02 |122  0.00528  1.85592e-01 |123 -0.03099  3.48210e-01
124 -0.07153  1.70380e-02 |125 -0.00871  4.45870e-03 |126  0.00378  1.73804e-02
127 -0.02245 -5.26406e-03 |128  0.03771 -3.34595e-02 |129  0.08659 -7.08551e-02
130  0.03484  2.71006e-01 |131  0.10128 -3.91853e-02 |132  0.01866  2.06119e-01
133  0.14744  3.38474e-01 |134  0.00578  1.03918e-01 |135 -0.04025  2.25990e-01
136 -0.05213  2.63257e-01 |137 -0.01606  2.53088e-01 |138  0.07871  2.63085e-01
139  0.00810  1.44405e-01 |140  0.01697  1.43127e-01 |141 -0.01385 -1.59652e-01
142 -0.01169 -1.22431e-01 |143 -0.00019  8.08483e-03 |144 -0.00000 -1.67486e-13
145  0.33362 -1.58398e-01 |146  0.23486 -7.93170e-01 |147  0.04955 -1.78861e+00
148  0.29380  1.94703e+00 |149 -0.46899  4.35386e-02 |150  0.30893 -1.04348e-01
151  0.17521  7.62273e-02 |152  0.25317  2.19471e-01 |153  0.17480 -3.28031e-01
154  0.25209  5.92891e-01 |155  0.11942 -5.56627e-01 |156  0.29543  3.85826e-01
157  0.16794 -2.79904e-01 |158  0.24513  7.80589e-01 |159 -0.35351  2.02111e-01
160  0.24219 -2.81122e-01 |161  0.20381  9.42065e-02 |162  0.31751 -3.40412e-01
163 -0.38386 -6.92076e-01 |164  0.23212  1.00470e+00 |165  0.05181  1.52907e-01
166  0.11986 -4.02039e-01 |167  0.32123  1.07266e-02 |168  0.27253  9.02893e-02
169  0.01313  2.17941e-01 |170  0.38940 -9.98971e-03 |171  0.09973 -1.26828e+00
172  0.16410 -4.65683e+00 |173  0.21890 -5.61524e-01 |174  0.25553  7.22697e+00
175 -0.56617 -2.29921e-01 |176  0.16662 -4.05896e-03 |

 - final statistics:
176 variables; iteration 63; function evaluation 74
Function value 6.7317e+03; maximum gradient component mag 8.8255e-01
Exit code = 1;  converg criter 1.0000e+00
Var    Value     Gradient |Var    Value     Gradient |Var    Value     Gradient
  1 -0.41847  2.58094e-01 |  2  0.36965  5.08854e-02 |  3 -0.12708 -1.36491e-01
  4 -0.00748 -6.42989e-02 |  5 -0.73317 -3.33267e-02 |  6 -0.60568  1.81419e-02
  7  0.37101 -2.44480e-01 |  8 -0.18458 -2.28466e-01 |  9  0.04386 -2.17318e-01
 10 -0.62180  5.35594e-02 | 11 -0.62411  7.34217e-02 | 12 -0.12772 -3.58710e-01
 13 -0.00981  6.51654e-03 | 14 -0.01003  6.37130e-03 | 15 -0.01024  6.19923e-03
 16 -0.01045  6.00101e-03 | 17 -0.01065  5.77719e-03 | 18 -0.01085  5.52977e-03
 19 -0.01104  5.26089e-03 | 20 -0.01122  4.97278e-03 | 21 -0.01139  4.66794e-03
 22 -0.01154  4.34897e-03 | 23 -0.01169  4.01846e-03 | 24 -0.01182  3.67889e-03
 25 -0.01194  3.33262e-03 | 26 -0.01204  2.98221e-03 | 27 -0.01212  2.63082e-03
 28 -0.01217  2.28228e-03 | 29 -0.01221  1.94054e-03 | 30 -0.01222  1.60886e-03
 31 -0.01221  1.28934e-03 | 32 -0.01217  9.84418e-04 | 33 -0.01210  6.96342e-04
 34 -0.01200  4.27465e-04 | 35 -0.01187  1.80345e-04 | 36 -0.01171 -4.23310e-05
 37 -0.01150 -2.37916e-04 | 38 -0.01126 -4.04647e-04 | 39 -0.01098 -5.41625e-04
 40 -0.01066 -6.47407e-04 | 41 -0.01030 -7.25911e-04 | 42 -0.00991 -7.76273e-04
 43 -0.00948 -7.96164e-04 | 44 -0.00904 -7.80582e-04 | 45 -0.00857 -7.22626e-04
 46 -0.00810 -6.16168e-04 | 47 -0.00764 -4.58264e-04 | 48 -0.00720 -2.49365e-04
 49 -0.00679  8.67923e-06 | 50 -0.00643  3.16825e-04 | 51 -0.00613  6.80017e-04
 52 -0.00590  1.10281e-03 | 53 -0.00575  1.58328e-03 | 54 -0.00565  2.11085e-03
 55 -0.00560  2.66986e-03 | 56 -0.00557  3.24265e-03 | 57 -0.00553  3.80250e-03
 58 -0.00544  4.30394e-03 | 59 -0.00527  4.69059e-03 | 60 -0.00498  4.90911e-03
 61 -0.00454  4.93822e-03 | 62 -0.00391  4.82029e-03 | 63 -0.00306  4.68382e-03
 64 -0.00197  4.67322e-03 | 65 -0.00062  4.71589e-03 | 66  0.00101  4.31470e-03
 67  0.00292  2.94715e-03 | 68  0.00514  1.24874e-03 | 69  0.00765  4.85927e-04
 70  0.01045  2.80248e-04 | 71  0.01350  7.29607e-04 | 72  0.01675 -1.59552e-03
 73  0.02008 -6.32786e-03 | 74  0.02339 -1.32535e-02 | 75  0.02636 -5.09101e-02
 76  0.02912 -5.14090e-02 | 77  0.03135 -4.68429e-02 | 78  0.03300 -1.99089e-02
 79  0.03390  3.42167e-03 | 80  0.03398  1.28428e-03 | 81  0.03352  1.15602e-02
 82  0.03236  4.33149e-04 | 83  0.03041 -4.02895e-02 | 84  0.02787 -5.99377e-02
 85  0.02481 -3.95677e-02 | 86  0.02113 -3.64903e-02 | 87  0.01728 -4.83088e-02
 88  0.01396 -3.81054e-02 | 89  0.01149 -3.42966e-02 | 90  0.01001 -3.18673e-02
 91  0.00926 -3.03705e-02 | 92  0.00880 -2.91748e-02 | 93  0.00842 -2.76168e-02
 94  0.00862 -2.49439e-02 | 95  0.00951 -2.16989e-02 | 96  0.00954 -2.12302e-02
 97  0.01104 -1.93216e-02 | 98  0.01323 -1.87453e-02 | 99  0.01693 -2.29473e-02
100  0.01604 -2.23600e-02 |101  0.01364 -2.72425e-02 |102  0.01120 -2.50224e-02
103  0.00179 -2.16289e-02 |104  0.00114 -1.22645e-02 |105  0.01956 -1.15013e-02
106  0.01713  2.42930e-03 |107 -0.00904 -1.48187e-02 |108  0.00844 -1.92167e-03
109  0.07443 -2.34904e-03 |110  0.01989 -2.17357e-02 |111 -0.02235 -5.56217e-03
112 -0.00400 -7.32739e-03 |113  0.00994  6.92156e-02 |114  0.02633  6.23932e-02
115 -0.00601 -9.76825e-03 |116 -0.07267 -8.19463e-03 |117 -0.08959 -2.41702e-02
118 -0.08688 -3.61807e-02 |119 -0.04298  1.51574e-02 |120  0.05274  4.83401e-02
121  0.01367  2.00313e-02 |122  0.00516 -2.68366e-02 |123 -0.03120  1.03216e-01
124 -0.07159 -7.56239e-02 |125 -0.00856  3.87402e-03 |126  0.00399  5.60490e-02
127 -0.02232  3.41491e-02 |128  0.03778  1.65686e-03 |129  0.08686 -5.50123e-02
130  0.03404  3.56589e-02 |131  0.10160  1.71156e-02 |132  0.01806 -3.07285e-02
133  0.14709  2.08332e-02 |134  0.00539 -3.69007e-02 |135 -0.04079  4.82304e-02
136 -0.05294  1.50184e-02 |137 -0.01676  2.71452e-02 |138  0.07812  2.80299e-02
139  0.00784  6.26766e-02 |140  0.01676  7.57813e-02 |141 -0.01354 -8.33897e-02
142 -0.01145 -5.56972e-02 |143 -0.00021  3.14819e-03 |144 -0.00000 -2.79734e-14
145  0.33375 -1.87550e-02 |146  0.23485 -9.44899e-02 |147  0.04973 -2.17747e-01
148  0.29381  2.34707e-01 |149 -0.46900 -1.48235e-02 |150  0.30951 -2.43969e-02
151  0.17518  4.07464e-02 |152  0.25314  4.41153e-02 |153  0.17478 -4.17692e-02
154  0.25202  7.24467e-02 |155  0.12031  1.13438e-02 |156  0.29576  6.02712e-02
157  0.16788  3.54331e-02 |158  0.24504  1.48185e-01 |159 -0.35359  6.68607e-02
160  0.24223 -2.04295e-02 |161  0.20377  1.94070e-02 |162  0.31757 -4.00098e-02
163 -0.38218 -7.99134e-02 |164  0.23259  1.32929e-01 |165  0.05170  2.39421e-02
166  0.11994 -5.35590e-02 |167  0.32119  7.84891e-03 |168  0.27257  1.21306e-02
169  0.01290 -5.19490e-02 |170  0.38913 -1.29981e-01 |171  0.09979 -1.63478e-01
172  0.16413 -5.69117e-01 |173  0.21898 -6.23988e-02 |174  0.25542  8.82546e-01
175 -0.56519 -2.57784e-02 |176  0.16709  1.85198e-03 |

Initial statistics: 200 variables; iteration 0; function evaluation 0; phase 4
Function value 6.7316696e+03; maximum gradient component mag -6.6484e+01
Var    Value     Gradient |Var    Value     Gradient |Var    Value     Gradient
  1 -0.41847  2.58094e-01 |  2  0.36965  5.08854e-02 |  3 -0.12708 -1.36491e-01
  4 -0.00748 -6.42989e-02 |  5 -0.73317 -3.33267e-02 |  6 -0.60568  1.81419e-02
  7  0.37101 -2.44480e-01 |  8 -0.18458 -2.28466e-01 |  9  0.04386 -2.17318e-01
 10 -0.62180  5.35594e-02 | 11 -0.62411  7.34217e-02 | 12 -0.12772 -3.58710e-01
 13 -0.00981  6.51654e-03 | 14 -0.01003  6.37130e-03 | 15 -0.01024  6.19923e-03
 16 -0.01045  6.00101e-03 | 17 -0.01065  5.77719e-03 | 18 -0.01085  5.52977e-03
 19 -0.01104  5.26089e-03 | 20 -0.01122  4.97278e-03 | 21 -0.01139  4.66794e-03
 22 -0.01154  4.34897e-03 | 23 -0.01169  4.01846e-03 | 24 -0.01182  3.67889e-03
 25 -0.01194  3.33262e-03 | 26 -0.01204  2.98221e-03 | 27 -0.01212  2.63082e-03
 28 -0.01217  2.28228e-03 | 29 -0.01221  1.94054e-03 | 30 -0.01222  1.60886e-03
 31 -0.01221  1.28934e-03 | 32 -0.01217  9.84418e-04 | 33 -0.01210  6.96342e-04
 34 -0.01200  4.27465e-04 | 35 -0.01187  1.80345e-04 | 36 -0.01171 -4.23310e-05
 37 -0.01150 -2.37916e-04 | 38 -0.01126 -4.04647e-04 | 39 -0.01098 -5.41625e-04
 40 -0.01066 -6.47407e-04 | 41 -0.01030 -7.25911e-04 | 42 -0.00991 -7.76273e-04
 43 -0.00948 -7.96164e-04 | 44 -0.00904 -7.80582e-04 | 45 -0.00857 -7.22626e-04
 46 -0.00810 -6.16168e-04 | 47 -0.00764 -4.58264e-04 | 48 -0.00720 -2.49365e-04
 49 -0.00679  8.67923e-06 | 50 -0.00643  3.16825e-04 | 51 -0.00613  6.80017e-04
 52 -0.00590  1.10281e-03 | 53 -0.00575  1.58328e-03 | 54 -0.00565  2.11085e-03
 55 -0.00560  2.66986e-03 | 56 -0.00557  3.24265e-03 | 57 -0.00553  3.80250e-03
 58 -0.00544  4.30394e-03 | 59 -0.00527  4.69059e-03 | 60 -0.00498  4.90911e-03
 61 -0.00454  4.93822e-03 | 62 -0.00391  4.82029e-03 | 63 -0.00306  4.68382e-03
 64 -0.00197  4.67322e-03 | 65 -0.00062  4.71589e-03 | 66  0.00101  4.31470e-03
 67  0.00292  2.94715e-03 | 68  0.00514  1.24874e-03 | 69  0.00765  4.85927e-04
 70  0.01045  2.80248e-04 | 71  0.01350  7.29607e-04 | 72  0.01675 -1.59552e-03
 73  0.02008 -6.32786e-03 | 74  0.02339 -1.32535e-02 | 75  0.02636 -5.09101e-02
 76  0.02912 -5.14090e-02 | 77  0.03135 -4.68429e-02 | 78  0.03300 -1.99089e-02
 79  0.03390  3.42167e-03 | 80  0.03398  1.28428e-03 | 81  0.03352  1.15602e-02
 82  0.03236  4.33149e-04 | 83  0.03041 -4.02895e-02 | 84  0.02787 -5.99377e-02
 85  0.02481 -3.95677e-02 | 86  0.02113 -3.64903e-02 | 87  0.01728 -4.83088e-02
 88  0.01396 -3.81054e-02 | 89  0.01149 -3.42966e-02 | 90  0.01001 -3.18673e-02
 91  0.00926 -3.03705e-02 | 92  0.00880 -2.91748e-02 | 93  0.00842 -2.76168e-02
 94  0.00862 -2.49439e-02 | 95  0.00951 -2.16989e-02 | 96  0.00954 -2.12302e-02
 97  0.01104 -1.93216e-02 | 98  0.01323 -1.87453e-02 | 99  0.01693 -2.29473e-02
100  0.01604 -2.23600e-02 |101  0.01364 -2.72425e-02 |102  0.01120 -2.50224e-02
103  0.00179 -2.16289e-02 |104  0.00114 -1.22645e-02 |105  0.01956 -1.15013e-02
106  0.01713  2.42930e-03 |107 -0.00904 -1.48187e-02 |108  0.00844 -1.92167e-03
109  0.07443 -2.34904e-03 |110  0.01989 -2.17357e-02 |111 -0.02235 -5.56217e-03
112 -0.00400 -7.32739e-03 |113  0.00994  6.92156e-02 |114  0.02633  6.23932e-02
115 -0.00601 -9.76825e-03 |116 -0.07267 -8.19463e-03 |117 -0.08959 -2.41702e-02
118 -0.08688 -3.61807e-02 |119 -0.04298  1.51574e-02 |120  0.05274  4.83401e-02
121  0.01367  2.00313e-02 |122  0.00516 -2.68366e-02 |123 -0.03120  1.03216e-01
124 -0.07159 -7.56239e-02 |125 -0.00856  3.87402e-03 |126  0.00399  5.60490e-02
127 -0.02232  3.41491e-02 |128  0.03778  1.65686e-03 |129  0.08686 -5.50123e-02
130  0.03404  3.56589e-02 |131  0.10160  1.71156e-02 |132  0.01806 -3.07285e-02
133  0.14709  2.08332e-02 |134  0.00539 -3.69007e-02 |135 -0.04079  4.82304e-02
136 -0.05294  1.50184e-02 |137 -0.01676  2.71452e-02 |138  0.07812  2.80299e-02
139  0.00784  6.26766e-02 |140  0.01676  7.57813e-02 |141 -0.01354 -8.33897e-02
142 -0.01145 -5.56972e-02 |143 -0.00021  3.14819e-03 |144 -0.00000 -2.79734e-14
145  0.33375 -1.87550e-02 |146  0.23485 -9.44899e-02 |147  0.04973 -2.17747e-01
148  0.29381  2.34707e-01 |149  0.01598 -6.57209e+00 |150 -0.11486 -2.30567e+01
151 -0.46900 -1.48235e-02 |152  0.30951 -2.43969e-02 |153  0.04878 -7.48041e-02
154 -0.23557 -2.67744e+00 |155  0.17518  4.07464e-02 |156  0.25314  4.41153e-02
157  0.17478 -4.17692e-02 |158  0.25202  7.24467e-02 |159  0.00591  1.20380e-01
160 -0.09842 -4.00287e+00 |161  0.12031  1.13438e-02 |162  0.29576  6.02712e-02
163  0.16788  3.54331e-02 |164  0.24504  1.48185e-01 |165 -0.35359  6.68607e-02
166  0.24223 -2.04295e-02 |167  0.05289  1.58940e+00 |168 -0.18792  4.72097e-01
169  0.20377  1.94070e-02 |170  0.31757 -4.00098e-02 |171  0.07773 -2.39843e+00
172 -0.53260 -4.04571e-04 |173 -0.38218 -7.99134e-02 |174  0.23259  1.32929e-01
175  0.07930  5.68449e+00 |176 -0.12245 -6.64839e+01 |177  0.05170  2.39421e-02
178  0.11994 -5.35590e-02 |179  0.32119  7.84891e-03 |180  0.27257  1.21306e-02
181  0.00632 -7.88095e-02 |182  0.00888 -7.01386e-01 |183 -0.15126 -1.34731e+01
184 -0.12591 -6.65674e+00 |185  0.01290 -5.19490e-02 |186  0.38913 -1.29981e-01
187  0.01873 -2.91129e-01 |188 -0.15464 -7.38692e-01 |189  0.09979 -1.63478e-01
190  0.16413 -5.69117e-01 |191  0.21898 -6.23988e-02 |192  0.25542  8.82546e-01
193  0.02441 -4.82631e+00 |194 -0.00672  1.05783e+00 |195 -0.17637 -1.42279e+01
196 -0.11451 -2.30122e+01 |197 -0.56519 -2.57784e-02 |198  0.16709  1.85198e-03
199  0.09533  1.09599e-01 |200 -0.25417 -1.31793e+00 |

Intermediate statistics: 200 variables; iteration 20; function evaluation 25; phase 4
Function value 6.7312274e+03; maximum gradient component mag -5.0752e+01
Var    Value     Gradient |Var    Value     Gradient |Var    Value     Gradient
  1 -0.41759  8.85050e+00 |  2  0.37045 -8.25615e+00 |  3 -0.12917 -3.52517e+01
  4 -0.00800 -1.89195e+01 |  5 -0.73439 -1.12147e+00 |  6 -0.60507 -2.83478e+00
  7  0.37291  1.07559e+01 |  8 -0.18652 -2.94483e+01 |  9  0.04224 -2.91533e+00
 10 -0.62011 -2.19683e+00 | 11 -0.62416 -9.71388e+00 | 12 -0.13629 -3.38625e+00
 13 -0.00989 -2.66248e-02 | 14 -0.01011 -2.75030e-02 | 15 -0.01032 -2.84177e-02
 16 -0.01053 -2.93712e-02 | 17 -0.01074 -3.03630e-02 | 18 -0.01094 -3.13969e-02
 19 -0.01113 -3.24751e-02 | 20 -0.01131 -3.35988e-02 | 21 -0.01148 -3.47697e-02
 22 -0.01164 -3.59891e-02 | 23 -0.01179 -3.72586e-02 | 24 -0.01193 -3.85808e-02
 25 -0.01205 -3.99600e-02 | 26 -0.01215 -4.14024e-02 | 27 -0.01223 -4.29152e-02
 28 -0.01229 -4.45033e-02 | 29 -0.01233 -4.61678e-02 | 30 -0.01235 -4.79085e-02
 31 -0.01234 -4.97277e-02 | 32 -0.01230 -5.16325e-02 | 33 -0.01224 -5.36332e-02
 34 -0.01215 -5.57420e-02 | 35 -0.01203 -5.79710e-02 | 36 -0.01187 -6.03300e-02
 37 -0.01167 -6.28243e-02 | 38 -0.01144 -6.54536e-02 | 39 -0.01117 -6.82158e-02
 40 -0.01085 -7.11124e-02 | 41 -0.01051 -7.41434e-02 | 42 -0.01013 -7.73232e-02
 43 -0.00971 -8.06707e-02 | 44 -0.00928 -8.42059e-02 | 45 -0.00883 -8.79472e-02
 46 -0.00837 -9.19109e-02 | 47 -0.00793 -9.61132e-02 | 48 -0.00750 -1.00567e-01
 49 -0.00711 -1.05276e-01 | 50 -0.00676 -1.10227e-01 | 51 -0.00648 -1.15373e-01
 52 -0.00626 -1.20639e-01 | 53 -0.00612 -1.25961e-01 | 54 -0.00604 -1.31317e-01
 55 -0.00601 -1.36741e-01 | 56 -0.00600 -1.42314e-01 | 57 -0.00597 -1.48124e-01
 58 -0.00590 -1.54229e-01 | 59 -0.00574 -1.60704e-01 | 60 -0.00546 -1.67604e-01
 61 -0.00503 -1.74997e-01 | 62 -0.00441 -1.82912e-01 | 63 -0.00357 -1.91392e-01
 64 -0.00249 -2.00487e-01 | 65 -0.00114 -2.10174e-01 | 66  0.00048 -2.20772e-01
 67  0.00240 -2.32329e-01 | 68  0.00463 -2.44792e-01 | 69  0.00714 -2.58108e-01
 70  0.00995 -2.72336e-01 | 71  0.01301 -2.87524e-01 | 72  0.01627 -3.04207e-01
 73  0.01965 -3.22406e-01 | 74  0.02300 -3.42083e-01 | 75  0.02614 -3.69162e-01
 76  0.02894 -3.88630e-01 | 77  0.03118 -4.06112e-01 | 78  0.03277 -4.16547e-01
 79  0.03362 -4.25581e-01 | 80  0.03376 -4.38828e-01 | 81  0.03331 -4.46718e-01
 82  0.03225 -4.57478e-01 | 83  0.03051 -4.72201e-01 | 84  0.02809 -4.78149e-01
 85  0.02499 -4.72085e-01 | 86  0.02132 -4.67747e-01 | 87  0.01754 -4.65925e-01
 88  0.01419 -4.62160e-01 | 89  0.01171 -4.63548e-01 | 90  0.01020 -4.69594e-01
 91  0.00944 -4.79807e-01 | 92  0.00895 -4.91861e-01 | 93  0.00857 -5.03069e-01
 94  0.00878 -5.09890e-01 | 95  0.00968 -5.04937e-01 | 96  0.00978 -4.76846e-01
 97  0.01133 -4.29637e-01 | 98  0.01353 -3.65038e-01 | 99  0.01717 -2.95134e-01
100  0.01613 -2.12155e-01 |101  0.01356 -1.34825e-01 |102  0.01089 -6.32833e-02
103  0.00134 -1.98229e-03 |104  0.00039  3.21084e-02 |105  0.01825  3.69366e-02
106  0.01581  2.86229e-02 |107 -0.01009 -3.63755e-02 |108  0.00708 -1.69874e-01
109  0.07183  3.29580e-02 |110  0.01849  8.50325e-02 |111 -0.02371  1.88962e-01
112 -0.00549  3.42359e-01 |113  0.00804  5.33080e-01 |114  0.02430  6.60793e-01
115 -0.00759  6.58342e-01 |116 -0.07386  4.98738e-01 |117 -0.09042  4.84984e-01
118 -0.08764  6.24794e-01 |119 -0.04364  7.81898e-01 |120  0.05196  1.53806e+00
121  0.01341  1.03479e+00 |122  0.00475  1.06048e+00 |123 -0.03155  7.96691e-01
124 -0.07133  5.66682e-01 |125 -0.00796  5.58677e-01 |126  0.00500  3.49835e-01
127 -0.02145  2.63681e-01 |128  0.03909  4.27729e-01 |129  0.09017  3.11949e-01
130  0.03549  6.78185e-01 |131  0.10667  7.63193e-01 |132  0.02155  3.82719e-01
133  0.15282  9.74114e-01 |134  0.00806  5.39196e-01 |135 -0.03883  2.04128e-01
136 -0.05108  1.78913e-01 |137 -0.01430  1.01220e-01 |138  0.08256  3.54825e-01
139  0.00998  1.24328e-01 |140  0.01804  7.45767e-02 |141 -0.01278 -1.72340e-02
142 -0.01135  4.00015e-02 |143 -0.00040  3.51128e-02 |144  0.00000 -1.16925e-16
145  0.34729  1.55448e+00 |146  0.24329 -1.97919e+00 |147  0.05095 -2.66516e+00
148  0.29327  6.03239e-02 |149  0.01447 -5.13280e+00 |150 -0.11107 -1.25275e+01
151 -0.46847 -1.92354e-01 |152  0.30957 -4.22844e-02 |153  0.04805  1.75664e-01
154 -0.22604  4.65858e-02 |155  0.18081  1.05425e+00 |156  0.25404 -6.25497e-01
157  0.17744  4.36621e-01 |158  0.25275  6.63525e-01 |159  0.00425  6.79212e-01
160 -0.09564 -1.55768e+00 |161  0.12607 -2.70235e-01 |162  0.29641  1.51749e+00
163  0.17184 -5.04904e-01 |164  0.24606  1.59672e+00 |165 -0.35187 -5.19131e-01
166  0.24283  7.07553e-01 |167  0.05199 -5.10427e-01 |168 -0.18693  4.55902e+00
169  0.20282 -1.76659e-01 |170  0.31716 -3.83477e-01 |171  0.07820 -2.44558e+00
172 -0.53260 -2.94367e-04 |173 -0.37969 -1.03918e+00 |174  0.23513  2.01101e+00
175  0.07694  2.57528e+00 |176 -0.11530 -2.34828e+01 |177  0.05444  2.09337e+00
178  0.12172  5.10288e-01 |179  0.32215 -1.49321e+00 |180  0.27290  9.23922e-02
181  0.00354  2.10993e+00 |182  0.00723 -5.38579e-01 |183 -0.14536 -5.09050e+00
184 -0.12401 -5.44375e+00 |185  0.01452  5.12815e-01 |186  0.38788 -6.27867e-01
187  0.01810  4.22999e-01 |188 -0.15276 -1.52447e-01 |189  0.10064 -2.65438e+00
190  0.16577 -5.15797e+00 |191  0.21913 -3.20500e+00 |192  0.25527  6.88598e-01
193  0.02374 -1.00473e+01 |194 -0.00847 -2.75470e+00 |195 -0.17405 -6.96031e+00
196 -0.11323 -5.07521e+01 |197 -0.56461 -5.67337e-01 |198  0.16721 -3.37968e-02
199  0.09377 -5.15882e+00 |200 -0.24701 -1.73530e+00 |
200 variables; iteration 40; function evaluation 45; phase 4
Function value 6.7312022e+03; maximum gradient component mag -5.5141e+01
Var    Value     Gradient |Var    Value     Gradient |Var    Value     Gradient
  1 -0.41746  1.27699e+01 |  2  0.37051 -6.16714e+00 |  3 -0.12924 -3.07553e+01
  4 -0.00814 -1.67637e+01 |  5 -0.73477 -1.20329e+00 |  6 -0.60499 -3.82246e+00
  7  0.37300  1.20537e+01 |  8 -0.18677 -2.78731e+01 |  9  0.04228 -1.28938e+00
 10 -0.61935 -1.50418e+00 | 11 -0.62417 -6.25857e+00 | 12 -0.14133 -9.71353e+00
 13 -0.00971 -4.06078e-02 | 14 -0.00992 -4.19993e-02 | 15 -0.01013 -4.34480e-02
 16 -0.01033 -4.49566e-02 | 17 -0.01053 -4.65318e-02 | 18 -0.01073 -4.81739e-02
 19 -0.01091 -4.98853e-02 | 20 -0.01109 -5.16704e-02 | 21 -0.01126 -5.35339e-02
 22 -0.01142 -5.54820e-02 | 23 -0.01156 -5.75222e-02 | 24 -0.01169 -5.96625e-02
 25 -0.01180 -6.19114e-02 | 26 -0.01190 -6.42763e-02 | 27 -0.01198 -6.67620e-02
 28 -0.01204 -6.93709e-02 | 29 -0.01207 -7.21075e-02 | 30 -0.01208 -7.49814e-02
 31 -0.01207 -7.80119e-02 | 32 -0.01203 -8.12182e-02 | 33 -0.01197 -8.46210e-02
 34 -0.01187 -8.82382e-02 | 35 -0.01175 -9.20828e-02 | 36 -0.01159 -9.61615e-02
 37 -0.01139 -1.00475e-01 | 38 -0.01115 -1.05024e-01 | 39 -0.01088 -1.09809e-01
 40 -0.01057 -1.14816e-01 | 41 -0.01022 -1.20093e-01 | 42 -0.00984 -1.25643e-01
 43 -0.00943 -1.31482e-01 | 44 -0.00899 -1.37617e-01 | 45 -0.00855 -1.44049e-01
 46 -0.00809 -1.50773e-01 | 47 -0.00765 -1.57795e-01 | 48 -0.00722 -1.65118e-01
 49 -0.00683 -1.72751e-01 | 50 -0.00649 -1.80688e-01 | 51 -0.00621 -1.88890e-01
 52 -0.00600 -1.97278e-01 | 53 -0.00586 -2.05796e-01 | 54 -0.00579 -2.14407e-01
 55 -0.00577 -2.23109e-01 | 56 -0.00576 -2.31951e-01 | 57 -0.00574 -2.40992e-01
 58 -0.00567 -2.50242e-01 | 59 -0.00552 -2.59770e-01 | 60 -0.00525 -2.69606e-01
 61 -0.00482 -2.79817e-01 | 62 -0.00420 -2.90386e-01 | 63 -0.00336 -3.01344e-01
 64 -0.00227 -3.12759e-01 | 65 -0.00092 -3.24594e-01 | 66  0.00072 -3.37358e-01
 67  0.00265 -3.51070e-01 | 68  0.00488 -3.65645e-01 | 69  0.00742 -3.81025e-01
 70  0.01024 -3.97295e-01 | 71  0.01333 -4.14478e-01 | 72  0.01662 -4.32916e-01
 73  0.02002 -4.52279e-01 | 74  0.02342 -4.72067e-01 | 75  0.02663 -4.94471e-01
 76  0.02948 -5.11476e-01 | 77  0.03179 -5.26123e-01 | 78  0.03341 -5.36615e-01
 79  0.03431 -5.44601e-01 | 80  0.03451 -5.51275e-01 | 81  0.03411 -5.54125e-01
 82  0.03311 -5.55505e-01 | 83  0.03146 -5.56171e-01 | 84  0.02909 -5.52368e-01
 85  0.02600 -5.41929e-01 | 86  0.02236 -5.30514e-01 | 87  0.01861 -5.20201e-01
 88  0.01530 -5.08871e-01 | 89  0.01286 -5.01654e-01 | 90  0.01142 -4.98410e-01
 91  0.01072 -4.98180e-01 | 92  0.01031 -4.98515e-01 | 93  0.00998 -4.97577e-01
 94  0.01022 -4.95301e-01 | 95  0.01108 -4.89229e-01 | 96  0.01104 -4.69811e-01
 97  0.01236 -4.43201e-01 | 98  0.01431 -4.02329e-01 | 99  0.01772 -3.49682e-01
100  0.01646 -2.74090e-01 |101  0.01379 -1.78628e-01 |102  0.01099 -7.07696e-02
103  0.00130  4.60536e-02 |104  0.00038  1.71676e-01 |105  0.01815  3.21687e-01
106  0.01542  4.22873e-01 |107 -0.01022  4.23873e-01 |108  0.00728  5.55602e-01
109  0.07100  1.16524e+00 |110  0.01775  7.77630e-01 |111 -0.02459  5.58036e-01
112 -0.00657  6.78037e-01 |113  0.00683  8.55074e-01 |114  0.02303  9.89057e-01
115 -0.00892  8.11649e-01 |116 -0.07518  4.75938e-01 |117 -0.09188  3.79038e-01
118 -0.08921  4.91699e-01 |119 -0.04512  7.07040e-01 |120  0.05002  1.40456e+00
121  0.01164  7.97566e-01 |122  0.00273  8.41261e-01 |123 -0.03350  6.08218e-01
124 -0.07306  4.06642e-01 |125 -0.00991  4.26056e-01 |126  0.00289  2.70320e-01
127 -0.02310  2.16836e-01 |128  0.03694  3.27488e-01 |129  0.08848  2.92120e-01
130  0.03348  4.15827e-01 |131  0.10480  4.42295e-01 |132  0.02023  1.25056e-01
133  0.15115  4.77311e-01 |134  0.00702  3.79148e-01 |135 -0.03959  1.11205e-01
136 -0.05188  7.83108e-02 |137 -0.01510  1.57363e-02 |138  0.08145  1.89847e-01
139  0.00967  6.59331e-02 |140  0.01795  7.42747e-02 |141 -0.01278 -3.11549e-03
142 -0.01149  3.12343e-02 |143 -0.00048  2.57402e-02 |144  0.00000 -1.44124e-16
145  0.35575  1.18499e+00 |146  0.25151 -1.30519e+00 |147  0.05095 -4.99425e+00
148  0.29330  3.52238e+00 |149  0.01461 -5.46766e+00 |150 -0.11088 -1.33058e+01
151 -0.46397 -2.01201e-02 |152  0.31161 -7.89545e-02 |153  0.04638 -2.70442e-02
154 -0.22607 -1.65021e-01 |155  0.18078 -2.70230e+00 |156  0.25408  5.54546e+00
157  0.17759  1.35850e+00 |158  0.25262 -9.55650e-01 |159  0.00406  8.76501e-01
160 -0.09504  2.11792e-01 |161  0.12662  7.74536e-01 |162  0.29622 -1.37110e+00
163  0.17220  1.75712e+00 |164  0.24575 -2.69249e+00 |165 -0.35122 -4.04711e-01
166  0.24312  8.93490e-01 |167  0.05172 -4.72912e-01 |168 -0.18706  2.42046e+00
169  0.20256 -4.52603e-01 |170  0.31724 -2.36843e-01 |171  0.07832 -3.63110e+00
172 -0.53260 -3.32725e-04 |173 -0.36800 -1.25717e+00 |174  0.23924  3.73731e+00
175  0.07394  1.33706e+00 |176 -0.11529 -2.36909e+01 |177  0.05859  3.11264e+00
178  0.12182  1.08769e+00 |179  0.32292 -3.81684e+00 |180  0.27290 -6.11362e-01
181 -0.00109  1.57686e+00 |182  0.00741  3.10273e-01 |183 -0.14370 -3.69746e+00
184 -0.12364 -3.97726e+00 |185  0.01470 -2.44312e-01 |186  0.38861  7.89344e-02
187  0.01773 -3.40480e-01 |188 -0.15238 -3.50518e-01 |189  0.10066 -6.97829e+00
190  0.16633 -8.75361e+00 |191  0.21921  1.38770e+00 |192  0.25547  3.73326e+00
193  0.02394 -9.75153e+00 |194 -0.00958 -6.77673e+00 |195 -0.17404 -1.06224e+01
196 -0.11300 -5.51407e+01 |197 -0.56133 -4.22052e-01 |198  0.16830 -8.05420e-02
199  0.09274 -5.62913e+00 |200 -0.24725 -1.82779e+00 |
200 variables; iteration 60; function evaluation 65; phase 4
Function value 6.7311042e+03; maximum gradient component mag -3.1178e+00
Var    Value     Gradient |Var    Value     Gradient |Var    Value     Gradient
  1 -0.41754  1.97067e+00 |  2  0.37051  1.58247e+00 |  3 -0.12921  2.20552e+00
  4 -0.00809  2.66072e-01 |  5 -0.73505 -2.93997e-01 |  6 -0.60473  1.10760e+00
  7  0.37283  1.33011e+00 |  8 -0.18670  8.03857e-01 |  9  0.04208  6.37986e-01
 10 -0.61945 -2.67838e-01 | 11 -0.62395  6.89635e-01 | 12 -0.14284 -8.88453e-01
 13 -0.00974 -1.49082e-02 | 14 -0.00995 -1.47097e-02 | 15 -0.01016 -1.44787e-02
 16 -0.01036 -1.42162e-02 | 17 -0.01056 -1.39233e-02 | 18 -0.01075 -1.36026e-02
 19 -0.01093 -1.32568e-02 | 20 -0.01111 -1.28892e-02 | 21 -0.01127 -1.25036e-02
 22 -0.01142 -1.21042e-02 | 23 -0.01156 -1.16957e-02 | 24 -0.01169 -1.12827e-02
 25 -0.01180 -1.08706e-02 | 26 -0.01189 -1.04656e-02 | 27 -0.01197 -1.00759e-02
 28 -0.01202 -9.71163e-03 | 29 -0.01205 -9.38347e-03 | 30 -0.01206 -9.10171e-03
 31 -0.01204 -8.87673e-03 | 32 -0.01200 -8.72052e-03 | 33 -0.01193 -8.64653e-03
 34 -0.01183 -8.66989e-03 | 35 -0.01169 -8.80765e-03 | 36 -0.01153 -9.07843e-03
 37 -0.01133 -9.50166e-03 | 38 -0.01109 -1.00962e-02 | 39 -0.01081 -1.08795e-02
 40 -0.01050 -1.18666e-02 | 41 -0.01014 -1.30718e-02 | 42 -0.00976 -1.45088e-02
 43 -0.00935 -1.61939e-02 | 44 -0.00891 -1.81458e-02 | 45 -0.00846 -2.03843e-02
 46 -0.00801 -2.29310e-02 | 47 -0.00756 -2.58113e-02 | 48 -0.00714 -2.90539e-02
 49 -0.00675 -3.26933e-02 | 50 -0.00641 -3.67675e-02 | 51 -0.00614 -4.13034e-02
 52 -0.00593 -4.63004e-02 | 53 -0.00580 -5.17351e-02 | 54 -0.00574 -5.75684e-02
 55 -0.00573 -6.37649e-02 | 56 -0.00573 -7.03037e-02 | 57 -0.00573 -7.71450e-02
 58 -0.00568 -8.41811e-02 | 59 -0.00554 -9.12801e-02 | 60 -0.00528 -9.82561e-02
 61 -0.00487 -1.04918e-01 | 62 -0.00426 -1.11032e-01 | 63 -0.00343 -1.16407e-01
 64 -0.00235 -1.20886e-01 | 65 -0.00100 -1.24192e-01 | 66  0.00064 -1.26203e-01
 67  0.00258 -1.26560e-01 | 68  0.00482 -1.25385e-01 | 69  0.00738 -1.23207e-01
 70  0.01022 -1.20086e-01 | 71  0.01333 -1.16371e-01 | 72  0.01665 -1.11789e-01
 73  0.02008 -1.07650e-01 | 74  0.02350 -1.05339e-01 | 75  0.02671 -1.09615e-01
 76  0.02954 -1.13252e-01 | 77  0.03182 -1.14420e-01 | 78  0.03347 -1.05137e-01
 79  0.03439 -9.39105e-02 | 80  0.03457 -9.12214e-02 | 81  0.03417 -8.25237e-02
 82  0.03314 -8.07178e-02 | 83  0.03143 -8.54676e-02 | 84  0.02905 -7.78623e-02
 85  0.02598 -5.99605e-02 | 86  0.02234 -4.66191e-02 | 87  0.01859 -3.46965e-02
 88  0.01523 -2.86746e-02 | 89  0.01273 -2.51903e-02 | 90  0.01122 -2.15821e-02
 91  0.01047 -1.48010e-02 | 92  0.01002 -2.29173e-03 | 93  0.00970  1.81785e-02
 94  0.00999  4.95906e-02 | 95  0.01099  9.06230e-02 | 96  0.01111  1.31773e-01
 97  0.01266  1.76634e-01 | 98  0.01475  2.06778e-01 | 99  0.01817  2.25159e-01
100  0.01675  2.04202e-01 |101  0.01374  1.47567e-01 |102  0.01058  7.55828e-02
103  0.00092  4.63320e-02 |104  0.00021  9.47916e-02 |105  0.01779  9.18445e-02
106  0.01528  2.37958e-02 |107 -0.01036 -3.36387e-02 |108  0.00668 -1.29386e-01
109  0.07035 -3.27792e-01 |110  0.01746 -2.69945e-01 |111 -0.02489 -1.90158e-01
112 -0.00720 -2.82774e-01 |113  0.00625 -1.28153e-01 |114  0.02312  2.40978e-01
115 -0.00922  2.74974e-01 |116 -0.07536  1.12484e-01 |117 -0.09209  2.83008e-03
118 -0.08952  6.92925e-02 |119 -0.04526  3.47595e-01 |120  0.05047  1.07766e+00
121  0.01168  5.54493e-01 |122  0.00260  3.00064e-01 |123 -0.03358  1.52114e-01
124 -0.07315  6.13084e-02 |125 -0.01018 -7.78868e-02 |126  0.00280  2.66841e-03
127 -0.02293  1.30633e-01 |128  0.03769  4.45228e-01 |129  0.08967  5.49398e-01
130  0.03368  2.10846e-01 |131  0.10541  9.18625e-02 |132  0.02015 -2.23601e-01
133  0.15185 -1.41219e-02 |134  0.00716  2.79571e-02 |135 -0.03970 -1.74577e-01
136 -0.05175 -1.39731e-01 |137 -0.01454 -7.24983e-02 |138  0.08197 -1.42486e-01
139  0.01043  4.04440e-02 |140  0.01892  1.99670e-01 |141 -0.01195  1.96010e-01
142 -0.01102  1.05760e-01 |143 -0.00059 -6.99732e-03 |144 -0.00000 -2.80431e-14
145  0.35759 -2.23889e-01 |146  0.24936  1.52201e-01 |147  0.05126 -8.40695e-01
148  0.29329  3.66527e-01 |149  0.01505 -8.22837e-01 |150 -0.10954 -1.11906e+00
151 -0.45537  3.01145e-02 |152  0.32062  4.35008e-01 |153  0.04358 -4.51290e-02
154 -0.22448  1.69489e-02 |155  0.18161 -7.51794e-02 |156  0.25393  9.02145e-02
157  0.17697 -1.28331e+00 |158  0.25205 -7.49342e-01 |159  0.00297 -1.61469e+00
160 -0.09459  2.88995e-01 |161  0.12726  1.63604e-01 |162  0.29633  2.46159e-01
163  0.17253  5.80011e-02 |164  0.24597  1.93585e-01 |165 -0.35433 -5.38970e-01
166  0.24190 -9.48841e-02 |167  0.05252 -6.64935e-02 |168 -0.18697 -5.45533e-01
169  0.20251  2.38336e-02 |170  0.31722 -1.93230e-01 |171  0.07848 -3.31957e-01
172 -0.53251 -1.14997e-04 |173 -0.37324 -2.42400e-01 |174  0.23766  4.16183e-01
175  0.07494  7.94652e-01 |176 -0.11243 -3.07549e+00 |177  0.06307  1.05011e+00
178  0.12183 -3.82439e-01 |179  0.32536 -1.66693e-01 |180  0.27282 -3.73118e-01
181 -0.00704 -1.02800e-01 |182  0.00675 -7.97570e-01 |183 -0.14132  5.63046e-01
184 -0.12299 -2.98379e-01 |185  0.01554  2.96345e-01 |186  0.38864  7.45312e-02
187  0.01749  1.69079e-01 |188 -0.15217 -1.19935e-01 |189  0.10090 -1.21475e+00
190  0.16702 -1.42190e+00 |191  0.21936  1.64613e-01 |192  0.25587  1.43429e+00
193  0.02390 -1.41230e+00 |194 -0.01050 -8.60830e-01 |195 -0.17347 -1.34190e+00
196 -0.11132 -3.11783e+00 |197 -0.56094 -1.65062e-01 |198  0.16989  7.46958e-01
199  0.09360  1.97874e+00 |200 -0.24475  9.15844e-01 |
200 variables; iteration 80; function evaluation 90; phase 4
Function value 6.7310916e+03; maximum gradient component mag 1.1654e+00
Var    Value     Gradient |Var    Value     Gradient |Var    Value     Gradient
  1 -0.41748  6.02545e-01 |  2  0.37042  6.39496e-01 |  3 -0.12943  1.16544e+00
  4 -0.00783  6.66192e-01 |  5 -0.73481 -6.40231e-02 |  6 -0.60474  3.31107e-01
  7  0.37281  1.51386e-01 |  8 -0.18681  8.47870e-01 |  9  0.04213  3.63867e-01
 10 -0.61929 -4.73492e-02 | 11 -0.62393  3.46057e-01 | 12 -0.14362 -9.72159e-01
 13 -0.00973 -5.74851e-03 | 14 -0.00994 -5.75166e-03 | 15 -0.01015 -5.74936e-03
 16 -0.01036 -5.74208e-03 | 17 -0.01056 -5.73038e-03 | 18 -0.01075 -5.71502e-03
 19 -0.01094 -5.69680e-03 | 20 -0.01111 -5.67656e-03 | 21 -0.01128 -5.65516e-03
 22 -0.01143 -5.63349e-03 | 23 -0.01158 -5.61242e-03 | 24 -0.01171 -5.59275e-03
 25 -0.01182 -5.57515e-03 | 26 -0.01191 -5.56022e-03 | 27 -0.01199 -5.54858e-03
 28 -0.01205 -5.54102e-03 | 29 -0.01208 -5.53849e-03 | 30 -0.01209 -5.54187e-03
 31 -0.01208 -5.55210e-03 | 32 -0.01204 -5.57015e-03 | 33 -0.01197 -5.59716e-03
 34 -0.01187 -5.63439e-03 | 35 -0.01174 -5.68332e-03 | 36 -0.01158 -5.74580e-03
 37 -0.01138 -5.82411e-03 | 38 -0.01114 -5.92106e-03 | 39 -0.01087 -6.03980e-03
 40 -0.01055 -6.18317e-03 | 41 -0.01020 -6.35595e-03 | 42 -0.00981 -6.56194e-03
 43 -0.00940 -6.80611e-03 | 44 -0.00896 -7.09453e-03 | 45 -0.00851 -7.43378e-03
 46 -0.00805 -7.83067e-03 | 47 -0.00761 -8.29229e-03 | 48 -0.00718 -8.82541e-03
 49 -0.00678 -9.43695e-03 | 50 -0.00644 -1.01337e-02 | 51 -0.00616 -1.09199e-02
 52 -0.00595 -1.17940e-02 | 53 -0.00581 -1.27485e-02 | 54 -0.00573 -1.37728e-02
 55 -0.00571 -1.48576e-02 | 56 -0.00570 -1.59986e-02 | 57 -0.00568 -1.71889e-02
 58 -0.00562 -1.84074e-02 | 59 -0.00547 -1.96241e-02 | 60 -0.00519 -2.07923e-02
 61 -0.00477 -2.18528e-02 | 62 -0.00415 -2.27235e-02 | 63 -0.00330 -2.33113e-02
 64 -0.00222 -2.35127e-02 | 65 -0.00086 -2.31997e-02 | 66  0.00078 -2.22988e-02
 67  0.00273 -2.07815e-02 | 68  0.00497 -1.88127e-02 | 69  0.00752 -1.67063e-02
 70  0.01036 -1.48609e-02 | 71  0.01346 -1.37366e-02 | 72  0.01675 -1.39674e-02
 73  0.02016 -1.56948e-02 | 74  0.02355 -1.84818e-02 | 75  0.02676 -2.35891e-02
 76  0.02961 -2.55367e-02 | 77  0.03190 -2.74183e-02 | 78  0.03352 -2.88980e-02
 79  0.03439 -3.08185e-02 | 80  0.03459 -3.34859e-02 | 81  0.03417 -3.57627e-02
 82  0.03317 -3.85213e-02 | 83  0.03152 -4.23300e-02 | 84  0.02914 -4.57171e-02
 85  0.02603 -4.66112e-02 | 86  0.02239 -4.76249e-02 | 87  0.01863 -4.91274e-02
 88  0.01531 -4.84964e-02 | 89  0.01285 -4.85872e-02 | 90  0.01140 -4.83057e-02
 91  0.01070 -4.65939e-02 | 92  0.01029 -4.30346e-02 | 93  0.00997 -3.80051e-02
 94  0.01023 -3.19769e-02 | 95  0.01113 -2.71256e-02 | 96  0.01111 -2.59382e-02
 97  0.01247 -2.71097e-02 | 98  0.01445 -2.72125e-02 | 99  0.01786 -2.07841e-02
100  0.01660 -4.92437e-03 |101  0.01384  2.18306e-03 |102  0.01090 -2.01828e-03
103  0.00105 -3.02859e-02 |104  0.00014 -6.69450e-03 |105  0.01786  3.45092e-02
106  0.01513  2.59027e-02 |107 -0.01044  1.39413e-02 |108  0.00677 -3.08428e-02
109  0.06998 -8.22645e-02 |110  0.01718 -5.94706e-02 |111 -0.02500 -2.19161e-02
112 -0.00702 -1.98000e-02 |113  0.00623  3.41893e-03 |114  0.02246  7.10187e-02
115 -0.00948  1.04497e-01 |116 -0.07560  6.41327e-02 |117 -0.09216  9.77582e-02
118 -0.08952  1.23065e-01 |119 -0.04560  6.98787e-02 |120  0.04963  1.79651e-01
121  0.01139  7.72657e-02 |122  0.00233  5.52215e-02 |123 -0.03391  4.11798e-02
124 -0.07341  1.95795e-03 |125 -0.01021 -2.33350e-02 |126  0.00266  1.08077e-02
127 -0.02325  2.02847e-02 |128  0.03695  7.92355e-02 |129  0.08885  5.13162e-02
130  0.03354  5.10917e-02 |131  0.10529  2.63677e-02 |132  0.02081  3.23505e-02
133  0.15197 -2.34620e-02 |134  0.00731  4.12311e-02 |135 -0.03918 -2.07439e-02
136 -0.05116  5.06109e-02 |137 -0.01430  2.94207e-02 |138  0.08243  2.92032e-02
139  0.01023 -4.40159e-02 |140  0.01837 -3.39487e-02 |141 -0.01245  3.02780e-02
142 -0.01129  4.11710e-02 |143 -0.00052  3.84812e-03 |144 -0.00000 -1.38225e-16
145  0.35888 -1.74200e-01 |146  0.25235 -7.32879e-02 |147  0.05134 -1.86328e-01
148  0.29331  1.86826e-01 |149  0.01516 -8.35901e-02 |150 -0.10936 -5.26146e-02
151 -0.46303 -6.73829e-02 |152  0.31206 -3.85770e-02 |153  0.04597 -1.39081e-01
154 -0.22532 -6.57655e-02 |155  0.18188  6.52364e-02 |156  0.25399  5.86382e-02
157  0.17746 -3.82640e-01 |158  0.25240 -6.01371e-02 |159  0.00363 -2.36561e-01
160 -0.09471 -8.36723e-03 |161  0.12717  4.66487e-02 |162  0.29622  1.19192e-01
163  0.17247 -8.83724e-02 |164  0.24587  7.08967e-02 |165 -0.35128 -6.67709e-02
166  0.24295  4.43694e-03 |167  0.05185 -3.47221e-02 |168 -0.18691 -4.28660e-01
169  0.20264 -3.39796e-03 |170  0.31731  5.44162e-02 |171  0.07850 -7.14251e-02
172 -0.53243 -8.38320e-05 |173 -0.36899  1.23148e-02 |174  0.23909  9.69919e-02
175  0.07379  8.82910e-02 |176 -0.11209 -4.31450e-01 |177  0.05725 -1.62992e-01
178  0.12184 -1.85992e-01 |179  0.32363  8.10816e-02 |180  0.27290  5.88303e-02
181 -0.00147 -1.88718e-01 |182  0.00700 -1.23177e-01 |183 -0.14142 -8.60076e-02
184 -0.12292 -1.54480e-02 |185  0.01509 -3.08723e-03 |186  0.38844  1.27441e-02
187  0.01771  2.88530e-02 |188 -0.15204 -3.07373e-02 |189  0.10100 -4.91630e-01
190  0.16707 -5.25180e-01 |191  0.21943  2.12238e-01 |192  0.25588  5.82180e-01
193  0.02386 -4.17959e-01 |194 -0.01057 -1.73772e-01 |195 -0.17330 -2.05918e-01
196 -0.11114  3.00553e-02 |197 -0.56107 -1.36403e-02 |198  0.16882  4.94385e-02
199  0.09331 -2.56187e-02 |200 -0.24611  3.36531e-02 |
200 variables; iteration 100; function evaluation 119; phase 4
Function value 6.7310913e+03; maximum gradient component mag -4.1115e-02
Var    Value     Gradient |Var    Value     Gradient |Var    Value     Gradient
  1 -0.41748  7.84150e-03 |  2  0.37042  2.50359e-03 |  3 -0.12945  3.41647e-03
  4 -0.00784  3.44917e-03 |  5 -0.73466 -7.19550e-04 |  6 -0.60475 -1.25833e-03
  7  0.37290 -2.96343e-03 |  8 -0.18681  6.71287e-03 |  9  0.04199  9.98630e-04
 10 -0.61899  1.64619e-03 | 11 -0.62395  2.36709e-03 | 12 -0.14375 -3.24556e-02
 13 -0.00972 -3.43692e-04 | 14 -0.00994 -3.49385e-04 | 15 -0.01015 -3.55029e-04
 16 -0.01035 -3.60677e-04 | 17 -0.01055 -3.66402e-04 | 18 -0.01074 -3.72244e-04
 19 -0.01093 -3.78243e-04 | 20 -0.01111 -3.84427e-04 | 21 -0.01127 -3.90810e-04
 22 -0.01143 -3.97384e-04 | 23 -0.01157 -4.04118e-04 | 24 -0.01170 -4.10955e-04
 25 -0.01182 -4.17808e-04 | 26 -0.01191 -4.24550e-04 | 27 -0.01199 -4.31002e-04
 28 -0.01205 -4.36928e-04 | 29 -0.01208 -4.42049e-04 | 30 -0.01209 -4.46070e-04
 31 -0.01208 -4.48721e-04 | 32 -0.01204 -4.49711e-04 | 33 -0.01197 -4.48753e-04
 34 -0.01187 -4.45569e-04 | 35 -0.01175 -4.39909e-04 | 36 -0.01158 -4.31592e-04
 37 -0.01138 -4.20552e-04 | 38 -0.01115 -4.06915e-04 | 39 -0.01087 -3.91013e-04
 40 -0.01056 -3.73344e-04 | 41 -0.01020 -3.54893e-04 | 42 -0.00982 -3.36637e-04
 43 -0.00941 -3.19755e-04 | 44 -0.00897 -3.05478e-04 | 45 -0.00852 -2.94897e-04
 46 -0.00806 -2.88794e-04 | 47 -0.00761 -2.87473e-04 | 48 -0.00718 -2.90708e-04
 49 -0.00679 -2.97809e-04 | 50 -0.00644 -3.07787e-04 | 51 -0.00616 -3.19536e-04
 52 -0.00594 -3.32024e-04 | 53 -0.00580 -3.44457e-04 | 54 -0.00573 -3.56456e-04
 55 -0.00570 -3.67999e-04 | 56 -0.00569 -3.79055e-04 | 57 -0.00567 -3.89003e-04
 58 -0.00560 -3.95987e-04 | 59 -0.00544 -3.96358e-04 | 60 -0.00517 -3.84124e-04
 61 -0.00474 -3.51008e-04 | 62 -0.00411 -2.87870e-04 | 63 -0.00327 -1.89472e-04
 64 -0.00218 -6.31040e-05 | 65 -0.00083  6.11132e-05 | 66  0.00081  1.29224e-04
 67  0.00275  9.04283e-05 | 68  0.00498 -4.11478e-05 | 69  0.00752 -1.37758e-04
 70  0.01034 -2.19777e-05 | 71  0.01343  2.93780e-04 | 72  0.01672  4.17760e-04
 73  0.02013  1.75875e-04 | 74  0.02353  1.14179e-04 | 75  0.02676  9.96917e-04
 76  0.02961  3.74602e-04 | 77  0.03190 -4.64524e-05 | 78  0.03352  5.27934e-04
 79  0.03440  6.73138e-04 | 80  0.03460  5.97480e-04 | 81  0.03419  6.25399e-04
 82  0.03319  4.68101e-04 | 83  0.03155 -5.41178e-04 | 84  0.02919 -3.76519e-04
 85  0.02609 -1.43827e-04 | 86  0.02245 -4.43602e-04 | 87  0.01869 -7.09309e-04
 88  0.01537 -6.77396e-04 | 89  0.01292 -7.74909e-04 | 90  0.01146 -1.06640e-03
 91  0.01076 -1.39476e-03 | 92  0.01034 -1.67024e-03 | 93  0.01000 -1.87868e-03
 94  0.01024 -1.97131e-03 | 95  0.01112 -1.93304e-03 | 96  0.01110 -1.66921e-03
 97  0.01247 -1.77804e-03 | 98  0.01445 -1.94883e-03 | 99  0.01784 -1.94578e-03
100  0.01654  1.57575e-04 |101  0.01378  5.71069e-04 |102  0.01088  6.04928e-04
103  0.00116  1.72170e-03 |104  0.00017  1.07773e-03 |105  0.01775 -6.35578e-04
106  0.01504 -2.40302e-03 |107 -0.01053 -1.71884e-03 |108  0.00682 -1.74851e-03
109  0.06999 -4.50604e-04 |110  0.01719  2.36293e-03 |111 -0.02503  3.27929e-03
112 -0.00702  1.92515e-03 |113  0.00622 -9.95123e-04 |114  0.02238 -1.66486e-04
115 -0.00957  2.57277e-03 |116 -0.07564 -1.22955e-03 |117 -0.09227 -1.41668e-03
118 -0.08968  5.31400e-03 |119 -0.04561 -1.21965e-03 |120  0.04954  9.23758e-04
121  0.01141  3.19238e-04 |122  0.00229  2.54723e-03 |123 -0.03400 -5.07856e-04
124 -0.07344  1.45935e-03 |125 -0.01017 -3.30858e-04 |126  0.00263  5.51129e-05
127 -0.02328 -4.83263e-04 |128  0.03676  2.21885e-04 |129  0.08897  2.41977e-03
130  0.03332  2.61010e-04 |131  0.10540 -7.04677e-04 |132  0.02076 -1.58293e-03
133  0.15207  1.83047e-03 |134  0.00719  2.21777e-03 |135 -0.03912  3.41487e-03
136 -0.05132 -3.54457e-04 |137 -0.01434  1.70276e-03 |138  0.08242 -5.45655e-03
139  0.01036 -2.02487e-04 |140  0.01847 -8.60584e-04 |141 -0.01258 -7.08117e-04
142 -0.01147  7.69787e-04 |143 -0.00055 -2.64573e-04 |144 -0.00000 -5.59488e-14
145  0.35914 -2.99711e-03 |146  0.25281 -1.51645e-02 |147  0.05138 -2.12996e-03
148  0.29330  3.14390e-03 |149  0.01516 -7.08182e-04 |150 -0.10935 -1.41240e-03
151 -0.46210  1.92990e-04 |152  0.31292 -7.08811e-05 |153  0.04575  3.40846e-04
154 -0.22510 -1.45625e-05 |155  0.18184 -1.41227e-03 |156  0.25395  1.42394e-03
157  0.17781  2.09412e-04 |158  0.25259  2.08301e-03 |159  0.00355 -6.71891e-04
160 -0.09472 -7.89255e-04 |161  0.12704 -1.93641e-03 |162  0.29615  9.93092e-04
163  0.17255 -1.14588e-03 |164  0.24590  1.20264e-03 |165 -0.35093 -4.36796e-04
166  0.24306  3.55462e-04 |167  0.05177 -1.42984e-03 |168 -0.18690 -8.49218e-03
169  0.20260 -9.16238e-04 |170  0.31730  4.80984e-04 |171  0.07852 -2.66650e-03
172 -0.53222 -5.64874e-05 |173 -0.36947  1.98669e-04 |174  0.23892 -7.95777e-04
175  0.07386 -5.23478e-05 |176 -0.11201 -5.62349e-04 |177  0.05716 -4.79164e-04
178  0.12190 -4.67457e-04 |179  0.32359  9.01546e-04 |180  0.27292  8.04044e-04
181 -0.00125 -1.94241e-04 |182  0.00700 -2.35336e-04 |183 -0.14141 -1.58607e-03
184 -0.12292 -6.43530e-04 |185  0.01516 -1.26583e-03 |186  0.38844 -1.12324e-04
187  0.01763  7.67070e-04 |188 -0.15198 -2.70387e-04 |189  0.10103 -2.28914e-03
190  0.16710 -3.19128e-03 |191  0.21944  1.14378e-03 |192  0.25588  3.31423e-03
193  0.02385 -2.14793e-03 |194 -0.01058 -1.24879e-03 |195 -0.17328 -1.02498e-03
196 -0.11114  1.63396e-05 |197 -0.56130 -3.05503e-03 |198  0.16863 -5.52465e-05
199  0.09331 -4.11151e-02 |200 -0.24636 -1.23670e-02 |

 - final statistics:
200 variables; iteration 119; function evaluation 150
Function value 6.7311e+03; maximum gradient component mag -6.7584e-04
Exit code = 1;  converg criter 1.0000e-03
Var    Value     Gradient |Var    Value     Gradient |Var    Value     Gradient
  1 -0.41748 -4.86305e-06 |  2  0.37042 -7.26550e-05 |  3 -0.12945 -1.27333e-04
  4 -0.00784 -7.55310e-05 |  5 -0.73466 -1.07256e-04 |  6 -0.60475 -5.56604e-05
  7  0.37290 -7.16966e-05 |  8 -0.18681 -1.75903e-05 |  9  0.04199 -4.70422e-05
 10 -0.61899  2.74930e-05 | 11 -0.62395 -2.04592e-05 | 12 -0.14375 -3.25037e-04
 13 -0.00972  1.13797e-05 | 14 -0.00994  1.16721e-05 | 15 -0.01014  1.19282e-05
 16 -0.01035  1.21511e-05 | 17 -0.01055  1.23493e-05 | 18 -0.01074  1.25291e-05
 19 -0.01093  1.26994e-05 | 20 -0.01111  1.28703e-05 | 21 -0.01127  1.30509e-05
 22 -0.01143  1.32489e-05 | 23 -0.01157  1.34688e-05 | 24 -0.01170  1.37107e-05
 25 -0.01181  1.39684e-05 | 26 -0.01191  1.42269e-05 | 27 -0.01199  1.44596e-05
 28 -0.01205  1.46287e-05 | 29 -0.01208  1.46901e-05 | 30 -0.01209  1.45960e-05
 31 -0.01208  1.43019e-05 | 32 -0.01204  1.37563e-05 | 33 -0.01197  1.29076e-05
 34 -0.01187  1.17067e-05 | 35 -0.01174  1.01132e-05 | 36 -0.01158  8.10810e-06
 37 -0.01138  5.70609e-06 | 38 -0.01115  2.97220e-06 | 39 -0.01087  2.32296e-08
 40 -0.01055 -2.98419e-06 | 41 -0.01020 -5.84039e-06 | 42 -0.00982 -8.36557e-06
 43 -0.00941 -1.04170e-05 | 44 -0.00897 -1.19318e-05 | 45 -0.00852 -1.29536e-05
 46 -0.00806 -1.36276e-05 | 47 -0.00761 -1.41607e-05 | 48 -0.00718 -1.47454e-05
 49 -0.00679 -1.54927e-05 | 50 -0.00644 -1.63943e-05 | 51 -0.00616 -1.73348e-05
 52 -0.00594 -1.81456e-05 | 53 -0.00580 -1.86738e-05 | 54 -0.00573 -1.88238e-05
 55 -0.00570 -1.85600e-05 | 56 -0.00569 -1.78819e-05 | 57 -0.00567 -1.67907e-05
 58 -0.00560 -1.52573e-05 | 59 -0.00544 -1.31731e-05 | 60 -0.00517 -1.02312e-05
 61 -0.00473 -5.81517e-06 | 62 -0.00411  8.15228e-07 | 63 -0.00327  9.19077e-06
 64 -0.00218  1.43333e-05 | 65 -0.00083  3.60611e-06 | 66  0.00081 -3.58760e-05
 67  0.00274 -8.85105e-05 | 68  0.00498 -9.31629e-05 | 69  0.00752 -2.26235e-05
 70  0.01035  1.71533e-05 | 71  0.01343 -1.95876e-05 | 72  0.01672 -9.77093e-06
 73  0.02013 -1.46542e-05 | 74  0.02353  2.20810e-05 | 75  0.02676 -1.87557e-05
 76  0.02961 -7.36123e-05 | 77  0.03190  1.28535e-05 | 78  0.03351  5.52210e-05
 79  0.03440  1.19576e-04 | 80  0.03460 -7.87876e-05 | 81  0.03419 -5.49422e-05
 82  0.03319  4.51352e-05 | 83  0.03156 -4.36960e-06 | 84  0.02919 -3.26283e-05
 85  0.02609  3.57914e-05 | 86  0.02245  1.60553e-06 | 87  0.01870 -1.82589e-05
 88  0.01537 -7.53611e-06 | 89  0.01292 -3.83309e-05 | 90  0.01146 -4.31749e-05
 91  0.01076 -2.89318e-05 | 92  0.01034 -9.72978e-06 | 93  0.01000  1.29953e-05
 94  0.01024  2.66615e-05 | 95  0.01112  1.20987e-05 | 96  0.01110 -3.91332e-05
 97  0.01247 -2.73331e-05 | 98  0.01445  2.16582e-05 | 99  0.01785 -7.41395e-05
100  0.01654 -5.74248e-05 |101  0.01378 -9.80324e-05 |102  0.01088  7.02304e-05
103  0.00115  3.29389e-05 |104  0.00017 -3.62742e-05 |105  0.01775 -2.11663e-06
106  0.01504 -4.33619e-05 |107 -0.01052 -4.18839e-05 |108  0.00682  3.36913e-05
109  0.06999  2.95265e-06 |110  0.01719 -3.47528e-05 |111 -0.02504  2.27658e-05
112 -0.00703 -2.04163e-06 |113  0.00622 -1.11430e-05 |114  0.02238 -4.03914e-05
115 -0.00958  4.22013e-05 |116 -0.07563 -2.00346e-05 |117 -0.09226 -5.03132e-06
118 -0.08969 -1.12642e-04 |119 -0.04561  1.21080e-04 |120  0.04954 -1.01984e-04
121  0.01141  1.07830e-04 |122  0.00229 -1.01484e-04 |123 -0.03400  6.29438e-06
124 -0.07344  6.31708e-05 |125 -0.01017 -5.45227e-06 |126  0.00263  1.71382e-05
127 -0.02328 -2.91634e-05 |128  0.03676 -1.99376e-05 |129  0.08896  8.20835e-06
130  0.03332 -3.81032e-05 |131  0.10540 -2.48044e-05 |132  0.02076  1.62847e-04
133  0.15207 -3.69866e-05 |134  0.00718 -9.38809e-05 |135 -0.03913  2.55136e-05
136 -0.05132  1.15950e-04 |137 -0.01435 -7.46461e-05 |138  0.08244 -9.30862e-05
139  0.01036  1.83620e-05 |140  0.01847  1.24733e-05 |141 -0.01257 -4.31319e-05
142 -0.01147  3.23539e-05 |143 -0.00055 -6.38957e-06 |144 -0.00000 -2.23366e-13
145  0.35914 -8.49711e-06 |146  0.25282 -2.67552e-04 |147  0.05138  5.06539e-06
148  0.29330  7.19919e-06 |149  0.01516 -8.70696e-07 |150 -0.10935 -1.20890e-05
151 -0.46210  7.52622e-06 |152  0.31292  2.17164e-06 |153  0.04575  5.64711e-06
154 -0.22510 -2.17204e-05 |155  0.18184  3.69629e-06 |156  0.25395  8.98600e-06
157  0.17781  1.01017e-05 |158  0.25259 -7.32194e-06 |159  0.00355  3.31272e-05
160 -0.09472 -1.83749e-06 |161  0.12704  1.70196e-06 |162  0.29615  6.96395e-06
163  0.17255  3.96500e-06 |164  0.24590  1.21325e-05 |165 -0.35093 -1.48859e-05
166  0.24306 -3.72386e-06 |167  0.05177 -1.20943e-05 |168 -0.18690 -4.93143e-05
169  0.20260  1.30588e-06 |170  0.31730  1.25703e-07 |171  0.07852 -2.71253e-05
172 -0.53202 -4.06511e-05 |173 -0.36947  4.77241e-06 |174  0.23892 -3.26468e-05
175  0.07386 -4.06194e-06 |176 -0.11200  4.99990e-05 |177  0.05716  1.08843e-05
178  0.12190  1.90194e-05 |179  0.32359 -2.02198e-06 |180  0.27292 -1.05895e-05
181 -0.00125  3.78272e-06 |182  0.00700  1.01498e-05 |183 -0.14141 -2.32294e-06
184 -0.12292 -6.26290e-07 |185  0.01516  4.24840e-05 |186  0.38844  8.44029e-06
187  0.01763 -3.90347e-05 |188 -0.15198  1.21465e-05 |189  0.10103  6.74819e-05
190  0.16710  6.25309e-05 |191  0.21944 -3.50257e-05 |192  0.25588 -6.71844e-05
193  0.02385  6.29279e-05 |194 -0.01058  2.51906e-05 |195 -0.17328  3.01200e-05
196 -0.11114  4.20830e-05 |197 -0.56131 -5.11019e-05 |198  0.16863  2.90230e-06
199  0.09332 -6.75842e-04 |200 -0.24637 -2.00378e-04 |

 - final statistics:
213 variables; iteration 0; function evaluation 0
Function value 6.7311e+03; maximum gradient component mag -6.7584e-04
Exit code = 0;  converg criter 1.0000e-03
Var    Value     Gradient |Var    Value     Gradient |Var    Value     Gradient
  1 -0.41748 -4.86304e-06 |  2  0.37042 -7.26550e-05 |  3 -0.12945 -1.27333e-04
  4 -0.00784 -7.55310e-05 |  5 -0.73466 -1.07256e-04 |  6 -0.60475 -5.56604e-05
  7  0.37290 -7.16966e-05 |  8 -0.18681 -1.75903e-05 |  9  0.04199 -4.70422e-05
 10 -0.61899  2.74930e-05 | 11 -0.62395 -2.04592e-05 | 12 -0.14375 -3.25037e-04
 13 -0.00972  1.13797e-05 | 14 -0.00994  1.16721e-05 | 15 -0.01014  1.19282e-05
 16 -0.01035  1.21511e-05 | 17 -0.01055  1.23493e-05 | 18 -0.01074  1.25291e-05
 19 -0.01093  1.26994e-05 | 20 -0.01111  1.28703e-05 | 21 -0.01127  1.30509e-05
 22 -0.01143  1.32489e-05 | 23 -0.01157  1.34688e-05 | 24 -0.01170  1.37107e-05
 25 -0.01181  1.39684e-05 | 26 -0.01191  1.42269e-05 | 27 -0.01199  1.44596e-05
 28 -0.01205  1.46287e-05 | 29 -0.01208  1.46901e-05 | 30 -0.01209  1.45960e-05
 31 -0.01208  1.43019e-05 | 32 -0.01204  1.37563e-05 | 33 -0.01197  1.29076e-05
 34 -0.01187  1.17067e-05 | 35 -0.01174  1.01132e-05 | 36 -0.01158  8.10810e-06
 37 -0.01138  5.70609e-06 | 38 -0.01115  2.97220e-06 | 39 -0.01087  2.32296e-08
 40 -0.01055 -2.98419e-06 | 41 -0.01020 -5.84039e-06 | 42 -0.00982 -8.36557e-06
 43 -0.00941 -1.04170e-05 | 44 -0.00897 -1.19318e-05 | 45 -0.00852 -1.29536e-05
 46 -0.00806 -1.36276e-05 | 47 -0.00761 -1.41607e-05 | 48 -0.00718 -1.47454e-05
 49 -0.00679 -1.54927e-05 | 50 -0.00644 -1.63943e-05 | 51 -0.00616 -1.73348e-05
 52 -0.00594 -1.81456e-05 | 53 -0.00580 -1.86738e-05 | 54 -0.00573 -1.88238e-05
 55 -0.00570 -1.85600e-05 | 56 -0.00569 -1.78819e-05 | 57 -0.00567 -1.67907e-05
 58 -0.00560 -1.52573e-05 | 59 -0.00544 -1.31731e-05 | 60 -0.00517 -1.02312e-05
 61 -0.00473 -5.81517e-06 | 62 -0.00411  8.15228e-07 | 63 -0.00327  9.19077e-06
 64 -0.00218  1.43333e-05 | 65 -0.00083  3.60611e-06 | 66  0.00081 -3.58760e-05
 67  0.00274 -8.85105e-05 | 68  0.00498 -9.31629e-05 | 69  0.00752 -2.26235e-05
 70  0.01035  1.71533e-05 | 71  0.01343 -1.95876e-05 | 72  0.01672 -9.77093e-06
 73  0.02013 -1.46542e-05 | 74  0.02353  2.20810e-05 | 75  0.02676 -1.87557e-05
 76  0.02961 -7.36123e-05 | 77  0.03190  1.28535e-05 | 78  0.03351  5.52210e-05
 79  0.03440  1.19576e-04 | 80  0.03460 -7.87876e-05 | 81  0.03419 -5.49422e-05
 82  0.03319  4.51352e-05 | 83  0.03156 -4.36960e-06 | 84  0.02919 -3.26283e-05
 85  0.02609  3.57914e-05 | 86  0.02245  1.60553e-06 | 87  0.01870 -1.82589e-05
 88  0.01537 -7.53611e-06 | 89  0.01292 -3.83309e-05 | 90  0.01146 -4.31749e-05
 91  0.01076 -2.89318e-05 | 92  0.01034 -9.72978e-06 | 93  0.01000  1.29953e-05
 94  0.01024  2.66615e-05 | 95  0.01112  1.20987e-05 | 96  0.01110 -3.91332e-05
 97  0.01247 -2.73331e-05 | 98  0.01445  2.16582e-05 | 99  0.01785 -7.41395e-05
100  0.01654 -5.74248e-05 |101  0.01378 -9.80324e-05 |102  0.01088  7.02304e-05
103  0.00115  3.29389e-05 |104  0.00017 -3.62742e-05 |105  0.01775 -2.11663e-06
106  0.01504 -4.33619e-05 |107 -0.01052 -4.18839e-05 |108  0.00682  3.36913e-05
109  0.06999  2.95265e-06 |110  0.01719 -3.47528e-05 |111 -0.02504  2.27658e-05
112 -0.00703 -2.04163e-06 |113  0.00622 -1.11430e-05 |114  0.02238 -4.03914e-05
115 -0.00958  4.22013e-05 |116 -0.07563 -2.00346e-05 |117 -0.09226 -5.03132e-06
118 -0.08969 -1.12642e-04 |119 -0.04561  1.21080e-04 |120  0.04954 -1.01984e-04
121  0.01141  1.07830e-04 |122  0.00229 -1.01484e-04 |123 -0.03400  6.29438e-06
124 -0.07344  6.31708e-05 |125 -0.01017 -5.45227e-06 |126  0.00263  1.71382e-05
127 -0.02328 -2.91634e-05 |128  0.03676 -1.99376e-05 |129  0.08896  8.20835e-06
130  0.03332 -3.81032e-05 |131  0.10540 -2.48044e-05 |132  0.02076  1.62847e-04
133  0.15207 -3.69866e-05 |134  0.00718 -9.38809e-05 |135 -0.03913  2.55136e-05
136 -0.05132  1.15950e-04 |137 -0.01435 -7.46461e-05 |138  0.08244 -9.30862e-05
139  0.01036  1.83620e-05 |140  0.01847  1.24733e-05 |141 -0.01257 -4.31319e-05
142 -0.01147  3.23539e-05 |143 -0.00055 -6.38957e-06 |144 -0.00000 -2.23366e-13
145  0.00000  0.00000e+00 |146  0.00000  0.00000e+00 |147  0.00000  0.00000e+00
148  0.00000  0.00000e+00 |149  0.00000  0.00000e+00 |150  0.00000  0.00000e+00
151  0.00000  0.00000e+00 |152  0.00000  0.00000e+00 |153  0.00000  0.00000e+00
154  0.00000  0.00000e+00 |155  0.00000  0.00000e+00 |156  0.00000  0.00000e+00
157  0.00000  0.00000e+00 |158  0.35914 -8.49711e-06 |159  0.25282 -2.67552e-04
160  0.05138  5.06539e-06 |161  0.29330  7.19919e-06 |162  0.01516 -8.70696e-07
163 -0.10935 -1.20890e-05 |164 -0.46210  7.52622e-06 |165  0.31292  2.17164e-06
166  0.04575  5.64711e-06 |167 -0.22510 -2.17204e-05 |168  0.18184  3.69629e-06
169  0.25395  8.98600e-06 |170  0.17781  1.01017e-05 |171  0.25259 -7.32194e-06
172  0.00355  3.31272e-05 |173 -0.09472 -1.83749e-06 |174  0.12704  1.70196e-06
175  0.29615  6.96395e-06 |176  0.17255  3.96500e-06 |177  0.24590  1.21325e-05
178 -0.35093 -1.48859e-05 |179  0.24306 -3.72386e-06 |180  0.05177 -1.20943e-05
181 -0.18690 -4.93143e-05 |182  0.20260  1.30588e-06 |183  0.31730  1.25703e-07
184  0.07852 -2.71253e-05 |185 -0.53202 -4.06511e-05 |186 -0.36947  4.77241e-06
187  0.23892 -3.26468e-05 |188  0.07386 -4.06194e-06 |189 -0.11200  4.99990e-05
190  0.05716  1.08843e-05 |191  0.12190  1.90194e-05 |192  0.32359 -2.02198e-06
193  0.27292 -1.05895e-05 |194 -0.00125  3.78272e-06 |195  0.00700  1.01498e-05
196 -0.14141 -2.32294e-06 |197 -0.12292 -6.26289e-07 |198  0.01516  4.24840e-05
199  0.38844  8.44029e-06 |200  0.01763 -3.90347e-05 |201 -0.15198  1.21465e-05
202  0.10103  6.74819e-05 |203  0.16710  6.25309e-05 |204  0.21944 -3.50257e-05
205  0.25588 -6.71844e-05 |206  0.02385  6.29279e-05 |207 -0.01058  2.51906e-05
208 -0.17328  3.01200e-05 |209 -0.11114  4.20830e-05 |210 -0.56131 -5.11019e-05
211  0.16863  2.90230e-06 |212  0.09332 -6.75842e-04 |213 -0.24637 -2.00378e-04
size of file gradfil1.tmp = 0
size of file gradfil2.tmp = 0
size of file varssave.tmp = 0
size of file cmpdiff.tmp = 1000000040
