
Initial statistics: 135 variables; iteration 0; function evaluation 0; phase 1
Function value 6.1071593e+03; maximum gradient component mag -2.2413e+02
Var    Value     Gradient |Var    Value     Gradient |Var    Value     Gradient
  1 -0.42250 -1.34174e+01 |  2 -0.08598 -2.24130e+02 |  3  0.00000  3.83432e+00
  4  0.00000  3.93110e+00 |  5  0.00000  4.02834e+00 |  6  0.00000  4.12577e+00
  7  0.00000  4.22322e+00 |  8  0.00000  4.32030e+00 |  9  0.00000  4.41664e+00
 10  0.00000  4.51190e+00 | 11  0.00000  4.60571e+00 | 12  0.00000  4.69770e+00
 13  0.00000  4.78752e+00 | 14  0.00000  4.87480e+00 | 15  0.00000  4.95914e+00
 16  0.00000  5.04012e+00 | 17  0.00000  5.11722e+00 | 18  0.00000  5.18993e+00
 19  0.00000  5.25776e+00 | 20  0.00000  5.32031e+00 | 21  0.00000  5.37734e+00
 22  0.00000  5.42855e+00 | 23  0.00000  5.47363e+00 | 24  0.00000  5.51217e+00
 25  0.00000  5.54370e+00 | 26  0.00000  5.56770e+00 | 27  0.00000  5.58359e+00
 28  0.00000  5.59094e+00 | 29  0.00000  5.58943e+00 | 30  0.00000  5.57848e+00
 31  0.00000  5.55902e+00 | 32  0.00000  5.53115e+00 | 33  0.00000  5.49536e+00
 34  0.00000  5.45241e+00 | 35  0.00000  5.40303e+00 | 36  0.00000  5.34800e+00
 37  0.00000  5.28823e+00 | 38  0.00000  5.22433e+00 | 39  0.00000  5.15662e+00
 40  0.00000  5.08486e+00 | 41  0.00000  5.00790e+00 | 42  0.00000  4.92327e+00
 43  0.00000  4.82746e+00 | 44  0.00000  4.71522e+00 | 45  0.00000  4.57961e+00
 46  0.00000  4.41279e+00 | 47  0.00000  4.20620e+00 | 48  0.00000  3.95042e+00
 49  0.00000  3.63653e+00 | 50  0.00000  3.25542e+00 | 51  0.00000  2.79872e+00
 52  0.00000  2.25829e+00 | 53  0.00000  1.62737e+00 | 54  0.00000  9.00735e-01
 55  0.00000  7.49155e-02 | 56  0.00000 -8.51206e-01 | 57  0.00000 -1.87676e+00
 58  0.00000 -2.99702e+00 | 59  0.00000 -4.20384e+00 | 60  0.00000 -5.48380e+00
 61  0.00000 -6.81859e+00 | 62  0.00000 -8.18294e+00 | 63  0.00000 -9.54604e+00
 64  0.00000 -1.08722e+01 | 65  0.00000 -1.21221e+01 | 66  0.00000 -1.32569e+01
 67  0.00000 -1.42457e+01 | 68  0.00000 -1.50694e+01 | 69  0.00000 -1.57213e+01
 70  0.00000 -1.62070e+01 | 71  0.00000 -1.65310e+01 | 72  0.00000 -1.66889e+01
 73  0.00000 -1.66600e+01 | 74  0.00000 -1.64129e+01 | 75  0.00000 -1.59269e+01
 76  0.00000 -1.52180e+01 | 77  0.00000 -1.43637e+01 | 78  0.00000 -1.34940e+01
 79  0.00000 -1.27556e+01 | 80  0.00000 -1.22391e+01 | 81  0.00000 -1.19525e+01
 82  0.00000 -1.18423e+01 | 83  0.00000 -1.19101e+01 | 84  0.00000 -1.23023e+01
 85  0.00000 -1.30765e+01 | 86  0.00000 -1.39919e+01 | 87  0.00000 -1.55268e+01
 88  0.00000 -1.75960e+01 | 89  0.00000 -2.03373e+01 | 90  0.00000 -2.27707e+01
 91  0.00000 -2.54126e+01 | 92  0.00000 -2.85499e+01 | 93  0.00000 -3.11002e+01
 94  0.00000 -3.69596e+01 | 95  0.00000 -4.82011e+01 | 96  0.00000 -5.56385e+01
 97  0.00000 -5.73201e+01 | 98  0.00000 -7.12912e+01 | 99  0.00000 -8.90520e+01
100  0.00000 -7.28948e+01 |101  0.00000 -4.30008e+01 |102  0.00000 -3.38665e+01
103  0.00000 -2.65622e+01 |104  0.00000 -1.21892e+01 |105  0.00000  3.05844e+01
106  0.00000  1.02374e+02 |107  0.00000  1.36098e+02 |108  0.00000  1.29156e+02
109  0.00000  6.82763e+01 |110  0.00000 -7.98610e+00 |111  0.00000  3.69746e+00
112  0.00000  2.80343e+01 |113  0.00000  5.66137e+01 |114  0.00000  7.85811e+01
115  0.00000  4.80629e+01 |116  0.00000  3.39981e+01 |117  0.00000  3.00076e+01
118  0.00000 -9.13462e+00 |119  0.00000 -3.78257e+01 |120  0.00000 -2.87555e+01
121  0.00000 -5.02975e+01 |122  0.00000 -2.06270e+01 |123  0.00000 -9.19631e+01
124  0.00000 -2.15077e+00 |125  0.00000  1.65289e+01 |126  0.00000  1.77204e+01
127  0.00000  8.10399e+00 |128  0.00000 -2.11534e+01 |129  0.00000  2.11012e+00
130  0.00000  8.09502e-01 |131  0.00000  1.34779e+00 |132  0.00000  7.73897e-02
133  0.00000 -2.76978e-13 |134  0.26793 -3.56838e+01 |135  0.17955 -5.61754e+01

Intermediate statistics: 135 variables; iteration 20; function evaluation 30; phase 1
Function value 6.0659360e+03; maximum gradient component mag 3.6874e+01
Var    Value     Gradient |Var    Value     Gradient |Var    Value     Gradient
  1 -0.42367 -2.00939e+01 |  2 -0.09848 -5.83345e+00 |  3 -0.00724  5.72785e-01
  4 -0.00741  5.79538e-01 |  5 -0.00758  5.85486e-01 |  6 -0.00775  5.90516e-01
  7 -0.00792  5.94535e-01 |  8 -0.00809  5.97392e-01 |  9 -0.00825  5.98946e-01
 10 -0.00841  5.99059e-01 | 11 -0.00856  5.97588e-01 | 12 -0.00871  5.94391e-01
 13 -0.00885  5.89320e-01 | 14 -0.00898  5.82220e-01 | 15 -0.00910  5.72925e-01
 16 -0.00921  5.61245e-01 | 17 -0.00932  5.46969e-01 | 18 -0.00941  5.29882e-01
 19 -0.00949  5.09799e-01 | 20 -0.00956  4.86567e-01 | 21 -0.00961  4.60054e-01
 22 -0.00965  4.30096e-01 | 23 -0.00968  3.96511e-01 | 24 -0.00970  3.59098e-01
 25 -0.00970  3.17648e-01 | 26 -0.00969  2.71971e-01 | 27 -0.00967  2.21921e-01
 28 -0.00963  1.67431e-01 | 29 -0.00958  1.08518e-01 | 30 -0.00952  4.52330e-02
 31 -0.00945 -2.21500e-02 | 32 -0.00937 -9.33953e-02 | 33 -0.00929 -1.68158e-01
 34 -0.00922 -2.45921e-01 | 35 -0.00915 -3.26000e-01 | 36 -0.00910 -4.07500e-01
 37 -0.00906 -4.89340e-01 | 38 -0.00904 -5.70287e-01 | 39 -0.00905 -6.48967e-01
 40 -0.00908 -7.23905e-01 | 41 -0.00914 -7.93502e-01 | 42 -0.00921 -8.56092e-01
 43 -0.00929 -9.10190e-01 | 44 -0.00936 -9.54704e-01 | 45 -0.00942 -9.89060e-01
 46 -0.00943 -1.01310e+00 | 47 -0.00937 -1.02667e+00 | 48 -0.00923 -1.02926e+00
 49 -0.00896 -1.02020e+00 | 50 -0.00854 -9.98504e-01 | 51 -0.00795 -9.63118e-01
 52 -0.00714 -9.12785e-01 | 53 -0.00610 -8.46513e-01 | 54 -0.00478 -7.63817e-01
 55 -0.00318 -6.64786e-01 | 56 -0.00127 -5.51833e-01 | 57  0.00095 -4.28980e-01
 58  0.00347 -3.04092e-01 | 59  0.00623 -1.90292e-01 | 60  0.00915 -1.06210e-01
 61  0.01208 -7.54858e-02 | 62  0.01485 -1.21627e-01 | 63  0.01727 -2.59040e-01
 64  0.01920 -4.79265e-01 | 65  0.02066 -7.39027e-01 | 66  0.02184 -9.63366e-01
 67  0.02297 -1.07739e+00 | 68  0.02417 -1.04981e+00 | 69  0.02529 -9.10172e-01
 70  0.02611 -7.16489e-01 | 71  0.02651 -5.09232e-01 | 72  0.02651 -2.98354e-01
 73  0.02616 -6.53555e-02 | 74  0.02561  2.31528e-01 | 75  0.02494  6.17342e-01
 76  0.02398  1.02856e+00 | 77  0.02241  1.30356e+00 | 78  0.02009  1.27870e+00
 79  0.01728  8.74880e-01 | 80  0.01428  1.10670e-01 | 81  0.01127 -9.29743e-01
 82  0.00830 -2.13481e+00 | 83  0.00539 -3.45723e+00 | 84  0.00262 -4.98062e+00
 85  0.00004 -6.69674e+00 | 86 -0.00248 -8.32656e+00 | 87 -0.00464 -1.01996e+01
 88 -0.00622 -1.20865e+01 | 89 -0.00486 -1.36358e+01 | 90 -0.00484 -1.43164e+01
 91 -0.00270 -1.40717e+01 | 92  0.00214 -1.29563e+01 | 93  0.00360 -1.03557e+01
 94  0.00799 -9.09303e+00 | 95  0.03725 -9.22155e+00 | 96  0.02150 -1.08340e+01
 97  0.00058 -9.19757e+00 | 98 -0.03730 -1.95665e+01 | 99  0.10662 -1.59974e+01
100 -0.02309 -1.70754e+01 |101 -0.00398  9.52998e-01 |102  0.00555  3.71889e+00
103  0.03004  9.57404e+00 |104  0.00833  2.57938e+00 |105  0.01547  2.35182e+01
106 -0.05130  2.49577e+01 |107 -0.05108  3.68741e+01 |108 -0.06066  2.75487e+01
109 -0.03357  1.65185e+01 |110  0.05732  1.38340e+01 |111  0.02052  9.76915e+00
112  0.00442  5.12667e+00 |113 -0.03813  1.84239e+00 |114 -0.08375 -2.99465e+00
115 -0.02801 -3.88773e+00 |116 -0.01552 -1.94020e+00 |117 -0.03768  1.41764e+00
118  0.02481  5.18144e+00 |119  0.06746  3.72795e+00 |120  0.04195  8.80974e+00
121  0.08746 -4.17320e+00 |122  0.03279  4.19442e+00 |123  0.14519 -9.15374e+00
124  0.00854 -1.41131e+00 |125 -0.02904  9.88619e-01 |126 -0.03506  2.33866e+00
127 -0.01497  1.23480e+00 |128  0.04971 -4.39492e+00 |129 -0.00142  3.35464e-01
130 -0.00091  8.23638e-02 |131 -0.00346  3.75429e-01 |132 -0.00018  2.23892e-02
133 -0.00000 -2.97622e-13 |134  0.29239  1.51601e+01 |135  0.20145  1.56167e+01

 - final statistics:
135 variables; iteration 33; function evaluation 49
Function value 6.0631e+03; maximum gradient component mag -9.7118e+00
Exit code = 1;  converg criter 1.0000e+01
Var    Value     Gradient |Var    Value     Gradient |Var    Value     Gradient
  1 -0.42308 -9.71176e+00 |  2 -0.07623 -2.39456e+00 |  3 -0.00879  1.13142e-01
  4 -0.00896  1.18626e-01 |  5 -0.00913  1.24283e-01 |  6 -0.00930  1.30104e-01
  7 -0.00946  1.36091e-01 |  8 -0.00961  1.42226e-01 |  9 -0.00976  1.48494e-01
 10 -0.00990  1.54887e-01 | 11 -0.01002  1.61397e-01 | 12 -0.01013  1.68019e-01
 13 -0.01024  1.74754e-01 | 14 -0.01032  1.81605e-01 | 15 -0.01039  1.88581e-01
 16 -0.01045  1.95690e-01 | 17 -0.01048  2.02944e-01 | 18 -0.01050  2.10353e-01
 19 -0.01049  2.17930e-01 | 20 -0.01046  2.25700e-01 | 21 -0.01041  2.33707e-01
 22 -0.01033  2.42005e-01 | 23 -0.01023  2.50661e-01 | 24 -0.01011  2.59751e-01
 25 -0.00995  2.69359e-01 | 26 -0.00977  2.79571e-01 | 27 -0.00956  2.90472e-01
 28 -0.00932  3.02154e-01 | 29 -0.00905  3.14699e-01 | 30 -0.00875  3.28131e-01
 31 -0.00843  3.42590e-01 | 32 -0.00809  3.58062e-01 | 33 -0.00773  3.74500e-01
 34 -0.00736  3.91751e-01 | 35 -0.00700  4.09521e-01 | 36 -0.00664  4.27365e-01
 37 -0.00630  4.44734e-01 | 38 -0.00599  4.60968e-01 | 39 -0.00572  4.75382e-01
 40 -0.00550  4.87314e-01 | 41 -0.00534  4.96130e-01 | 42 -0.00523  5.01222e-01
 43 -0.00518  5.02141e-01 | 44 -0.00517  4.98548e-01 | 45 -0.00519  4.90204e-01
 46 -0.00521  4.76975e-01 | 47 -0.00522  4.58622e-01 | 48 -0.00520  4.34546e-01
 49 -0.00511  4.04055e-01 | 50 -0.00493  3.66248e-01 | 51 -0.00465  3.20443e-01
 52 -0.00423  2.66363e-01 | 53 -0.00365  2.05101e-01 | 54 -0.00287  1.40009e-01
 55 -0.00184  7.74357e-02 | 56 -0.00049  2.79194e-02 | 57  0.00125  3.60966e-03
 58  0.00342  1.37239e-02 | 59  0.00605  5.36798e-02 | 60  0.00898  9.08128e-02
 61  0.01191  5.96331e-02 | 62  0.01444 -1.12729e-01 | 63  0.01635 -4.40080e-01
 64  0.01799 -8.11567e-01 | 65  0.02018 -1.02516e+00 | 66  0.02339 -9.66672e-01
 67  0.02694 -7.49395e-01 | 68  0.02962 -5.83415e-01 | 69  0.03082 -5.63094e-01
 70  0.03068 -6.63725e-01 | 71  0.02946 -8.51196e-01 | 72  0.02719 -1.12772e+00
 73  0.02369 -1.52219e+00 | 74  0.01907 -2.00930e+00 | 75  0.01438 -2.38560e+00
 76  0.01094 -2.40897e+00 | 77  0.00848 -2.18315e+00 | 78  0.00598 -2.02903e+00
 79  0.00347 -2.04466e+00 | 80  0.00166 -2.11487e+00 | 81  0.00082 -2.13071e+00
 82  0.00073 -2.04288e+00 | 83  0.00120 -1.86027e+00 | 84  0.00249 -1.62763e+00
 85  0.00447 -1.40084e+00 | 86  0.00419 -1.57661e+00 | 87  0.00535 -1.75522e+00
 88  0.00907 -1.59066e+00 | 89  0.01365 -1.62404e+00 | 90  0.01286 -2.01185e+00
 91  0.00970 -2.69071e+00 | 92  0.00422 -3.82196e+00 | 93 -0.00525 -4.35115e+00
 94 -0.00201 -3.95067e+00 | 95  0.02069 -3.32616e+00 | 96  0.02480 -1.21569e+00
 97  0.00041  1.46662e-01 | 98  0.01915  1.21990e+00 | 99  0.09336  4.02297e+00
100  0.02542  9.42846e-01 |101 -0.01462  8.58093e-01 |102  0.00739  2.21768e+00
103  0.01640  1.58067e+00 |104  0.04403  5.43674e+00 |105  0.00128  3.44344e+00
106 -0.06069  3.81572e+00 |107 -0.07372  6.14852e+00 |108 -0.07299  6.28728e+00
109 -0.02825  7.19907e+00 |110  0.06276  4.26699e+00 |111  0.02999  8.80565e+00
112  0.01645  6.09207e+00 |113 -0.05037 -7.47227e+00 |114 -0.07723 -1.82383e+00
115 -0.01523  1.73637e-01 |116 -0.00607  1.55288e-01 |117 -0.03699 -7.33274e-01
118  0.01886 -1.63213e+00 |119  0.07488 -3.30655e+00 |120  0.01064 -4.49733e+00
121  0.10589 -1.54697e+00 |122  0.01867 -8.48607e-01 |123  0.16099  7.94855e-01
124  0.01349  1.13938e-01 |125 -0.02850  5.60484e-01 |126 -0.03874  6.25341e-01
127 -0.01648  3.25607e-01 |128  0.05628 -2.45001e+00 |129  0.00207  1.20480e+00
130 -0.00070 -2.75952e-02 |131 -0.00507 -5.89266e-02 |132 -0.00028 -3.64861e-03
133  0.00000  2.98410e-13 |134  0.25486 -9.97629e-01 |135  0.16982  4.83054e+00

Initial statistics: 145 variables; iteration 0; function evaluation 0; phase 2
Function value 6.0631257e+03; maximum gradient component mag -1.7363e+02
Var    Value     Gradient |Var    Value     Gradient |Var    Value     Gradient
  1 -0.42308 -9.71176e+00 |  2  0.37053 -1.73633e+02 |  3 -0.12669  3.82856e+01
  4 -0.01167 -5.38891e+01 |  5 -0.70627  2.37479e+01 |  6 -0.60527  1.31133e+02
  7  0.37555 -1.09296e+02 |  8 -0.18500 -1.10932e+02 |  9  0.03518 -7.29525e+01
 10 -0.60813  1.79565e+01 | 11 -0.62427  1.42908e+02 | 12 -0.07623 -2.39456e+00
 13 -0.00879  1.13142e-01 | 14 -0.00896  1.18626e-01 | 15 -0.00913  1.24283e-01
 16 -0.00930  1.30104e-01 | 17 -0.00946  1.36091e-01 | 18 -0.00961  1.42226e-01
 19 -0.00976  1.48494e-01 | 20 -0.00990  1.54887e-01 | 21 -0.01002  1.61397e-01
 22 -0.01013  1.68019e-01 | 23 -0.01024  1.74754e-01 | 24 -0.01032  1.81605e-01
 25 -0.01039  1.88581e-01 | 26 -0.01045  1.95690e-01 | 27 -0.01048  2.02944e-01
 28 -0.01050  2.10353e-01 | 29 -0.01049  2.17930e-01 | 30 -0.01046  2.25700e-01
 31 -0.01041  2.33707e-01 | 32 -0.01033  2.42005e-01 | 33 -0.01023  2.50661e-01
 34 -0.01011  2.59751e-01 | 35 -0.00995  2.69359e-01 | 36 -0.00977  2.79571e-01
 37 -0.00956  2.90472e-01 | 38 -0.00932  3.02154e-01 | 39 -0.00905  3.14699e-01
 40 -0.00875  3.28131e-01 | 41 -0.00843  3.42590e-01 | 42 -0.00809  3.58062e-01
 43 -0.00773  3.74500e-01 | 44 -0.00736  3.91751e-01 | 45 -0.00700  4.09521e-01
 46 -0.00664  4.27365e-01 | 47 -0.00630  4.44734e-01 | 48 -0.00599  4.60968e-01
 49 -0.00572  4.75382e-01 | 50 -0.00550  4.87314e-01 | 51 -0.00534  4.96130e-01
 52 -0.00523  5.01222e-01 | 53 -0.00518  5.02141e-01 | 54 -0.00517  4.98548e-01
 55 -0.00519  4.90204e-01 | 56 -0.00521  4.76975e-01 | 57 -0.00522  4.58622e-01
 58 -0.00520  4.34546e-01 | 59 -0.00511  4.04055e-01 | 60 -0.00493  3.66248e-01
 61 -0.00465  3.20443e-01 | 62 -0.00423  2.66363e-01 | 63 -0.00365  2.05101e-01
 64 -0.00287  1.40009e-01 | 65 -0.00184  7.74357e-02 | 66 -0.00049  2.79194e-02
 67  0.00125  3.60966e-03 | 68  0.00342  1.37239e-02 | 69  0.00605  5.36798e-02
 70  0.00898  9.08128e-02 | 71  0.01191  5.96331e-02 | 72  0.01444 -1.12729e-01
 73  0.01635 -4.40080e-01 | 74  0.01799 -8.11567e-01 | 75  0.02018 -1.02516e+00
 76  0.02339 -9.66672e-01 | 77  0.02694 -7.49395e-01 | 78  0.02962 -5.83415e-01
 79  0.03082 -5.63094e-01 | 80  0.03068 -6.63725e-01 | 81  0.02946 -8.51196e-01
 82  0.02719 -1.12772e+00 | 83  0.02369 -1.52219e+00 | 84  0.01907 -2.00930e+00
 85  0.01438 -2.38560e+00 | 86  0.01094 -2.40897e+00 | 87  0.00848 -2.18315e+00
 88  0.00598 -2.02903e+00 | 89  0.00347 -2.04466e+00 | 90  0.00166 -2.11487e+00
 91  0.00082 -2.13071e+00 | 92  0.00073 -2.04288e+00 | 93  0.00120 -1.86027e+00
 94  0.00249 -1.62763e+00 | 95  0.00447 -1.40084e+00 | 96  0.00419 -1.57661e+00
 97  0.00535 -1.75522e+00 | 98  0.00907 -1.59066e+00 | 99  0.01365 -1.62404e+00
100  0.01286 -2.01185e+00 |101  0.00970 -2.69071e+00 |102  0.00422 -3.82196e+00
103 -0.00525 -4.35115e+00 |104 -0.00201 -3.95067e+00 |105  0.02069 -3.32616e+00
106  0.02480 -1.21569e+00 |107  0.00041  1.46662e-01 |108  0.01915  1.21990e+00
109  0.09336  4.02297e+00 |110  0.02542  9.42846e-01 |111 -0.01462  8.58093e-01
112  0.00739  2.21768e+00 |113  0.01640  1.58067e+00 |114  0.04403  5.43674e+00
115  0.00128  3.44344e+00 |116 -0.06069  3.81572e+00 |117 -0.07372  6.14852e+00
118 -0.07299  6.28728e+00 |119 -0.02825  7.19907e+00 |120  0.06276  4.26699e+00
121  0.02999  8.80565e+00 |122  0.01645  6.09207e+00 |123 -0.05037 -7.47227e+00
124 -0.07723 -1.82383e+00 |125 -0.01523  1.73637e-01 |126 -0.00607  1.55288e-01
127 -0.03699 -7.33274e-01 |128  0.01886 -1.63213e+00 |129  0.07488 -3.30655e+00
130  0.01064 -4.49733e+00 |131  0.10589 -1.54697e+00 |132  0.01867 -8.48607e-01
133  0.16099  7.94855e-01 |134  0.01349  1.13938e-01 |135 -0.02850  5.60484e-01
136 -0.03874  6.25341e-01 |137 -0.01648  3.25607e-01 |138  0.05628 -2.45001e+00
139  0.00207  1.20480e+00 |140 -0.00070 -2.75952e-02 |141 -0.00507 -5.89266e-02
142 -0.00028 -3.64861e-03 |143  0.00000  2.98410e-13 |144  0.25486 -9.97629e-01
145  0.16982  4.83054e+00 |

Intermediate statistics: 145 variables; iteration 20; function evaluation 25; phase 2
Function value 6.0621499e+03; maximum gradient component mag -1.4396e+02
Var    Value     Gradient |Var    Value     Gradient |Var    Value     Gradient
  1 -0.42324 -1.25466e+01 |  2  0.37058 -1.43959e+02 |  3 -0.12789  2.08666e+01
  4 -0.00975 -4.70648e+01 |  5 -0.71980  1.20881e+01 |  6 -0.60617  7.69931e+01
  7  0.37409 -1.23496e+02 |  8 -0.18574 -1.34586e+02 |  9  0.03760 -8.87200e+01
 10 -0.61640  7.92477e+00 | 11 -0.62633  6.61001e+01 | 12 -0.08868 -2.83636e+01
 13 -0.00876  6.20864e-02 | 14 -0.00894  6.44508e-02 | 15 -0.00912  6.68710e-02
 16 -0.00929  6.93413e-02 | 17 -0.00945  7.18586e-02 | 18 -0.00961  7.44134e-02
 19 -0.00976  7.69976e-02 | 20 -0.00991  7.96043e-02 | 21 -0.01004  8.22270e-02
 22 -0.01016  8.48607e-02 | 23 -0.01026  8.75015e-02 | 24 -0.01036  9.01475e-02
 25 -0.01043  9.27981e-02 | 26 -0.01049  9.54534e-02 | 27 -0.01053  9.81134e-02
 28 -0.01056  1.00777e-01 | 29 -0.01056  1.03446e-01 | 30 -0.01053  1.06126e-01
 31 -0.01049  1.08833e-01 | 32 -0.01042  1.11587e-01 | 33 -0.01033  1.14414e-01
 34 -0.01021  1.17346e-01 | 35 -0.01007  1.20411e-01 | 36 -0.00990  1.23643e-01
 37 -0.00970  1.27068e-01 | 38 -0.00947  1.30719e-01 | 39 -0.00922  1.34621e-01
 40 -0.00894  1.38785e-01 | 41 -0.00864  1.43260e-01 | 42 -0.00832  1.48046e-01
 43 -0.00799  1.53128e-01 | 44 -0.00765  1.58450e-01 | 45 -0.00731  1.63902e-01
 46 -0.00699  1.69318e-01 | 47 -0.00668  1.74492e-01 | 48 -0.00640  1.79182e-01
 49 -0.00616  1.83134e-01 | 50 -0.00596  1.86097e-01 | 51 -0.00581  1.87821e-01
 52 -0.00572  1.88063e-01 | 53 -0.00567  1.86645e-01 | 54 -0.00565  1.83454e-01
 55 -0.00566  1.78437e-01 | 56 -0.00566  1.71587e-01 | 57 -0.00565  1.62849e-01
 58 -0.00558  1.52030e-01 | 59 -0.00544  1.38894e-01 | 60 -0.00519  1.23136e-01
 61 -0.00483  1.04548e-01 | 62 -0.00431  8.31111e-02 | 63 -0.00360  5.93589e-02
 64 -0.00269  3.47008e-02 | 65 -0.00153  1.16360e-02 | 66 -0.00009 -6.00011e-03
 67  0.00167 -1.42980e-02 | 68  0.00377 -1.13796e-02 | 69  0.00622 -1.35734e-03
 70  0.00894  1.98298e-03 | 71  0.01182 -2.25330e-02 | 72  0.01473 -9.01076e-02
 73  0.01762 -1.90696e-01 | 74  0.02053 -2.86650e-01 | 75  0.02347 -3.44489e-01
 76  0.02619 -3.74239e-01 | 77  0.02831 -4.17103e-01 | 78  0.02960 -4.91630e-01
 79  0.03007 -5.84760e-01 | 80  0.02987 -6.82700e-01 | 81  0.02908 -7.81612e-01
 82  0.02774 -8.83440e-01 | 83  0.02575 -9.95639e-01 | 84  0.02296 -1.13064e+00
 85  0.01940 -1.28017e+00 | 86  0.01553 -1.39284e+00 | 87  0.01182 -1.44674e+00
 88  0.00854 -1.49629e+00 | 89  0.00594 -1.58267e+00 | 90  0.00425 -1.68857e+00
 91  0.00336 -1.78520e+00 | 92  0.00291 -1.85676e+00 | 93  0.00270 -1.90558e+00
 94  0.00317 -1.94506e+00 | 95  0.00438 -1.98699e+00 | 96  0.00450 -2.12703e+00
 97  0.00616 -2.26777e+00 | 98  0.00890 -2.36714e+00 | 99  0.01294 -2.53372e+00
100  0.01260 -2.72328e+00 |101  0.01066 -2.97537e+00 |102  0.00849 -3.21889e+00
103 -0.00008 -3.29590e+00 |104  0.00108 -3.25861e+00 |105  0.02193 -3.19957e+00
106  0.02372 -1.94556e+00 |107 -0.00233 -1.07558e+00 |108  0.01656 -1.77118e-01
109  0.08717  1.71356e+00 |110  0.02957  2.34534e+00 |111 -0.01373  2.21526e+00
112  0.00660  3.26132e+00 |113  0.01773  3.08326e+00 |114  0.03949  5.31531e+00
115  0.00318  4.04213e+00 |116 -0.06362  2.40191e+00 |117 -0.07848  2.91833e+00
118 -0.07641  2.74620e+00 |119 -0.03399  2.28226e+00 |120  0.06150  1.72324e+00
121  0.02373  4.47146e+00 |122  0.00952  2.18173e+00 |123 -0.03831 -1.75158e+00
124 -0.07961 -2.08278e+00 |125 -0.01823 -7.14406e-01 |126 -0.00906 -2.31324e-01
127 -0.03843 -9.23663e-01 |128  0.01770 -1.38652e+00 |129  0.07106 -1.50289e+00
130  0.01963 -2.14560e+00 |131  0.09860 -1.04887e+00 |132  0.01942  4.30916e-02
133  0.15513 -5.22717e-01 |134  0.01126 -6.23656e-01 |135 -0.03237 -5.50076e-01
136 -0.04038 -1.26552e-02 |137 -0.01728  2.15280e-01 |138  0.05854 -6.39503e-01
139  0.00033  2.83840e-01 |140 -0.00180 -3.70245e-01 |141 -0.00540 -1.82350e-01
142 -0.00028 -2.71757e-03 |143  0.00000  5.14562e-14 |144  0.26985 -9.94160e+00
145  0.18312 -4.21331e+00 |

 - final statistics:
145 variables; iteration 32; function evaluation 42
Function value 6.0614e+03; maximum gradient component mag -4.5006e+00
Exit code = 1;  converg criter 1.0000e+01
Var    Value     Gradient |Var    Value     Gradient |Var    Value     Gradient
  1 -0.42185 -8.58426e-01 |  2  0.37309 -9.01161e-01 |  3 -0.13017  1.20985e+00
  4 -0.00857 -7.25852e-01 |  5 -0.72801  4.90362e-01 |  6 -0.60826  2.52284e+00
  7  0.37613 -4.03827e+00 |  8 -0.18358 -4.50061e+00 |  9  0.03630 -2.64030e+00
 10 -0.62247 -1.03523e+00 | 11 -0.62788  1.72204e+00 | 12 -0.08444 -1.09192e+00
 13 -0.00876  2.56018e-02 | 14 -0.00894  2.60303e-02 | 15 -0.00912  2.64514e-02
 16 -0.00930  2.68595e-02 | 17 -0.00947  2.72498e-02 | 18 -0.00964  2.76129e-02
 19 -0.00979  2.79385e-02 | 20 -0.00994  2.82153e-02 | 21 -0.01008  2.84302e-02
 22 -0.01020  2.85687e-02 | 23 -0.01031  2.86144e-02 | 24 -0.01041  2.85497e-02
 25 -0.01050  2.83550e-02 | 26 -0.01056  2.80087e-02 | 27 -0.01061  2.74872e-02
 28 -0.01064  2.67651e-02 | 29 -0.01065  2.58154e-02 | 30 -0.01064  2.46100e-02
 31 -0.01061  2.31214e-02 | 32 -0.01055  2.13198e-02 | 33 -0.01047  1.91750e-02
 34 -0.01037  1.66559e-02 | 35 -0.01024  1.37321e-02 | 36 -0.01008  1.03746e-02
 37 -0.00991  6.55591e-03 | 38 -0.00970  2.25120e-03 | 39 -0.00947 -2.56452e-03
 40 -0.00922 -7.91979e-03 | 41 -0.00896 -1.38342e-02 | 42 -0.00867 -2.03349e-02
 43 -0.00838 -2.74416e-02 | 44 -0.00808 -3.51625e-02 | 45 -0.00779 -4.34914e-02
 46 -0.00751 -5.24033e-02 | 47 -0.00725 -6.18548e-02 | 48 -0.00701 -7.17808e-02
 49 -0.00682 -8.20897e-02 | 50 -0.00667 -9.26572e-02 | 51 -0.00657 -1.03322e-01
 52 -0.00651 -1.13893e-01 | 53 -0.00649 -1.24188e-01 | 54 -0.00651 -1.34044e-01
 55 -0.00653 -1.43289e-01 | 56 -0.00655 -1.51717e-01 | 57 -0.00654 -1.59042e-01
 58 -0.00646 -1.64854e-01 | 59 -0.00631 -1.68675e-01 | 60 -0.00603 -1.69930e-01
 61 -0.00562 -1.68036e-01 | 62 -0.00503 -1.62441e-01 | 63 -0.00425 -1.52874e-01
 64 -0.00324 -1.39650e-01 | 65 -0.00200 -1.24027e-01 | 66 -0.00050 -1.08697e-01
 67  0.00125 -9.69855e-02 | 68  0.00325 -9.10311e-02 | 69  0.00553 -8.83955e-02
 70  0.00811 -8.13769e-02 | 71  0.01097 -6.61798e-02 | 72  0.01402 -5.50722e-02
 73  0.01713 -5.53229e-02 | 74  0.02042 -1.22080e-02 | 75  0.02412  1.47720e-01
 76  0.02746  3.07342e-01 | 77  0.02902  2.31726e-01 | 78  0.02894 -2.10312e-02
 79  0.02844 -2.10297e-01 | 80  0.02812 -2.41901e-01 | 81  0.02790 -1.41984e-01
 82  0.02755  3.94156e-02 | 83  0.02662  2.28074e-01 | 84  0.02435  2.86962e-01
 85  0.02052  1.68412e-01 | 86  0.01634  7.15083e-02 | 87  0.01253  6.94674e-02
 88  0.00911  6.41839e-02 | 89  0.00647  4.43650e-02 | 90  0.00481  2.82891e-02
 91  0.00390  1.54836e-02 | 92  0.00329  2.97054e-03 | 93  0.00282 -7.96272e-03
 94  0.00300 -1.17493e-02 | 95  0.00398 -2.85092e-03 | 96  0.00442  2.64746e-02
 97  0.00618  2.14972e-02 | 98  0.00853 -1.81554e-02 | 99  0.01262 -3.39343e-02
100  0.01261 -1.01373e-01 |101  0.01142 -1.44912e-01 |102  0.01040 -2.04482e-01
103  0.00293 -2.10601e-01 |104  0.00282 -3.60495e-01 |105  0.02358 -2.50721e-01
106  0.02440 -1.74404e-01 |107 -0.00253 -1.97041e-01 |108  0.01596 -1.42554e-01
109  0.08438  9.11649e-02 |110  0.03240  3.75964e-01 |111 -0.01184  1.05267e+00
112  0.00513  1.74976e-01 |113  0.01741 -7.63428e-01 |114  0.03587 -3.56448e-01
115  0.00574  4.58047e-01 |116 -0.06261  1.18671e+00 |117 -0.07828  1.02476e+00
118 -0.07959 -7.38265e-01 |119 -0.03806 -8.89881e-01 |120  0.06263  2.21653e-01
121  0.02365  1.39893e+00 |122  0.00714 -2.22496e-01 |123 -0.03258 -5.02710e-01
124 -0.07831  2.18141e-04 |125 -0.01814  1.25909e-01 |126 -0.00703  2.26531e-01
127 -0.03905 -1.12110e+00 |128  0.01752 -8.89013e-01 |129  0.07008 -1.05286e+00
130  0.02447 -3.82210e-01 |131  0.09753 -2.63355e-01 |132  0.02095 -1.07103e-01
133  0.15572  1.48576e+00 |134  0.01030 -4.36741e-01 |135 -0.03421  5.01965e-02
136 -0.03956  5.32875e-01 |137 -0.01735  5.61168e-02 |138  0.06085  2.55399e-01
139  0.00019 -1.67928e-03 |140 -0.00180  2.03517e-01 |141 -0.00596 -5.07899e-02
142 -0.00027 -9.94705e-04 |143 -0.00000 -2.78434e-13 |144  0.26673 -6.08666e-01
145  0.17830 -2.97417e-01 |

Initial statistics: 175 variables; iteration 0; function evaluation 0; phase 3
Function value 6.0613965e+03; maximum gradient component mag 7.5623e+01
Var    Value     Gradient |Var    Value     Gradient |Var    Value     Gradient
  1 -0.42185 -8.58426e-01 |  2  0.37309 -9.01161e-01 |  3 -0.13017  1.20985e+00
  4 -0.00857 -7.25852e-01 |  5 -0.72801  4.90362e-01 |  6 -0.60826  2.52284e+00
  7  0.37613 -4.03827e+00 |  8 -0.18358 -4.50061e+00 |  9  0.03630 -2.64030e+00
 10 -0.62247 -1.03523e+00 | 11 -0.62788  1.72204e+00 | 12 -0.08444 -1.09192e+00
 13 -0.00876  2.56018e-02 | 14 -0.00894  2.60303e-02 | 15 -0.00912  2.64514e-02
 16 -0.00930  2.68595e-02 | 17 -0.00947  2.72498e-02 | 18 -0.00964  2.76129e-02
 19 -0.00979  2.79385e-02 | 20 -0.00994  2.82153e-02 | 21 -0.01008  2.84302e-02
 22 -0.01020  2.85687e-02 | 23 -0.01031  2.86144e-02 | 24 -0.01041  2.85497e-02
 25 -0.01050  2.83550e-02 | 26 -0.01056  2.80087e-02 | 27 -0.01061  2.74872e-02
 28 -0.01064  2.67651e-02 | 29 -0.01065  2.58154e-02 | 30 -0.01064  2.46100e-02
 31 -0.01061  2.31214e-02 | 32 -0.01055  2.13198e-02 | 33 -0.01047  1.91750e-02
 34 -0.01037  1.66559e-02 | 35 -0.01024  1.37321e-02 | 36 -0.01008  1.03746e-02
 37 -0.00991  6.55591e-03 | 38 -0.00970  2.25120e-03 | 39 -0.00947 -2.56452e-03
 40 -0.00922 -7.91979e-03 | 41 -0.00896 -1.38342e-02 | 42 -0.00867 -2.03349e-02
 43 -0.00838 -2.74416e-02 | 44 -0.00808 -3.51625e-02 | 45 -0.00779 -4.34914e-02
 46 -0.00751 -5.24033e-02 | 47 -0.00725 -6.18548e-02 | 48 -0.00701 -7.17808e-02
 49 -0.00682 -8.20897e-02 | 50 -0.00667 -9.26572e-02 | 51 -0.00657 -1.03322e-01
 52 -0.00651 -1.13893e-01 | 53 -0.00649 -1.24188e-01 | 54 -0.00651 -1.34044e-01
 55 -0.00653 -1.43289e-01 | 56 -0.00655 -1.51717e-01 | 57 -0.00654 -1.59042e-01
 58 -0.00646 -1.64854e-01 | 59 -0.00631 -1.68675e-01 | 60 -0.00603 -1.69930e-01
 61 -0.00562 -1.68036e-01 | 62 -0.00503 -1.62441e-01 | 63 -0.00425 -1.52874e-01
 64 -0.00324 -1.39650e-01 | 65 -0.00200 -1.24027e-01 | 66 -0.00050 -1.08697e-01
 67  0.00125 -9.69855e-02 | 68  0.00325 -9.10311e-02 | 69  0.00553 -8.83955e-02
 70  0.00811 -8.13769e-02 | 71  0.01097 -6.61798e-02 | 72  0.01402 -5.50722e-02
 73  0.01713 -5.53229e-02 | 74  0.02042 -1.22080e-02 | 75  0.02412  1.47720e-01
 76  0.02746  3.07342e-01 | 77  0.02902  2.31726e-01 | 78  0.02894 -2.10312e-02
 79  0.02844 -2.10297e-01 | 80  0.02812 -2.41901e-01 | 81  0.02790 -1.41984e-01
 82  0.02755  3.94156e-02 | 83  0.02662  2.28074e-01 | 84  0.02435  2.86962e-01
 85  0.02052  1.68412e-01 | 86  0.01634  7.15083e-02 | 87  0.01253  6.94674e-02
 88  0.00911  6.41839e-02 | 89  0.00647  4.43650e-02 | 90  0.00481  2.82891e-02
 91  0.00390  1.54836e-02 | 92  0.00329  2.97054e-03 | 93  0.00282 -7.96272e-03
 94  0.00300 -1.17493e-02 | 95  0.00398 -2.85092e-03 | 96  0.00442  2.64746e-02
 97  0.00618  2.14972e-02 | 98  0.00853 -1.81554e-02 | 99  0.01262 -3.39343e-02
100  0.01261 -1.01373e-01 |101  0.01142 -1.44912e-01 |102  0.01040 -2.04482e-01
103  0.00293 -2.10601e-01 |104  0.00282 -3.60495e-01 |105  0.02358 -2.50721e-01
106  0.02440 -1.74404e-01 |107 -0.00253 -1.97041e-01 |108  0.01596 -1.42554e-01
109  0.08438  9.11649e-02 |110  0.03240  3.75964e-01 |111 -0.01184  1.05267e+00
112  0.00513  1.74976e-01 |113  0.01741 -7.63428e-01 |114  0.03587 -3.56448e-01
115  0.00574  4.58047e-01 |116 -0.06261  1.18671e+00 |117 -0.07828  1.02476e+00
118 -0.07959 -7.38265e-01 |119 -0.03806 -8.89881e-01 |120  0.06263  2.21653e-01
121  0.02365  1.39893e+00 |122  0.00714 -2.22496e-01 |123 -0.03258 -5.02710e-01
124 -0.07831  2.18141e-04 |125 -0.01814  1.25909e-01 |126 -0.00703  2.26531e-01
127 -0.03905 -1.12110e+00 |128  0.01752 -8.89013e-01 |129  0.07008 -1.05286e+00
130  0.02447 -3.82210e-01 |131  0.09753 -2.63355e-01 |132  0.02095 -1.07103e-01
133  0.15572  1.48576e+00 |134  0.01030 -4.36741e-01 |135 -0.03421  5.01965e-02
136 -0.03956  5.32875e-01 |137 -0.01735  5.61168e-02 |138  0.06085  2.55399e-01
139  0.00019 -1.67928e-03 |140 -0.00180  2.03517e-01 |141 -0.00596 -5.07899e-02
142 -0.00027 -9.94705e-04 |143 -0.00000 -2.78434e-13 |144  0.26673 -6.08666e-01
145  0.17830 -2.97417e-01 |146  0.04585  1.83775e+01 |147  0.29666 -1.29401e+01
148 -0.47552 -3.57149e+00 |149  0.31347  1.46307e+00 |150  0.18110  2.95898e+01
151  0.25963 -4.02387e+01 |152  0.17359  1.29525e+01 |153  0.25394 -9.93737e+00
154  0.10183 -3.29649e+01 |155  0.29651  5.35233e+01 |156  0.16796  1.86365e+01
157  0.24605 -2.15634e+01 |158 -0.35218  2.11447e+00 |159  0.24271 -3.88856e+00
160  0.20168  9.96590e-03 |161  0.31665 -2.97446e+00 |162 -0.38333 -4.47679e+00
163  0.23513  6.44178e+00 |164  0.05028 -1.36141e+00 |165  0.11913  4.52768e+00
166  0.32126  1.73167e-01 |167  0.27246 -5.54999e+00 |168  0.01272  4.56543e+00
169  0.39332 -5.38827e+00 |170  0.09898  7.65553e+00 |171  0.16318  7.56230e+01
172  0.21863 -5.07039e+00 |173  0.25726 -6.97995e+01 |174 -0.55410  1.00226e-01
175  0.17112 -2.52379e-01 |

Intermediate statistics: 175 variables; iteration 20; function evaluation 24; phase 3
Function value 6.0606830e+03; maximum gradient component mag -4.4875e+01
Var    Value     Gradient |Var    Value     Gradient |Var    Value     Gradient
  1 -0.42284 -2.97197e+01 |  2  0.37206 -2.15091e+01 |  3 -0.13090 -2.04818e+01
  4 -0.00653 -1.58228e+01 |  5 -0.72753  9.44307e-01 |  6 -0.60857  8.74427e+00
  7  0.37491 -2.70705e+01 |  8 -0.18442 -4.09458e+01 |  9  0.03850 -2.57252e+01
 10 -0.62137  1.08000e+00 | 11 -0.62804  1.99403e+01 | 12 -0.07921  1.80832e+01
 13 -0.00869  1.28229e-01 | 14 -0.00887  1.31690e-01 | 15 -0.00905  1.35232e-01
 16 -0.00922  1.38857e-01 | 17 -0.00939  1.42567e-01 | 18 -0.00955  1.46362e-01
 19 -0.00971  1.50241e-01 | 20 -0.00985  1.54206e-01 | 21 -0.00999  1.58256e-01
 22 -0.01011  1.62393e-01 | 23 -0.01022  1.66616e-01 | 24 -0.01031  1.70928e-01
 25 -0.01039  1.75329e-01 | 26 -0.01045  1.79819e-01 | 27 -0.01050  1.84395e-01
 28 -0.01052  1.89054e-01 | 29 -0.01052  1.93793e-01 | 30 -0.01050  1.98610e-01
 31 -0.01046  2.03508e-01 | 32 -0.01040  2.08491e-01 | 33 -0.01031  2.13564e-01
 34 -0.01019  2.18728e-01 | 35 -0.01005  2.23981e-01 | 36 -0.00988  2.29314e-01
 37 -0.00969  2.34713e-01 | 38 -0.00947  2.40162e-01 | 39 -0.00923  2.45642e-01
 40 -0.00896  2.51122e-01 | 41 -0.00867  2.56616e-01 | 42 -0.00837  2.62107e-01
 43 -0.00805  2.67586e-01 | 44 -0.00773  2.73045e-01 | 45 -0.00741  2.78465e-01
 46 -0.00710  2.83828e-01 | 47 -0.00681  2.89126e-01 | 48 -0.00655  2.94347e-01
 49 -0.00633  2.99486e-01 | 50 -0.00615  3.04532e-01 | 51 -0.00601  3.09454e-01
 52 -0.00592  3.14201e-01 | 53 -0.00588  3.18753e-01 | 54 -0.00586  3.23118e-01
 55 -0.00587  3.27347e-01 | 56 -0.00586  3.31548e-01 | 57 -0.00583  3.35854e-01
 58 -0.00575  3.40378e-01 | 59 -0.00558  3.45288e-01 | 60 -0.00531  3.50746e-01
 61 -0.00491  3.56952e-01 | 62 -0.00435  3.64064e-01 | 63 -0.00360  3.72245e-01
 64 -0.00264  3.81606e-01 | 65 -0.00145  3.92001e-01 | 66 -0.00001  4.03376e-01
 67  0.00170  4.15176e-01 | 68  0.00368  4.27039e-01 | 69  0.00595  4.39497e-01
 70  0.00850  4.54069e-01 | 71  0.01132  4.71699e-01 | 72  0.01433  4.89804e-01
 73  0.01744  5.06382e-01 | 74  0.02058  5.33979e-01 | 75  0.02368  5.92197e-01
 76  0.02641  6.52664e-01 | 77  0.02826  6.48904e-01 | 78  0.02914  5.91330e-01
 79  0.02936  5.46929e-01 | 80  0.02915  5.44085e-01 | 81  0.02853  5.75717e-01
 82  0.02748  6.26714e-01 | 83  0.02584  6.74936e-01 | 84  0.02334  6.83606e-01
 85  0.01995  6.44940e-01 | 86  0.01611  6.12948e-01 | 87  0.01229  6.04882e-01
 88  0.00888  5.99494e-01 | 89  0.00629  5.96760e-01 | 90  0.00468  6.00866e-01
 91  0.00380  6.10589e-01 | 92  0.00324  6.22656e-01 | 93  0.00280  6.35147e-01
 94  0.00298  6.51015e-01 | 95  0.00392  6.72279e-01 | 96  0.00424  6.89686e-01
 97  0.00599  7.02048e-01 | 98  0.00848  7.03481e-01 | 99  0.01267  7.10720e-01
100  0.01291  6.81517e-01 |101  0.01186  6.22338e-01 |102  0.01102  5.38768e-01
103  0.00353  4.19938e-01 |104  0.00390  2.42495e-01 |105  0.02441  1.08238e-01
106  0.02495 -4.01176e-02 |107 -0.00190 -2.35263e-01 |108  0.01656 -4.39385e-01
109  0.08605 -8.86050e-01 |110  0.03298 -5.37296e-01 |111 -0.01350 -5.03246e-01
112  0.00534 -9.03059e-01 |113  0.01914 -1.28343e+00 |114  0.03657 -1.33209e+00
115  0.00592 -7.71787e-01 |116 -0.06388 -4.70277e-01 |117 -0.08005 -6.27087e-01
118 -0.07870 -1.07622e+00 |119 -0.03771 -1.68932e+00 |120  0.06204 -2.70439e+00
121  0.02112 -1.28576e+00 |122  0.00665 -1.39494e+00 |123 -0.03363 -1.06428e+00
124 -0.08007 -9.79183e-01 |125 -0.02102 -1.29168e+00 |126 -0.01169 -1.25912e+00
127 -0.03947 -1.01656e+00 |128  0.01529 -1.28285e+00 |129  0.06762 -1.22300e+00
130  0.02387 -5.28607e-01 |131  0.09580 -4.33812e-01 |132  0.02028 -2.87253e-02
133  0.15325  9.26960e-02 |134  0.01160 -7.24805e-02 |135 -0.03383 -9.93999e-02
136 -0.04085  4.50933e-03 |137 -0.01745 -4.63789e-03 |138  0.06022 -4.42404e-02
139  0.00057 -2.44841e-02 |140 -0.00194 -2.65786e-02 |141 -0.00553 -1.11306e-02
142 -0.00026  7.00188e-03 |143  0.00000 -2.65956e-14 |144  0.26018  3.37661e+00
145  0.17291  6.75012e+00 |146  0.04248  2.17103e+00 |147  0.29680  5.01052e+00
148 -0.46577 -2.25483e-01 |149  0.31027 -1.41240e-01 |150  0.16932  9.62778e+00
151  0.25661 -1.59707e+01 |152  0.16966  3.86630e+00 |153  0.25312 -2.47427e+00
154  0.12930 -9.56693e+00 |155  0.30421  2.10641e+01 |156  0.16093  1.57292e+00
157  0.24433 -1.82598e+00 |158 -0.35389  1.49189e+00 |159  0.24241 -3.00698e+00
160  0.20118  2.85101e-01 |161  0.31711 -1.67553e+00 |162 -0.37386 -2.84301e+00
163  0.23867  5.10727e+00 |164  0.05035 -1.26941e+00 |165  0.11810  3.40146e-01
166  0.32203  1.41187e+00 |167  0.27294 -3.41931e-01 |168  0.01170  2.01808e+00
169  0.39889 -1.44328e+00 |170  0.09840 -1.56968e+00 |171  0.16101  4.13186e+01
172  0.21863  1.00238e+00 |173  0.25726 -4.48749e+01 |174 -0.55500  1.30500e+00
175  0.17088 -5.49054e-02 |
175 variables; iteration 40; function evaluation 44; phase 3
Function value 6.0606410e+03; maximum gradient component mag -3.3548e+01
Var    Value     Gradient |Var    Value     Gradient |Var    Value     Gradient
  1 -0.42279 -2.17607e+01 |  2  0.37185 -1.71751e+01 |  3 -0.13101 -1.54906e+01
  4 -0.00587 -1.16097e+01 |  5 -0.72769  7.07456e-01 |  6 -0.60882  8.55295e+00
  7  0.37452 -2.23950e+01 |  8 -0.18435 -3.32966e+01 |  9  0.03930 -2.09136e+01
 10 -0.62221  8.04802e-01 | 11 -0.62819  1.81400e+01 | 12 -0.06507  1.05941e+01
 13 -0.00882  7.61196e-02 | 14 -0.00901  7.80166e-02 | 15 -0.00919  7.99425e-02
 16 -0.00937  8.18964e-02 | 17 -0.00954  8.38796e-02 | 18 -0.00971  8.58896e-02
 19 -0.00987  8.79252e-02 | 20 -0.01002  8.99860e-02 | 21 -0.01016  9.20717e-02
 22 -0.01028  9.41822e-02 | 23 -0.01040  9.63181e-02 | 24 -0.01050  9.84795e-02
 25 -0.01058  1.00666e-01 | 26 -0.01065  1.02875e-01 | 27 -0.01070  1.05104e-01
 28 -0.01073  1.07349e-01 | 29 -0.01073  1.09606e-01 | 30 -0.01072  1.11875e-01
 31 -0.01068  1.14160e-01 | 32 -0.01062  1.16465e-01 | 33 -0.01054  1.18791e-01
 34 -0.01043  1.21138e-01 | 35 -0.01030  1.23504e-01 | 36 -0.01013  1.25884e-01
 37 -0.00995  1.28270e-01 | 38 -0.00973  1.30655e-01 | 39 -0.00949  1.33035e-01
 40 -0.00923  1.35397e-01 | 41 -0.00894  1.37763e-01 | 42 -0.00864  1.40132e-01
 43 -0.00833  1.42507e-01 | 44 -0.00801  1.44893e-01 | 45 -0.00769  1.47288e-01
 46 -0.00738  1.49690e-01 | 47 -0.00710  1.52104e-01 | 48 -0.00684  1.54531e-01
 49 -0.00661  1.56976e-01 | 50 -0.00643  1.59439e-01 | 51 -0.00630  1.61910e-01
 52 -0.00621  1.64369e-01 | 53 -0.00616  1.66817e-01 | 54 -0.00614  1.69269e-01
 55 -0.00614  1.71761e-01 | 56 -0.00613  1.74349e-01 | 57 -0.00610  1.77089e-01
 58 -0.00601  1.80014e-01 | 59 -0.00584  1.83171e-01 | 60 -0.00557  1.86574e-01
 61 -0.00517  1.90242e-01 | 62 -0.00461  1.94146e-01 | 63 -0.00387  1.98277e-01
 64 -0.00293  2.02673e-01 | 65 -0.00176  2.07423e-01 | 66 -0.00034  2.12992e-01
 67  0.00135  2.19866e-01 | 68  0.00333  2.28523e-01 | 69  0.00559  2.38781e-01
 70  0.00812  2.49258e-01 | 71  0.01090  2.58935e-01 | 72  0.01389  2.70018e-01
 73  0.01699  2.83996e-01 | 74  0.02002  2.88340e-01 | 75  0.02272  2.66483e-01
 76  0.02503  2.45393e-01 | 77  0.02701  2.73798e-01 | 78  0.02846  3.33663e-01
 79  0.02911  3.75542e-01 | 80  0.02892  3.83589e-01 | 81  0.02801  3.62889e-01
 82  0.02646  3.21183e-01 | 83  0.02430  2.72014e-01 | 84  0.02163  2.46085e-01
 85  0.01847  2.57062e-01 | 86  0.01479  2.60671e-01 | 87  0.01092  2.41597e-01
 88  0.00746  2.23163e-01 | 89  0.00484  2.08643e-01 | 90  0.00318  1.95226e-01
 91  0.00227  1.83041e-01 | 92  0.00167  1.71546e-01 | 93  0.00122  1.59180e-01
 94  0.00140  1.46103e-01 | 95  0.00234  1.32696e-01 | 96  0.00266  1.12172e-01
 97  0.00448  9.41507e-02 | 98  0.00714  8.00814e-02 | 99  0.01144  6.12890e-02
100  0.01194  5.12033e-02 |101  0.01109  1.39932e-02 |102  0.01042 -2.67078e-02
103  0.00319 -7.30646e-02 |104  0.00421 -1.26090e-01 |105  0.02481 -2.44449e-01
106  0.02579 -2.65988e-01 |107 -0.00068 -3.04321e-01 |108  0.01725 -5.18266e-01
109  0.08769 -8.26808e-01 |110  0.03448 -4.16166e-01 |111 -0.01255 -3.58003e-01
112  0.00672 -4.74851e-01 |113  0.02101 -4.61760e-01 |114  0.03857  1.32791e-03
115  0.00843  6.50111e-01 |116 -0.06199  4.24063e-01 |117 -0.07794  2.92863e-01
118 -0.07652 -1.59577e-01 |119 -0.03557 -5.61803e-01 |120  0.06453 -6.91198e-01
121  0.02343  1.14952e-01 |122  0.00932 -8.11218e-02 |123 -0.03104 -1.06844e-01
124 -0.07823 -4.90475e-01 |125 -0.01907 -7.70599e-01 |126 -0.00972 -8.52591e-01
127 -0.03800 -8.10749e-01 |128  0.01705 -1.08998e+00 |129  0.06872 -1.15762e+00
130  0.02552 -3.71773e-01 |131  0.09688 -2.76907e-01 |132  0.02123  8.12283e-02
133  0.15468  4.03462e-01 |134  0.01247 -8.89095e-02 |135 -0.03324 -8.30330e-02
136 -0.04036  1.67281e-02 |137 -0.01704  1.78091e-02 |138  0.06078  2.93243e-04
139  0.00102 -6.03832e-04 |140 -0.00169 -1.48722e-02 |141 -0.00530  3.69122e-02
142 -0.00026  9.03899e-03 |143  0.00000 -7.19921e-14 |144  0.24005  1.48264e+00
145  0.15444  4.06218e+00 |146  0.04155  1.91132e-02 |147  0.29667  5.04025e+00
148 -0.46667 -4.61591e-01 |149  0.31107  3.86926e-02 |150  0.16767  7.22997e+00
151  0.25647 -1.30192e+01 |152  0.16928  3.90743e+00 |153  0.25309 -2.66662e+00
154  0.12754 -8.96808e+00 |155  0.30356  1.80028e+01 |156  0.16054  1.08742e+00
157  0.24439 -1.01221e+00 |158 -0.35300  2.01139e+00 |159  0.24238 -4.33688e+00
160  0.20103  5.05524e-01 |161  0.31705 -1.34037e+00 |162 -0.37055 -1.73715e+00
163  0.23973  3.43299e+00 |164  0.05029 -1.98162e+00 |165  0.11742 -2.14796e+00
166  0.32279  3.64003e+00 |167  0.27292  1.95818e+00 |168  0.01097  1.46324e+00
169  0.39833 -1.66630e+00 |170  0.09795 -7.40846e+00 |171  0.16069  3.30690e+01
172  0.21841  2.50357e+00 |173  0.25751 -3.35479e+01 |174 -0.54880  1.14386e+00
175  0.17343 -1.38842e-01 |

 - final statistics:
175 variables; iteration 57; function evaluation 68
Function value 6.0605e+03; maximum gradient component mag -7.8786e-01
Exit code = 1;  converg criter 1.0000e+00
Var    Value     Gradient |Var    Value     Gradient |Var    Value     Gradient
  1 -0.42202 -5.45061e-01 |  2  0.37188 -2.85557e-01 |  3 -0.13100 -3.65657e-01
  4 -0.00558 -1.72079e-01 |  5 -0.72763  8.69249e-02 |  6 -0.60929  1.55313e-02
  7  0.37436 -3.19556e-01 |  8 -0.18406 -3.77247e-01 |  9  0.03996 -2.76612e-01
 10 -0.62152 -2.31002e-02 | 11 -0.62908  1.29930e-02 | 12 -0.07141  5.47950e-01
 13 -0.00879 -3.70028e-03 | 14 -0.00898 -3.68508e-03 | 15 -0.00916 -3.65019e-03
 16 -0.00933 -3.59420e-03 | 17 -0.00951 -3.51545e-03 | 18 -0.00967 -3.41295e-03
 19 -0.00983 -3.28559e-03 | 20 -0.00997 -3.13205e-03 | 21 -0.01011 -2.95092e-03
 22 -0.01023 -2.74051e-03 | 23 -0.01034 -2.49885e-03 | 24 -0.01044 -2.22361e-03
 25 -0.01052 -1.91223e-03 | 26 -0.01058 -1.56230e-03 | 27 -0.01063 -1.17199e-03
 28 -0.01065 -7.39958e-04 | 29 -0.01066 -2.64197e-04 | 30 -0.01064  2.58751e-04
 31 -0.01060  8.33754e-04 | 32 -0.01053  1.46525e-03 | 33 -0.01044  2.15709e-03
 34 -0.01033  2.91144e-03 | 35 -0.01019  3.72811e-03 | 36 -0.01002  4.60378e-03
 37 -0.00983  5.53187e-03 | 38 -0.00960  6.50315e-03 | 39 -0.00936  7.50566e-03
 40 -0.00909  8.52222e-03 | 41 -0.00879  9.54099e-03 | 42 -0.00849  1.05409e-02
 43 -0.00816  1.14998e-02 | 44 -0.00784  1.23947e-02 | 45 -0.00752  1.32039e-02
 46 -0.00720  1.39109e-02 | 47 -0.00691  1.45075e-02 | 48 -0.00665  1.49912e-02
 49 -0.00642  1.53635e-02 | 50 -0.00623  1.56246e-02 | 51 -0.00610  1.57687e-02
 52 -0.00601  1.57835e-02 | 53 -0.00596  1.56568e-02 | 54 -0.00594  1.53749e-02
 55 -0.00594  1.49252e-02 | 56 -0.00593  1.43031e-02 | 57 -0.00590  1.35200e-02
 58 -0.00581  1.26157e-02 | 59 -0.00564  1.16770e-02 | 60 -0.00537  1.08412e-02
 61 -0.00497  1.03013e-02 | 62 -0.00441  1.02785e-02 | 63 -0.00366  1.09450e-02
 64 -0.00270  1.22526e-02 | 65 -0.00152  1.36813e-02 | 66 -0.00008  1.40931e-02
 67  0.00161  1.20808e-02 | 68  0.00357  7.27932e-03 | 69  0.00581  1.77602e-03
 70  0.00834 -1.42236e-03 | 71  0.01114 -3.00329e-03 | 72  0.01413 -4.68908e-03
 73  0.01724 -2.91559e-03 | 74  0.02029 -1.13419e-02 | 75  0.02299 -4.83903e-02
 76  0.02546 -5.15152e-02 | 77  0.02761 -3.33251e-03 | 78  0.02888  8.50125e-03
 79  0.02928 -5.11093e-03 | 80  0.02911  2.75496e-03 | 81  0.02843  2.51037e-02
 82  0.02709  2.64793e-02 | 83  0.02496 -1.25176e-02 | 84  0.02220 -4.54317e-02
 85  0.01908 -1.53128e-02 | 86  0.01544  9.34270e-03 | 87  0.01159  1.21283e-02
 88  0.00818  1.96040e-02 | 89  0.00560  2.58019e-02 | 90  0.00399  3.22680e-02
 91  0.00312  3.86633e-02 | 92  0.00256  4.35416e-02 | 93  0.00213  4.73266e-02
 94  0.00234  5.18275e-02 | 95  0.00332  5.87810e-02 | 96  0.00369  7.08144e-02
 97  0.00548  6.87046e-02 | 98  0.00799  5.25902e-02 | 99  0.01222  4.18125e-02
100  0.01260  3.14783e-02 |101  0.01165  2.28957e-02 |102  0.01100  3.04915e-02
103  0.00374  5.42517e-02 |104  0.00422  1.31660e-02 |105  0.02501  2.12058e-02
106  0.02563  7.06406e-04 |107 -0.00152 -7.47801e-02 |108  0.01759  7.39203e-02
109  0.08731 -5.16821e-02 |110  0.03384 -1.03955e-02 |111 -0.01272  5.13588e-02
112  0.00648  3.23849e-03 |113  0.02028 -1.32035e-01 |114  0.03767 -8.20031e-02
115  0.00684 -3.24592e-02 |116 -0.06342 -7.23310e-03 |117 -0.07956 -2.99418e-02
118 -0.07744  7.53644e-02 |119 -0.03636  8.82454e-02 |120  0.06280 -1.47400e-01
121  0.02133 -1.62672e-01 |122  0.00720 -1.09197e-01 |123 -0.03287 -6.85099e-02
124 -0.07928  6.53417e-02 |125 -0.02046  1.01475e-01 |126 -0.01116  4.04488e-02
127 -0.03844  7.74041e-02 |128  0.01582 -1.89258e-01 |129  0.06797 -8.88735e-02
130  0.02460  1.36641e-02 |131  0.09630  2.18460e-01 |132  0.02054 -1.00485e-02
133  0.15365  1.43137e-01 |134  0.01238 -1.26559e-03 |135 -0.03340 -1.08548e-02
136 -0.04073 -4.01457e-02 |137 -0.01706  2.41922e-02 |138  0.06053 -8.90643e-02
139  0.00127  6.11917e-02 |140 -0.00180 -2.98974e-02 |141 -0.00581 -8.31075e-02
142 -0.00032 -8.04626e-03 |143  0.00000 -3.73006e-15 |144  0.24852  1.51719e-01
145  0.16241  1.88169e-01 |146  0.04045  8.75351e-02 |147  0.29584 -5.75654e-02
148 -0.46415 -6.84040e-02 |149  0.31288  5.17657e-02 |150  0.16636  5.02231e-02
151  0.25679 -2.13535e-01 |152  0.16737  5.75332e-02 |153  0.25233 -8.60177e-02
154  0.13252  2.51443e-03 |155  0.30372 -5.98151e-02 |156  0.15957 -8.67871e-02
157  0.24399 -1.82961e-01 |158 -0.35398 -1.36587e-02 |159  0.24304 -4.60553e-02
160  0.20066 -2.07524e-01 |161  0.31734 -1.16474e-01 |162 -0.36663  3.24413e-02
163  0.24039  1.22514e-02 |164  0.05069  4.82524e-03 |165  0.11757  5.51539e-02
166  0.32197 -3.94802e-02 |167  0.27292 -4.45166e-02 |168  0.01036  6.30865e-03
169  0.40039 -9.40464e-02 |170  0.09811  3.42758e-01 |171  0.15945  6.79960e-01
172  0.21851 -2.25718e-01 |173  0.25761 -7.87861e-01 |174 -0.55458 -5.74705e-03
175  0.17114 -2.38411e-02 |

Initial statistics: 199 variables; iteration 0; function evaluation 0; phase 4
Function value 6.0605362e+03; maximum gradient component mag -2.4849e+01
Var    Value     Gradient |Var    Value     Gradient |Var    Value     Gradient
  1 -0.42202 -5.45061e-01 |  2  0.37188 -2.85557e-01 |  3 -0.13100 -3.65657e-01
  4 -0.00558 -1.72079e-01 |  5 -0.72763  8.69249e-02 |  6 -0.60929  1.55313e-02
  7  0.37436 -3.19556e-01 |  8 -0.18406 -3.77247e-01 |  9  0.03996 -2.76612e-01
 10 -0.62152 -2.31002e-02 | 11 -0.62908  1.29930e-02 | 12 -0.07141  5.47950e-01
 13 -0.00879 -3.70028e-03 | 14 -0.00898 -3.68508e-03 | 15 -0.00916 -3.65019e-03
 16 -0.00933 -3.59420e-03 | 17 -0.00951 -3.51545e-03 | 18 -0.00967 -3.41295e-03
 19 -0.00983 -3.28559e-03 | 20 -0.00997 -3.13205e-03 | 21 -0.01011 -2.95092e-03
 22 -0.01023 -2.74051e-03 | 23 -0.01034 -2.49885e-03 | 24 -0.01044 -2.22361e-03
 25 -0.01052 -1.91223e-03 | 26 -0.01058 -1.56230e-03 | 27 -0.01063 -1.17199e-03
 28 -0.01065 -7.39958e-04 | 29 -0.01066 -2.64197e-04 | 30 -0.01064  2.58751e-04
 31 -0.01060  8.33754e-04 | 32 -0.01053  1.46525e-03 | 33 -0.01044  2.15709e-03
 34 -0.01033  2.91144e-03 | 35 -0.01019  3.72811e-03 | 36 -0.01002  4.60378e-03
 37 -0.00983  5.53187e-03 | 38 -0.00960  6.50315e-03 | 39 -0.00936  7.50566e-03
 40 -0.00909  8.52222e-03 | 41 -0.00879  9.54099e-03 | 42 -0.00849  1.05409e-02
 43 -0.00816  1.14998e-02 | 44 -0.00784  1.23947e-02 | 45 -0.00752  1.32039e-02
 46 -0.00720  1.39109e-02 | 47 -0.00691  1.45075e-02 | 48 -0.00665  1.49912e-02
 49 -0.00642  1.53635e-02 | 50 -0.00623  1.56246e-02 | 51 -0.00610  1.57687e-02
 52 -0.00601  1.57835e-02 | 53 -0.00596  1.56568e-02 | 54 -0.00594  1.53749e-02
 55 -0.00594  1.49252e-02 | 56 -0.00593  1.43031e-02 | 57 -0.00590  1.35200e-02
 58 -0.00581  1.26157e-02 | 59 -0.00564  1.16770e-02 | 60 -0.00537  1.08412e-02
 61 -0.00497  1.03013e-02 | 62 -0.00441  1.02785e-02 | 63 -0.00366  1.09450e-02
 64 -0.00270  1.22526e-02 | 65 -0.00152  1.36813e-02 | 66 -0.00008  1.40931e-02
 67  0.00161  1.20808e-02 | 68  0.00357  7.27932e-03 | 69  0.00581  1.77602e-03
 70  0.00834 -1.42236e-03 | 71  0.01114 -3.00329e-03 | 72  0.01413 -4.68908e-03
 73  0.01724 -2.91559e-03 | 74  0.02029 -1.13419e-02 | 75  0.02299 -4.83903e-02
 76  0.02546 -5.15152e-02 | 77  0.02761 -3.33251e-03 | 78  0.02888  8.50125e-03
 79  0.02928 -5.11093e-03 | 80  0.02911  2.75496e-03 | 81  0.02843  2.51037e-02
 82  0.02709  2.64793e-02 | 83  0.02496 -1.25176e-02 | 84  0.02220 -4.54317e-02
 85  0.01908 -1.53128e-02 | 86  0.01544  9.34270e-03 | 87  0.01159  1.21283e-02
 88  0.00818  1.96040e-02 | 89  0.00560  2.58019e-02 | 90  0.00399  3.22680e-02
 91  0.00312  3.86633e-02 | 92  0.00256  4.35416e-02 | 93  0.00213  4.73266e-02
 94  0.00234  5.18275e-02 | 95  0.00332  5.87810e-02 | 96  0.00369  7.08144e-02
 97  0.00548  6.87046e-02 | 98  0.00799  5.25902e-02 | 99  0.01222  4.18125e-02
100  0.01260  3.14783e-02 |101  0.01165  2.28957e-02 |102  0.01100  3.04915e-02
103  0.00374  5.42517e-02 |104  0.00422  1.31660e-02 |105  0.02501  2.12058e-02
106  0.02563  7.06406e-04 |107 -0.00152 -7.47801e-02 |108  0.01759  7.39203e-02
109  0.08731 -5.16821e-02 |110  0.03384 -1.03955e-02 |111 -0.01272  5.13588e-02
112  0.00648  3.23849e-03 |113  0.02028 -1.32035e-01 |114  0.03767 -8.20031e-02
115  0.00684 -3.24592e-02 |116 -0.06342 -7.23310e-03 |117 -0.07956 -2.99418e-02
118 -0.07744  7.53644e-02 |119 -0.03636  8.82454e-02 |120  0.06280 -1.47400e-01
121  0.02133 -1.62672e-01 |122  0.00720 -1.09197e-01 |123 -0.03287 -6.85099e-02
124 -0.07928  6.53417e-02 |125 -0.02046  1.01475e-01 |126 -0.01116  4.04488e-02
127 -0.03844  7.74041e-02 |128  0.01582 -1.89258e-01 |129  0.06797 -8.88735e-02
130  0.02460  1.36641e-02 |131  0.09630  2.18460e-01 |132  0.02054 -1.00485e-02
133  0.15365  1.43137e-01 |134  0.01238 -1.26559e-03 |135 -0.03340 -1.08548e-02
136 -0.04073 -4.01457e-02 |137 -0.01706  2.41922e-02 |138  0.06053 -8.90643e-02
139  0.00127  6.11917e-02 |140 -0.00180 -2.98974e-02 |141 -0.00581 -8.31075e-02
142 -0.00032 -8.04626e-03 |143  0.00000 -3.73006e-15 |144  0.24852  1.51719e-01
145  0.16241  1.88169e-01 |146  0.04045  8.75351e-02 |147  0.29584 -5.75654e-02
148  0.01598 -6.23414e+00 |149 -0.11486 -2.48489e+01 |150 -0.46415 -6.84040e-02
151  0.31288  5.17657e-02 |152  0.04878  1.05485e+00 |153 -0.23557  7.61467e-02
154  0.16636  5.02231e-02 |155  0.25679 -2.13535e-01 |156  0.16737  5.75332e-02
157  0.25233 -8.60177e-02 |158  0.00591  1.33497e+00 |159 -0.09842 -4.00343e+00
160  0.13252  2.51443e-03 |161  0.30372 -5.98151e-02 |162  0.15957 -8.67871e-02
163  0.24399 -1.82961e-01 |164 -0.35398 -1.36587e-02 |165  0.24304 -4.60553e-02
166  0.05289 -6.57203e-02 |167 -0.18792  8.51971e+00 |168  0.20066 -2.07524e-01
169  0.31734 -1.16474e-01 |170  0.07773 -1.71318e+00 |171 -0.53260  3.04902e-04
172 -0.36663  3.24413e-02 |173  0.24039  1.22514e-02 |174  0.07930 -1.01954e+01
175 -0.12245  5.07040e+00 |176  0.05069  4.82524e-03 |177  0.11757  5.51539e-02
178  0.32197 -3.94802e-02 |179  0.27292 -4.45166e-02 |180  0.00632  3.99108e-01
181  0.00888  1.54135e+00 |182 -0.15126  3.40795e+00 |183 -0.12591 -5.07943e+00
184  0.01036  6.30865e-03 |185  0.40039 -9.40464e-02 |186  0.01873 -6.78350e-01
187 -0.15464 -4.49892e-01 |188  0.09811  3.42758e-01 |189  0.15945  6.79960e-01
190  0.21851 -2.25718e-01 |191  0.25761 -7.87861e-01 |192  0.02441  4.84993e+00
193 -0.00672  4.86891e+00 |194 -0.17637 -7.67510e+00 |195 -0.11451  7.48648e+00
196 -0.55458 -5.74705e-03 |197  0.17114 -2.38411e-02 |198  0.09533 -1.91848e+00
199 -0.25417  3.79530e-01 |

Intermediate statistics: 199 variables; iteration 20; function evaluation 23; phase 4
Function value 6.0604329e+03; maximum gradient component mag 2.6486e+01
Var    Value     Gradient |Var    Value     Gradient |Var    Value     Gradient
  1 -0.42194 -6.04667e+00 |  2  0.37147 -7.04105e+00 |  3 -0.13192 -3.71030e+00
  4 -0.00433 -4.80729e+00 |  5 -0.72862 -2.10779e-01 |  6 -0.60941 -2.24598e+00
  7  0.37348 -3.24184e+00 |  8 -0.18496 -1.37953e-02 |  9  0.04197 -2.30096e+00
 10 -0.62426  1.17575e-01 | 11 -0.62889  5.67612e+00 | 12 -0.07131  8.48475e+00
 13 -0.00880  1.60619e-02 | 14 -0.00899  1.64529e-02 | 15 -0.00917  1.68442e-02
 16 -0.00935  1.72352e-02 | 17 -0.00952  1.76263e-02 | 18 -0.00969  1.80172e-02
 19 -0.00984  1.84079e-02 | 20 -0.00999  1.87989e-02 | 21 -0.01013  1.91906e-02
 22 -0.01026  1.95838e-02 | 23 -0.01037  1.99791e-02 | 24 -0.01047  2.03772e-02
 25 -0.01055  2.07785e-02 | 26 -0.01062  2.11828e-02 | 27 -0.01067  2.15901e-02
 28 -0.01070  2.20013e-02 | 29 -0.01070  2.24186e-02 | 30 -0.01069  2.28444e-02
 31 -0.01065  2.32810e-02 | 32 -0.01059  2.37303e-02 | 33 -0.01051  2.41945e-02
 34 -0.01040  2.46764e-02 | 35 -0.01026  2.51799e-02 | 36 -0.01010  2.57106e-02
 37 -0.00991  2.62765e-02 | 38 -0.00970  2.68884e-02 | 39 -0.00945  2.75600e-02
 40 -0.00919  2.83055e-02 | 41 -0.00890  2.91457e-02 | 42 -0.00860  3.00996e-02
 43 -0.00829  3.11885e-02 | 44 -0.00797  3.24347e-02 | 45 -0.00765  3.38599e-02
 46 -0.00734  3.54832e-02 | 47 -0.00705  3.73222e-02 | 48 -0.00679  3.93914e-02
 49 -0.00656  4.17044e-02 | 50 -0.00637  4.42754e-02 | 51 -0.00624  4.71197e-02
 52 -0.00614  5.02537e-02 | 53 -0.00609  5.36998e-02 | 54 -0.00607  5.74845e-02
 55 -0.00606  6.16384e-02 | 56 -0.00605  6.61982e-02 | 57 -0.00601  7.11973e-02
 58 -0.00591  7.66458e-02 | 59 -0.00574  8.25369e-02 | 60 -0.00546  8.88284e-02
 61 -0.00505  9.54577e-02 | 62 -0.00448  1.02337e-01 | 63 -0.00374  1.09424e-01
 64 -0.00278  1.16823e-01 | 65 -0.00160  1.24879e-01 | 66 -0.00017  1.34378e-01
 67  0.00154  1.46112e-01 | 68  0.00354  1.60253e-01 | 69  0.00582  1.75670e-01
 70  0.00838  1.90816e-01 | 71  0.01119  2.06132e-01 | 72  0.01419  2.22441e-01
 73  0.01731  2.38006e-01 | 74  0.02042  2.58621e-01 | 75  0.02339  2.90662e-01
 76  0.02589  3.07976e-01 | 77  0.02772  3.05615e-01 | 78  0.02892  3.16185e-01
 79  0.02943  3.34249e-01 | 80  0.02923  3.42975e-01 | 81  0.02841  3.44738e-01
 82  0.02708  3.52202e-01 | 83  0.02524  3.73368e-01 | 84  0.02273  3.91430e-01
 85  0.01941  3.81937e-01 | 86  0.01561  3.72042e-01 | 87  0.01176  3.71263e-01
 88  0.00831  3.69506e-01 | 89  0.00569  3.71471e-01 | 90  0.00402  3.77557e-01
 91  0.00310  3.88027e-01 | 92  0.00248  4.02142e-01 | 93  0.00199  4.17326e-01
 94  0.00212  4.31499e-01 | 95  0.00305  4.42248e-01 | 96  0.00337  4.42072e-01
 97  0.00525  4.43807e-01 | 98  0.00796  4.55811e-01 | 99  0.01239  4.75576e-01
100  0.01293  4.78987e-01 |101  0.01210  4.66349e-01 |102  0.01148  4.31031e-01
103  0.00411  3.51396e-01 |104  0.00486  3.30398e-01 |105  0.02566  3.20645e-01
106  0.02642  1.94937e-01 |107 -0.00067  1.02580e-01 |108  0.01705 -1.02315e-01
109  0.08820 -4.42778e-01 |110  0.03411 -3.73367e-01 |111 -0.01284 -3.93665e-01
112  0.00654 -5.06245e-01 |113  0.02121 -4.48390e-01 |114  0.03810 -4.93680e-01
115  0.00724 -3.74272e-01 |116 -0.06307 -2.24679e-01 |117 -0.07922 -2.85816e-01
118 -0.07736 -4.73290e-01 |119 -0.03640 -8.11185e-01 |120  0.06279 -1.34588e+00
121  0.02116 -6.86540e-01 |122  0.00755 -4.63627e-01 |123 -0.03219 -1.00108e-01
124 -0.07917 -1.69647e-01 |125 -0.02089 -2.44958e-01 |126 -0.01178 -3.22344e-01
127 -0.03932 -2.97637e-01 |128  0.01590 -3.06927e-01 |129  0.06618 -4.39254e-01
130  0.02456 -4.16090e-01 |131  0.09382 -4.55039e-01 |132  0.01977 -7.90634e-02
133  0.15135 -3.77335e-01 |134  0.01252  1.31780e-01 |135 -0.03323  5.54528e-02
136 -0.04022  7.06185e-02 |137 -0.01686  2.95531e-02 |138  0.06125  2.60367e-01
139  0.00117  8.62462e-02 |140 -0.00149  5.00358e-02 |141 -0.00518  3.12799e-02
142 -0.00027 -9.25968e-04 |143  0.00000 -3.18104e-15 |144  0.25083  4.45443e+00
145  0.16006 -1.40327e-01 |146  0.03891 -6.39904e+00 |147  0.29607  7.43376e+00
148  0.01538 -5.42219e+00 |149 -0.11250 -1.18666e+01 |150 -0.46082  6.35204e-02
151  0.31262 -3.07790e-01 |152  0.04676  2.93622e-01 |153 -0.23580  3.06537e-02
154  0.16663  1.79193e+00 |155  0.25691 -3.31216e+00 |156  0.16966 -3.20481e-03
157  0.25388  1.28027e+00 |158  0.00275 -7.13084e-01 |159 -0.09745 -3.21647e+00
160  0.13444 -4.12540e-01 |161  0.30470  1.92287e+00 |162  0.16060 -3.42497e-01
163  0.24473  1.22380e+00 |164 -0.35476  6.77354e-01 |165  0.24246 -7.02193e-01
166  0.05300  2.40241e+00 |167 -0.18853  1.37995e+01 |168  0.20016  5.24832e-01
169  0.31725 -7.71428e-01 |170  0.07795  2.16904e+00 |171 -0.53261  6.09481e-04
172 -0.38723 -1.64899e-01 |173  0.23443  2.65985e+00 |174  0.08733 -4.08866e+00
175 -0.12282  2.07146e+00 |176  0.05157  7.73461e-01 |177  0.11954  1.77967e+00
178  0.32182 -1.26215e+00 |179  0.27389 -7.23410e-01 |180  0.00582  4.29864e-01
181  0.00597 -7.72467e-02 |182 -0.15221  8.99479e-01 |183 -0.12457 -8.90819e-03
184  0.00865 -3.33731e-01 |185  0.40102  2.96101e-01 |186  0.02016  1.66028e-02
187 -0.15429  6.65944e-02 |188  0.09873  1.06118e+01 |189  0.16000  1.11880e+01
190  0.21881 -7.33824e+00 |191  0.25784 -1.29713e+01 |192  0.02384  7.16954e+00
193 -0.00784  7.36689e+00 |194 -0.17534  1.23072e-01 |195 -0.11357  2.64862e+01
196 -0.55624  2.67877e-01 |197  0.17143  2.72894e-01 |198  0.09760  2.75719e+00
199 -0.25859  7.75971e-02 |
199 variables; iteration 40; function evaluation 45; phase 4
Function value 6.0604002e+03; maximum gradient component mag 1.8655e+01
Var    Value     Gradient |Var    Value     Gradient |Var    Value     Gradient
  1 -0.42195 -1.04402e+00 |  2  0.37138 -8.38607e+00 |  3 -0.13153 -1.76952e+00
  4 -0.00442 -4.92223e+00 |  5 -0.72769 -5.62477e-01 |  6 -0.60979 -7.96136e+00
  7  0.37297 -1.00608e+01 |  8 -0.18458  4.99835e+00 |  9  0.04236 -1.62580e+00
 10 -0.62314  1.71799e+00 | 11 -0.62883  1.32489e+01 | 12 -0.06858  7.16340e+00
 13 -0.00877 -7.40663e-03 | 14 -0.00896 -7.58482e-03 | 15 -0.00914 -7.76482e-03
 16 -0.00931 -7.94662e-03 | 17 -0.00948 -8.13038e-03 | 18 -0.00965 -8.31590e-03
 19 -0.00980 -8.50304e-03 | 20 -0.00995 -8.69171e-03 | 21 -0.01009 -8.88187e-03
 22 -0.01021 -9.07351e-03 | 23 -0.01032 -9.26669e-03 | 24 -0.01042 -9.46153e-03
 25 -0.01050 -9.65818e-03 | 26 -0.01057 -9.85665e-03 | 27 -0.01061 -1.00565e-02
 28 -0.01064 -1.02563e-02 | 29 -0.01064 -1.04542e-02 | 30 -0.01063 -1.06485e-02
 31 -0.01059 -1.08385e-02 | 32 -0.01052 -1.10240e-02 | 33 -0.01044 -1.12052e-02
 34 -0.01032 -1.13823e-02 | 35 -0.01019 -1.15553e-02 | 36 -0.01002 -1.17233e-02
 37 -0.00983 -1.18842e-02 | 38 -0.00961 -1.20354e-02 | 39 -0.00937 -1.21739e-02
 40 -0.00910 -1.22961e-02 | 41 -0.00881 -1.24015e-02 | 42 -0.00850 -1.24888e-02
 43 -0.00818 -1.25575e-02 | 44 -0.00786 -1.26064e-02 | 45 -0.00754 -1.26323e-02
 46 -0.00723 -1.26308e-02 | 47 -0.00694 -1.25961e-02 | 48 -0.00667 -1.25221e-02
 49 -0.00645 -1.24032e-02 | 50 -0.00626 -1.22343e-02 | 51 -0.00613 -1.20081e-02
 52 -0.00603 -1.17133e-02 | 53 -0.00598 -1.13363e-02 | 54 -0.00596 -1.08633e-02
 55 -0.00596 -1.02835e-02 | 56 -0.00595 -9.58764e-03 | 57 -0.00591 -8.76297e-03
 58 -0.00582 -7.78895e-03 | 59 -0.00565 -6.63727e-03 | 60 -0.00538 -5.26821e-03
 61 -0.00497 -3.63021e-03 | 62 -0.00441 -1.66235e-03 | 63 -0.00366  6.88081e-04
 64 -0.00271  3.42671e-03 | 65 -0.00152  6.44482e-03 | 66 -0.00009  9.46386e-03
 67  0.00161  1.20887e-02 | 68  0.00358  1.41375e-02 | 69  0.00585  1.60961e-02
 70  0.00839  1.88099e-02 | 71  0.01118  2.21271e-02 | 72  0.01418  2.55278e-02
 73  0.01728  3.01650e-02 | 74  0.02035  3.14862e-02 | 75  0.02317  2.29775e-02
 76  0.02565  2.60488e-02 | 77  0.02763  4.70227e-02 | 78  0.02885  5.54709e-02
 79  0.02929  5.50991e-02 | 80  0.02909  6.22896e-02 | 81  0.02833  7.47180e-02
 82  0.02697  8.00747e-02 | 83  0.02497  7.16298e-02 | 84  0.02231  6.58442e-02
 85  0.01908  8.24731e-02 | 86  0.01535  9.76287e-02 | 87  0.01149  1.06511e-01
 88  0.00805  1.18789e-01 | 89  0.00545  1.33673e-01 | 90  0.00380  1.52881e-01
 91  0.00290  1.77353e-01 | 92  0.00232  2.06999e-01 | 93  0.00187  2.41377e-01
 94  0.00206  2.80401e-01 | 95  0.00305  3.24085e-01 | 96  0.00344  3.69862e-01
 97  0.00531  4.12901e-01 | 98  0.00797  4.57042e-01 | 99  0.01239  5.18787e-01
100  0.01296  5.76931e-01 |101  0.01216  6.24132e-01 |102  0.01166  6.72059e-01
103  0.00437  6.70383e-01 |104  0.00490  6.55397e-01 |105  0.02598  7.58497e-01
106  0.02659  7.09031e-01 |107 -0.00094  4.57762e-01 |108  0.01761  4.61795e-01
109  0.08852  4.62030e-01 |110  0.03410  2.85883e-01 |111 -0.01255  4.86379e-02
112  0.00669 -1.02941e-01 |113  0.02095 -2.25988e-01 |114  0.03795 -3.85632e-01
115  0.00686 -4.54698e-01 |116 -0.06340 -3.55693e-01 |117 -0.07953 -3.65722e-01
118 -0.07751 -4.94783e-01 |119 -0.03644 -6.83660e-01 |120  0.06310 -8.84654e-01
121  0.02104 -2.65741e-01 |122  0.00770 -1.36878e-01 |123 -0.03236  5.05812e-02
124 -0.07941 -1.47847e-01 |125 -0.02106 -9.32589e-02 |126 -0.01194 -4.69045e-02
127 -0.03928 -8.88752e-02 |128  0.01539 -1.84213e-01 |129  0.06633  7.54681e-02
130  0.02428 -2.12488e-01 |131  0.09451  2.07597e-01 |132  0.01991  1.94423e-01
133  0.15155  2.43078e-01 |134  0.01205 -7.42153e-02 |135 -0.03350 -3.51796e-02
136 -0.04037 -4.61862e-02 |137 -0.01630  7.82192e-02 |138  0.06148  2.36779e-01
139  0.00037  5.22116e-03 |140 -0.00211 -5.68609e-02 |141 -0.00532 -3.60836e-02
142 -0.00020 -6.76192e-07 |143  0.00000  2.88671e-15 |144  0.24715  4.96467e+00
145  0.15823 -1.69028e-01 |146  0.03816 -9.90521e+00 |147  0.29613  1.29366e+01
148  0.01582 -6.17082e+00 |149 -0.11286 -1.21303e+01 |150 -0.45747  3.93706e-02
151  0.31650  2.14278e-02 |152  0.04578  3.14371e-01 |153 -0.23558  6.43358e-02
154  0.16580 -6.98974e-01 |155  0.25705  1.29727e+00 |156  0.16835  3.17649e-01
157  0.25305 -5.90115e-01 |158  0.00353 -5.56573e-01 |159 -0.09776 -2.31783e+00
160  0.13248  8.07780e-02 |161  0.30399 -1.81578e-01 |162  0.15964  6.55104e-01
163  0.24414 -1.06825e+00 |164 -0.35484  2.29916e-01 |165  0.24256 -1.56328e-01
166  0.05287  1.11020e+00 |167 -0.18850  1.64915e+01 |168  0.19929  4.87486e-02
169  0.31736  3.13549e-01 |170  0.07798  6.84854e-01 |171 -0.53263  5.08569e-04
172 -0.41969 -1.72339e+00 |173  0.22349  2.18038e+00 |174  0.09633 -5.25875e+00
175 -0.12302  1.73716e+00 |176  0.05094 -1.26088e-01 |177  0.11809  4.81650e-01
178  0.32216  1.45655e-02 |179  0.27314 -1.69616e+00 |180  0.00604 -2.22672e-02
181  0.00728 -3.86032e-01 |182 -0.15205  1.86683e+00 |183 -0.12542 -3.85955e+00
184  0.00886 -4.94719e-01 |185  0.40103  1.57777e-01 |186  0.01949 -5.70488e-01
187 -0.15424  2.50263e-01 |188  0.09846  8.97340e+00 |189  0.15970  1.23385e+01
190  0.21888 -2.96847e+00 |191  0.25771 -1.44539e+01 |192  0.02410  1.10787e+01
193 -0.00740  7.25966e+00 |194 -0.17570 -6.29655e-02 |195 -0.11420  1.86545e+01
196 -0.55936  7.46713e-02 |197  0.16930 -1.82327e-01 |198  0.09697 -1.98307e-01
199 -0.25756 -5.26554e-02 |
199 variables; iteration 60; function evaluation 65; phase 4
Function value 6.0603500e+03; maximum gradient component mag -5.4137e+00
Var    Value     Gradient |Var    Value     Gradient |Var    Value     Gradient
  1 -0.42216  1.16574e+00 |  2  0.37121  1.51311e+00 |  3 -0.13127  6.44356e-01
  4 -0.00393  1.57323e+00 |  5 -0.72715 -1.87774e-01 |  6 -0.60981  9.70337e-01
  7  0.37308  1.45638e+00 |  8 -0.18422  9.52470e-02 |  9  0.04241 -2.85249e-01
 10 -0.62400 -8.12539e-01 | 11 -0.62947 -1.46180e+00 | 12 -0.05833 -2.41258e+00
 13 -0.00870  1.09377e-02 | 14 -0.00889  1.14407e-02 | 15 -0.00906  1.19721e-02
 16 -0.00924  1.25307e-02 | 17 -0.00941  1.31161e-02 | 18 -0.00957  1.37243e-02
 19 -0.00972  1.43513e-02 | 20 -0.00986  1.49927e-02 | 21 -0.01000  1.56435e-02
 22 -0.01012  1.62983e-02 | 23 -0.01023  1.69511e-02 | 24 -0.01032  1.75961e-02
 25 -0.01040  1.82270e-02 | 26 -0.01046  1.88371e-02 | 27 -0.01050  1.94187e-02
 28 -0.01053  1.99615e-02 | 29 -0.01053  2.04536e-02 | 30 -0.01051  2.08835e-02
 31 -0.01046  2.12429e-02 | 32 -0.01040  2.15228e-02 | 33 -0.01031  2.17135e-02
 34 -0.01019  2.18039e-02 | 35 -0.01005  2.17798e-02 | 36 -0.00988  2.16230e-02
 37 -0.00969  2.13106e-02 | 38 -0.00947  2.08159e-02 | 39 -0.00923  2.01082e-02
 40 -0.00896  1.91478e-02 | 41 -0.00867  1.79101e-02 | 42 -0.00836  1.63552e-02
 43 -0.00805  1.44459e-02 | 44 -0.00773  1.21475e-02 | 45 -0.00741  9.42994e-03
 46 -0.00711  6.27444e-03 | 47 -0.00682  2.67792e-03 | 48 -0.00657 -1.35049e-03
 49 -0.00635 -5.78898e-03 | 50 -0.00618 -1.06095e-02 | 51 -0.00605 -1.57830e-02
 52 -0.00597 -2.12807e-02 | 53 -0.00594 -2.70708e-02 | 54 -0.00593 -3.31194e-02
 55 -0.00594 -3.93811e-02 | 56 -0.00595 -4.57872e-02 | 57 -0.00592 -5.22263e-02
 58 -0.00585 -5.85165e-02 | 59 -0.00569 -6.43955e-02 | 60 -0.00543 -6.95175e-02
 61 -0.00503 -7.34810e-02 | 62 -0.00446 -7.58911e-02 | 63 -0.00372 -7.65469e-02
 64 -0.00275 -7.57472e-02 | 65 -0.00156 -7.46182e-02 | 66 -0.00013 -7.52189e-02
 67  0.00156 -7.95011e-02 | 68  0.00351 -8.74284e-02 | 69  0.00574 -9.61564e-02
 70  0.00826 -1.03412e-01 | 71  0.01102 -1.11000e-01 | 72  0.01398 -1.20121e-01
 73  0.01704 -1.30048e-01 | 74  0.02007 -1.39504e-01 | 75  0.02293 -1.42042e-01
 76  0.02536 -1.49433e-01 | 77  0.02718 -1.61523e-01 | 78  0.02832 -1.64705e-01
 79  0.02874 -1.64881e-01 | 80  0.02848 -1.64127e-01 | 81  0.02763 -1.62903e-01
 82  0.02624 -1.58582e-01 | 83  0.02431 -1.44080e-01 | 84  0.02173 -1.26509e-01
 85  0.01843 -1.17711e-01 | 86  0.01466 -1.01327e-01 | 87  0.01082 -8.21024e-02
 88  0.00740 -5.82912e-02 | 89  0.00482 -3.10933e-02 | 90  0.00322  1.38775e-03
 91  0.00238  3.91234e-02 | 92  0.00185  7.86106e-02 | 93  0.00145  1.16735e-01
 94  0.00167  1.50560e-01 | 95  0.00263  1.70782e-01 | 96  0.00291  1.65822e-01
 97  0.00464  1.41461e-01 | 98  0.00718  1.15817e-01 | 99  0.01159  1.39760e-01
100  0.01225  1.81105e-01 |101  0.01172  2.64077e-01 |102  0.01144  3.65355e-01
103  0.00431  3.99232e-01 |104  0.00508  4.04578e-01 |105  0.02602  5.13920e-01
106  0.02640  3.87472e-01 |107 -0.00098  2.13716e-01 |108  0.01880  7.96849e-01
109  0.08976  8.56374e-01 |110  0.03396  4.66291e-02 |111 -0.01192  4.19926e-02
112  0.00659 -4.22471e-01 |113  0.02111 -5.81170e-01 |114  0.03834 -6.57746e-01
115  0.00669 -8.53104e-01 |116 -0.06314 -2.80070e-01 |117 -0.07922  3.85452e-04
118 -0.07610  5.07680e-01 |119 -0.03550  2.28219e-01 |120  0.06337 -2.85483e-01
121  0.02118 -1.13368e-01 |122  0.00879  3.54450e-01 |123 -0.03185  1.26094e-01
124 -0.07913 -5.37448e-02 |125 -0.02108 -1.26488e-01 |126 -0.01137 -8.35970e-02
127 -0.03950 -3.85732e-01 |128  0.01486 -7.24606e-01 |129  0.06524 -8.49970e-01
130  0.02377 -7.78841e-01 |131  0.09442 -3.43515e-01 |132  0.01889 -4.91225e-01
133  0.15188  2.29721e-01 |134  0.01289  2.22011e-01 |135 -0.03354 -1.25669e-01
136 -0.04008 -1.61460e-02 |137 -0.01552  1.04990e-01 |138  0.06367  6.50226e-01
139  0.00028 -2.34104e-02 |140 -0.00237 -1.03800e-01 |141 -0.00535 -5.97845e-02
142 -0.00018 -2.29508e-03 |143  0.00000 -5.95950e-14 |144  0.23407 -1.23834e+00
145  0.14527 -9.72656e-01 |146  0.03749  1.32107e+00 |147  0.29563 -1.39582e+00
148  0.01682  6.09717e-01 |149 -0.11263  5.72430e-01 |150 -0.46573 -4.43858e-02
151  0.30943 -3.32989e-01 |152  0.04863  4.32403e-01 |153 -0.23819 -4.21156e-01
154  0.16518  1.16132e-01 |155  0.25726  7.55961e-01 |156  0.16617 -5.60175e-01
157  0.25218 -7.02945e-01 |158  0.00495  7.31720e-03 |159 -0.09811 -1.13046e+00
160  0.12990 -9.52436e-02 |161  0.30351 -4.58377e-01 |162  0.15876 -3.95255e-01
163  0.24427  8.22527e-01 |164 -0.35259  4.28956e-01 |165  0.24312 -2.09853e-01
166  0.05263 -3.86332e-01 |167 -0.18978 -3.45671e+00 |168  0.20012  1.81627e-01
169  0.31764  1.73369e-01 |170  0.07765 -5.92115e-01 |171 -0.53330  3.55105e-04
172 -0.43810 -2.58677e-01 |173  0.21728 -6.16621e-01 |174  0.10627 -4.22022e+00
175 -0.12401  5.26844e+00 |176  0.04815  3.84950e-02 |177  0.11756 -3.14010e-01
178  0.32095 -1.30376e+00 |179  0.27345  3.84836e-01 |180  0.00858  5.28133e-02
181  0.00733  8.29158e-02 |182 -0.15405 -2.91632e-01 |183 -0.12537  2.95312e-01
184  0.00791 -5.55127e-01 |185  0.40104  3.89583e-02 |186  0.01971 -5.08857e-01
187 -0.15437  8.04782e-01 |188  0.09798 -2.80869e+00 |189  0.15908 -3.56245e+00
190  0.21875  5.88037e-01 |191  0.25790  3.01329e+00 |192  0.02383 -2.73267e+00
193 -0.00738 -6.42180e-01 |194 -0.17587 -1.19016e+00 |195 -0.11521 -5.41372e+00
196 -0.55060  9.96785e-02 |197  0.17370  4.78811e-01 |198  0.09659 -1.62521e+00
199 -0.25794 -6.07643e-01 |
199 variables; iteration 80; function evaluation 90; phase 4
Function value 6.0603181e+03; maximum gradient component mag 1.4718e+01
Var    Value     Gradient |Var    Value     Gradient |Var    Value     Gradient
  1 -0.42237  3.66765e-01 |  2  0.37135  4.51139e+00 |  3 -0.13092  1.24431e+00
  4 -0.00427  2.75787e+00 |  5 -0.72582  2.43574e-01 |  6 -0.60990  2.85903e+00
  7  0.37307  3.50524e+00 |  8 -0.18413 -2.03656e+00 |  9  0.04255  1.72792e+00
 10 -0.62239 -6.30498e-01 | 11 -0.62980 -4.98963e+00 | 12 -0.05409 -4.66043e+00
 13 -0.00879 -2.11982e-02 | 14 -0.00898 -2.18497e-02 | 15 -0.00916 -2.25152e-02
 16 -0.00934 -2.31918e-02 | 17 -0.00951 -2.38771e-02 | 18 -0.00967 -2.45657e-02
 19 -0.00983 -2.52522e-02 | 20 -0.00998 -2.59307e-02 | 21 -0.01012 -2.65946e-02
 22 -0.01024 -2.72368e-02 | 23 -0.01035 -2.78496e-02 | 24 -0.01045 -2.84250e-02
 25 -0.01053 -2.89544e-02 | 26 -0.01060 -2.94285e-02 | 27 -0.01064 -2.98371e-02
 28 -0.01067 -3.01691e-02 | 29 -0.01067 -3.04130e-02 | 30 -0.01065 -3.05588e-02
 31 -0.01061 -3.05984e-02 | 32 -0.01055 -3.05230e-02 | 33 -0.01045 -3.03234e-02
 34 -0.01034 -2.99894e-02 | 35 -0.01020 -2.95092e-02 | 36 -0.01002 -2.88694e-02
 37 -0.00983 -2.80553e-02 | 38 -0.00960 -2.70524e-02 | 39 -0.00935 -2.58467e-02
 40 -0.00907 -2.44216e-02 | 41 -0.00877 -2.27744e-02 | 42 -0.00846 -2.08945e-02
 43 -0.00813 -1.87761e-02 | 44 -0.00779 -1.64183e-02 | 45 -0.00746 -1.38272e-02
 46 -0.00713 -1.10208e-02 | 47 -0.00683 -8.03155e-03 | 48 -0.00655 -4.90160e-03
 49 -0.00631 -1.68140e-03 | 50 -0.00611  1.57725e-03 | 51 -0.00595  4.82314e-03
 52 -0.00585  8.00088e-03 | 53 -0.00578  1.10419e-02 | 54 -0.00575  1.38613e-02
 55 -0.00573  1.63554e-02 | 56 -0.00571  1.83995e-02 | 57 -0.00566  1.98387e-02
 58 -0.00557  2.04707e-02 | 59 -0.00540  2.00437e-02 | 60 -0.00513  1.82654e-02
 61 -0.00474  1.48330e-02 | 62 -0.00419  9.49689e-03 | 63 -0.00348  2.19696e-03
 64 -0.00257 -6.73368e-03 | 65 -0.00143 -1.63770e-02 | 66 -0.00004 -2.53446e-02
 67  0.00162 -3.24876e-02 | 68  0.00356 -3.80686e-02 | 69  0.00579 -4.37318e-02
 70  0.00829 -4.99544e-02 | 71  0.01105 -5.52269e-02 | 72  0.01401 -5.91611e-02
 73  0.01709 -6.02249e-02 | 74  0.02012 -6.76088e-02 | 75  0.02285 -9.21272e-02
 76  0.02531 -9.04233e-02 | 77  0.02724 -7.79486e-02 | 78  0.02836 -8.34369e-02
 79  0.02876 -8.64110e-02 | 80  0.02849 -8.72892e-02 | 81  0.02766 -8.31113e-02
 82  0.02629 -7.54397e-02 | 83  0.02425 -8.62893e-02 | 84  0.02150 -1.06972e-01
 85  0.01829 -8.65827e-02 | 86  0.01457 -6.85653e-02 | 87  0.01070 -6.23389e-02
 88  0.00725 -5.49437e-02 | 89  0.00462 -4.91481e-02 | 90  0.00295 -4.60198e-02
 91  0.00200 -4.57805e-02 | 92  0.00138 -4.66988e-02 | 93  0.00089 -4.77408e-02
 94  0.00104 -4.95492e-02 | 95  0.00200 -4.85420e-02 | 96  0.00245 -3.54594e-02
 97  0.00444 -1.89380e-02 | 98  0.00727 -2.54031e-03 | 99  0.01171 -1.36074e-02
100  0.01232 -2.66072e-02 |101  0.01149 -5.42419e-02 |102  0.01087 -8.16992e-02
103  0.00374 -7.27219e-02 |104  0.00480 -4.32548e-03 |105  0.02589  6.66602e-02
106  0.02700  1.63029e-01 |107  0.00039  3.02953e-01 |108  0.01730  9.44816e-02
109  0.08916  5.44978e-01 |110  0.03564  6.34435e-01 |111 -0.01257  3.12121e-01
112  0.00745  7.35667e-01 |113  0.02192  8.60809e-01 |114  0.03822  7.16154e-01
115  0.00765  4.71478e-01 |116 -0.06261  2.94399e-01 |117 -0.07920 -9.37279e-03
118 -0.07755 -3.10430e-01 |119 -0.03578  1.73437e-03 |120  0.06434 -1.17753e-01
121  0.02200 -2.67604e-02 |122  0.00822 -4.07103e-01 |123 -0.03184 -2.94665e-01
124 -0.07902 -1.21405e-01 |125 -0.02065 -1.23399e-01 |126 -0.01177 -3.01004e-01
127 -0.03832 -1.94729e-02 |128  0.01523 -5.59331e-01 |129  0.06608 -6.54262e-01
130  0.02464 -4.76867e-01 |131  0.09498 -6.08598e-01 |132  0.02023 -3.86309e-01
133  0.15247 -2.76332e-01 |134  0.01275 -1.03591e-01 |135 -0.03289 -1.15819e-02
136 -0.04004 -1.57103e-01 |137 -0.01542 -1.44859e-01 |138  0.06320 -1.09640e-01
139  0.00027 -3.01544e-02 |140 -0.00246 -7.18806e-02 |141 -0.00507  2.48157e-02
142 -0.00014  9.51606e-04 |143 -0.00000 -1.91529e-13 |144  0.22781 -3.10713e+00
145  0.14035 -7.19586e-01 |146  0.03723  3.75878e+00 |147  0.29543 -4.48997e+00
148  0.01706  2.18695e+00 |149 -0.11265  3.84187e+00 |150 -0.45447  9.33111e-02
151  0.32049  2.95004e-01 |152  0.04503  4.47813e-01 |153 -0.23625 -3.43153e-02
154  0.16425 -1.90498e-01 |155  0.25685  1.48204e-01 |156  0.16679 -1.82146e-02
157  0.25271 -6.08716e-02 |158  0.00444  7.04977e-02 |159 -0.09820 -3.70353e-01
160  0.13019  2.64121e-01 |161  0.30377 -3.15709e-01 |162  0.15811 -7.25684e-01
163  0.24405  9.49795e-01 |164 -0.35337  2.11788e-01 |165  0.24294 -3.00466e-02
166  0.05298 -5.10370e-01 |167 -0.18984 -7.18912e+00 |168  0.19766 -1.11924e-01
169  0.31698 -2.85741e-01 |170  0.07793 -7.12155e-01 |171 -0.53419  4.26469e-04
172 -0.46059  4.54581e-01 |173  0.21014 -1.66171e+00 |174  0.11772  9.63119e-01
175 -0.12497  1.47183e+01 |176  0.05218  5.73225e-01 |177  0.11782 -5.08915e-02
178  0.32266 -1.65445e-01 |179  0.27370  9.86490e-01 |180  0.00521  8.59877e-02
181  0.00695 -3.81498e-02 |182 -0.15347  1.21037e+00 |183 -0.12543  1.33152e+00
184  0.00807 -1.66236e-01 |185  0.40132  1.11436e-01 |186  0.01989 -2.84964e-01
187 -0.15521  2.46878e-03 |188  0.09794 -4.86081e+00 |189  0.15897 -6.58822e+00
190  0.21877  1.70150e+00 |191  0.25797  6.94164e+00 |192  0.02369 -5.63436e+00
193 -0.00746 -2.63295e+00 |194 -0.17596 -9.53962e-01 |195 -0.11551 -9.78022e+00
196 -0.55290  2.41944e-01 |197  0.17211 -1.36952e-01 |198  0.09684 -1.06808e+00
199 -0.25832 -3.94998e-01 |
199 variables; iteration 100; function evaluation 122; phase 4
Function value 6.0602855e+03; maximum gradient component mag -2.7762e+00
Var    Value     Gradient |Var    Value     Gradient |Var    Value     Gradient
  1 -0.42243  3.16032e-01 |  2  0.37122  2.55405e-01 |  3 -0.13060  1.34488e-01
  4 -0.00438  1.94447e-01 |  5 -0.72601 -5.10104e-02 |  6 -0.61004  2.16299e-02
  7  0.37293 -1.22955e-01 |  8 -0.18372  2.57891e-02 |  9  0.04232  1.34011e-01
 10 -0.62216  2.22393e-01 | 11 -0.62969  7.55492e-02 | 12 -0.05153 -1.75724e+00
 13 -0.00873 -8.45227e-03 | 14 -0.00892 -8.38760e-03 | 15 -0.00909 -8.34706e-03
 16 -0.00927 -8.33602e-03 | 17 -0.00944 -8.36087e-03 | 18 -0.00960 -8.42804e-03
 19 -0.00975 -8.54495e-03 | 20 -0.00990 -8.72006e-03 | 21 -0.01004 -8.96273e-03
 22 -0.01016 -9.28322e-03 | 23 -0.01027 -9.69256e-03 | 24 -0.01037 -1.02023e-02
 25 -0.01045 -1.08246e-02 | 26 -0.01051 -1.15717e-02 | 27 -0.01056 -1.24557e-02
 28 -0.01059 -1.34881e-02 | 29 -0.01059 -1.46789e-02 | 30 -0.01058 -1.60367e-02
 31 -0.01054 -1.75700e-02 | 32 -0.01048 -1.92846e-02 | 33 -0.01040 -2.11829e-02
 34 -0.01029 -2.32612e-02 | 35 -0.01015 -2.55072e-02 | 36 -0.00999 -2.78966e-02
 37 -0.00981 -3.03894e-02 | 38 -0.00959 -3.29282e-02 | 39 -0.00936 -3.54360e-02
 40 -0.00909 -3.78116e-02 | 41 -0.00881 -3.99534e-02 | 42 -0.00850 -4.17373e-02
 43 -0.00819 -4.30422e-02 | 44 -0.00786 -4.37589e-02 | 45 -0.00754 -4.38054e-02
 46 -0.00722 -4.31414e-02 | 47 -0.00692 -4.17771e-02 | 48 -0.00664 -3.97603e-02
 49 -0.00641 -3.71628e-02 | 50 -0.00621 -3.40562e-02 | 51 -0.00605 -3.04937e-02
 52 -0.00595 -2.65018e-02 | 53 -0.00588 -2.20904e-02 | 54 -0.00584 -1.72559e-02
 55 -0.00581 -1.20053e-02 | 56 -0.00578 -6.39794e-03 | 57 -0.00573 -5.94002e-04
 58 -0.00562  5.08367e-03 | 59 -0.00544  1.00844e-02 | 60 -0.00516  1.36098e-02
 61 -0.00476  1.46971e-02 | 62 -0.00422  1.25547e-02 | 63 -0.00351  7.32214e-03
 64 -0.00260  1.10601e-03 | 65 -0.00146 -1.84415e-03 | 66 -0.00004  1.86189e-03
 67  0.00166  9.04348e-03 | 68  0.00362  1.24808e-02 | 69  0.00588  1.93252e-02
 70  0.00849  4.30353e-02 | 71  0.01132  6.06907e-02 | 72  0.01426  5.56906e-02
 73  0.01725  4.12598e-02 | 74  0.02032  4.90445e-02 | 75  0.02296  1.01584e-02
 76  0.02557  4.82948e-02 | 77  0.02746  5.74508e-02 | 78  0.02843  2.34629e-02
 79  0.02896  4.85737e-02 | 80  0.02863  3.54178e-02 | 81  0.02766  1.25060e-02
 82  0.02645  4.79967e-02 | 83  0.02440  3.10880e-02 | 84  0.02142 -4.20472e-02
 85  0.01825 -1.98904e-02 | 86  0.01431 -5.76027e-02 | 87  0.01043 -6.29352e-02
 88  0.00701 -5.78666e-02 | 89  0.00438 -6.21183e-02 | 90  0.00268 -7.41162e-02
 91  0.00172 -8.80883e-02 | 92  0.00108 -1.03415e-01 | 93  0.00059 -1.14563e-01
 94  0.00084 -1.05260e-01 | 95  0.00199 -7.26639e-02 | 96  0.00251 -5.53390e-02
 97  0.00438 -8.09710e-02 | 98  0.00661 -2.08805e-01 | 99  0.01125 -1.77621e-01
100  0.01195 -1.63097e-01 |101  0.01165 -5.32526e-02 |102  0.01147  2.42192e-02
103  0.00330 -1.95983e-01 |104  0.00450 -6.01735e-02 |105  0.02672  1.90392e-01
106  0.02659 -2.63304e-02 |107 -0.00000  1.24069e-01 |108  0.01711 -2.22662e-01
109  0.08907 -1.57303e-01 |110  0.03518  1.88786e-01 |111 -0.01170  2.62396e-01
112  0.00706  1.95768e-01 |113  0.02133  1.69037e-01 |114  0.03823  1.89582e-01
115  0.00750  2.45095e-01 |116 -0.06272  1.82191e-01 |117 -0.07987 -2.97353e-01
118 -0.07721 -7.80133e-02 |119 -0.03574  2.06629e-01 |120  0.06474  2.39091e-01
121  0.02049 -4.04584e-01 |122  0.00895  2.06716e-01 |123 -0.03189 -6.67434e-03
124 -0.07807  3.95440e-01 |125 -0.02070  9.12527e-02 |126 -0.01218 -1.48674e-01
127 -0.03845  1.92149e-01 |128  0.01544 -6.61328e-02 |129  0.06562 -3.87987e-02
130  0.02558  2.06274e-01 |131  0.09443 -2.09910e-01 |132  0.02052 -1.98938e-02
133  0.15160 -4.06783e-01 |134  0.01209 -2.80101e-01 |135 -0.03280  5.51106e-02
136 -0.03999 -1.09423e-01 |137 -0.01548 -1.26250e-01 |138  0.06343  2.48503e-02
139  0.00026 -3.58743e-02 |140 -0.00212  2.23283e-02 |141 -0.00503  2.07865e-02
142 -0.00016 -4.47171e-03 |143  0.00000 -1.95672e-14 |144  0.22532 -1.81052e-01
145  0.13761 -1.10253e+00 |146  0.03670 -2.16235e-01 |147  0.29545  1.47359e-01
148  0.01733  1.11836e-01 |149 -0.11330 -4.06735e-02 |150 -0.45739 -1.12974e-01
151  0.31702  1.22169e-01 |152  0.04560 -5.78276e-02 |153 -0.23674 -1.04272e-01
154  0.16439  2.58677e-01 |155  0.25705  1.96241e-01 |156  0.16665 -8.49579e-02
157  0.25271  7.14466e-02 |158  0.00452 -3.32788e-03 |159 -0.09848  4.96036e-02
160  0.12878 -1.01217e-01 |161  0.30344  8.35076e-02 |162  0.15806  1.28550e-01
163  0.24409  1.26569e-01 |164 -0.35553 -4.29178e-02 |165  0.24221  2.69524e-02
166  0.05334 -3.83862e-02 |167 -0.18990 -2.50369e-01 |168  0.19902  1.45523e-01
169  0.31737  4.47012e-02 |170  0.07770 -1.99771e-01 |171 -0.53638  1.73710e-04
172 -0.46444  2.42033e-02 |173  0.20912 -4.02453e-02 |174  0.12204 -2.90454e-01
175 -0.12850  1.29405e+00 |176  0.05040  8.90958e-02 |177  0.11731 -2.34628e-02
178  0.32217  2.09605e-01 |179  0.27340  1.02433e-01 |180  0.00682 -4.29218e-02
181  0.00748 -6.56993e-02 |182 -0.15433  5.09057e-02 |183 -0.12592 -1.30042e-02
184  0.00695 -1.34705e-01 |185  0.40043 -2.40631e-01 |186  0.02080  3.78281e-02
187 -0.15583 -9.25344e-02 |188  0.09784 -2.24137e-01 |189  0.15892 -3.05179e-01
190  0.21873  1.20474e-01 |191  0.25789  3.54545e-01 |192  0.02386 -3.20183e-01
193 -0.00726 -2.05626e-01 |194 -0.17628 -1.04687e-01 |195 -0.11562 -2.25177e-01
196 -0.55881 -1.58643e-01 |197  0.16954 -1.50670e-01 |198  0.09707 -2.77622e+00
199 -0.25798 -5.39650e-01 |
199 variables; iteration 120; function evaluation 155; phase 4
Function value 6.0602822e+03; maximum gradient component mag -3.4999e-02
Var    Value     Gradient |Var    Value     Gradient |Var    Value     Gradient
  1 -0.42247  2.51356e-02 |  2  0.37125  1.07654e-02 |  3 -0.13048  1.36407e-02
  4 -0.00449  1.11397e-02 |  5 -0.72555  1.92335e-04 |  6 -0.61009  1.67944e-03
  7  0.37298  8.82689e-03 |  8 -0.18359  1.23898e-02 |  9  0.04217  8.10824e-03
 10 -0.62207 -2.77223e-03 | 11 -0.62970  3.19993e-03 | 12 -0.04993 -3.49988e-02
 13 -0.00872 -3.80248e-04 | 14 -0.00891 -4.02635e-04 | 15 -0.00908 -4.30165e-04
 16 -0.00926 -4.62344e-04 | 17 -0.00943 -4.98413e-04 | 18 -0.00959 -5.37285e-04
 19 -0.00975 -5.77583e-04 | 20 -0.00989 -6.17633e-04 | 21 -0.01003 -6.55494e-04
 22 -0.01015 -6.89009e-04 | 23 -0.01026 -7.15885e-04 | 24 -0.01036 -7.33804e-04
 25 -0.01044 -7.40566e-04 | 26 -0.01050 -7.34245e-04 | 27 -0.01054 -7.13366e-04
 28 -0.01057 -6.77058e-04 | 29 -0.01057 -6.25183e-04 | 30 -0.01055 -5.58468e-04
 31 -0.01051 -4.78711e-04 | 32 -0.01044 -3.89134e-04 | 33 -0.01035 -2.94538e-04
 34 -0.01024 -2.01454e-04 | 35 -0.01009 -1.18035e-04 | 36 -0.00993 -5.36591e-05
 37 -0.00973 -1.79989e-05 | 38 -0.00951 -1.95248e-05 | 39 -0.00926 -6.37321e-05
 40 -0.00899 -1.51553e-04 | 41 -0.00870 -2.76741e-04 | 42 -0.00839 -4.27123e-04
 43 -0.00806 -5.84843e-04 | 44 -0.00774 -7.29046e-04 | 45 -0.00741 -8.40326e-04
 46 -0.00710 -9.05203e-04 | 47 -0.00680 -9.19432e-04 | 48 -0.00654 -8.88155e-04
 49 -0.00630 -8.23241e-04 | 50 -0.00612 -7.38914e-04 | 51 -0.00598 -6.47791e-04
 52 -0.00588 -5.58650e-04 | 53 -0.00583 -4.76315e-04 | 54 -0.00580 -4.02221e-04
 55 -0.00580 -3.36348e-04 | 56 -0.00578 -2.80352e-04 | 57 -0.00574 -2.41878e-04
 58 -0.00565 -2.41264e-04 | 59 -0.00548 -3.20785e-04 | 60 -0.00521 -5.50436e-04
 61 -0.00481 -1.01476e-03 | 62 -0.00426 -1.74854e-03 | 63 -0.00353 -2.60353e-03
 64 -0.00260 -3.15214e-03 | 65 -0.00143 -2.93991e-03 | 66 -0.00002 -2.15192e-03
 67  0.00166 -1.57164e-03 | 68  0.00361 -1.48054e-03 | 69  0.00585 -1.79927e-03
 70  0.00836 -1.35643e-03 | 71  0.01112 -9.84909e-04 | 72  0.01407 -1.51951e-03
 73  0.01714 -5.68046e-04 | 74  0.02016 -1.46655e-03 | 75  0.02298 -4.06220e-03
 76  0.02540 -2.61247e-03 | 77  0.02723 -3.11324e-03 | 78  0.02835 -3.97227e-03
 79  0.02876  1.83836e-03 | 80  0.02846 -1.25325e-03 | 81  0.02758 -6.60815e-04
 82  0.02615 -2.58832e-03 | 83  0.02416 -1.31131e-03 | 84  0.02149 -2.91044e-03
 85  0.01817 -3.82596e-03 | 86  0.01437 -2.02685e-03 | 87  0.01047 -2.97605e-03
 88  0.00699 -2.50695e-03 | 89  0.00434 -2.91837e-03 | 90  0.00265 -3.28121e-03
 91  0.00170 -3.22076e-03 | 92  0.00107 -2.86050e-03 | 93  0.00059 -2.26411e-03
 94  0.00076 -1.32844e-03 | 95  0.00174 -1.25409e-03 | 96  0.00215 -2.84276e-03
 97  0.00410 -3.12712e-03 | 98  0.00688 -1.34916e-03 | 99  0.01138 -3.11318e-03
100  0.01210 -2.95962e-03 |101  0.01142 -3.29202e-03 |102  0.01104 -1.73756e-03
103  0.00393 -9.68040e-04 |104  0.00468 -2.41453e-03 |105  0.02587 -4.79470e-03
106  0.02679 -1.51359e-03 |107 -0.00057  1.71508e-03 |108  0.01775  4.30486e-03
109  0.08956  7.22534e-03 |110  0.03468  3.48818e-03 |111 -0.01217 -1.97340e-03
112  0.00698  1.46460e-03 |113  0.02135  7.62720e-03 |114  0.03830  7.16913e-03
115  0.00731  2.11883e-03 |116 -0.06301  6.95436e-03 |117 -0.07921  2.23143e-03
118 -0.07705  6.00743e-04 |119 -0.03603  1.49851e-03 |120  0.06449  7.05503e-03
121  0.02143  5.57512e-03 |122  0.00853  4.22441e-03 |123 -0.03172  2.25663e-04
124 -0.07890  5.72042e-04 |125 -0.02083  1.54378e-03 |126 -0.01173  2.62326e-03
127 -0.03904  1.79827e-03 |128  0.01558  1.35576e-03 |129  0.06589  1.22847e-03
130  0.02490 -6.18543e-04 |131  0.09510  3.80600e-03 |132  0.02057  1.36390e-03
133  0.15229  1.50506e-03 |134  0.01280  1.45141e-03 |135 -0.03287 -1.28717e-03
136 -0.03960  1.20860e-03 |137 -0.01498 -1.18005e-03 |138  0.06359 -2.00639e-03
139  0.00036  2.03146e-04 |140 -0.00220  6.48757e-04 |141 -0.00513 -2.11392e-03
142 -0.00014 -1.45316e-04 |143  0.00000  9.33184e-13 |144  0.22339 -9.68906e-03
145  0.13629 -1.88818e-03 |146  0.03671 -7.32036e-03 |147  0.29544  6.79611e-03
148  0.01725 -4.05462e-03 |149 -0.11342 -6.74145e-03 |150 -0.45676  2.40822e-04
151  0.31643 -8.98083e-07 |152  0.04536 -8.43957e-04 |153 -0.23656  3.44488e-03
154  0.16387 -6.49995e-03 |155  0.25682  5.55509e-03 |156  0.16659 -3.67073e-03
157  0.25270  5.14958e-03 |158  0.00456 -1.72304e-03 |159 -0.09864 -2.72796e-03
160  0.12856 -4.42495e-03 |161  0.30341  5.65405e-03 |162  0.15768 -4.81165e-03
163  0.24392  5.24172e-03 |164 -0.35539 -5.63706e-04 |165  0.24225  6.05647e-04
166  0.05332 -3.02689e-03 |167 -0.18997 -2.40292e-02 |168  0.19742 -3.26607e-03
169  0.31704  1.37830e-03 |170  0.07791 -8.08154e-03 |171 -0.53762  1.44568e-04
172 -0.46638 -7.26664e-04 |173  0.20848  4.96209e-03 |174  0.12337  2.18416e-03
175 -0.12925 -1.46866e-02 |176  0.04936 -2.88424e-03 |177  0.11716 -6.55088e-03
178  0.32181  1.79164e-03 |179  0.27334  4.69372e-03 |180  0.00768 -1.95991e-03
181  0.00762 -1.76280e-03 |182 -0.15459 -5.85306e-03 |183 -0.12604 -6.02901e-03
184  0.00754 -5.42103e-04 |185  0.40106  2.63435e-03 |186  0.02033 -2.39415e-03
187 -0.15575 -2.80085e-04 |188  0.09777 -2.64742e-02 |189  0.15881 -2.45392e-02
190  0.21870  1.35624e-02 |191  0.25786  2.39697e-02 |192  0.02389 -2.14955e-02
193 -0.00712 -9.14288e-03 |194 -0.17638 -1.08738e-02 |195 -0.11574 -2.98874e-02
196 -0.55942  3.14442e-04 |197  0.16948  8.12608e-04 |198  0.09732 -3.81558e-03
199 -0.25933 -3.59222e-03 |

 - final statistics:
199 variables; iteration 135; function evaluation 181
Function value 6.0603e+03; maximum gradient component mag -7.0830e-04
Exit code = 1;  converg criter 1.0000e-03
Var    Value     Gradient |Var    Value     Gradient |Var    Value     Gradient
  1 -0.42247  1.66891e-04 |  2  0.37125  1.29584e-04 |  3 -0.13048  8.98210e-05
  4 -0.00449  1.11853e-04 |  5 -0.72555 -1.05787e-04 |  6 -0.61009  9.48734e-05
  7  0.37298  1.16173e-04 |  8 -0.18359 -5.08477e-06 |  9  0.04217  5.72495e-05
 10 -0.62206  7.07183e-05 | 11 -0.62970 -8.56858e-05 | 12 -0.04988 -4.10516e-04
 13 -0.00872  8.73579e-06 | 14 -0.00890  1.01306e-05 | 15 -0.00908  1.22781e-05
 16 -0.00926  1.52137e-05 | 17 -0.00943  1.89065e-05 | 18 -0.00959  2.32421e-05
 19 -0.00975  2.80254e-05 | 20 -0.00989  3.29845e-05 | 21 -0.01003  3.77809e-05
 22 -0.01015  4.20288e-05 | 23 -0.01026  4.53186e-05 | 24 -0.01035  4.72447e-05
 25 -0.01043  4.74341e-05 | 26 -0.01050  4.55739e-05 | 27 -0.01054  4.14370e-05
 28 -0.01057  3.49052e-05 | 29 -0.01057  2.59871e-05 | 30 -0.01055  1.48393e-05
 31 -0.01051  1.79896e-06 | 32 -0.01044 -1.25599e-05 | 33 -0.01035 -2.74001e-05
 34 -0.01024 -4.16138e-05 | 35 -0.01009 -5.38860e-05 | 36 -0.00993 -6.28482e-05
 37 -0.00973 -6.73579e-05 | 38 -0.00951 -6.68724e-05 | 39 -0.00926 -6.17911e-05
 40 -0.00899 -5.35902e-05 | 41 -0.00870 -4.47694e-05 | 42 -0.00839 -3.80347e-05
 43 -0.00806 -3.55203e-05 | 44 -0.00774 -3.79595e-05 | 45 -0.00741 -4.43420e-05
 46 -0.00710 -5.23268e-05 | 47 -0.00680 -5.92203e-05 | 48 -0.00653 -6.29812e-05
 49 -0.00630 -6.27288e-05 | 50 -0.00612 -5.86223e-05 | 51 -0.00598 -5.13686e-05
 52 -0.00588 -4.17316e-05 | 53 -0.00583 -3.02685e-05 | 54 -0.00580 -1.72118e-05
 55 -0.00580 -2.51077e-06 | 56 -0.00578  1.40208e-05 | 57 -0.00574  3.24401e-05
 58 -0.00565  5.21170e-05 | 59 -0.00549  7.05802e-05 | 60 -0.00521  8.19406e-05
 61 -0.00481  7.65616e-05 | 62 -0.00426  4.71501e-05 | 63 -0.00353  4.36830e-06
 64 -0.00259 -1.92506e-05 | 65 -0.00142 -1.25204e-05 | 66 -0.00001 -4.54220e-06
 67  0.00166  9.34694e-06 | 68  0.00361  1.87425e-05 | 69  0.00585 -9.30382e-05
 70  0.00836  6.76591e-05 | 71  0.01112  2.00822e-04 | 72  0.01407  1.48840e-04
 73  0.01713 -1.02810e-05 | 74  0.02016  2.64204e-04 | 75  0.02299 -2.50720e-04
 76  0.02540 -2.91955e-04 | 77  0.02724  4.07245e-05 | 78  0.02836  1.16579e-04
 79  0.02874 -3.48473e-05 | 80  0.02845 -1.93551e-04 | 81  0.02757 -1.04902e-05
 82  0.02615 -1.62005e-05 | 83  0.02415 -5.41208e-05 | 84  0.02150  4.01850e-04
 85  0.01818 -9.30679e-05 | 86  0.01437 -2.89200e-04 | 87  0.01047 -2.33788e-04
 88  0.00699  3.94289e-05 | 89  0.00434 -4.17434e-05 | 90  0.00265 -6.99282e-05
 91  0.00170 -6.13118e-05 | 92  0.00107 -5.27068e-05 | 93  0.00059 -3.49525e-05
 94  0.00075  2.33242e-05 | 95  0.00173  1.16177e-04 | 96  0.00215  7.85036e-05
 97  0.00410 -5.09319e-05 | 98  0.00687  4.60183e-04 | 99  0.01138 -3.40941e-05
100  0.01210 -1.57511e-04 |101  0.01142 -2.61506e-04 |102  0.01104  6.75007e-05
103  0.00392 -3.32692e-04 |104  0.00468 -3.02346e-06 |105  0.02589  1.33242e-04
106  0.02680  2.77144e-04 |107 -0.00057  2.48812e-06 |108  0.01775  1.65967e-05
109  0.08956 -4.77080e-05 |110  0.03469 -4.86648e-05 |111 -0.01216  1.49384e-04
112  0.00699  3.57133e-04 |113  0.02135 -1.00906e-04 |114  0.03830 -2.31475e-04
115  0.00732  4.18314e-04 |116 -0.06301 -2.72867e-04 |117 -0.07920  1.91658e-05
118 -0.07704  1.09125e-05 |119 -0.03602  3.55159e-05 |120  0.06449 -3.22466e-05
121  0.02143  2.82106e-05 |122  0.00853 -4.15751e-05 |123 -0.03172  5.93074e-05
124 -0.07890 -8.78981e-05 |125 -0.02083  7.03477e-05 |126 -0.01173 -6.53860e-05
127 -0.03904  3.61774e-05 |128  0.01558 -1.35728e-04 |129  0.06589 -3.99327e-05
130  0.02491  8.90860e-06 |131  0.09509 -1.56755e-04 |132  0.02057 -5.27386e-05
133  0.15228 -1.39460e-04 |134  0.01280 -2.61174e-04 |135 -0.03287 -7.08299e-04
136 -0.03961  7.51556e-05 |137 -0.01498  2.03331e-04 |138  0.06360  8.14969e-05
139  0.00036  2.45933e-04 |140 -0.00220  6.47075e-05 |141 -0.00512 -2.80965e-05
142 -0.00014 -5.44562e-06 |143  0.00000  3.47289e-13 |144  0.22332 -1.73227e-04
145  0.13623  4.57762e-05 |146  0.03671  6.49093e-05 |147  0.29544 -7.99442e-05
148  0.01725  6.88743e-05 |149 -0.11342  3.42843e-05 |150 -0.45678  3.40104e-05
151  0.31642 -2.71826e-05 |152  0.04536  8.49708e-05 |153 -0.23658 -2.37347e-04
154  0.16387  6.24003e-06 |155  0.25682  8.64309e-05 |156  0.16659 -6.16025e-06
157  0.25270  2.37052e-05 |158  0.00457  6.67043e-06 |159 -0.09864 -3.69555e-05
160  0.12857  4.52674e-05 |161  0.30341  1.48584e-05 |162  0.15768 -3.94713e-05
163  0.24392  8.12477e-05 |164 -0.35539 -8.01633e-05 |165  0.24225 -1.45629e-05
166  0.05332  4.34384e-06 |167 -0.18997 -3.14079e-04 |168  0.19743  5.35443e-06
169  0.31704  2.33974e-06 |170  0.07791 -3.54503e-05 |171 -0.53816  9.82961e-05
172 -0.46639  1.00966e-05 |173  0.20848 -1.58449e-05 |174  0.12337  2.14908e-04
175 -0.12925  2.64791e-04 |176  0.04936  5.60062e-05 |177  0.11716 -3.18278e-06
178  0.32181  5.57964e-06 |179  0.27334  6.54081e-05 |180  0.00768 -6.85397e-06
181  0.00762  1.30642e-06 |182 -0.15459 -3.90801e-07 |183 -0.12604  8.31460e-06
184  0.00753 -7.79786e-06 |185  0.40105  9.98710e-07 |186  0.02033 -2.59167e-05
187 -0.15575 -6.24475e-06 |188  0.09777 -2.79621e-04 |189  0.15881 -3.07506e-04
190  0.21870  1.07682e-04 |191  0.25786  3.26893e-04 |192  0.02389 -2.69661e-04
193 -0.00712 -6.01085e-05 |194 -0.17638 -1.18451e-04 |195 -0.11574 -4.06327e-04
196 -0.55944  4.00307e-05 |197  0.16947 -3.64479e-05 |198  0.09732  1.56289e-04
199 -0.25933 -1.25951e-05 |

 - final statistics:
213 variables; iteration 0; function evaluation 0
Function value 6.0603e+03; maximum gradient component mag -7.0830e-04
Exit code = 0;  converg criter 1.0000e-03
Var    Value     Gradient |Var    Value     Gradient |Var    Value     Gradient
  1 -0.42247  1.66891e-04 |  2  0.37125  1.29584e-04 |  3 -0.13048  8.98210e-05
  4 -0.00449  1.11853e-04 |  5 -0.72555 -1.05787e-04 |  6 -0.61009  9.48734e-05
  7  0.37298  1.16173e-04 |  8 -0.18359 -5.08477e-06 |  9  0.04217  5.72495e-05
 10 -0.62206  7.07183e-05 | 11 -0.62970 -8.56857e-05 | 12 -0.04988 -4.10516e-04
 13 -0.00872  8.73579e-06 | 14 -0.00890  1.01306e-05 | 15 -0.00908  1.22781e-05
 16 -0.00926  1.52137e-05 | 17 -0.00943  1.89065e-05 | 18 -0.00959  2.32421e-05
 19 -0.00975  2.80254e-05 | 20 -0.00989  3.29845e-05 | 21 -0.01003  3.77809e-05
 22 -0.01015  4.20288e-05 | 23 -0.01026  4.53186e-05 | 24 -0.01035  4.72447e-05
 25 -0.01043  4.74341e-05 | 26 -0.01050  4.55739e-05 | 27 -0.01054  4.14370e-05
 28 -0.01057  3.49052e-05 | 29 -0.01057  2.59871e-05 | 30 -0.01055  1.48393e-05
 31 -0.01051  1.79896e-06 | 32 -0.01044 -1.25599e-05 | 33 -0.01035 -2.74001e-05
 34 -0.01024 -4.16138e-05 | 35 -0.01009 -5.38860e-05 | 36 -0.00993 -6.28482e-05
 37 -0.00973 -6.73579e-05 | 38 -0.00951 -6.68724e-05 | 39 -0.00926 -6.17911e-05
 40 -0.00899 -5.35902e-05 | 41 -0.00870 -4.47694e-05 | 42 -0.00839 -3.80347e-05
 43 -0.00806 -3.55203e-05 | 44 -0.00774 -3.79595e-05 | 45 -0.00741 -4.43420e-05
 46 -0.00710 -5.23268e-05 | 47 -0.00680 -5.92203e-05 | 48 -0.00653 -6.29812e-05
 49 -0.00630 -6.27288e-05 | 50 -0.00612 -5.86223e-05 | 51 -0.00598 -5.13686e-05
 52 -0.00588 -4.17316e-05 | 53 -0.00583 -3.02685e-05 | 54 -0.00580 -1.72118e-05
 55 -0.00580 -2.51077e-06 | 56 -0.00578  1.40208e-05 | 57 -0.00574  3.24401e-05
 58 -0.00565  5.21170e-05 | 59 -0.00549  7.05802e-05 | 60 -0.00521  8.19406e-05
 61 -0.00481  7.65616e-05 | 62 -0.00426  4.71501e-05 | 63 -0.00353  4.36830e-06
 64 -0.00259 -1.92506e-05 | 65 -0.00142 -1.25204e-05 | 66 -0.00001 -4.54220e-06
 67  0.00166  9.34694e-06 | 68  0.00361  1.87425e-05 | 69  0.00585 -9.30382e-05
 70  0.00836  6.76591e-05 | 71  0.01112  2.00822e-04 | 72  0.01407  1.48840e-04
 73  0.01713 -1.02810e-05 | 74  0.02016  2.64204e-04 | 75  0.02299 -2.50720e-04
 76  0.02540 -2.91955e-04 | 77  0.02724  4.07245e-05 | 78  0.02836  1.16579e-04
 79  0.02874 -3.48473e-05 | 80  0.02845 -1.93551e-04 | 81  0.02757 -1.04902e-05
 82  0.02615 -1.62005e-05 | 83  0.02415 -5.41208e-05 | 84  0.02150  4.01850e-04
 85  0.01818 -9.30679e-05 | 86  0.01437 -2.89200e-04 | 87  0.01047 -2.33788e-04
 88  0.00699  3.94289e-05 | 89  0.00434 -4.17434e-05 | 90  0.00265 -6.99282e-05
 91  0.00170 -6.13118e-05 | 92  0.00107 -5.27068e-05 | 93  0.00059 -3.49525e-05
 94  0.00075  2.33242e-05 | 95  0.00173  1.16177e-04 | 96  0.00215  7.85036e-05
 97  0.00410 -5.09319e-05 | 98  0.00687  4.60183e-04 | 99  0.01138 -3.40941e-05
100  0.01210 -1.57511e-04 |101  0.01142 -2.61506e-04 |102  0.01104  6.75007e-05
103  0.00392 -3.32692e-04 |104  0.00468 -3.02346e-06 |105  0.02589  1.33242e-04
106  0.02680  2.77144e-04 |107 -0.00057  2.48812e-06 |108  0.01775  1.65967e-05
109  0.08956 -4.77080e-05 |110  0.03469 -4.86648e-05 |111 -0.01216  1.49384e-04
112  0.00699  3.57133e-04 |113  0.02135 -1.00906e-04 |114  0.03830 -2.31475e-04
115  0.00732  4.18314e-04 |116 -0.06301 -2.72867e-04 |117 -0.07920  1.91658e-05
118 -0.07704  1.09125e-05 |119 -0.03602  3.55159e-05 |120  0.06449 -3.22466e-05
121  0.02143  2.82106e-05 |122  0.00853 -4.15751e-05 |123 -0.03172  5.93074e-05
124 -0.07890 -8.78981e-05 |125 -0.02083  7.03477e-05 |126 -0.01173 -6.53860e-05
127 -0.03904  3.61774e-05 |128  0.01558 -1.35728e-04 |129  0.06589 -3.99327e-05
130  0.02491  8.90860e-06 |131  0.09509 -1.56755e-04 |132  0.02057 -5.27386e-05
133  0.15228 -1.39460e-04 |134  0.01280 -2.61174e-04 |135 -0.03287 -7.08299e-04
136 -0.03961  7.51556e-05 |137 -0.01498  2.03331e-04 |138  0.06360  8.14969e-05
139  0.00036  2.45933e-04 |140 -0.00220  6.47075e-05 |141 -0.00512 -2.80965e-05
142 -0.00014 -5.44562e-06 |143  0.00000  3.47289e-13 |144  0.00000 -2.01095e-17
145  0.00000  0.00000e+00 |146  0.00000  0.00000e+00 |147  0.00000  0.00000e+00
148  0.00000  0.00000e+00 |149  0.00000  0.00000e+00 |150  0.00000  0.00000e+00
151  0.00000  0.00000e+00 |152  0.00000  0.00000e+00 |153  0.00000  0.00000e+00
154  0.00000  0.00000e+00 |155  0.00000  0.00000e+00 |156  0.00000  0.00000e+00
157  0.00000  0.00000e+00 |158  0.22332 -1.73227e-04 |159  0.13623  4.57762e-05
160  0.03671  6.49093e-05 |161  0.29544 -7.99442e-05 |162  0.01725  6.88743e-05
163 -0.11342  3.42843e-05 |164 -0.45678  3.40104e-05 |165  0.31642 -2.71826e-05
166  0.04536  8.49708e-05 |167 -0.23658 -2.37347e-04 |168  0.16387  6.24003e-06
169  0.25682  8.64309e-05 |170  0.16659 -6.16025e-06 |171  0.25270  2.37052e-05
172  0.00457  6.67043e-06 |173 -0.09864 -3.69555e-05 |174  0.12857  4.52674e-05
175  0.30341  1.48584e-05 |176  0.15768 -3.94713e-05 |177  0.24392  8.12477e-05
178 -0.35539 -8.01633e-05 |179  0.24225 -1.45629e-05 |180  0.05332  4.34384e-06
181 -0.18997 -3.14079e-04 |182  0.19743  5.35443e-06 |183  0.31704  2.33974e-06
184  0.07791 -3.54503e-05 |185 -0.53816  9.82961e-05 |186 -0.46639  1.00966e-05
187  0.20848 -1.58449e-05 |188  0.12337  2.14908e-04 |189 -0.12925  2.64791e-04
190  0.04936  5.60062e-05 |191  0.11716 -3.18278e-06 |192  0.32181  5.57964e-06
193  0.27334  6.54081e-05 |194  0.00768 -6.85397e-06 |195  0.00762  1.30642e-06
196 -0.15459 -3.90801e-07 |197 -0.12604  8.31460e-06 |198  0.00753 -7.79786e-06
199  0.40105  9.98710e-07 |200  0.02033 -2.59167e-05 |201 -0.15575 -6.24475e-06
202  0.09777 -2.79621e-04 |203  0.15881 -3.07506e-04 |204  0.21870  1.07682e-04
205  0.25786  3.26893e-04 |206  0.02389 -2.69661e-04 |207 -0.00712 -6.01085e-05
208 -0.17638 -1.18451e-04 |209 -0.11574 -4.06327e-04 |210 -0.55944  4.00307e-05
211  0.16947 -3.64479e-05 |212  0.09732  1.56289e-04 |213 -0.25933 -1.25951e-05
size of file gradfil1.tmp = 0
size of file gradfil2.tmp = 0
size of file varssave.tmp = 0
size of file cmpdiff.tmp = 1000000040
