
Initial statistics: 136 variables; iteration 0; function evaluation 0; phase 1
Function value 7.1514623e+03; maximum gradient component mag 1.8591e+01
Var    Value     Gradient |Var    Value     Gradient |Var    Value     Gradient
  1 -0.42334  1.85911e+01 |  2 -0.09289 -1.94223e+00 |  3 -0.01009 -1.13171e-01
  4 -0.01031 -1.16847e-01 |  5 -0.01053 -1.20659e-01 |  6 -0.01074 -1.24626e-01
  7 -0.01095 -1.28759e-01 |  8 -0.01115 -1.33055e-01 |  9 -0.01135 -1.37531e-01
 10 -0.01153 -1.42201e-01 | 11 -0.01171 -1.47067e-01 | 12 -0.01187 -1.52148e-01
 13 -0.01203 -1.57463e-01 | 14 -0.01217 -1.63002e-01 | 15 -0.01229 -1.68778e-01
 16 -0.01240 -1.74781e-01 | 17 -0.01249 -1.80991e-01 | 18 -0.01255 -1.87365e-01
 19 -0.01260 -1.93857e-01 | 20 -0.01262 -2.00385e-01 | 21 -0.01262 -2.06855e-01
 22 -0.01260 -2.13130e-01 | 23 -0.01254 -2.19011e-01 | 24 -0.01246 -2.24248e-01
 25 -0.01235 -2.28528e-01 | 26 -0.01220 -2.31455e-01 | 27 -0.01202 -2.32597e-01
 28 -0.01180 -2.31477e-01 | 29 -0.01154 -2.27613e-01 | 30 -0.01124 -2.20515e-01
 31 -0.01091 -2.09787e-01 | 32 -0.01054 -1.95060e-01 | 33 -0.01013 -1.76051e-01
 34 -0.00969 -1.52619e-01 | 35 -0.00923 -1.24779e-01 | 36 -0.00876 -9.27256e-02
 37 -0.00827 -5.68930e-02 | 38 -0.00779 -1.79359e-02 | 39 -0.00732  2.32075e-02
 40 -0.00687  6.52878e-02 | 41 -0.00646  1.06694e-01 | 42 -0.00610  1.45431e-01
 43 -0.00578  1.79263e-01 | 44 -0.00550  2.05844e-01 | 45 -0.00527  2.22793e-01
 46 -0.00505  2.27801e-01 | 47 -0.00484  2.18704e-01 | 48 -0.00461  1.93503e-01
 49 -0.00433  1.50671e-01 | 50 -0.00397  8.93636e-02 | 51 -0.00351  9.57392e-03
 52 -0.00290 -8.78703e-02 | 53 -0.00211 -2.01046e-01 | 54 -0.00112 -3.27262e-01
 55  0.00012 -4.62965e-01 | 56  0.00162 -6.04587e-01 | 57  0.00342 -7.47977e-01
 58  0.00553 -8.89000e-01 | 59  0.00797 -1.02404e+00 | 60  0.01071 -1.14975e+00
 61  0.01374 -1.26337e+00 | 62  0.01700 -1.36237e+00 | 63  0.02037 -1.44475e+00
 64  0.02373 -1.50868e+00 | 65  0.02687 -1.55222e+00 | 66  0.02959 -1.57356e+00
 67  0.03168 -1.57163e+00 | 68  0.03301 -1.54644e+00 | 69  0.03358 -1.49957e+00
 70  0.03344 -1.43413e+00 | 71  0.03272 -1.35381e+00 | 72  0.03145 -1.26238e+00
 73  0.02960 -1.16374e+00 | 74  0.02705 -1.06262e+00 | 75  0.02380 -9.65314e-01
 76  0.01999 -8.79111e-01 | 77  0.01602 -8.10932e-01 | 78  0.01239 -7.65126e-01
 79  0.00955 -7.42281e-01 | 80  0.00761 -7.37806e-01 | 81  0.00637 -7.42921e-01
 82  0.00544 -7.45234e-01 | 83  0.00468 -7.32642e-01 | 84  0.00458 -6.96256e-01
 85  0.00522 -6.25181e-01 | 86  0.00545 -5.03639e-01 | 87  0.00713 -3.30627e-01
 88  0.00970 -9.28101e-02 | 89  0.01366  2.21977e-01 | 90  0.01376  6.04921e-01
 91  0.01250  1.03525e+00 | 92  0.01081  1.49653e+00 | 93  0.00275  1.87963e+00
 94  0.00360  2.38027e+00 | 95  0.02294  3.32285e+00 | 96  0.02140  3.78861e+00
 97 -0.00268  3.49682e+00 | 98  0.01577  4.36621e+00 | 99  0.08374  7.75310e+00
100  0.02820  5.21763e+00 |101 -0.01452  3.79941e+00 |102  0.00430  4.45229e+00
103  0.01938  5.03266e+00 |104  0.03866  5.82196e+00 |105  0.00285  4.33269e+00
106 -0.06248  2.51566e+00 |107 -0.07893  2.09848e+00 |108 -0.07730  1.93124e+00
109 -0.03457  2.22108e+00 |110  0.06971  3.39791e+00 |111  0.02361  1.16992e+00
112  0.01375  2.87260e-01 |113 -0.02797  3.14151e-02 |114 -0.06716  8.11580e-02
115 -0.00654  7.67988e-02 |116  0.00456 -6.26324e-01 |117 -0.02731 -1.54259e+00
118  0.02817 -3.93794e+00 |119  0.07344 -6.77668e+00 |120  0.01038 -4.32237e+00
121  0.08254 -6.25663e+00 |122  0.00575 -2.26395e+00 |123  0.13287 -3.87092e+00
124 -0.00532 -7.84086e-01 |125 -0.04646 -5.10605e-01 |126 -0.05671 -4.22846e-01
127 -0.02192 -3.77159e-01 |128  0.09420 -5.19069e-01 |129  0.03190 -5.97707e-02
130  0.01685 -5.85364e-04 |131 -0.02798 -1.15360e-04 |132 -0.01758 -4.22375e-05
133 -0.00588 -2.39838e-04 |134 -0.00040 -1.75993e-05 |135  0.27670 -1.33095e-04
136  0.18753  3.27385e-04 |

 - final statistics:
136 variables; iteration 1; function evaluation 1
Function value 7.1514e+03; maximum gradient component mag -6.6822e+00
Exit code = 1;  converg criter 1.0000e+01
Var    Value     Gradient |Var    Value     Gradient |Var    Value     Gradient
  1 -0.42379  4.19293e+00 |  2 -0.09284  2.03066e+00 |  3 -0.01009 -6.73573e-02
  4 -0.01031 -6.98434e-02 |  5 -0.01053 -7.24419e-02 |  6 -0.01074 -7.51700e-02
  7 -0.01095 -7.80385e-02 |  8 -0.01115 -8.10438e-02 |  9 -0.01134 -8.42045e-02
 10 -0.01153 -8.75336e-02 | 11 -0.01171 -9.10317e-02 | 12 -0.01187 -9.47178e-02
 13 -0.01202 -9.86090e-02 | 14 -0.01216 -1.02695e-01 | 15 -0.01229 -1.06988e-01
 16 -0.01239 -1.11477e-01 | 17 -0.01248 -1.16144e-01 | 18 -0.01255 -1.20946e-01
 19 -0.01260 -1.25839e-01 | 20 -0.01262 -1.30739e-01 | 21 -0.01262 -1.35550e-01
 22 -0.01259 -1.40130e-01 | 23 -0.01254 -1.44281e-01 | 24 -0.01245 -1.47750e-01
 25 -0.01234 -1.50227e-01 | 26 -0.01219 -1.51320e-01 | 27 -0.01201 -1.50603e-01
 28 -0.01179 -1.47605e-01 | 29 -0.01154 -1.41848e-01 | 30 -0.01124 -1.32853e-01
 31 -0.01090 -1.20211e-01 | 32 -0.01053 -1.03556e-01 | 33 -0.01013 -8.26024e-02
 34 -0.00969 -5.72099e-02 | 35 -0.00923 -2.73930e-02 | 36 -0.00875  6.65281e-03
 37 -0.00827  4.44979e-02 | 38 -0.00779  8.54910e-02 | 39 -0.00732  1.28698e-01
 40 -0.00688  1.72872e-01 | 41 -0.00647  2.16395e-01 | 42 -0.00610  2.57257e-01
 43 -0.00578  2.93227e-01 | 44 -0.00551  3.21974e-01 | 45 -0.00527  3.41149e-01
 46 -0.00506  3.48487e-01 | 47 -0.00485  3.41875e-01 | 48 -0.00461  3.19351e-01
 49 -0.00433  2.79445e-01 | 50 -0.00397  2.21354e-01 | 51 -0.00351  1.45124e-01
 52 -0.00289  5.16127e-02 | 53 -0.00211 -5.72162e-02 | 54 -0.00111 -1.78621e-01
 55  0.00013 -3.09050e-01 | 56  0.00164 -4.44785e-01 | 57  0.00344 -5.81678e-01
 58  0.00556 -7.15580e-01 | 59  0.00799 -8.42823e-01 | 60  0.01074 -9.60058e-01
 61  0.01377 -1.06451e+00 | 62  0.01703 -1.15374e+00 | 63  0.02041 -1.22587e+00
 64  0.02376 -1.27926e+00 | 65  0.02691 -1.31234e+00 | 66  0.02962 -1.32377e+00
 67  0.03171 -1.31295e+00 | 68  0.03305 -1.28029e+00 | 69  0.03361 -1.22759e+00
 70  0.03348 -1.15797e+00 | 71  0.03275 -1.07505e+00 | 72  0.03148 -9.82604e-01
 73  0.02962 -8.84748e-01 | 74  0.02708 -7.86478e-01 | 75  0.02382 -6.94123e-01
 76  0.02001 -6.14634e-01 | 77  0.01604 -5.54082e-01 | 78  0.01241 -5.15874e-01
 79  0.00956 -4.99827e-01 | 80  0.00763 -5.01326e-01 | 81  0.00639 -5.12148e-01
 82  0.00546 -5.20978e-01 | 83  0.00470 -5.16394e-01 | 84  0.00459 -4.89281e-01
 85  0.00524 -4.29411e-01 | 86  0.00546 -3.23682e-01 | 87  0.00714 -1.69298e-01
 88  0.00971  4.48407e-02 | 89  0.01366  3.29609e-01 | 90  0.01375  6.71687e-01
 91  0.01248  1.05156e+00 | 92  0.01077  1.45350e+00 | 93  0.00271  1.77465e+00
 94  0.00354  2.19882e+00 | 95  0.02286  3.01358e+00 | 96  0.02131  3.37817e+00
 97 -0.00276  3.06605e+00 | 98  0.01567  3.76582e+00 | 99  0.08356  6.58940e+00
100  0.02808  4.38037e+00 |101 -0.01461  3.16980e+00 |102  0.00419  3.70192e+00
103  0.01926  4.18431e+00 |104  0.03852  4.85961e+00 |105  0.00274  3.64826e+00
106 -0.06254  2.15221e+00 |107 -0.07898  1.81505e+00 |108 -0.07735  1.66961e+00
109 -0.03463  1.87836e+00 |110  0.06963  2.70345e+00 |111  0.02358  7.64058e-01
112  0.01374 -1.39631e-02 |113 -0.02797 -1.45741e-01 |114 -0.06716 -2.35535e-02
115 -0.00654 -4.78523e-02 |116  0.00458 -7.08470e-01 |117 -0.02727 -1.56235e+00
118  0.02826 -3.90432e+00 |119  0.07360 -6.68218e+00 |120  0.01049 -4.25897e+00
121  0.08269 -6.17569e+00 |122  0.00580 -2.24625e+00 |123  0.13296 -3.84851e+00
124 -0.00530 -7.92992e-01 |125 -0.04645 -5.17407e-01 |126 -0.05670 -4.27461e-01
127 -0.02191 -3.82034e-01 |128  0.09421 -5.31246e-01 |129  0.03190 -6.86508e-02
130  0.01685 -8.05911e-03 |131 -0.02798 -3.49900e-03 |132 -0.01758 -1.64504e-03
133 -0.00588 -7.05750e-04 |134 -0.00040 -8.76391e-05 |135  0.27670  5.78513e-01
136  0.18753  6.14628e-01 |

Initial statistics: 146 variables; iteration 0; function evaluation 0; phase 2
Function value 7.1514463e+03; maximum gradient component mag -5.4127e+01
Var    Value     Gradient |Var    Value     Gradient |Var    Value     Gradient
  1 -0.42379  4.19293e+00 |  2  0.37110 -3.37865e+01 |  3 -0.12614 -4.80897e+01
  4 -0.01321 -5.41272e+01 |  5 -0.70915 -2.02067e+00 |  6 -0.60419 -1.86919e+01
  7  0.37628 -3.54171e+01 |  8 -0.18524 -4.78921e+01 |  9  0.03399 -5.07086e+01
 10 -0.60948 -3.68684e+00 | 11 -0.62338 -2.81963e+01 | 12 -0.09284  2.03066e+00
 13 -0.01009 -6.73573e-02 | 14 -0.01031 -6.98434e-02 | 15 -0.01053 -7.24419e-02
 16 -0.01074 -7.51700e-02 | 17 -0.01095 -7.80385e-02 | 18 -0.01115 -8.10438e-02
 19 -0.01134 -8.42045e-02 | 20 -0.01153 -8.75336e-02 | 21 -0.01171 -9.10317e-02
 22 -0.01187 -9.47178e-02 | 23 -0.01202 -9.86090e-02 | 24 -0.01216 -1.02695e-01
 25 -0.01229 -1.06988e-01 | 26 -0.01239 -1.11477e-01 | 27 -0.01248 -1.16144e-01
 28 -0.01255 -1.20946e-01 | 29 -0.01260 -1.25839e-01 | 30 -0.01262 -1.30739e-01
 31 -0.01262 -1.35550e-01 | 32 -0.01259 -1.40130e-01 | 33 -0.01254 -1.44281e-01
 34 -0.01245 -1.47750e-01 | 35 -0.01234 -1.50227e-01 | 36 -0.01219 -1.51320e-01
 37 -0.01201 -1.50603e-01 | 38 -0.01179 -1.47605e-01 | 39 -0.01154 -1.41848e-01
 40 -0.01124 -1.32853e-01 | 41 -0.01090 -1.20211e-01 | 42 -0.01053 -1.03556e-01
 43 -0.01013 -8.26024e-02 | 44 -0.00969 -5.72099e-02 | 45 -0.00923 -2.73930e-02
 46 -0.00875  6.65281e-03 | 47 -0.00827  4.44979e-02 | 48 -0.00779  8.54910e-02
 49 -0.00732  1.28698e-01 | 50 -0.00688  1.72872e-01 | 51 -0.00647  2.16395e-01
 52 -0.00610  2.57257e-01 | 53 -0.00578  2.93227e-01 | 54 -0.00551  3.21974e-01
 55 -0.00527  3.41149e-01 | 56 -0.00506  3.48487e-01 | 57 -0.00485  3.41875e-01
 58 -0.00461  3.19351e-01 | 59 -0.00433  2.79445e-01 | 60 -0.00397  2.21354e-01
 61 -0.00351  1.45124e-01 | 62 -0.00289  5.16127e-02 | 63 -0.00211 -5.72162e-02
 64 -0.00111 -1.78621e-01 | 65  0.00013 -3.09050e-01 | 66  0.00164 -4.44785e-01
 67  0.00344 -5.81678e-01 | 68  0.00556 -7.15580e-01 | 69  0.00799 -8.42823e-01
 70  0.01074 -9.60058e-01 | 71  0.01377 -1.06451e+00 | 72  0.01703 -1.15374e+00
 73  0.02041 -1.22587e+00 | 74  0.02376 -1.27926e+00 | 75  0.02691 -1.31234e+00
 76  0.02962 -1.32377e+00 | 77  0.03171 -1.31295e+00 | 78  0.03305 -1.28029e+00
 79  0.03361 -1.22759e+00 | 80  0.03348 -1.15797e+00 | 81  0.03275 -1.07505e+00
 82  0.03148 -9.82604e-01 | 83  0.02962 -8.84748e-01 | 84  0.02708 -7.86478e-01
 85  0.02382 -6.94123e-01 | 86  0.02001 -6.14634e-01 | 87  0.01604 -5.54082e-01
 88  0.01241 -5.15874e-01 | 89  0.00956 -4.99827e-01 | 90  0.00763 -5.01326e-01
 91  0.00639 -5.12148e-01 | 92  0.00546 -5.20978e-01 | 93  0.00470 -5.16394e-01
 94  0.00459 -4.89281e-01 | 95  0.00524 -4.29411e-01 | 96  0.00546 -3.23682e-01
 97  0.00714 -1.69298e-01 | 98  0.00971  4.48407e-02 | 99  0.01366  3.29609e-01
100  0.01375  6.71687e-01 |101  0.01248  1.05156e+00 |102  0.01077  1.45350e+00
103  0.00271  1.77465e+00 |104  0.00354  2.19882e+00 |105  0.02286  3.01358e+00
106  0.02131  3.37817e+00 |107 -0.00276  3.06605e+00 |108  0.01567  3.76582e+00
109  0.08356  6.58940e+00 |110  0.02808  4.38037e+00 |111 -0.01461  3.16980e+00
112  0.00419  3.70192e+00 |113  0.01926  4.18431e+00 |114  0.03852  4.85961e+00
115  0.00274  3.64826e+00 |116 -0.06254  2.15221e+00 |117 -0.07898  1.81505e+00
118 -0.07735  1.66961e+00 |119 -0.03463  1.87836e+00 |120  0.06963  2.70345e+00
121  0.02358  7.64058e-01 |122  0.01374 -1.39631e-02 |123 -0.02797 -1.45741e-01
124 -0.06716 -2.35535e-02 |125 -0.00654 -4.78523e-02 |126  0.00458 -7.08470e-01
127 -0.02727 -1.56235e+00 |128  0.02826 -3.90432e+00 |129  0.07360 -6.68218e+00
130  0.01049 -4.25897e+00 |131  0.08269 -6.17569e+00 |132  0.00580 -2.24625e+00
133  0.13296 -3.84851e+00 |134 -0.00530 -7.92992e-01 |135 -0.04645 -5.17407e-01
136 -0.05670 -4.27461e-01 |137 -0.02191 -3.82034e-01 |138  0.09421 -5.31246e-01
139  0.03190 -6.86508e-02 |140  0.01685 -8.05911e-03 |141 -0.02798 -3.49900e-03
142 -0.01758 -1.64504e-03 |143 -0.00588 -7.05750e-04 |144 -0.00040 -8.76391e-05
145  0.27670  5.78513e-01 |146  0.18753  6.14628e-01 |

Intermediate statistics: 146 variables; iteration 20; function evaluation 22; phase 2
Function value 7.1512884e+03; maximum gradient component mag -5.5497e+01
Var    Value     Gradient |Var    Value     Gradient |Var    Value     Gradient
  1 -0.42349  8.45399e+00 |  2  0.37034 -3.32359e+01 |  3 -0.12655 -3.49253e+01
  4 -0.01166 -4.11174e+01 |  5 -0.70999 -1.64383e+00 |  6 -0.60408 -1.49792e+01
  7  0.37381 -5.54969e+01 |  8 -0.18590 -3.74364e+01 |  9  0.03768 -4.55036e+01
 10 -0.61260  6.57170e-01 | 11 -0.62201  1.20815e+01 | 12 -0.09791 -3.59536e+00
 13 -0.00999 -7.12713e-02 | 14 -0.01021 -7.34524e-02 | 15 -0.01042 -7.57037e-02
 16 -0.01063 -7.80335e-02 | 17 -0.01083 -8.04484e-02 | 18 -0.01103 -8.29431e-02
 19 -0.01122 -8.55255e-02 | 20 -0.01140 -8.82009e-02 | 21 -0.01157 -9.09673e-02
 22 -0.01173 -9.38331e-02 | 23 -0.01187 -9.68054e-02 | 24 -0.01201 -9.98761e-02
 25 -0.01212 -1.03049e-01 | 26 -0.01222 -1.06314e-01 | 27 -0.01230 -1.09652e-01
 28 -0.01236 -1.13032e-01 | 29 -0.01239 -1.16418e-01 | 30 -0.01241 -1.19756e-01
 31 -0.01239 -1.22986e-01 | 32 -0.01236 -1.26023e-01 | 33 -0.01229 -1.28747e-01
 34 -0.01220 -1.31013e-01 | 35 -0.01208 -1.32636e-01 | 36 -0.01193 -1.33390e-01
 37 -0.01174 -1.33026e-01 | 38 -0.01152 -1.31274e-01 | 39 -0.01127 -1.27864e-01
 40 -0.01098 -1.22521e-01 | 41 -0.01066 -1.15037e-01 | 42 -0.01032 -1.05215e-01
 43 -0.00994 -9.29115e-02 | 44 -0.00954 -7.80677e-02 | 45 -0.00913 -6.07093e-02
 46 -0.00871 -4.09628e-02 | 47 -0.00829 -1.90852e-02 | 48 -0.00787  4.54892e-03
 49 -0.00748  2.94113e-02 | 50 -0.00712  5.48052e-02 | 51 -0.00679  7.98408e-02
 52 -0.00650  1.03425e-01 | 53 -0.00626  1.24348e-01 | 54 -0.00606  1.41347e-01
 55 -0.00588  1.53139e-01 | 56 -0.00570  1.58469e-01 | 57 -0.00551  1.56146e-01
 58 -0.00528  1.45061e-01 | 59 -0.00497  1.24385e-01 | 60 -0.00456  9.36832e-02
 61 -0.00401  5.30379e-02 | 62 -0.00329  3.04916e-03 | 63 -0.00238 -5.50097e-02
 64 -0.00123 -1.19369e-01 | 65  0.00018 -1.87761e-01 | 66  0.00187 -2.57822e-01
 67  0.00386 -3.26960e-01 | 68  0.00617 -3.92675e-01 | 69  0.00881 -4.52889e-01
 70  0.01174 -5.05942e-01 | 71  0.01495 -5.50820e-01 | 72  0.01837 -5.87118e-01
 73  0.02187 -6.15148e-01 | 74  0.02531 -6.35693e-01 | 75  0.02849 -6.49661e-01
 76  0.03117 -6.57694e-01 | 77  0.03316 -6.59907e-01 | 78  0.03433 -6.55813e-01
 79  0.03470 -6.44720e-01 | 80  0.03435 -6.26375e-01 | 81  0.03342 -6.01092e-01
 82  0.03197 -5.69718e-01 | 83  0.02997 -5.33416e-01 | 84  0.02734 -4.94011e-01
 85  0.02405 -4.54951e-01 | 86  0.02027 -4.21806e-01 | 87  0.01636 -4.01255e-01
 88  0.01282 -3.98434e-01 | 89  0.01008 -4.14994e-01 | 90  0.00824 -4.48451e-01
 91  0.00710 -4.93574e-01 | 92  0.00623 -5.43385e-01 | 93  0.00549 -5.91296e-01
 94  0.00536 -6.30777e-01 | 95  0.00593 -6.52413e-01 | 96  0.00600 -6.47094e-01
 97  0.00751 -6.13498e-01 | 98  0.00991 -5.43016e-01 | 99  0.01374 -4.20790e-01
100  0.01360 -2.32046e-01 |101  0.01211  1.86739e-03 |102  0.01021  2.81517e-01
103  0.00197  5.47893e-01 |104  0.00269  8.21386e-01 |105  0.02183  1.34123e+00
106  0.02013  1.79099e+00 |107 -0.00381  1.87012e+00 |108  0.01450  2.65156e+00
109  0.08290  5.28177e+00 |110  0.02742  4.03912e+00 |111 -0.01519  2.89229e+00
112  0.00327  3.21129e+00 |113  0.01823  3.48687e+00 |114  0.03715  3.97241e+00
115  0.00166  2.90634e+00 |116 -0.06403  1.35647e+00 |117 -0.08094  8.13620e-01
118 -0.07927  3.13539e-01 |119 -0.03668 -1.04798e-01 |120  0.06635 -8.12488e-01
121  0.02177 -4.40484e-01 |122  0.01243 -6.39372e-01 |123 -0.02889 -2.86424e-01
124 -0.06827 -4.67391e-01 |125 -0.00869 -3.62452e-01 |126  0.00223 -3.58377e-01
127 -0.02824 -7.42064e-01 |128  0.02919 -1.55341e+00 |129  0.07416 -2.23732e+00
130  0.01372 -1.72563e+00 |131  0.08375 -2.21381e+00 |132  0.00612 -8.15202e-01
133  0.13334 -1.82820e+00 |134 -0.00432 -7.37842e-01 |135 -0.04591 -4.97885e-01
136 -0.05625 -5.00663e-01 |137 -0.02186 -2.44465e-01 |138  0.09393 -2.39768e-01
139  0.03186 -1.23114e-01 |140  0.01659 -1.60412e-01 |141 -0.02796 -4.45996e-02
142 -0.01761 -9.76846e-02 |143 -0.00532 -2.25165e-02 |144 -0.00040 -6.58871e-04
145  0.28383 -9.51940e-01 |146  0.19409  8.09681e-01 |

 - final statistics:
146 variables; iteration 32; function evaluation 38
Function value 7.1512e+03; maximum gradient component mag -9.2461e+00
Exit code = 1;  converg criter 1.0000e+01
Var    Value     Gradient |Var    Value     Gradient |Var    Value     Gradient
  1 -0.42378  1.39994e+00 |  2  0.36965 -5.68460e+00 |  3 -0.12704 -6.00762e+00
  4 -0.00957 -7.11315e+00 |  5 -0.71084 -5.55218e-01 |  6 -0.60376 -2.56772e+00
  7  0.37338 -9.24607e+00 |  8 -0.18642 -6.26494e+00 |  9  0.04012 -7.74848e+00
 10 -0.61396  2.29750e-01 | 11 -0.62232  1.93565e+00 | 12 -0.09745 -7.31982e-01
 13 -0.01008 -5.81316e-02 | 14 -0.01029 -5.94698e-02 | 15 -0.01050 -6.07505e-02
 16 -0.01071 -6.19564e-02 | 17 -0.01091 -6.30724e-02 | 18 -0.01111 -6.40793e-02
 19 -0.01129 -6.49528e-02 | 20 -0.01147 -6.56687e-02 | 21 -0.01163 -6.62023e-02
 22 -0.01179 -6.65238e-02 | 23 -0.01192 -6.66016e-02 | 24 -0.01205 -6.64065e-02
 25 -0.01215 -6.59029e-02 | 26 -0.01224 -6.50568e-02 | 27 -0.01230 -6.38314e-02
 28 -0.01234 -6.21890e-02 | 29 -0.01236 -6.00886e-02 | 30 -0.01235 -5.74939e-02
 31 -0.01232 -5.43731e-02 | 32 -0.01226 -5.07019e-02 | 33 -0.01217 -4.64696e-02
 34 -0.01206 -4.16831e-02 | 35 -0.01191 -3.63711e-02 | 36 -0.01174 -3.05953e-02
 37 -0.01153 -2.44456e-02 | 38 -0.01130 -1.80491e-02 | 39 -0.01103 -1.15633e-02
 40 -0.01074 -5.17590e-03 | 41 -0.01043  9.04480e-04 | 42 -0.01009  6.45631e-03
 43 -0.00975  1.12529e-02 | 44 -0.00939  1.50827e-02 | 45 -0.00903  1.77649e-02
 46 -0.00868  1.91641e-02 | 47 -0.00834  1.92113e-02 | 48 -0.00803  1.78932e-02
 49 -0.00774  1.52541e-02 | 50 -0.00750  1.13807e-02 | 51 -0.00729  6.39302e-03
 52 -0.00713  4.41962e-04 | 53 -0.00700 -6.30000e-03 | 54 -0.00690 -1.36664e-02
 55 -0.00681 -2.14950e-02 | 56 -0.00671 -2.96090e-02 | 57 -0.00656 -3.77821e-02
 58 -0.00634 -4.56783e-02 | 59 -0.00601 -5.28038e-02 | 60 -0.00554 -5.85002e-02
 61 -0.00489 -6.19978e-02 | 62 -0.00403 -6.25809e-02 | 63 -0.00293 -6.00017e-02
 64 -0.00157 -5.49801e-02 | 65  0.00007 -4.97776e-02 | 66  0.00198 -4.85844e-02
 67  0.00415 -5.70813e-02 | 68  0.00655 -8.09426e-02 | 69  0.00917 -1.22670e-01
 70  0.01200 -1.76980e-01 | 71  0.01507 -2.26581e-01 | 72  0.01845 -2.42215e-01
 73  0.02220 -1.93095e-01 | 74  0.02624 -6.97961e-02 | 75  0.03023  9.08794e-02
 76  0.03350  2.08328e-01 | 77  0.03541  2.05504e-01 | 78  0.03571  6.91433e-02
 79  0.03478 -1.35666e-01 | 80  0.03326 -3.15887e-01 | 81  0.03168 -4.02925e-01
 82  0.03022 -3.73806e-01 | 83  0.02874 -2.41603e-01 | 84  0.02689 -5.51836e-02
 85  0.02421  1.02328e-01 | 86  0.02054  1.59520e-01 | 87  0.01636  1.22725e-01
 88  0.01254  6.20573e-02 | 89  0.00972  2.97257e-02 | 90  0.00802  2.94388e-02
 91  0.00713  4.50694e-02 | 92  0.00655  6.35188e-02 | 93  0.00606  7.45516e-02
 94  0.00607  6.49615e-02 | 95  0.00666  3.08406e-02 | 96  0.00661 -2.12613e-02
 97  0.00786 -9.06615e-02 | 98  0.00997 -1.54624e-01 | 99  0.01358 -1.83822e-01
100  0.01321 -1.86476e-01 |101  0.01166 -1.20780e-01 |102  0.00993  1.33363e-02
103  0.00209  2.01843e-01 |104  0.00277  2.58776e-01 |105  0.02155  2.56284e-01
106  0.01954  2.42257e-01 |107 -0.00424  3.45790e-01 |108  0.01432  6.14983e-01
109  0.08199  9.34208e-01 |110  0.02686  6.58828e-01 |111 -0.01648  2.63603e-01
112  0.00266  6.11585e-01 |113  0.01860  9.56971e-01 |114  0.03662  7.09155e-01
115  0.00042  7.69646e-02 |116 -0.06402  4.18764e-01 |117 -0.08065  5.89529e-01
118 -0.07962  1.09584e-01 |119 -0.03733 -1.93678e-01 |120  0.06617 -1.55485e-01
121  0.02229  1.31376e-01 |122  0.01261 -9.13227e-02 |123 -0.02860  1.44505e-02
124 -0.06827 -1.22220e-01 |125 -0.00951 -1.41203e-01 |126  0.00178  2.84451e-03
127 -0.02797 -7.75524e-02 |128  0.03002 -2.03123e-02 |129  0.07517 -1.70641e-01
130  0.01481 -5.59528e-01 |131  0.08506 -4.34559e-01 |132  0.00681 -1.62151e-01
133  0.13460 -1.19067e-01 |134 -0.00341 -3.19818e-01 |135 -0.04218  9.09615e-01
136 -0.05540 -1.98807e-01 |137 -0.02126 -6.78638e-02 |138  0.09486  1.78124e-01
139  0.03159 -2.46810e-01 |140  0.01590 -4.02953e-01 |141 -0.02827 -1.29422e-01
142 -0.01756  1.91810e-02 |143 -0.00520 -5.52306e-02 |144 -0.00040 -6.10096e-04
145  0.28345 -1.30714e-01 |146  0.19349  1.60769e-01 |

Initial statistics: 176 variables; iteration 0; function evaluation 0; phase 3
Function value 7.1511962e+03; maximum gradient component mag 1.7432e+01
Var    Value     Gradient |Var    Value     Gradient |Var    Value     Gradient
  1 -0.42378  1.39994e+00 |  2  0.36965 -5.68460e+00 |  3 -0.12704 -6.00762e+00
  4 -0.00957 -7.11315e+00 |  5 -0.71084 -5.55218e-01 |  6 -0.60376 -2.56772e+00
  7  0.37338 -9.24607e+00 |  8 -0.18642 -6.26494e+00 |  9  0.04012 -7.74848e+00
 10 -0.61396  2.29750e-01 | 11 -0.62232  1.93565e+00 | 12 -0.09745 -7.31982e-01
 13 -0.01008 -5.81316e-02 | 14 -0.01029 -5.94698e-02 | 15 -0.01050 -6.07505e-02
 16 -0.01071 -6.19564e-02 | 17 -0.01091 -6.30724e-02 | 18 -0.01111 -6.40793e-02
 19 -0.01129 -6.49528e-02 | 20 -0.01147 -6.56687e-02 | 21 -0.01163 -6.62023e-02
 22 -0.01179 -6.65238e-02 | 23 -0.01192 -6.66016e-02 | 24 -0.01205 -6.64065e-02
 25 -0.01215 -6.59029e-02 | 26 -0.01224 -6.50568e-02 | 27 -0.01230 -6.38314e-02
 28 -0.01234 -6.21890e-02 | 29 -0.01236 -6.00886e-02 | 30 -0.01235 -5.74939e-02
 31 -0.01232 -5.43731e-02 | 32 -0.01226 -5.07019e-02 | 33 -0.01217 -4.64696e-02
 34 -0.01206 -4.16831e-02 | 35 -0.01191 -3.63711e-02 | 36 -0.01174 -3.05953e-02
 37 -0.01153 -2.44456e-02 | 38 -0.01130 -1.80491e-02 | 39 -0.01103 -1.15633e-02
 40 -0.01074 -5.17590e-03 | 41 -0.01043  9.04480e-04 | 42 -0.01009  6.45631e-03
 43 -0.00975  1.12529e-02 | 44 -0.00939  1.50827e-02 | 45 -0.00903  1.77649e-02
 46 -0.00868  1.91641e-02 | 47 -0.00834  1.92113e-02 | 48 -0.00803  1.78932e-02
 49 -0.00774  1.52541e-02 | 50 -0.00750  1.13807e-02 | 51 -0.00729  6.39302e-03
 52 -0.00713  4.41962e-04 | 53 -0.00700 -6.30000e-03 | 54 -0.00690 -1.36664e-02
 55 -0.00681 -2.14950e-02 | 56 -0.00671 -2.96090e-02 | 57 -0.00656 -3.77821e-02
 58 -0.00634 -4.56783e-02 | 59 -0.00601 -5.28038e-02 | 60 -0.00554 -5.85002e-02
 61 -0.00489 -6.19978e-02 | 62 -0.00403 -6.25809e-02 | 63 -0.00293 -6.00017e-02
 64 -0.00157 -5.49801e-02 | 65  0.00007 -4.97776e-02 | 66  0.00198 -4.85844e-02
 67  0.00415 -5.70813e-02 | 68  0.00655 -8.09426e-02 | 69  0.00917 -1.22670e-01
 70  0.01200 -1.76980e-01 | 71  0.01507 -2.26581e-01 | 72  0.01845 -2.42215e-01
 73  0.02220 -1.93095e-01 | 74  0.02624 -6.97961e-02 | 75  0.03023  9.08794e-02
 76  0.03350  2.08328e-01 | 77  0.03541  2.05504e-01 | 78  0.03571  6.91433e-02
 79  0.03478 -1.35666e-01 | 80  0.03326 -3.15887e-01 | 81  0.03168 -4.02925e-01
 82  0.03022 -3.73806e-01 | 83  0.02874 -2.41603e-01 | 84  0.02689 -5.51836e-02
 85  0.02421  1.02328e-01 | 86  0.02054  1.59520e-01 | 87  0.01636  1.22725e-01
 88  0.01254  6.20573e-02 | 89  0.00972  2.97257e-02 | 90  0.00802  2.94388e-02
 91  0.00713  4.50694e-02 | 92  0.00655  6.35188e-02 | 93  0.00606  7.45516e-02
 94  0.00607  6.49615e-02 | 95  0.00666  3.08406e-02 | 96  0.00661 -2.12613e-02
 97  0.00786 -9.06615e-02 | 98  0.00997 -1.54624e-01 | 99  0.01358 -1.83822e-01
100  0.01321 -1.86476e-01 |101  0.01166 -1.20780e-01 |102  0.00993  1.33363e-02
103  0.00209  2.01843e-01 |104  0.00277  2.58776e-01 |105  0.02155  2.56284e-01
106  0.01954  2.42257e-01 |107 -0.00424  3.45790e-01 |108  0.01432  6.14983e-01
109  0.08199  9.34208e-01 |110  0.02686  6.58828e-01 |111 -0.01648  2.63603e-01
112  0.00266  6.11585e-01 |113  0.01860  9.56971e-01 |114  0.03662  7.09155e-01
115  0.00042  7.69646e-02 |116 -0.06402  4.18764e-01 |117 -0.08065  5.89529e-01
118 -0.07962  1.09584e-01 |119 -0.03733 -1.93678e-01 |120  0.06617 -1.55485e-01
121  0.02229  1.31376e-01 |122  0.01261 -9.13227e-02 |123 -0.02860  1.44505e-02
124 -0.06827 -1.22220e-01 |125 -0.00951 -1.41203e-01 |126  0.00178  2.84451e-03
127 -0.02797 -7.75524e-02 |128  0.03002 -2.03123e-02 |129  0.07517 -1.70641e-01
130  0.01481 -5.59528e-01 |131  0.08506 -4.34559e-01 |132  0.00681 -1.62151e-01
133  0.13460 -1.19067e-01 |134 -0.00341 -3.19818e-01 |135 -0.04218  9.09615e-01
136 -0.05540 -1.98807e-01 |137 -0.02126 -6.78638e-02 |138  0.09486  1.78124e-01
139  0.03159 -2.46810e-01 |140  0.01590 -4.02953e-01 |141 -0.02827 -1.29422e-01
142 -0.01756  1.91810e-02 |143 -0.00520 -5.52306e-02 |144 -0.00040 -6.10096e-04
145  0.28345 -1.30714e-01 |146  0.19349  1.60769e-01 |147  0.04662 -3.66888e+00
148  0.29671  7.34454e+00 |149 -0.47543 -5.36244e-01 |150  0.31377  2.42973e-01
151  0.18255 -7.86797e+00 |152  0.25986  1.44218e+01 |153  0.17459  9.01430e-01
154  0.25418 -3.90156e-01 |155  0.10351 -1.69529e+00 |156  0.29677  4.11098e+00
157  0.16893  1.17255e+00 |158  0.24623 -1.20061e+00 |159 -0.35197  1.37219e-01
160  0.24281 -4.95042e-01 |161  0.20265  1.74789e+00 |162  0.31675 -1.98609e+00
163 -0.38040 -5.32234e-01 |164  0.23607  1.44575e+00 |165  0.05118  1.47021e+00
166  0.11969  4.67892e+00 |167  0.32140 -1.68785e+00 |168  0.27252 -4.45265e+00
169  0.01343  1.56386e+00 |170  0.39319 -7.73177e-01 |171  0.09932  1.74324e+01
172  0.16368  5.93220e+00 |173  0.21870 -1.01827e+01 |174  0.25726 -3.53135e+00
175 -0.55411  2.86940e-01 |176  0.17113 -1.07085e-01 |

Intermediate statistics: 176 variables; iteration 20; function evaluation 22; phase 3
Function value 7.1511690e+03; maximum gradient component mag 8.3833e+00
Var    Value     Gradient |Var    Value     Gradient |Var    Value     Gradient
  1 -0.42387 -3.41158e+00 |  2  0.36951  6.83043e+00 |  3 -0.12715  5.43121e+00
  4 -0.00895  4.90022e+00 |  5 -0.71033  8.86770e-02 |  6 -0.60383 -7.49407e-01
  7  0.37311 -4.45303e-01 |  8 -0.18656 -2.78537e-02 |  9  0.04094 -1.20888e+00
 10 -0.61455 -6.58372e-01 | 11 -0.62263 -6.33702e+00 | 12 -0.09708  5.24810e+00
 13 -0.00994  1.58088e-02 | 14 -0.01015  1.62649e-02 | 15 -0.01036  1.67364e-02
 16 -0.01057  1.72241e-02 | 17 -0.01077  1.77291e-02 | 18 -0.01096  1.82518e-02
 19 -0.01114  1.87931e-02 | 20 -0.01132  1.93539e-02 | 21 -0.01148  1.99353e-02
 22 -0.01164  2.05385e-02 | 23 -0.01178  2.11650e-02 | 24 -0.01190  2.18163e-02
 25 -0.01201  2.24940e-02 | 26 -0.01210  2.31998e-02 | 27 -0.01217  2.39355e-02
 28 -0.01222  2.47024e-02 | 29 -0.01225  2.55023e-02 | 30 -0.01226  2.63368e-02
 31 -0.01224  2.72085e-02 | 32 -0.01219  2.81203e-02 | 33 -0.01212  2.90752e-02
 34 -0.01203  3.00752e-02 | 35 -0.01190  3.11213e-02 | 36 -0.01175  3.22120e-02
 37 -0.01157  3.33431e-02 | 38 -0.01136  3.45076e-02 | 39 -0.01112  3.56960e-02
 40 -0.01085  3.68939e-02 | 41 -0.01056  3.80925e-02 | 42 -0.01025  3.92769e-02
 43 -0.00993  4.04327e-02 | 44 -0.00959  4.15458e-02 | 45 -0.00924  4.26016e-02
 46 -0.00890  4.35872e-02 | 47 -0.00857  4.44957e-02 | 48 -0.00825  4.53246e-02
 49 -0.00796  4.60790e-02 | 50 -0.00771  4.67698e-02 | 51 -0.00749  4.74095e-02
 52 -0.00731  4.80089e-02 | 53 -0.00716  4.85816e-02 | 54 -0.00704  4.91429e-02
 55 -0.00693  4.97146e-02 | 56 -0.00680  5.03311e-02 | 57 -0.00663  5.10349e-02
 58 -0.00639  5.18688e-02 | 59 -0.00604  5.28945e-02 | 60 -0.00555  5.41839e-02
 61 -0.00490  5.58305e-02 | 62 -0.00405  5.79267e-02 | 63 -0.00296  6.05486e-02
 64 -0.00163  6.37034e-02 | 65 -0.00002  6.72160e-02 | 66  0.00188  7.07186e-02
 67  0.00407  7.34417e-02 | 68  0.00655  7.43558e-02 | 69  0.00932  7.25486e-02
 70  0.01234  6.80284e-02 | 71  0.01560  6.30289e-02 | 72  0.01904  6.30441e-02
 73  0.02259  7.59661e-02 | 74  0.02613  1.07244e-01 | 75  0.02945  1.51665e-01
 76  0.03223  1.89409e-01 | 77  0.03414  1.96460e-01 | 78  0.03500  1.65078e-01
 79  0.03492  1.12686e-01 | 80  0.03415  6.67518e-02 | 81  0.03293  4.65555e-02
 82  0.03136  5.66981e-02 | 83  0.02936  9.08917e-02 | 84  0.02678  1.33749e-01
 85  0.02351  1.64189e-01 | 86  0.01965  1.69453e-01 | 87  0.01565  1.57059e-01
 88  0.01209  1.43912e-01 | 89  0.00943  1.38765e-01 | 90  0.00775  1.40948e-01
 91  0.00682  1.47504e-01 | 92  0.00620  1.56188e-01 | 93  0.00569  1.65526e-01
 94  0.00574  1.74290e-01 | 95  0.00646  1.81509e-01 | 96  0.00661  1.85611e-01
 97  0.00811  1.88177e-01 | 98  0.01046  1.89302e-01 | 99  0.01423  1.86691e-01
100  0.01394  1.72784e-01 |101  0.01222  1.54493e-01 |102  0.01010  1.24933e-01
103  0.00171  8.75794e-02 |104  0.00231  4.44184e-02 |105  0.02139 -2.17088e-02
106  0.01968 -9.34387e-02 |107 -0.00449 -1.03020e-01 |108  0.01347 -1.56260e-01
109  0.08138 -3.28980e-01 |110  0.02643 -2.39520e-01 |111 -0.01618 -1.67262e-01
112  0.00216 -2.02784e-01 |113  0.01731 -2.12168e-01 |114  0.03597 -1.17933e-01
115  0.00109 -3.96406e-02 |116 -0.06484 -6.61133e-02 |117 -0.08198 -1.07654e-01
118 -0.07995 -1.94426e-02 |119 -0.03732  1.25099e-01 |120  0.06600  2.35964e-01
121  0.02181  1.02810e-01 |122  0.01264  8.74343e-02 |123 -0.02878 -1.99062e-03
124 -0.06822  4.49354e-02 |125 -0.00962 -4.33954e-02 |126  0.00148 -1.44663e-01
127 -0.02779 -1.45694e-01 |128  0.03002 -2.83442e-01 |129  0.07536 -3.76426e-01
130  0.01661 -2.29610e-01 |131  0.08588 -2.91647e-01 |132  0.00742 -1.48208e-01
133  0.13514 -2.01544e-01 |134 -0.00213  3.31759e-02 |135 -0.04437 -5.81376e-02
136 -0.05463  4.89065e-03 |137 -0.02098 -2.79263e-03 |138  0.09450 -5.14497e-02
139  0.03241 -7.29956e-03 |140  0.01716  3.57512e-02 |141 -0.02780 -6.83092e-03
142 -0.01757 -2.37576e-02 |143 -0.00490  1.99886e-02 |144 -0.00039 -3.84713e-04
145  0.28340  1.22796e+00 |146  0.19354  1.79161e+00 |147  0.04663  2.31900e+00
148  0.29621 -2.70616e+00 |149 -0.47350  5.10037e-02 |150  0.31290 -3.14639e-02
151  0.18352  2.90986e+00 |152  0.25931 -5.71504e+00 |153  0.17396  4.18656e-01
154  0.25386 -3.83688e-01 |155  0.10335 -2.32965e-01 |156  0.29642  6.73149e-01
157  0.16810  5.90998e-01 |158  0.24584 -9.99368e-01 |159 -0.35170  1.25964e-01
160  0.24302 -5.00996e-02 |161  0.19988 -1.49444e-01 |162  0.31642 -2.28114e-01
163 -0.38018  6.34746e-03 |164  0.23582 -9.27204e-02 |165  0.05058  2.16085e-01
166  0.11901  1.66395e+00 |167  0.32163 -2.57579e-01 |168  0.27261 -1.15483e+00
169  0.01267  6.45152e-01 |170  0.39316 -3.85161e-01 |171  0.09886  8.38327e+00
172  0.16318 -4.62442e+00 |173  0.21855 -6.10545e+00 |174  0.25722  6.69213e+00
175 -0.55513  4.78221e-01 |176  0.17093  7.06382e-02 |
176 variables; iteration 40; function evaluation 42; phase 3
Function value 7.1511675e+03; maximum gradient component mag 6.9939e+00
Var    Value     Gradient |Var    Value     Gradient |Var    Value     Gradient
  1 -0.42385 -2.84080e+00 |  2  0.36946  5.51300e+00 |  3 -0.12719  4.54964e+00
  4 -0.00887  4.21299e+00 |  5 -0.71057 -4.68138e-02 |  6 -0.60382 -8.82879e-01
  7  0.37302 -3.73996e-01 |  8 -0.18661 -1.49203e-01 |  9  0.04111 -8.58755e-01
 10 -0.61475 -5.70234e-01 | 11 -0.62259 -5.15619e+00 | 12 -0.09737  4.40554e+00
 13 -0.00991  1.96617e-02 | 14 -0.01013  2.01485e-02 | 15 -0.01033  2.06321e-02
 16 -0.01054  2.11097e-02 | 17 -0.01074  2.15792e-02 | 18 -0.01093  2.20379e-02
 19 -0.01112  2.24822e-02 | 20 -0.01129  2.29085e-02 | 21 -0.01146  2.33134e-02
 22 -0.01161  2.36926e-02 | 23 -0.01175  2.40413e-02 | 24 -0.01188  2.43555e-02
 25 -0.01198  2.46297e-02 | 26 -0.01208  2.48587e-02 | 27 -0.01215  2.50368e-02
 28 -0.01220  2.51581e-02 | 29 -0.01223  2.52164e-02 | 30 -0.01224  2.52062e-02
 31 -0.01222  2.51227e-02 | 32 -0.01218  2.49627e-02 | 33 -0.01212  2.47254e-02
 34 -0.01202  2.44131e-02 | 35 -0.01190  2.40318e-02 | 36 -0.01176  2.35926e-02
 37 -0.01158  2.31115e-02 | 38 -0.01137  2.26105e-02 | 39 -0.01114  2.21171e-02
 40 -0.01088  2.16635e-02 | 41 -0.01060  2.12894e-02 | 42 -0.01029  2.10353e-02
 43 -0.00997  2.09436e-02 | 44 -0.00963  2.10540e-02 | 45 -0.00929  2.13989e-02
 46 -0.00895  2.20014e-02 | 47 -0.00861  2.28717e-02 | 48 -0.00829  2.40077e-02
 49 -0.00800  2.53957e-02 | 50 -0.00774  2.70108e-02 | 51 -0.00751  2.88167e-02
 52 -0.00733  3.07647e-02 | 53 -0.00717  3.28022e-02 | 54 -0.00705  3.48794e-02
 55 -0.00693  3.69543e-02 | 56 -0.00679  3.89906e-02 | 57 -0.00662  4.09461e-02
 58 -0.00637  4.27523e-02 | 59 -0.00602  4.43142e-02 | 60 -0.00553  4.55037e-02
 61 -0.00488  4.61790e-02 | 62 -0.00403  4.62123e-02 | 63 -0.00296  4.55885e-02
 64 -0.00164  4.45103e-02 | 65 -0.00005  4.34922e-02 | 66  0.00184  4.34379e-02
 67  0.00403  4.53637e-02 | 68  0.00653  4.99371e-02 | 69  0.00933  5.66889e-02
 70  0.01242  6.33704e-02 | 71  0.01572  6.65495e-02 | 72  0.01915  6.44308e-02
 73  0.02263  6.11456e-02 | 74  0.02606  6.74680e-02 | 75  0.02928  9.16031e-02
 76  0.03203  1.24476e-01 | 77  0.03399  1.40810e-01 | 78  0.03494  1.24476e-01
 79  0.03495  8.78240e-02 | 80  0.03427  5.75295e-02 | 81  0.03313  5.07549e-02
 82  0.03159  6.70636e-02 | 83  0.02956  9.41441e-02 | 84  0.02686  1.14274e-01
 85  0.02344  1.15319e-01 | 86  0.01951  1.04119e-01 | 87  0.01555  9.79238e-02
 88  0.01207  1.00941e-01 | 89  0.00946  1.05969e-01 | 90  0.00780  1.08969e-01
 91  0.00686  1.10714e-01 | 92  0.00622  1.12488e-01 | 93  0.00569  1.15361e-01
 94  0.00575  1.21293e-01 | 95  0.00649  1.30586e-01 | 96  0.00666  1.40992e-01
 97  0.00819  1.52304e-01 | 98  0.01054  1.60999e-01 | 99  0.01432  1.61744e-01
100  0.01403  1.53003e-01 |101  0.01226  1.26556e-01 |102  0.01009  8.20807e-02
103  0.00156  2.58498e-02 |104  0.00211 -3.40818e-04 |105  0.02146 -2.18828e-02
106  0.01979 -4.95573e-02 |107 -0.00469 -8.94884e-02 |108  0.01345 -1.55666e-01
109  0.08149 -3.21237e-01 |110  0.02616 -2.46743e-01 |111 -0.01625 -1.63700e-01
112  0.00216 -1.51807e-01 |113  0.01738 -9.79091e-02 |114  0.03591 -3.03335e-02
115  0.00096 -5.79070e-03 |116 -0.06486 -1.10918e-02 |117 -0.08197 -3.28413e-02
118 -0.08003  4.25518e-03 |119 -0.03739  1.53185e-01 |120  0.06596  4.08784e-01
121  0.02178  2.16459e-01 |122  0.01256  1.08884e-01 |123 -0.02886 -2.21249e-02
124 -0.06832 -1.78187e-02 |125 -0.00979 -1.49814e-01 |126  0.00129 -2.41366e-01
127 -0.02786 -1.81873e-01 |128  0.03006 -2.74472e-01 |129  0.07513 -3.66752e-01
130  0.01681 -1.48009e-01 |131  0.08574 -2.11973e-01 |132  0.00742 -8.88946e-02
133  0.13509 -1.31420e-01 |134 -0.00223 -1.12384e-02 |135 -0.04411  3.61764e-02
136 -0.05458  1.78084e-02 |137 -0.02096  8.67154e-03 |138  0.09452 -7.04967e-03
139  0.03243  1.03681e-03 |140  0.01716  3.41321e-02 |141 -0.02765  3.35481e-02
142 -0.01749  3.80108e-03 |143 -0.00483  2.40178e-02 |144 -0.00038  1.21823e-03
145  0.28377  9.84388e-01 |146  0.19456  1.73615e+00 |147  0.04660  1.87824e+00
148  0.29621 -2.33587e+00 |149 -0.47353  1.54620e-02 |150  0.31303 -2.72624e-03
151  0.18358  2.46152e+00 |152  0.25938 -4.66981e+00 |153  0.17395  6.36224e-01
154  0.25380 -8.11078e-01 |155  0.10342 -2.21091e-01 |156  0.29644  6.62718e-01
157  0.16817  2.58776e-01 |158  0.24593 -3.76069e-01 |159 -0.35177  1.55933e-02
160  0.24303  1.17156e-01 |161  0.20016  5.98179e-02 |162  0.31649 -2.65932e-01
163 -0.38026 -5.66757e-02 |164  0.23581  4.51714e-02 |165  0.05055  1.66634e-01
166  0.11902  1.50843e+00 |167  0.32162 -2.18000e-01 |168  0.27264 -8.64611e-01
169  0.01255  3.26504e-01 |170  0.39330 -1.85750e-01 |171  0.09885  6.99392e+00
172  0.16319 -3.94809e+00 |173  0.21858 -4.99624e+00 |174  0.25720  5.46138e+00
175 -0.55860  2.50498e-01 |176  0.16930 -1.22507e-02 |

 - final statistics:
176 variables; iteration 45; function evaluation 47
Function value 7.1512e+03; maximum gradient component mag 9.1563e-01
Exit code = 1;  converg criter 1.0000e+00
Var    Value     Gradient |Var    Value     Gradient |Var    Value     Gradient
  1 -0.42379 -3.73085e-01 |  2  0.36941  7.41066e-01 |  3 -0.12724  6.07926e-01
  4 -0.00885  5.52395e-01 |  5 -0.71040  2.24410e-02 |  6 -0.60382 -1.15673e-01
  7  0.37305 -1.90009e-02 |  8 -0.18662 -1.63082e-03 |  9  0.04109 -1.26059e-01
 10 -0.61417  1.14864e-01 | 11 -0.62251 -6.90284e-01 | 12 -0.09678  5.89059e-01
 13 -0.00993  1.00406e-02 | 14 -0.01014  1.03969e-02 | 15 -0.01035  1.07609e-02
 16 -0.01055  1.11311e-02 | 17 -0.01075  1.15056e-02 | 18 -0.01094  1.18812e-02
 19 -0.01113  1.22549e-02 | 20 -0.01130  1.26233e-02 | 21 -0.01147  1.29827e-02
 22 -0.01162  1.33296e-02 | 23 -0.01176  1.36602e-02 | 24 -0.01188  1.39707e-02
 25 -0.01199  1.42576e-02 | 26 -0.01208  1.45175e-02 | 27 -0.01215  1.47472e-02
 28 -0.01221  1.49440e-02 | 29 -0.01223  1.51060e-02 | 30 -0.01224  1.52321e-02
 31 -0.01222  1.53227e-02 | 32 -0.01218  1.53792e-02 | 33 -0.01211  1.54039e-02
 34 -0.01201  1.53999e-02 | 35 -0.01189  1.53711e-02 | 36 -0.01174  1.53206e-02
 37 -0.01156  1.52507e-02 | 38 -0.01135  1.51604e-02 | 39 -0.01112  1.50437e-02
 40 -0.01085  1.48871e-02 | 41 -0.01056  1.46707e-02 | 42 -0.01026  1.43639e-02
 43 -0.00993  1.39281e-02 | 44 -0.00960  1.33180e-02 | 45 -0.00925  1.24853e-02
 46 -0.00891  1.13831e-02 | 47 -0.00859  9.97395e-03 | 48 -0.00828  8.23619e-03
 49 -0.00799  6.17188e-03 | 50 -0.00774  3.81209e-03 | 51 -0.00753  1.21794e-03
 52 -0.00736 -1.52470e-03 | 53 -0.00722 -4.32020e-03 | 54 -0.00710 -7.08067e-03
 55 -0.00700 -9.73286e-03 | 56 -0.00687 -1.22135e-02 | 57 -0.00671 -1.44578e-02
 58 -0.00647 -1.63800e-02 | 59 -0.00612 -1.78537e-02 | 60 -0.00564 -1.86833e-02
 61 -0.00498 -1.85803e-02 | 62 -0.00412 -1.71618e-02 | 63 -0.00302 -1.40508e-02
 64 -0.00167 -9.09792e-03 | 65 -0.00003 -2.81072e-03 | 66  0.00189  3.10078e-03
 67  0.00409  5.40183e-03 | 68  0.00657 -6.07568e-05 | 69  0.00930 -1.58777e-02
 70  0.01227 -3.87018e-02 | 71  0.01550 -5.58076e-02 | 72  0.01900 -4.93384e-02
 73  0.02270 -1.36111e-02 | 74  0.02633  2.57640e-02 | 75  0.02945  2.35228e-02
 76  0.03177 -3.10880e-02 | 77  0.03337 -8.50895e-02 | 78  0.03445 -8.26992e-02
 79  0.03493 -3.77287e-02 | 80  0.03461 -7.54287e-03 | 81  0.03342 -2.47004e-02
 82  0.03152 -7.50468e-02 | 83  0.02913 -1.17572e-01 | 84  0.02636 -1.12337e-01
 85  0.02320 -5.99101e-02 | 86  0.01953 -1.58432e-02 | 87  0.01556 -2.15189e-02
 88  0.01192 -5.15653e-02 | 89  0.00919 -6.89748e-02 | 90  0.00752 -6.72198e-02
 91  0.00662 -5.35751e-02 | 92  0.00605 -3.32525e-02 | 93  0.00560 -9.65941e-03
 94  0.00571  1.24091e-02 | 95  0.00647  3.14193e-02 | 96  0.00665  4.88368e-02
 97  0.00816  6.08890e-02 | 98  0.01049  6.85867e-02 | 99  0.01426  7.88234e-02
100  0.01394  7.51057e-02 |101  0.01221  7.58943e-02 |102  0.01012  7.53790e-02
103  0.00167  5.68878e-02 |104  0.00210  9.49653e-03 |105  0.02140  2.57390e-02
106  0.01980  4.54334e-02 |107 -0.00439  6.92390e-02 |108  0.01362  2.41068e-02
109  0.08149 -4.39918e-02 |110  0.02633 -3.52484e-02 |111 -0.01611 -8.48069e-03
112  0.00222 -4.06771e-02 |113  0.01729 -8.98713e-02 |114  0.03587 -8.70363e-02
115  0.00094 -3.09364e-02 |116 -0.06470  4.20682e-02 |117 -0.08184  6.96316e-03
118 -0.08002 -3.24730e-02 |119 -0.03736  4.54476e-02 |120  0.06602  1.19666e-01
121  0.02189  4.77593e-02 |122  0.01255 -2.09513e-02 |123 -0.02880 -1.45798e-02
124 -0.06821  2.49165e-02 |125 -0.00949  6.46468e-02 |126  0.00165  6.23358e-02
127 -0.02756  5.14935e-02 |128  0.02997 -1.00521e-01 |129  0.07562 -6.64648e-02
130  0.01647 -1.24329e-01 |131  0.08596 -1.23608e-01 |132  0.00754 -8.63563e-03
133  0.13540  9.79223e-02 |134 -0.00230 -2.39468e-02 |135 -0.04379  1.44135e-01
136 -0.05449  4.89499e-02 |137 -0.02090  1.78945e-02 |138  0.09479  5.87591e-02
139  0.03258  4.03221e-02 |140  0.01733  5.58697e-02 |141 -0.02765  2.47753e-02
142 -0.01765 -4.10238e-02 |143 -0.00503 -3.43542e-02 |144 -0.00040 -3.68924e-03
145  0.28273  1.38134e-01 |146  0.19332  1.89992e-01 |147  0.04648  2.34465e-01
148  0.29623 -3.01096e-01 |149 -0.47340  7.19945e-02 |150  0.31294 -3.74678e-02
151  0.18352  3.89068e-01 |152  0.25952 -5.56643e-01 |153  0.17372 -9.54171e-02
154  0.25372 -2.33230e-01 |155  0.10346  1.44545e-02 |156  0.29641  1.03763e-01
157  0.16809 -2.26605e-03 |158  0.24591 -7.34976e-02 |159 -0.35175 -1.58100e-02
160  0.24303  9.53329e-03 |161  0.20019  1.09966e-02 |162  0.31656 -1.11199e-02
163 -0.37940  8.62824e-02 |164  0.23611  3.99163e-02 |165  0.05061  1.31622e-01
166  0.11878  2.64231e-01 |167  0.32176  8.49690e-02 |168  0.27259 -6.05215e-02
169  0.01253  1.46959e-01 |170  0.39353  1.08928e-01 |171  0.09876  9.15629e-01
172  0.16323 -5.20261e-01 |173  0.21864 -6.51794e-01 |174  0.25712  7.11616e-01
175 -0.55715  5.53039e-02 |176  0.16991 -4.24272e-02 |

Initial statistics: 200 variables; iteration 0; function evaluation 0; phase 4
Function value 7.1511648e+03; maximum gradient component mag 1.0122e+01
Var    Value     Gradient |Var    Value     Gradient |Var    Value     Gradient
  1 -0.42379 -3.73085e-01 |  2  0.36941  7.41066e-01 |  3 -0.12724  6.07926e-01
  4 -0.00885  5.52395e-01 |  5 -0.71040  2.24410e-02 |  6 -0.60382 -1.15673e-01
  7  0.37305 -1.90009e-02 |  8 -0.18662 -1.63082e-03 |  9  0.04109 -1.26059e-01
 10 -0.61417  1.14864e-01 | 11 -0.62251 -6.90284e-01 | 12 -0.09678  5.89059e-01
 13 -0.00993  1.00406e-02 | 14 -0.01014  1.03969e-02 | 15 -0.01035  1.07609e-02
 16 -0.01055  1.11311e-02 | 17 -0.01075  1.15056e-02 | 18 -0.01094  1.18812e-02
 19 -0.01113  1.22549e-02 | 20 -0.01130  1.26233e-02 | 21 -0.01147  1.29827e-02
 22 -0.01162  1.33296e-02 | 23 -0.01176  1.36602e-02 | 24 -0.01188  1.39707e-02
 25 -0.01199  1.42576e-02 | 26 -0.01208  1.45175e-02 | 27 -0.01215  1.47472e-02
 28 -0.01221  1.49440e-02 | 29 -0.01223  1.51060e-02 | 30 -0.01224  1.52321e-02
 31 -0.01222  1.53227e-02 | 32 -0.01218  1.53792e-02 | 33 -0.01211  1.54039e-02
 34 -0.01201  1.53999e-02 | 35 -0.01189  1.53711e-02 | 36 -0.01174  1.53206e-02
 37 -0.01156  1.52507e-02 | 38 -0.01135  1.51604e-02 | 39 -0.01112  1.50437e-02
 40 -0.01085  1.48871e-02 | 41 -0.01056  1.46707e-02 | 42 -0.01026  1.43639e-02
 43 -0.00993  1.39281e-02 | 44 -0.00960  1.33180e-02 | 45 -0.00925  1.24853e-02
 46 -0.00891  1.13831e-02 | 47 -0.00859  9.97395e-03 | 48 -0.00828  8.23619e-03
 49 -0.00799  6.17188e-03 | 50 -0.00774  3.81209e-03 | 51 -0.00753  1.21794e-03
 52 -0.00736 -1.52470e-03 | 53 -0.00722 -4.32020e-03 | 54 -0.00710 -7.08067e-03
 55 -0.00700 -9.73286e-03 | 56 -0.00687 -1.22135e-02 | 57 -0.00671 -1.44578e-02
 58 -0.00647 -1.63800e-02 | 59 -0.00612 -1.78537e-02 | 60 -0.00564 -1.86833e-02
 61 -0.00498 -1.85803e-02 | 62 -0.00412 -1.71618e-02 | 63 -0.00302 -1.40508e-02
 64 -0.00167 -9.09792e-03 | 65 -0.00003 -2.81072e-03 | 66  0.00189  3.10078e-03
 67  0.00409  5.40183e-03 | 68  0.00657 -6.07568e-05 | 69  0.00930 -1.58777e-02
 70  0.01227 -3.87018e-02 | 71  0.01550 -5.58076e-02 | 72  0.01900 -4.93384e-02
 73  0.02270 -1.36111e-02 | 74  0.02633  2.57640e-02 | 75  0.02945  2.35228e-02
 76  0.03177 -3.10880e-02 | 77  0.03337 -8.50895e-02 | 78  0.03445 -8.26992e-02
 79  0.03493 -3.77287e-02 | 80  0.03461 -7.54287e-03 | 81  0.03342 -2.47004e-02
 82  0.03152 -7.50468e-02 | 83  0.02913 -1.17572e-01 | 84  0.02636 -1.12337e-01
 85  0.02320 -5.99101e-02 | 86  0.01953 -1.58432e-02 | 87  0.01556 -2.15189e-02
 88  0.01192 -5.15653e-02 | 89  0.00919 -6.89748e-02 | 90  0.00752 -6.72198e-02
 91  0.00662 -5.35751e-02 | 92  0.00605 -3.32525e-02 | 93  0.00560 -9.65941e-03
 94  0.00571  1.24091e-02 | 95  0.00647  3.14193e-02 | 96  0.00665  4.88368e-02
 97  0.00816  6.08890e-02 | 98  0.01049  6.85867e-02 | 99  0.01426  7.88234e-02
100  0.01394  7.51057e-02 |101  0.01221  7.58943e-02 |102  0.01012  7.53790e-02
103  0.00167  5.68878e-02 |104  0.00210  9.49653e-03 |105  0.02140  2.57390e-02
106  0.01980  4.54334e-02 |107 -0.00439  6.92390e-02 |108  0.01362  2.41068e-02
109  0.08149 -4.39918e-02 |110  0.02633 -3.52484e-02 |111 -0.01611 -8.48069e-03
112  0.00222 -4.06771e-02 |113  0.01729 -8.98713e-02 |114  0.03587 -8.70363e-02
115  0.00094 -3.09364e-02 |116 -0.06470  4.20682e-02 |117 -0.08184  6.96316e-03
118 -0.08002 -3.24730e-02 |119 -0.03736  4.54476e-02 |120  0.06602  1.19666e-01
121  0.02189  4.77593e-02 |122  0.01255 -2.09513e-02 |123 -0.02880 -1.45798e-02
124 -0.06821  2.49165e-02 |125 -0.00949  6.46468e-02 |126  0.00165  6.23358e-02
127 -0.02756  5.14935e-02 |128  0.02997 -1.00521e-01 |129  0.07562 -6.64648e-02
130  0.01647 -1.24329e-01 |131  0.08596 -1.23608e-01 |132  0.00754 -8.63563e-03
133  0.13540  9.79223e-02 |134 -0.00230 -2.39468e-02 |135 -0.04379  1.44135e-01
136 -0.05449  4.89499e-02 |137 -0.02090  1.78945e-02 |138  0.09479  5.87591e-02
139  0.03258  4.03221e-02 |140  0.01733  5.58697e-02 |141 -0.02765  2.47753e-02
142 -0.01765 -4.10238e-02 |143 -0.00503 -3.43542e-02 |144 -0.00040 -3.68924e-03
145  0.28273  1.38134e-01 |146  0.19332  1.89992e-01 |147  0.04648  2.34465e-01
148  0.29623 -3.01096e-01 |149  0.01638  6.44912e-01 |150 -0.11477  2.15859e+00
151 -0.47340  7.19945e-02 |152  0.31294 -3.74678e-02 |153  0.04878  2.59349e-01
154 -0.23502 -1.93428e-01 |155  0.18352  3.89068e-01 |156  0.25952 -5.56643e-01
157  0.17372 -9.54171e-02 |158  0.25372 -2.33230e-01 |159  0.00587 -4.13200e-01
160 -0.09827  1.27806e+00 |161  0.10346  1.44545e-02 |162  0.29641  1.03763e-01
163  0.16809 -2.26605e-03 |164  0.24591 -7.34976e-02 |165 -0.35175 -1.58100e-02
166  0.24303  9.53329e-03 |167  0.05275 -4.27816e-01 |168 -0.18762  6.14317e+00
169  0.20019  1.09966e-02 |170  0.31656 -1.11199e-02 |171  0.07774 -1.09009e+00
172 -0.53183 -1.04533e-04 |173 -0.37940  8.62824e-02 |174  0.23611  3.99163e-02
175  0.07820  1.51064e-01 |176 -0.12196 -2.43072e+00 |177  0.05061  1.31622e-01
178  0.11878  2.64231e-01 |179  0.32176  8.49690e-02 |180  0.27259 -6.05215e-02
181  0.00546  4.36235e-02 |182  0.00907  3.70574e-01 |183 -0.15012  1.52985e-01
184 -0.12571  2.96671e+00 |185  0.01253  1.46959e-01 |186  0.39353  1.08928e-01
187  0.01863  8.86645e-02 |188 -0.15435  6.31525e-01 |189  0.09876  9.15629e-01
190  0.16323 -5.20261e-01 |191  0.21864 -6.51794e-01 |192  0.25712  7.11616e-01
193  0.02453  1.28566e-01 |194 -0.00648 -8.38395e-02 |195 -0.17628  2.29748e+00
196 -0.11429  1.01221e+01 |197 -0.55715  5.53039e-02 |198  0.16991 -4.24272e-02
199  0.09511  1.15006e+00 |200 -0.25343  8.52651e-02 |

Intermediate statistics: 200 variables; iteration 20; function evaluation 24; phase 4
Function value 7.1511555e+03; maximum gradient component mag -3.9531e+00
Var    Value     Gradient |Var    Value     Gradient |Var    Value     Gradient
  1 -0.42389  1.28527e-02 |  2  0.36948  1.21921e+00 |  3 -0.12684 -6.17380e-01
  4 -0.00920 -1.24147e-03 |  5 -0.71013 -1.04448e-01 |  6 -0.60389 -1.01991e+00
  7  0.37304  1.14263e+00 |  8 -0.18618  2.67346e+00 |  9  0.04081  1.29674e+00
 10 -0.61435  9.97272e-02 | 11 -0.62245  6.54384e-01 | 12 -0.09590 -9.55993e-01
 13 -0.00993 -1.71509e-03 | 14 -0.01014 -1.74464e-03 | 15 -0.01035 -1.77379e-03
 16 -0.01056 -1.80256e-03 | 17 -0.01075 -1.83115e-03 | 18 -0.01095 -1.85954e-03
 19 -0.01113 -1.88774e-03 | 20 -0.01131 -1.91586e-03 | 21 -0.01147 -1.94400e-03
 22 -0.01162 -1.97225e-03 | 23 -0.01176 -2.00067e-03 | 24 -0.01189 -2.02927e-03
 25 -0.01200 -2.05792e-03 | 26 -0.01209 -2.08635e-03 | 27 -0.01216 -2.11414e-03
 28 -0.01221 -2.14091e-03 | 29 -0.01224 -2.16628e-03 | 30 -0.01224 -2.18985e-03
 31 -0.01222 -2.21115e-03 | 32 -0.01218 -2.22948e-03 | 33 -0.01211 -2.24399e-03
 34 -0.01201 -2.25365e-03 | 35 -0.01189 -2.25724e-03 | 36 -0.01173 -2.25349e-03
 37 -0.01155 -2.24109e-03 | 38 -0.01134 -2.21909e-03 | 39 -0.01110 -2.18687e-03
 40 -0.01084 -2.14384e-03 | 41 -0.01055 -2.09223e-03 | 42 -0.01024 -2.03366e-03
 43 -0.00991 -1.97127e-03 | 44 -0.00957 -1.90926e-03 | 45 -0.00923 -1.85237e-03
 46 -0.00888 -1.80553e-03 | 47 -0.00855 -1.77337e-03 | 48 -0.00823 -1.75909e-03
 49 -0.00794 -1.76394e-03 | 50 -0.00768 -1.78636e-03 | 51 -0.00746 -1.82124e-03
 52 -0.00727 -1.85978e-03 | 53 -0.00712 -1.89129e-03 | 54 -0.00700 -1.90482e-03
 55 -0.00689 -1.89108e-03 | 56 -0.00676 -1.84357e-03 | 57 -0.00658 -1.75707e-03
 58 -0.00634 -1.62394e-03 | 59 -0.00599 -1.43131e-03 | 60 -0.00550 -1.15559e-03
 61 -0.00485 -7.57078e-04 | 62 -0.00399 -1.75403e-04 | 63 -0.00291  6.62478e-04
 64 -0.00158  1.81659e-03 | 65  0.00003  3.26876e-03 | 66  0.00193  4.82099e-03
 67  0.00412  5.97505e-03 | 68  0.00661  5.93253e-03 | 69  0.00939  3.95397e-03
 70  0.01243  2.80428e-04 | 71  0.01572 -2.69084e-03 | 72  0.01918 -5.56776e-04
 73  0.02274  9.33904e-03 | 74  0.02621  2.16899e-02 | 75  0.02933  2.36529e-02
 76  0.03184  9.91574e-03 | 77  0.03363 -4.86982e-03 | 78  0.03468 -2.63093e-03
 79  0.03499  1.30880e-02 | 80  0.03453  2.38440e-02 | 81  0.03340  1.93101e-02
 82  0.03168  4.64231e-03 | 83  0.02944 -7.18130e-03 | 84  0.02665 -5.29702e-03
 85  0.02330  7.99403e-03 | 86  0.01947  1.68710e-02 | 87  0.01552  1.28751e-02
 88  0.01200  3.90858e-03 | 89  0.00935 -2.25900e-03 | 90  0.00769 -5.32288e-03
 91  0.00677 -7.20409e-03 | 92  0.00615 -9.04393e-03 | 93  0.00566 -1.14964e-02
 94  0.00572 -1.53571e-02 | 95  0.00645 -2.07958e-02 | 96  0.00659 -2.70375e-02
 97  0.00807 -3.43426e-02 | 98  0.01038 -4.19047e-02 | 99  0.01414 -4.76036e-02
100  0.01384 -5.20875e-02 |101  0.01212 -5.02606e-02 |102  0.01003 -4.34592e-02
103  0.00162 -3.60740e-02 |104  0.00221 -3.14033e-02 |105  0.02149 -2.00450e-02
106  0.01976 -1.04157e-02 |107 -0.00454 -2.45850e-03 |108  0.01362  8.09419e-03
109  0.08152  3.53137e-03 |110  0.02615 -6.64683e-03 |111 -0.01635  2.25478e-03
112  0.00198  2.31292e-02 |113  0.01723  3.37100e-02 |114  0.03576  3.44674e-02
115  0.00070  7.59451e-03 |116 -0.06500 -1.48922e-02 |117 -0.08205 -1.52631e-02
118 -0.08014 -4.84622e-03 |119 -0.03756 -3.70623e-03 |120  0.06578 -9.23035e-02
121  0.02165 -7.99841e-02 |122  0.01253 -5.95237e-02 |123 -0.02878 -4.77802e-02
124 -0.06823 -2.20193e-02 |125 -0.00968 -5.76887e-02 |126  0.00145 -7.11134e-02
127 -0.02779 -3.38493e-02 |128  0.03010 -4.28636e-02 |129  0.07540 -2.23751e-02
130  0.01664 -4.62308e-03 |131  0.08599  2.58446e-02 |132  0.00750  7.47305e-03
133  0.13531  5.19097e-02 |134 -0.00219  1.30120e-02 |135 -0.04414  5.35812e-03
136 -0.05459  5.21719e-03 |137 -0.02089  1.01939e-02 |138  0.09479  2.09632e-02
139  0.03254  1.96494e-02 |140  0.01725  1.50798e-02 |141 -0.02769  1.24469e-02
142 -0.01750 -5.62962e-03 |143 -0.00491  4.26226e-03 |144 -0.00039 -5.85879e-04
145  0.28342 -1.87049e-01 |146  0.19245 -4.87397e-01 |147  0.04640  7.29077e-01
148  0.29616 -1.02515e+00 |149  0.01659  3.99577e-01 |150 -0.11535  4.81993e-01
151 -0.47331 -2.60705e-02 |152  0.31304 -2.15891e-02 |153  0.04858  2.70477e-02
154 -0.23450  2.85036e-02 |155  0.18290  1.93466e-01 |156  0.25933 -5.24776e-01
157  0.17340 -5.28718e-02 |158  0.25358 -4.83330e-02 |159  0.00650 -7.76604e-02
160 -0.09898 -9.25479e-02 |161  0.10251 -9.59689e-02 |162  0.29616  2.20783e-01
163  0.16758 -1.25989e-01 |164  0.24577  1.18465e-01 |165 -0.35224  4.80793e-02
166  0.24266  1.06467e-02 |167  0.05291 -1.38800e-01 |168 -0.18862 -6.69462e-01
169  0.19946  1.40143e-01 |170  0.31646 -1.19144e-03 |171  0.07786  2.76497e-01
172 -0.53183  1.04543e-05 |173 -0.37989  1.95631e-02 |174  0.23603  1.96684e-01
175  0.07845 -6.52488e-02 |176 -0.12190 -7.66156e-01 |177  0.05021 -4.73966e-02
178  0.11845  6.01506e-01 |179  0.32168  1.50724e-01 |180  0.27238 -8.10376e-01
181  0.00578 -9.53784e-02 |182  0.00961  4.05015e-01 |183 -0.15040  1.16489e-01
184 -0.12633  4.59301e-01 |185  0.01201  1.47286e-02 |186  0.39322  1.40232e-02
187  0.01909 -9.10840e-02 |188 -0.15516 -7.07946e-02 |189  0.09849 -3.95312e+00
190  0.16294  1.28097e+00 |191  0.21857  2.68809e+00 |192  0.25692 -2.33779e+00
193  0.02468 -2.26297e+00 |194 -0.00587 -5.10716e-02 |195 -0.17670 -1.86860e-01
196 -0.11494  9.21964e-01 |197 -0.55692 -1.28651e-01 |198  0.16995 -4.75008e-02
199  0.09484 -1.23602e+00 |200 -0.25316 -4.84997e-01 |
200 variables; iteration 40; function evaluation 44; phase 4
Function value 7.1511552e+03; maximum gradient component mag -4.0208e+00
Var    Value     Gradient |Var    Value     Gradient |Var    Value     Gradient
  1 -0.42390 -1.05383e-01 |  2  0.36946  1.26596e+00 |  3 -0.12685 -7.30151e-01
  4 -0.00916  3.99491e-02 |  5 -0.71014 -7.69618e-02 |  6 -0.60388 -5.80442e-01
  7  0.37301  1.14678e+00 |  8 -0.18619  2.53341e+00 |  9  0.04088  1.30878e+00
 10 -0.61441  1.12598e-01 | 11 -0.62245  6.42667e-01 | 12 -0.09547 -8.35444e-01
 13 -0.00993 -6.94596e-04 | 14 -0.01014 -7.09754e-04 | 15 -0.01035 -7.25290e-04
 16 -0.01056 -7.41299e-04 | 17 -0.01076 -7.57991e-04 | 18 -0.01095 -7.75496e-04
 19 -0.01113 -7.93983e-04 | 20 -0.01131 -8.13680e-04 | 21 -0.01148 -8.34845e-04
 22 -0.01163 -8.57739e-04 | 23 -0.01177 -8.82627e-04 | 24 -0.01189 -9.09769e-04
 25 -0.01200 -9.39328e-04 | 26 -0.01209 -9.71400e-04 | 27 -0.01216 -1.00605e-03
 28 -0.01221 -1.04342e-03 | 29 -0.01224 -1.08373e-03 | 30 -0.01225 -1.12714e-03
 31 -0.01223 -1.17376e-03 | 32 -0.01218 -1.22360e-03 | 33 -0.01211 -1.27661e-03
 34 -0.01202 -1.33265e-03 | 35 -0.01189 -1.39152e-03 | 36 -0.01174 -1.45298e-03
 37 -0.01156 -1.51679e-03 | 38 -0.01135 -1.58286e-03 | 39 -0.01111 -1.65127e-03
 40 -0.01085 -1.72204e-03 | 41 -0.01056 -1.79675e-03 | 42 -0.01025 -1.87657e-03
 43 -0.00992 -1.96345e-03 | 44 -0.00958 -2.05981e-03 | 45 -0.00923 -2.16813e-03
 46 -0.00889 -2.29074e-03 | 47 -0.00856 -2.42970e-03 | 48 -0.00824 -2.58624e-03
 49 -0.00795 -2.76064e-03 | 50 -0.00769 -2.95180e-03 | 51 -0.00747 -3.15658e-03
 52 -0.00728 -3.36947e-03 | 53 -0.00714 -3.58367e-03 | 54 -0.00701 -3.79212e-03
 55 -0.00690 -3.98898e-03 | 56 -0.00677 -4.17070e-03 | 57 -0.00659 -4.33469e-03
 58 -0.00635 -4.47640e-03 | 59 -0.00600 -4.58943e-03 | 60 -0.00551 -4.66299e-03
 61 -0.00486 -4.68174e-03 | 62 -0.00400 -4.62498e-03 | 63 -0.00292 -4.47484e-03
 64 -0.00159 -4.22968e-03 | 65  0.00001 -3.92582e-03 | 66  0.00191 -3.66720e-03
 67  0.00410 -3.61926e-03 | 68  0.00659 -3.95504e-03 | 69  0.00937 -4.70780e-03
 70  0.01243 -5.60185e-03 | 71  0.01573 -6.08943e-03 | 72  0.01919 -5.82076e-03
 73  0.02270 -5.25751e-03 | 74  0.02611 -5.36825e-03 | 75  0.02922 -6.16096e-03
 76  0.03180 -6.45115e-03 | 77  0.03368 -6.11214e-03 | 78  0.03472 -6.52549e-03
 79  0.03493 -7.92878e-03 | 80  0.03441 -9.05630e-03 | 81  0.03330 -9.31371e-03
 82  0.03166 -9.40011e-03 | 83  0.02947 -1.01470e-02 | 84  0.02666 -1.13893e-02
 85  0.02323 -1.20209e-02 | 86  0.01935 -1.20209e-02 | 87  0.01542 -1.30331e-02
 88  0.01193 -1.53888e-02 | 89  0.00929 -1.79455e-02 | 90  0.00763 -2.02361e-02
 91  0.00671 -2.24770e-02 | 92  0.00609 -2.48038e-02 | 93  0.00559 -2.72017e-02
 94  0.00567 -2.97617e-02 | 95  0.00640 -3.23878e-02 | 96  0.00655 -3.44090e-02
 97  0.00805 -3.61870e-02 | 98  0.01039 -3.77393e-02 | 99  0.01416 -3.94437e-02
100  0.01387 -4.08645e-02 |101  0.01215 -3.96099e-02 |102  0.01003 -3.61259e-02
103  0.00163 -2.95014e-02 |104  0.00225 -2.37638e-02 |105  0.02149 -1.73690e-02
106  0.01977 -8.32937e-03 |107 -0.00448  4.60007e-03 |108  0.01361  1.36198e-02
109  0.08159  4.72402e-02 |110  0.02624  3.89211e-02 |111 -0.01628  5.25544e-02
112  0.00200  8.65856e-02 |113  0.01728  1.22542e-01 |114  0.03588  1.46338e-01
115  0.00077  9.25369e-02 |116 -0.06488  5.12405e-02 |117 -0.08194  3.38322e-02
118 -0.08006  2.35133e-02 |119 -0.03750  3.01378e-02 |120  0.06593 -1.44212e-02
121  0.02168 -5.84374e-02 |122  0.01259 -5.74455e-02 |123 -0.02871 -5.73842e-02
124 -0.06817 -2.92235e-02 |125 -0.00962 -7.55892e-02 |126  0.00152 -8.86321e-02
127 -0.02774 -5.57182e-02 |128  0.03018 -7.58880e-02 |129  0.07541 -8.26728e-02
130  0.01672 -3.23866e-02 |131  0.08597 -3.56415e-02 |132  0.00749 -1.51351e-02
133  0.13526  1.77551e-02 |134 -0.00221  2.07583e-03 |135 -0.04412  1.58266e-02
136 -0.05457  6.37447e-03 |137 -0.02087  6.15767e-03 |138  0.09482  1.29740e-02
139  0.03252  1.29337e-02 |140  0.01723  1.62696e-02 |141 -0.02773  1.16048e-02
142 -0.01751 -1.84645e-03 |143 -0.00489  8.27427e-03 |144 -0.00038  2.20139e-04
145  0.28282 -1.31403e-01 |146  0.19178 -4.85767e-01 |147  0.04639  4.78881e-01
148  0.29618 -8.14182e-01 |149  0.01655  1.35409e-01 |150 -0.11537  8.16812e-02
151 -0.47272 -1.44938e-02 |152  0.31354 -6.00796e-03 |153  0.04837 -4.69451e-03
154 -0.23454  4.83580e-04 |155  0.18293  4.60396e-01 |156  0.25935 -8.92828e-01
157  0.17344  1.71148e-01 |158  0.25360 -2.42529e-01 |159  0.00652  3.40957e-02
160 -0.09897  2.29005e-02 |161  0.10251  5.38363e-02 |162  0.29616 -1.06044e-01
163  0.16763  1.10133e-01 |164  0.24579 -1.76308e-01 |165 -0.35285 -1.41420e-01
166  0.24254  3.49303e-01 |167  0.05306 -5.28190e-02 |168 -0.18862 -5.82912e-01
169  0.19858 -4.06848e-02 |170  0.31629  1.41500e-01 |171  0.07797  7.29811e-02
172 -0.53183  3.79793e-05 |173 -0.38185 -1.43663e-01 |174  0.23543  4.27272e-01
175  0.07888 -1.20823e-01 |176 -0.12189 -6.27660e-01 |177  0.04962 -1.63689e-01
178  0.11851  6.15179e-01 |179  0.32151  2.60227e-01 |180  0.27244 -5.91965e-01
181  0.00631 -7.49911e-02 |182  0.00954  4.02741e-01 |183 -0.15055 -9.41794e-02
184 -0.12631  6.21111e-01 |185  0.01185  4.25901e-02 |186  0.39317 -2.21456e-02
187  0.01923  3.67473e-02 |188 -0.15514  4.54329e-02 |189  0.09845 -4.02080e+00
190  0.16287  9.94431e-01 |191  0.21857  3.01277e+00 |192  0.25689 -2.49463e+00
193  0.02472 -1.68075e+00 |194 -0.00580 -2.51916e-02 |195 -0.17672 -2.30799e-01
196 -0.11495  9.21547e-01 |197 -0.55605 -1.12671e-01 |198  0.17035 -7.51007e-03
199  0.09472 -1.29616e+00 |200 -0.25283 -4.22230e-01 |
200 variables; iteration 60; function evaluation 65; phase 4
Function value 7.1511547e+03; maximum gradient component mag -1.0816e+00
Var    Value     Gradient |Var    Value     Gradient |Var    Value     Gradient
  1 -0.42390 -3.01611e-02 |  2  0.36943  3.20351e-01 |  3 -0.12683 -2.17254e-01
  4 -0.00914  4.90151e-02 |  5 -0.71017 -3.18345e-02 |  6 -0.60387 -1.62924e-01
  7  0.37300  2.63400e-01 |  8 -0.18622  6.63806e-01 |  9  0.04090  4.46380e-01
 10 -0.61439  7.42509e-02 | 11 -0.62246  1.63552e-01 | 12 -0.09559 -2.28092e-01
 13 -0.00993  1.07730e-03 | 14 -0.01014  1.08752e-03 | 15 -0.01035  1.09636e-03
 16 -0.01055  1.10368e-03 | 17 -0.01075  1.10934e-03 | 18 -0.01095  1.11311e-03
 19 -0.01113  1.11470e-03 | 20 -0.01131  1.11382e-03 | 21 -0.01147  1.11010e-03
 22 -0.01162  1.10311e-03 | 23 -0.01176  1.09236e-03 | 24 -0.01189  1.07730e-03
 25 -0.01200  1.05730e-03 | 26 -0.01209  1.03166e-03 | 27 -0.01216  9.99597e-04
 28 -0.01221  9.60227e-04 | 29 -0.01224  9.12634e-04 | 30 -0.01224  8.55886e-04
 31 -0.01222  7.88984e-04 | 32 -0.01218  7.10808e-04 | 33 -0.01211  6.20157e-04
 34 -0.01201  5.15772e-04 | 35 -0.01189  3.96379e-04 | 36 -0.01174  2.60807e-04
 37 -0.01156  1.08047e-04 | 38 -0.01135 -6.25227e-05 | 39 -0.01111 -2.51031e-04
 40 -0.01085 -4.56950e-04 | 41 -0.01056 -6.78556e-04 | 42 -0.01025 -9.13103e-04
 43 -0.00992 -1.15632e-03 | 44 -0.00958 -1.40224e-03 | 45 -0.00924 -1.64332e-03
 46 -0.00890 -1.87074e-03 | 47 -0.00856 -2.07545e-03 | 48 -0.00825 -2.24906e-03
 49 -0.00795 -2.38496e-03 | 50 -0.00769 -2.47907e-03 | 51 -0.00747 -2.52987e-03
 52 -0.00729 -2.53804e-03 | 53 -0.00714 -2.50541e-03 | 54 -0.00702 -2.43325e-03
 55 -0.00690 -2.32107e-03 | 56 -0.00677 -2.16630e-03 | 57 -0.00659 -1.96487e-03
 58 -0.00635 -1.71346e-03 | 59 -0.00600 -1.41596e-03 | 60 -0.00551 -1.09063e-03
 61 -0.00485 -7.81282e-04 | 62 -0.00400 -5.66742e-04 | 63 -0.00292 -5.58344e-04
 64 -0.00159 -8.66092e-04 | 65  0.00001 -1.50142e-03 | 66  0.00189 -2.21810e-03
 67  0.00408 -2.37220e-03 | 68  0.00658 -1.07167e-03 | 69  0.00938  2.05682e-03
 70  0.01246  5.70493e-03 | 71  0.01576  6.93360e-03 | 72  0.01921  4.46268e-03
 73  0.02271  2.55338e-03 | 74  0.02613  6.41206e-03 | 75  0.02926  1.05339e-02
 76  0.03181  4.04093e-03 | 77  0.03362 -7.10083e-03 | 78  0.03467 -5.92650e-03
 79  0.03495  7.05684e-03 | 80  0.03449  1.58653e-02 | 81  0.03335  1.21200e-02
 82  0.03166  2.15710e-03 | 83  0.02945 -2.78565e-03 | 84  0.02667  1.20386e-03
 85  0.02326  4.92865e-03 | 86  0.01936  1.07898e-03 | 87  0.01542 -1.84219e-03
 88  0.01194  7.44379e-04 | 89  0.00933  3.02653e-03 | 90  0.00767  2.31794e-03
 91  0.00674 -3.03298e-04 | 92  0.00611 -3.76428e-03 | 93  0.00560 -7.30205e-03
 94  0.00567 -9.99089e-03 | 95  0.00640 -1.15589e-02 | 96  0.00655 -1.16747e-02
 97  0.00805 -1.08862e-02 | 98  0.01039 -1.01013e-02 | 99  0.01416 -1.17435e-02
100  0.01389 -1.02036e-02 |101  0.01216 -1.27941e-02 |102  0.01003 -1.82568e-02
103  0.00159 -2.53791e-02 |104  0.00222 -2.69177e-02 |105  0.02146 -2.85909e-02
106  0.01975 -1.82375e-02 |107 -0.00448 -4.97617e-03 |108  0.01361 -1.05716e-02
109  0.08154 -1.53768e-02 |110  0.02621 -4.04545e-03 |111 -0.01630  6.12422e-03
112  0.00199  1.78743e-02 |113  0.01727  4.24083e-02 |114  0.03583  6.21080e-02
115  0.00079  5.34447e-02 |116 -0.06493  6.14509e-03 |117 -0.08200 -1.21427e-02
118 -0.08009 -9.83584e-03 |119 -0.03750 -1.84580e-02 |120  0.06583 -1.32492e-01
121  0.02161 -1.04328e-01 |122  0.01258 -4.98410e-02 |123 -0.02870 -9.56544e-03
124 -0.06818 -6.32381e-03 |125 -0.00965 -1.45549e-02 |126  0.00151 -3.46605e-03
127 -0.02773  1.12512e-02 |128  0.03017 -2.27615e-03 |129  0.07540  1.32362e-03
130  0.01676  1.73652e-02 |131  0.08596  1.73615e-02 |132  0.00749  1.16810e-02
133  0.13527  5.52293e-02 |134 -0.00223 -3.43371e-03 |135 -0.04413  5.32882e-03
136 -0.05455  8.86384e-03 |137 -0.02086  2.21948e-03 |138  0.09482 -4.09480e-04
139  0.03252  4.62447e-03 |140  0.01722  4.50988e-03 |141 -0.02775  5.59144e-03
142 -0.01754 -5.58780e-03 |143 -0.00487  2.66764e-03 |144 -0.00038  5.34147e-04
145  0.28296 -5.23970e-02 |146  0.19209 -8.42873e-02 |147  0.04639  1.33578e-01
148  0.29620 -2.27376e-01 |149  0.01651 -1.13453e-02 |150 -0.11535  4.08236e-02
151 -0.47174 -2.71170e-02 |152  0.31435  2.77297e-02 |153  0.04799 -1.20828e-01
154 -0.23444 -4.40431e-03 |155  0.18290  1.01577e-01 |156  0.25936 -2.62558e-01
157  0.17344  7.52107e-02 |158  0.25362 -2.98855e-02 |159  0.00655  6.33895e-02
160 -0.09897 -4.58907e-03 |161  0.10250  1.14481e-02 |162  0.29615 -3.08138e-02
163  0.16759  7.53859e-04 |164  0.24577 -6.16488e-02 |165 -0.35250 -3.01004e-03
166  0.24261  1.13559e-01 |167  0.05298 -1.90983e-02 |168 -0.18860 -1.48021e-01
169  0.19870 -1.47530e-02 |170  0.31630  5.73579e-02 |171  0.07795  1.99271e-02
172 -0.53185  3.00241e-05 |173 -0.38270 -4.29051e-02 |174  0.23510  1.09739e-01
175  0.07910  1.34451e-02 |176 -0.12184 -1.77195e-01 |177  0.04951 -7.11032e-02
178  0.11849  1.42773e-01 |179  0.32142  4.50024e-02 |180  0.27245 -1.81450e-01
181  0.00642 -1.09902e-02 |182  0.00949  5.76319e-02 |183 -0.15055 -2.69087e-02
184 -0.12632  1.88153e-01 |185  0.01167 -9.93430e-03 |186  0.39309 -4.23385e-02
187  0.01937  3.96489e-02 |188 -0.15520 -7.69639e-03 |189  0.09852 -1.08160e+00
190  0.16288  2.66445e-01 |191  0.21855  8.20778e-01 |192  0.25693 -6.86620e-01
193  0.02470 -4.60256e-01 |194 -0.00578 -1.28155e-02 |195 -0.17673 -5.50814e-02
196 -0.11496  2.61751e-01 |197 -0.55622 -3.27681e-02 |198  0.17024 -3.55770e-02
199  0.09473 -3.77570e-01 |200 -0.25293 -1.23516e-01 |
200 variables; iteration 80; function evaluation 89; phase 4
Function value 7.1511546e+03; maximum gradient component mag -1.1941e-01
Var    Value     Gradient |Var    Value     Gradient |Var    Value     Gradient
  1 -0.42391 -1.51319e-03 |  2  0.36943  3.40581e-02 |  3 -0.12681 -2.55680e-02
  4 -0.00915  1.16560e-02 |  5 -0.71012 -2.62570e-03 |  6 -0.60387 -1.83626e-02
  7  0.37301  2.54156e-02 |  8 -0.18621  7.09709e-02 |  9  0.04086  5.76745e-02
 10 -0.61440  1.24983e-02 | 11 -0.62246  1.78226e-02 | 12 -0.09540 -2.92861e-02
 13 -0.00993 -7.49921e-07 | 14 -0.01015 -8.16658e-06 | 15 -0.01035 -1.54148e-05
 16 -0.01056 -2.23646e-05 | 17 -0.01076 -2.88516e-05 | 18 -0.01095 -3.47460e-05
 19 -0.01114 -3.99220e-05 | 20 -0.01131 -4.42475e-05 | 21 -0.01148 -4.75979e-05
 22 -0.01163 -4.98679e-05 | 23 -0.01177 -5.09661e-05 | 24 -0.01189 -5.08126e-05
 25 -0.01200 -4.93601e-05 | 26 -0.01209 -4.65898e-05 | 27 -0.01216 -4.25217e-05
 28 -0.01222 -3.72059e-05 | 29 -0.01224 -3.07078e-05 | 30 -0.01225 -2.31068e-05
 31 -0.01223 -1.45138e-05 | 32 -0.01218 -5.12465e-06 | 33 -0.01211  4.77507e-06
 34 -0.01202  1.47705e-05 | 35 -0.01189  2.42939e-05 | 36 -0.01174  3.26285e-05
 37 -0.01156  3.89173e-05 | 38 -0.01135  4.22717e-05 | 39 -0.01111  4.18555e-05
 40 -0.01085  3.68900e-05 | 41 -0.01056  2.75372e-05 | 42 -0.01025  1.42445e-05
 43 -0.00992 -1.53409e-06 | 44 -0.00958 -1.72075e-05 | 45 -0.00924 -2.91159e-05
 46 -0.00889 -3.26686e-05 | 47 -0.00856 -2.28596e-05 | 48 -0.00824  4.88872e-06
 49 -0.00795  5.39430e-05 | 50 -0.00769  1.25727e-04 | 51 -0.00747  2.19294e-04
 52 -0.00728  3.31415e-04 | 53 -0.00713  4.57681e-04 | 54 -0.00701  5.93692e-04
 55 -0.00689  7.36297e-04 | 56 -0.00676  8.84389e-04 | 57 -0.00659  1.03838e-03
 58 -0.00634  1.19812e-03 | 59 -0.00599  1.35986e-03 | 60 -0.00550  1.51071e-03
 61 -0.00485  1.62162e-03 | 62 -0.00400  1.64039e-03 | 63 -0.00292  1.49746e-03
 64 -0.00159  1.13850e-03 | 65  0.00001  6.04284e-04 | 66  0.00190  1.31637e-04
 67  0.00409  1.36290e-04 | 68  0.00658  8.57077e-04 | 69  0.00938  1.71923e-03
 70  0.01244  1.40953e-03 | 71  0.01573 -1.71016e-04 | 72  0.01918 -3.20873e-04
 73  0.02271  2.46219e-03 | 74  0.02612  3.91180e-03 | 75  0.02922  1.77152e-03
 76  0.03180  1.65320e-03 | 77  0.03369  4.45918e-03 | 78  0.03473  4.11013e-03
 79  0.03492 -1.73892e-05 | 80  0.03439 -2.91983e-03 | 81  0.03328 -2.10785e-03
 82  0.03165 -2.13206e-04 | 83  0.02946 -9.57711e-04 | 84  0.02664 -3.22919e-03
 85  0.02322 -1.53849e-03 | 86  0.01936  1.77645e-03 | 87  0.01542  6.40704e-04
 88  0.01192 -7.81467e-04 | 89  0.00929 -1.80358e-04 | 90  0.00764  3.92188e-04
 91  0.00671  2.38954e-04 | 92  0.00609 -4.09950e-04 | 93  0.00559 -1.29811e-03
 94  0.00565 -2.05753e-03 | 95  0.00638 -2.50914e-03 | 96  0.00653 -2.41030e-03
 97  0.00803 -2.22811e-03 | 98  0.01037 -1.99561e-03 | 99  0.01414 -1.98429e-03
100  0.01386 -1.84554e-03 |101  0.01214 -1.86548e-03 |102  0.01002 -3.10685e-03
103  0.00160 -4.99321e-03 |104  0.00226 -2.35061e-03 |105  0.02148 -4.35484e-03
106  0.01976 -5.21873e-03 |107 -0.00448 -7.43865e-03 |108  0.01361 -5.75371e-03
109  0.08157 -9.84578e-03 |110  0.02628  3.23110e-03 |111 -0.01627  5.72901e-03
112  0.00202  1.04935e-02 |113  0.01730  1.39468e-02 |114  0.03586  5.48230e-03
115  0.00076 -4.33575e-03 |116 -0.06489 -1.01234e-03 |117 -0.08194 -3.66105e-04
118 -0.08006 -1.76548e-03 |119 -0.03749 -2.22673e-03 |120  0.06593 -2.00456e-02
121  0.02169 -1.72203e-02 |122  0.01261 -1.87779e-02 |123 -0.02869 -8.34901e-03
124 -0.06816 -9.34203e-04 |125 -0.00960  9.60911e-04 |126  0.00155  2.85758e-03
127 -0.02773  3.31570e-03 |128  0.03020  7.90368e-04 |129  0.07544  3.76520e-03
130  0.01672 -1.98418e-03 |131  0.08597 -2.95939e-03 |132  0.00748 -1.16602e-04
133  0.13527  2.65741e-02 |134 -0.00224 -9.39985e-03 |135 -0.04412  2.57510e-03
136 -0.05458 -2.26191e-03 |137 -0.02085  8.54788e-04 |138  0.09484  2.62496e-03
139  0.03251  8.63419e-04 |140  0.01721 -1.43262e-03 |141 -0.02775  2.62862e-03
142 -0.01752 -1.68154e-03 |143 -0.00488 -1.03926e-04 |144 -0.00038  2.79294e-04
145  0.28269 -8.79881e-03 |146  0.19168 -1.88423e-02 |147  0.04637  1.51454e-02
148  0.29621 -2.53845e-02 |149  0.01654 -7.81910e-03 |150 -0.11537  6.97446e-03
151 -0.47249 -1.85325e-02 |152  0.31373  1.00755e-03 |153  0.04828 -3.82082e-02
154 -0.23452 -7.71975e-04 |155  0.18289  1.11088e-02 |156  0.25937 -2.94077e-02
157  0.17342  1.58264e-02 |158  0.25362  3.63463e-03 |159  0.00653  1.75871e-02
160 -0.09897 -4.20177e-03 |161  0.10248  3.00811e-03 |162  0.29615 -2.63522e-03
163  0.16761  1.46918e-03 |164  0.24580 -5.69419e-03 |165 -0.35270 -4.38235e-04
166  0.24252  1.40511e-02 |167  0.05302 -1.70308e-03 |168 -0.18859 -1.61408e-02
169  0.19869 -7.97820e-03 |170  0.31629  4.94029e-03 |171  0.07795  2.84986e-03
172 -0.53187  2.72180e-05 |173 -0.38265 -5.68138e-03 |174  0.23510  1.24362e-02
175  0.07909  4.54944e-03 |176 -0.12184 -2.03368e-02 |177  0.04976 -5.20173e-03
178  0.11847  1.33906e-02 |179  0.32149  3.11906e-03 |180  0.27246 -2.05086e-02
181  0.00621 -1.34235e-02 |182  0.00951  6.43919e-03 |183 -0.15055  2.38912e-03
184 -0.12635  2.13543e-02 |185  0.01179 -4.21076e-04 |186  0.39316 -3.87533e-03
187  0.01927  4.82834e-03 |188 -0.15517 -4.98479e-03 |189  0.09854 -1.19412e-01
190  0.16288  2.76353e-02 |191  0.21854  9.02691e-02 |192  0.25695 -7.50885e-02
193  0.02470 -5.19542e-02 |194 -0.00577 -2.90469e-03 |195 -0.17674 -5.82425e-03
196 -0.11497  2.77861e-02 |197 -0.55580 -2.32523e-04 |198  0.17046 -6.00925e-03
199  0.09474 -4.09497e-02 |200 -0.25282 -1.81399e-02 |

 - final statistics:
200 variables; iteration 96; function evaluation 114
Function value 7.1512e+03; maximum gradient component mag 4.7667e-04
Exit code = 1;  converg criter 1.0000e-03
Var    Value     Gradient |Var    Value     Gradient |Var    Value     Gradient
  1 -0.42391  7.35059e-06 |  2  0.36943  1.16336e-05 |  3 -0.12681 -7.56166e-06
  4 -0.00916  6.00139e-06 |  5 -0.71012 -8.36600e-06 |  6 -0.60387 -4.37141e-06
  7  0.37301  1.63599e-05 |  8 -0.18621  2.21142e-05 |  9  0.04085  1.06454e-05
 10 -0.61441  3.53486e-05 | 11 -0.62246  3.19752e-06 | 12 -0.09540  8.19601e-06
 13 -0.00993 -2.66409e-06 | 14 -0.01015 -2.25838e-06 | 15 -0.01035 -1.69420e-06
 16 -0.01056 -9.63297e-07 | 17 -0.01076 -6.47439e-08 | 18 -0.01095  1.00335e-06
 19 -0.01114  2.24071e-06 | 20 -0.01131  3.64218e-06 | 21 -0.01148  5.19919e-06
 22 -0.01163  6.90349e-06 | 23 -0.01177  8.74607e-06 | 24 -0.01189  1.07166e-05
 25 -0.01200  1.28103e-05 | 26 -0.01209  1.50253e-05 | 27 -0.01216  1.73646e-05
 28 -0.01221  1.98346e-05 | 29 -0.01224  2.24449e-05 | 30 -0.01225  2.52068e-05
 31 -0.01223  2.81355e-05 | 32 -0.01218  3.12521e-05 | 33 -0.01211  3.45773e-05
 34 -0.01202  3.81272e-05 | 35 -0.01189  4.19060e-05 | 36 -0.01174  4.58905e-05
 37 -0.01156  5.00218e-05 | 38 -0.01135  5.41851e-05 | 39 -0.01111  5.82056e-05
 40 -0.01085  6.18490e-05 | 41 -0.01056  6.48049e-05 | 42 -0.01025  6.67484e-05
 43 -0.00992  6.73497e-05 | 44 -0.00958  6.63301e-05 | 45 -0.00923  6.35153e-05
 46 -0.00889  5.88792e-05 | 47 -0.00856  5.25664e-05 | 48 -0.00824  4.48577e-05
 49 -0.00795  3.61127e-05 | 50 -0.00769  2.66865e-05 | 51 -0.00747  1.68617e-05
 52 -0.00728  6.81911e-06 | 53 -0.00713 -3.33764e-06 | 54 -0.00701 -1.35211e-05
 55 -0.00689 -2.35484e-05 | 56 -0.00676 -3.30364e-05 | 57 -0.00659 -4.13458e-05
 58 -0.00634 -4.75775e-05 | 59 -0.00599 -5.07491e-05 | 60 -0.00551 -5.01974e-05
 61 -0.00485 -4.64659e-05 | 62 -0.00400 -4.25238e-05 | 63 -0.00292 -4.43357e-05
 64 -0.00159 -5.80109e-05 | 65  0.00001 -8.11441e-05 | 66  0.00190 -9.48345e-05
 67  0.00409 -7.72188e-05 | 68  0.00659 -4.45079e-05 | 69  0.00937 -4.48168e-05
 70  0.01244 -5.62729e-05 | 71  0.01573 -3.12159e-05 | 72  0.01919 -6.39977e-05
 73  0.02270 -8.29062e-05 | 74  0.02611 -1.52071e-05 | 75  0.02922 -6.67917e-05
 76  0.03180 -1.03503e-06 | 77  0.03367  1.40573e-05 | 78  0.03471 -5.82754e-05
 79  0.03492  1.47989e-07 | 80  0.03441  1.04730e-05 | 81  0.03329 -5.63961e-05
 82  0.03165 -1.70950e-05 | 83  0.02947  2.10768e-05 | 84  0.02666 -3.80188e-05
 85  0.02323  4.37905e-05 | 86  0.01935  2.40713e-05 | 87  0.01541  1.71123e-06
 88  0.01192  2.00411e-05 | 89  0.00929  7.86912e-06 | 90  0.00763  1.92552e-05
 91  0.00671  2.75347e-05 | 92  0.00609  1.88554e-05 | 93  0.00559 -6.03648e-06
 94  0.00566 -3.23260e-05 | 95  0.00639 -4.65093e-05 | 96  0.00654 -4.65627e-05
 97  0.00804 -3.02719e-05 | 98  0.01037 -1.12862e-05 | 99  0.01414  9.71271e-07
100  0.01386  6.16105e-06 |101  0.01213 -1.27976e-05 |102  0.01002 -5.78530e-05
103  0.00161 -1.49948e-04 |104  0.00225  7.79422e-06 |105  0.02148 -3.62069e-05
106  0.01976 -3.95332e-05 |107 -0.00447  1.21875e-04 |108  0.01361  4.81435e-06
109  0.08159  8.91918e-05 |110  0.02627 -1.36893e-04 |111 -0.01627 -8.41914e-05
112  0.00201 -1.21590e-04 |113  0.01729  6.16139e-05 |114  0.03586  1.50089e-04
115  0.00077 -1.24103e-04 |116 -0.06489 -2.59127e-04 |117 -0.08193  3.25878e-04
118 -0.08006  2.54490e-05 |119 -0.03750 -2.64745e-04 |120  0.06594  8.18205e-05
121  0.02170 -2.29002e-05 |122  0.01262 -1.24526e-04 |123 -0.02869  1.07939e-04
124 -0.06816  7.52979e-05 |125 -0.00960  2.91907e-05 |126  0.00155 -1.58798e-04
127 -0.02774 -3.96330e-05 |128  0.03020  1.13081e-04 |129  0.07544  3.38827e-05
130  0.01673 -1.28478e-04 |131  0.08597 -1.57704e-04 |132  0.00748  4.76674e-04
133  0.13524 -6.74083e-05 |134 -0.00222 -3.04428e-04 |135 -0.04413 -8.99328e-05
136 -0.05457  1.91225e-05 |137 -0.02086 -1.64590e-04 |138  0.09484 -3.23830e-04
139  0.03251 -4.28030e-05 |140  0.01722 -1.80317e-05 |141 -0.02775  6.85942e-05
142 -0.01751 -2.14815e-05 |143 -0.00488  4.19571e-05 |144 -0.00038  1.48374e-05
145  0.28269 -3.75267e-05 |146  0.19168 -1.12672e-06 |147  0.04637  5.84375e-06
148  0.29621 -4.04515e-06 |149  0.01654 -5.24138e-06 |150 -0.11537  3.78249e-06
151 -0.47238 -2.19563e-05 |152  0.31381  1.98124e-05 |153  0.04827 -1.38625e-05
154 -0.23452  2.40706e-05 |155  0.18289  7.91547e-06 |156  0.25938 -4.15880e-06
157  0.17342 -2.40038e-04 |158  0.25362 -1.36712e-04 |159  0.00653  2.21171e-04
160 -0.09897 -1.07647e-05 |161  0.10248  2.36107e-04 |162  0.29615  9.89764e-05
163  0.16761  7.97279e-06 |164  0.24580  2.06186e-06 |165 -0.35273  3.42625e-05
166  0.24251  1.37948e-05 |167  0.05302 -1.15405e-05 |168 -0.18860 -3.66950e-06
169  0.19873  4.41120e-06 |170  0.31630  2.63137e-06 |171  0.07795  2.72373e-07
172 -0.53193  1.97182e-05 |173 -0.38261 -8.25166e-06 |174  0.23512 -1.25541e-06
175  0.07908 -3.12939e-06 |176 -0.12184 -1.94680e-05 |177  0.04973 -6.67448e-06
178  0.11847  3.82000e-06 |179  0.32148 -1.59470e-06 |180  0.27246 -4.41089e-06
181  0.00624  1.96610e-06 |182  0.00951  8.54990e-07 |183 -0.15055  2.53311e-06
184 -0.12635  6.27562e-06 |185  0.01181  1.12642e-05 |186  0.39317 -1.06239e-06
187  0.01925 -9.69376e-06 |188 -0.15517  2.17823e-06 |189  0.09854 -3.77141e-05
190  0.16289  3.68527e-06 |191  0.21854  2.65832e-05 |192  0.25695 -1.66431e-05
193  0.02470 -1.86094e-05 |194 -0.00576 -3.73983e-06 |195 -0.17674 -2.98452e-06
196 -0.11497  2.84427e-06 |197 -0.55581  5.57524e-06 |198  0.17046 -1.12414e-05
199  0.09474 -2.58716e-05 |200 -0.25281 -2.47629e-05 |

 - final statistics:
213 variables; iteration 0; function evaluation 0
Function value 7.1512e+03; maximum gradient component mag 4.7667e-04
Exit code = 0;  converg criter 1.0000e-03
Var    Value     Gradient |Var    Value     Gradient |Var    Value     Gradient
  1 -0.42391  7.35059e-06 |  2  0.36943  1.16336e-05 |  3 -0.12681 -7.56166e-06
  4 -0.00916  6.00139e-06 |  5 -0.71012 -8.36600e-06 |  6 -0.60387 -4.37140e-06
  7  0.37301  1.63598e-05 |  8 -0.18621  2.21142e-05 |  9  0.04085  1.06454e-05
 10 -0.61441  3.53486e-05 | 11 -0.62246  3.19752e-06 | 12 -0.09540  8.19601e-06
 13 -0.00993 -2.66409e-06 | 14 -0.01015 -2.25838e-06 | 15 -0.01035 -1.69420e-06
 16 -0.01056 -9.63297e-07 | 17 -0.01076 -6.47439e-08 | 18 -0.01095  1.00335e-06
 19 -0.01114  2.24071e-06 | 20 -0.01131  3.64218e-06 | 21 -0.01148  5.19919e-06
 22 -0.01163  6.90349e-06 | 23 -0.01177  8.74607e-06 | 24 -0.01189  1.07166e-05
 25 -0.01200  1.28103e-05 | 26 -0.01209  1.50253e-05 | 27 -0.01216  1.73646e-05
 28 -0.01221  1.98346e-05 | 29 -0.01224  2.24449e-05 | 30 -0.01225  2.52068e-05
 31 -0.01223  2.81355e-05 | 32 -0.01218  3.12521e-05 | 33 -0.01211  3.45773e-05
 34 -0.01202  3.81272e-05 | 35 -0.01189  4.19060e-05 | 36 -0.01174  4.58905e-05
 37 -0.01156  5.00218e-05 | 38 -0.01135  5.41851e-05 | 39 -0.01111  5.82056e-05
 40 -0.01085  6.18490e-05 | 41 -0.01056  6.48049e-05 | 42 -0.01025  6.67484e-05
 43 -0.00992  6.73497e-05 | 44 -0.00958  6.63301e-05 | 45 -0.00923  6.35153e-05
 46 -0.00889  5.88792e-05 | 47 -0.00856  5.25664e-05 | 48 -0.00824  4.48577e-05
 49 -0.00795  3.61127e-05 | 50 -0.00769  2.66865e-05 | 51 -0.00747  1.68617e-05
 52 -0.00728  6.81911e-06 | 53 -0.00713 -3.33764e-06 | 54 -0.00701 -1.35211e-05
 55 -0.00689 -2.35484e-05 | 56 -0.00676 -3.30364e-05 | 57 -0.00659 -4.13458e-05
 58 -0.00634 -4.75775e-05 | 59 -0.00599 -5.07491e-05 | 60 -0.00551 -5.01974e-05
 61 -0.00485 -4.64659e-05 | 62 -0.00400 -4.25238e-05 | 63 -0.00292 -4.43357e-05
 64 -0.00159 -5.80109e-05 | 65  0.00001 -8.11441e-05 | 66  0.00190 -9.48345e-05
 67  0.00409 -7.72188e-05 | 68  0.00659 -4.45079e-05 | 69  0.00937 -4.48168e-05
 70  0.01244 -5.62729e-05 | 71  0.01573 -3.12159e-05 | 72  0.01919 -6.39977e-05
 73  0.02270 -8.29062e-05 | 74  0.02611 -1.52071e-05 | 75  0.02922 -6.67917e-05
 76  0.03180 -1.03503e-06 | 77  0.03367  1.40573e-05 | 78  0.03471 -5.82754e-05
 79  0.03492  1.47989e-07 | 80  0.03441  1.04730e-05 | 81  0.03329 -5.63961e-05
 82  0.03165 -1.70950e-05 | 83  0.02947  2.10768e-05 | 84  0.02666 -3.80188e-05
 85  0.02323  4.37905e-05 | 86  0.01935  2.40713e-05 | 87  0.01541  1.71123e-06
 88  0.01192  2.00411e-05 | 89  0.00929  7.86912e-06 | 90  0.00763  1.92552e-05
 91  0.00671  2.75347e-05 | 92  0.00609  1.88554e-05 | 93  0.00559 -6.03648e-06
 94  0.00566 -3.23260e-05 | 95  0.00639 -4.65093e-05 | 96  0.00654 -4.65627e-05
 97  0.00804 -3.02719e-05 | 98  0.01037 -1.12862e-05 | 99  0.01414  9.71271e-07
100  0.01386  6.16105e-06 |101  0.01213 -1.27976e-05 |102  0.01002 -5.78530e-05
103  0.00161 -1.49948e-04 |104  0.00225  7.79422e-06 |105  0.02148 -3.62069e-05
106  0.01976 -3.95332e-05 |107 -0.00447  1.21875e-04 |108  0.01361  4.81435e-06
109  0.08159  8.91918e-05 |110  0.02627 -1.36893e-04 |111 -0.01627 -8.41914e-05
112  0.00201 -1.21590e-04 |113  0.01729  6.16139e-05 |114  0.03586  1.50089e-04
115  0.00077 -1.24103e-04 |116 -0.06489 -2.59127e-04 |117 -0.08193  3.25878e-04
118 -0.08006  2.54490e-05 |119 -0.03750 -2.64745e-04 |120  0.06594  8.18205e-05
121  0.02170 -2.29002e-05 |122  0.01262 -1.24526e-04 |123 -0.02869  1.07939e-04
124 -0.06816  7.52979e-05 |125 -0.00960  2.91907e-05 |126  0.00155 -1.58798e-04
127 -0.02774 -3.96330e-05 |128  0.03020  1.13081e-04 |129  0.07544  3.38827e-05
130  0.01673 -1.28478e-04 |131  0.08597 -1.57704e-04 |132  0.00748  4.76674e-04
133  0.13524 -6.74083e-05 |134 -0.00222 -3.04428e-04 |135 -0.04413 -8.99328e-05
136 -0.05457  1.91225e-05 |137 -0.02086 -1.64590e-04 |138  0.09484 -3.23830e-04
139  0.03251 -4.28030e-05 |140  0.01722 -1.80317e-05 |141 -0.02775  6.85942e-05
142 -0.01751 -2.14815e-05 |143 -0.00488  4.19571e-05 |144 -0.00038  1.48374e-05
145  0.00000  0.00000e+00 |146  0.00000  0.00000e+00 |147  0.00000  0.00000e+00
148  0.00000  0.00000e+00 |149  0.00000  0.00000e+00 |150  0.00000  0.00000e+00
151  0.00000  0.00000e+00 |152  0.00000  0.00000e+00 |153  0.00000  0.00000e+00
154  0.00000  0.00000e+00 |155  0.00000  0.00000e+00 |156  0.00000  0.00000e+00
157  0.00000  0.00000e+00 |158  0.28269 -3.75267e-05 |159  0.19168 -1.12672e-06
160  0.04637  5.84376e-06 |161  0.29621 -4.04515e-06 |162  0.01654 -5.24138e-06
163 -0.11537  3.78249e-06 |164 -0.47238 -2.19563e-05 |165  0.31381  1.98124e-05
166  0.04827 -1.38625e-05 |167 -0.23452  2.40706e-05 |168  0.18289  7.91547e-06
169  0.25938 -4.15880e-06 |170  0.17342 -2.40038e-04 |171  0.25362 -1.36712e-04
172  0.00653  2.21171e-04 |173 -0.09897 -1.07647e-05 |174  0.10248  2.36107e-04
175  0.29615  9.89764e-05 |176  0.16761  7.97279e-06 |177  0.24580  2.06186e-06
178 -0.35273  3.42625e-05 |179  0.24251  1.37948e-05 |180  0.05302 -1.15405e-05
181 -0.18860 -3.66950e-06 |182  0.19873  4.41120e-06 |183  0.31630  2.63137e-06
184  0.07795  2.72373e-07 |185 -0.53193  1.97182e-05 |186 -0.38261 -8.25166e-06
187  0.23512 -1.25541e-06 |188  0.07908 -3.12939e-06 |189 -0.12184 -1.94680e-05
190  0.04973 -6.67448e-06 |191  0.11847  3.82000e-06 |192  0.32148 -1.59470e-06
193  0.27246 -4.41089e-06 |194  0.00624  1.96610e-06 |195  0.00951  8.54990e-07
196 -0.15055  2.53311e-06 |197 -0.12635  6.27562e-06 |198  0.01181  1.12642e-05
199  0.39317 -1.06239e-06 |200  0.01925 -9.69376e-06 |201 -0.15517  2.17823e-06
202  0.09854 -3.77141e-05 |203  0.16289  3.68527e-06 |204  0.21854  2.65832e-05
205  0.25695 -1.66431e-05 |206  0.02470 -1.86094e-05 |207 -0.00576 -3.73983e-06
208 -0.17674 -2.98452e-06 |209 -0.11497  2.84427e-06 |210 -0.55581  5.57524e-06
211  0.17046 -1.12414e-05 |212  0.09474 -2.58716e-05 |213 -0.25281 -2.47629e-05
size of file gradfil1.tmp = 0
size of file gradfil2.tmp = 0
size of file varssave.tmp = 0
size of file cmpdiff.tmp = 1000000040
