
Initial statistics: 136 variables; iteration 0; function evaluation 0; phase 1
Function value 7.2507443e+03; maximum gradient component mag 3.0759e+01
Var    Value     Gradient |Var    Value     Gradient |Var    Value     Gradient
  1 -0.42334  3.07586e+01 |  2 -0.09289 -4.36988e+00 |  3 -0.01009 -6.70054e-02
  4 -0.01031 -6.89559e-02 |  5 -0.01053 -7.09562e-02 |  6 -0.01074 -7.30175e-02
  7 -0.01095 -7.51438e-02 |  8 -0.01115 -7.73242e-02 |  9 -0.01135 -7.95699e-02
 10 -0.01153 -8.18859e-02 | 11 -0.01171 -8.42649e-02 | 12 -0.01187 -8.67184e-02
 13 -0.01203 -8.92578e-02 | 14 -0.01217 -9.18700e-02 | 15 -0.01229 -9.45702e-02
 16 -0.01240 -9.73590e-02 | 17 -0.01249 -1.00241e-01 | 18 -0.01255 -1.03212e-01
 19 -0.01260 -1.06284e-01 | 20 -0.01262 -1.09454e-01 | 21 -0.01262 -1.12737e-01
 22 -0.01260 -1.16146e-01 | 23 -0.01254 -1.19686e-01 | 24 -0.01246 -1.23366e-01
 25 -0.01235 -1.27202e-01 | 26 -0.01220 -1.31182e-01 | 27 -0.01202 -1.35314e-01
 28 -0.01180 -1.39595e-01 | 29 -0.01154 -1.44027e-01 | 30 -0.01124 -1.48605e-01
 31 -0.01091 -1.53357e-01 | 32 -0.01054 -1.58296e-01 | 33 -0.01013 -1.63423e-01
 34 -0.00969 -1.68758e-01 | 35 -0.00923 -1.74308e-01 | 36 -0.00876 -1.80069e-01
 37 -0.00827 -1.86064e-01 | 38 -0.00779 -1.92291e-01 | 39 -0.00732 -1.98764e-01
 40 -0.00687 -2.05474e-01 | 41 -0.00646 -2.12386e-01 | 42 -0.00610 -2.19465e-01
 43 -0.00578 -2.26677e-01 | 44 -0.00550 -2.34011e-01 | 45 -0.00527 -2.41515e-01
 46 -0.00505 -2.49263e-01 | 47 -0.00484 -2.57297e-01 | 48 -0.00461 -2.65680e-01
 49 -0.00433 -2.74536e-01 | 50 -0.00397 -2.83917e-01 | 51 -0.00351 -2.93924e-01
 52 -0.00290 -3.04706e-01 | 53 -0.00211 -3.16349e-01 | 54 -0.00112 -3.29053e-01
 55  0.00012 -3.42902e-01 | 56  0.00162 -3.58347e-01 | 57  0.00342 -3.75501e-01
 58  0.00553 -3.94511e-01 | 59  0.00797 -4.15668e-01 | 60  0.01071 -4.39150e-01
 61  0.01374 -4.65073e-01 | 62  0.01700 -4.93337e-01 | 63  0.02037 -5.23755e-01
 64  0.02373 -5.55853e-01 | 65  0.02687 -5.88796e-01 | 66  0.02959 -6.21509e-01
 67  0.03168 -6.52766e-01 | 68  0.03301 -6.81374e-01 | 69  0.03358 -7.06583e-01
 70  0.03344 -7.28110e-01 | 71  0.03272 -7.45874e-01 | 72  0.03145 -7.59484e-01
 73  0.02960 -7.68045e-01 | 74  0.02705 -7.70321e-01 | 75  0.02380 -7.65506e-01
 76  0.01999 -7.53895e-01 | 77  0.01602 -7.37170e-01 | 78  0.01239 -7.17575e-01
 79  0.00955 -6.96869e-01 | 80  0.00761 -6.74488e-01 | 81  0.00637 -6.48020e-01
 82  0.00544 -6.13558e-01 | 83  0.00468 -5.68496e-01 | 84  0.00458 -5.12461e-01
 85  0.00522 -4.42388e-01 | 86  0.00545 -3.50671e-01 | 87  0.00713 -2.38836e-01
 88  0.00970 -9.86965e-02 | 89  0.01366  7.77900e-02 | 90  0.01376  2.90219e-01
 91  0.01250  5.30070e-01 | 92  0.01081  7.91035e-01 | 93  0.00275  1.01397e+00
 94  0.00360  1.29836e+00 | 95  0.02294  1.80927e+00 | 96  0.02140  2.01986e+00
 97 -0.00268  1.77301e+00 | 98  0.01577  2.01307e+00 | 99  0.08374  3.01449e+00
100  0.02820  1.47967e+00 |101 -0.01452  5.35843e-01 |102  0.00430 -1.68243e-01
103  0.01938 -1.22008e+00 |104  0.03866 -2.60515e+00 |105  0.00285 -2.49397e+00
106 -0.06248 -8.38405e-01 |107 -0.07893  2.06234e+00 |108 -0.07730  6.88178e+00
109 -0.03457  1.27314e+01 |110  0.06971  1.65139e+01 |111  0.02361  3.27700e+00
112  0.01375  1.72599e+00 |113 -0.02797  1.88354e+00 |114 -0.06716 -1.09741e+00
115 -0.00654 -4.26007e+00 |116  0.00456 -1.58839e+00 |117 -0.02731 -8.09239e+00
118  0.02817 -4.27101e+00 |119  0.07344 -7.55259e+00 |120  0.01038 -3.74486e+00
121  0.08254 -4.96460e+00 |122  0.00575 -2.69816e+00 |123  0.13287 -4.50287e-01
124 -0.00532  7.30916e-01 |125 -0.04646 -3.68936e+00 |126 -0.05671 -2.93865e+00
127 -0.02192 -3.07622e+00 |128  0.09420  5.56921e+00 |129  0.03190  7.14610e+00
130  0.01685  4.42489e+00 |131 -0.02798  1.77646e+00 |132 -0.01758  6.79050e-01
133 -0.00588  1.27371e-02 |134 -0.00040 -9.86714e-02 |135  0.27670 -1.33095e-04
136  0.18753  3.27385e-04 |

Intermediate statistics: 136 variables; iteration 20; function evaluation 25; phase 1
Function value 7.2502768e+03; maximum gradient component mag 1.3463e+01
Var    Value     Gradient |Var    Value     Gradient |Var    Value     Gradient
  1 -0.42405  1.34625e+01 |  2 -0.08739  3.54383e+00 |  3 -0.01019 -4.36730e-02
  4 -0.01042 -4.52312e-02 |  5 -0.01064 -4.68360e-02 |  6 -0.01085 -4.84895e-02
  7 -0.01106 -5.01916e-02 |  8 -0.01127 -5.19378e-02 |  9 -0.01147 -5.37290e-02
 10 -0.01166 -5.55644e-02 | 11 -0.01184 -5.74393e-02 | 12 -0.01201 -5.93538e-02
 13 -0.01216 -6.13080e-02 | 14 -0.01230 -6.32953e-02 | 15 -0.01243 -6.53169e-02
 16 -0.01254 -6.73704e-02 | 17 -0.01263 -6.94546e-02 | 18 -0.01270 -7.15657e-02
 19 -0.01275 -7.37032e-02 | 20 -0.01277 -7.58618e-02 | 21 -0.01277 -7.80418e-02
 22 -0.01275 -8.02441e-02 | 23 -0.01270 -8.24687e-02 | 24 -0.01261 -8.47182e-02
 25 -0.01250 -8.69969e-02 | 26 -0.01235 -8.93029e-02 | 27 -0.01217 -9.16398e-02
 28 -0.01195 -9.40081e-02 | 29 -0.01169 -9.64115e-02 | 30 -0.01139 -9.88517e-02
 31 -0.01105 -1.01349e-01 | 32 -0.01067 -1.03921e-01 | 33 -0.01026 -1.06588e-01
 34 -0.00982 -1.09377e-01 | 35 -0.00935 -1.12315e-01 | 36 -0.00887 -1.15427e-01
 37 -0.00838 -1.18747e-01 | 38 -0.00789 -1.22300e-01 | 39 -0.00741 -1.26116e-01
 40 -0.00696 -1.30212e-01 | 41 -0.00655 -1.34587e-01 | 42 -0.00617 -1.39226e-01
 43 -0.00585 -1.44124e-01 | 44 -0.00556 -1.49301e-01 | 45 -0.00532 -1.54819e-01
 46 -0.00510 -1.60782e-01 | 47 -0.00488 -1.67304e-01 | 48 -0.00465 -1.74497e-01
 49 -0.00436 -1.82500e-01 | 50 -0.00401 -1.91434e-01 | 51 -0.00354 -2.01434e-01
 52 -0.00294 -2.12616e-01 | 53 -0.00216 -2.25081e-01 | 54 -0.00118 -2.38942e-01
 55  0.00004 -2.54207e-01 | 56  0.00153 -2.71107e-01 | 57  0.00331 -2.89598e-01
 58  0.00540 -3.09628e-01 | 59  0.00780 -3.31183e-01 | 60  0.01052 -3.54119e-01
 61  0.01352 -3.78259e-01 | 62  0.01673 -4.03282e-01 | 63  0.02007 -4.28736e-01
 64  0.02339 -4.53961e-01 | 65  0.02649 -4.77993e-01 | 66  0.02917 -4.99447e-01
 67  0.03122 -5.17023e-01 | 68  0.03252 -5.29797e-01 | 69  0.03305 -5.37099e-01
 70  0.03289 -5.38785e-01 | 71  0.03214 -5.34523e-01 | 72  0.03086 -5.24014e-01
 73  0.02900 -5.06668e-01 | 74  0.02646 -4.81884e-01 | 75  0.02321 -4.49298e-01
 76  0.01942 -4.08982e-01 | 77  0.01548 -3.61639e-01 | 78  0.01190 -3.08302e-01
 79  0.00911 -2.50079e-01 | 80  0.00722 -1.87180e-01 | 81  0.00604 -1.19086e-01
 82  0.00517 -4.51080e-02 | 83  0.00449  3.46929e-02 | 84  0.00444  1.19916e-01
 85  0.00515  2.10308e-01 | 86  0.00542  3.02856e-01 | 87  0.00712  4.01003e-01
 88  0.00968  5.05267e-01 | 89  0.01359  6.21353e-01 | 90  0.01362  7.25259e-01
 91  0.01225  8.20600e-01 | 92  0.01044  9.14529e-01 | 93  0.00234  9.70862e-01
 94  0.00317  1.10949e+00 | 95  0.02255  1.48336e+00 | 96  0.02126  1.69566e+00
 97 -0.00250  1.62443e+00 | 98  0.01634  2.05504e+00 | 99  0.08536  3.47377e+00
100  0.02947  1.94194e+00 |101 -0.01362  7.96467e-01 |102  0.00512  7.81196e-03
103  0.02026 -9.62549e-01 |104  0.04036 -1.83994e+00 |105  0.00586 -1.43398e+00
106 -0.05933 -3.63059e-01 |107 -0.07808  4.02737e-01 |108 -0.08122  1.76717e+00
109 -0.04044  5.07887e+00 |110  0.06884  7.74928e+00 |111  0.02723  8.62806e-01
112  0.01456 -3.55826e-01 |113 -0.02720  8.65158e-01 |114 -0.06512 -5.44226e-01
115  0.00029 -1.67415e+00 |116 -0.00233 -1.88914e+00 |117 -0.00840 -1.90091e+00
118  0.02282 -3.19812e+00 |119  0.08236 -2.50370e+00 |120  0.01077 -2.10075e+00
121  0.08819 -1.59133e+00 |122  0.01065 -6.92063e-01 |123  0.13576  3.69495e-01
124 -0.00345  9.25126e-01 |125 -0.03629 -2.09364e-01 |126 -0.04845 -2.51157e-02
127 -0.01293  1.66191e-01 |128  0.07992  7.39568e-01 |129  0.01160  7.96640e-01
130  0.00253  6.22101e-01 |131 -0.03207  1.18240e+00 |132 -0.02079 -9.76262e-02
133 -0.00661 -1.42758e-01 |134 -0.00005 -1.23119e-02 |135  0.26884  9.71030e-01
136  0.18106  2.00186e+00 |

 - final statistics:
136 variables; iteration 24; function evaluation 31
Function value 7.2502e+03; maximum gradient component mag 4.9824e+00
Exit code = 1;  converg criter 1.0000e+01
Var    Value     Gradient |Var    Value     Gradient |Var    Value     Gradient
  1 -0.42435  4.98240e+00 |  2 -0.08875  9.10467e-01 |  3 -0.01023 -4.21485e-02
  4 -0.01045 -4.29829e-02 |  5 -0.01067 -4.38177e-02 |  6 -0.01088 -4.46544e-02
  7 -0.01109 -4.54948e-02 |  8 -0.01129 -4.63396e-02 |  9 -0.01149 -4.71916e-02
 10 -0.01167 -4.80537e-02 | 11 -0.01185 -4.89286e-02 | 12 -0.01201 -4.98209e-02
 13 -0.01217 -5.07352e-02 | 14 -0.01231 -5.16757e-02 | 15 -0.01243 -5.26482e-02
 16 -0.01254 -5.36576e-02 | 17 -0.01262 -5.47092e-02 | 18 -0.01269 -5.58081e-02
 19 -0.01274 -5.69604e-02 | 20 -0.01276 -5.81727e-02 | 21 -0.01276 -5.94540e-02
 22 -0.01273 -6.08137e-02 | 23 -0.01267 -6.22614e-02 | 24 -0.01259 -6.38063e-02
 25 -0.01248 -6.54572e-02 | 26 -0.01233 -6.72204e-02 | 27 -0.01214 -6.91017e-02
 28 -0.01192 -7.11053e-02 | 29 -0.01166 -7.32349e-02 | 30 -0.01136 -7.54887e-02
 31 -0.01102 -7.78783e-02 | 32 -0.01065 -8.04040e-02 | 33 -0.01024 -8.30668e-02
 34 -0.00980 -8.58669e-02 | 35 -0.00934 -8.88012e-02 | 36 -0.00886 -9.18639e-02
 37 -0.00837 -9.50535e-02 | 38 -0.00789 -9.83647e-02 | 39 -0.00741 -1.01795e-01
 40 -0.00697 -1.05337e-01 | 41 -0.00655 -1.08974e-01 | 42 -0.00618 -1.12674e-01
 43 -0.00586 -1.16403e-01 | 44 -0.00559 -1.20122e-01 | 45 -0.00535 -1.23800e-01
 46 -0.00513 -1.27415e-01 | 47 -0.00492 -1.30939e-01 | 48 -0.00469 -1.34316e-01
 49 -0.00440 -1.37505e-01 | 50 -0.00405 -1.40433e-01 | 51 -0.00358 -1.43035e-01
 52 -0.00297 -1.45235e-01 | 53 -0.00218 -1.46958e-01 | 54 -0.00119 -1.48159e-01
 55  0.00005 -1.48746e-01 | 56  0.00156 -1.48794e-01 | 57  0.00336 -1.48219e-01
 58  0.00548 -1.46965e-01 | 59  0.00791 -1.45029e-01 | 60  0.01067 -1.42355e-01
 61  0.01370 -1.38924e-01 | 62  0.01696 -1.34832e-01 | 63  0.02035 -1.30271e-01
 64  0.02371 -1.25511e-01 | 65  0.02685 -1.20628e-01 | 66  0.02957 -1.13998e-01
 67  0.03167 -1.03825e-01 | 68  0.03303 -9.08206e-02 | 69  0.03362 -7.63059e-02
 70  0.03351 -6.28471e-02 | 71  0.03279 -5.02389e-02 | 72  0.03153 -3.93538e-02
 73  0.02966 -3.04999e-02 | 74  0.02710 -2.39130e-02 | 75  0.02383 -1.80643e-02
 76  0.02001 -1.09293e-02 | 77  0.01604 -2.68755e-03 | 78  0.01242  4.31195e-03
 79  0.00957  7.96477e-03 | 80  0.00761  8.15655e-03 | 81  0.00635  5.89924e-03
 82  0.00538  2.32829e-03 | 83  0.00459 -1.55973e-03 | 84  0.00446 -4.70613e-03
 85  0.00507 -5.84546e-03 | 86  0.00527 -3.57464e-03 | 87  0.00691  4.22218e-03
 88  0.00944  2.06097e-02 | 89  0.01335  5.14899e-02 | 90  0.01340  9.66598e-02
 91  0.01211  1.60714e-01 | 92  0.01040  2.45922e-01 | 93  0.00241  3.41053e-01
 94  0.00338  4.89163e-01 | 95  0.02288  7.52342e-01 | 96  0.02164  9.24007e-01
 97 -0.00230  8.55152e-01 | 98  0.01613  8.96091e-01 | 99  0.08416  1.17350e+00
100  0.02848  4.70842e-01 |101 -0.01422  1.15327e-01 |102  0.00526  5.73389e-02
103  0.02110 -6.49066e-02 |104  0.04140 -4.11588e-01 |105  0.00622 -5.89055e-01
106 -0.05938 -3.06608e-01 |107 -0.07779  2.03769e-01 |108 -0.08161  7.78813e-01
109 -0.04350  2.02581e+00 |110  0.06608  3.11735e+00 |111  0.02866  2.03447e-01
112  0.01524 -2.40114e-01 |113 -0.02814  5.27108e-01 |114 -0.06468 -3.11834e-02
115  0.00118 -4.07821e-01 |116 -0.00125 -4.29772e-01 |117 -0.00826 -7.19614e-01
118  0.02523 -1.29396e+00 |119  0.08218 -9.24327e-01 |120  0.01277 -8.50229e-01
121  0.08964 -8.61658e-02 |122  0.01167 -9.48860e-02 |123  0.13552  1.82613e-01
124 -0.00425  5.93996e-01 |125 -0.03633 -1.82480e-01 |126 -0.04866 -3.24892e-02
127 -0.01376 -1.66624e-02 |128  0.07779  7.38424e-02 |129  0.00955  2.40683e-01
130  0.00095  2.89133e-01 |131 -0.03537  2.19054e-01 |132 -0.01947  3.22044e-01
133 -0.00576  6.20002e-02 |134 -0.00006 -1.48708e-02 |135  0.27046  3.62069e-01
136  0.18245  7.49080e-01 |

Initial statistics: 146 variables; iteration 0; function evaluation 0; phase 2
Function value 7.2502218e+03; maximum gradient component mag 3.1536e+01
Var    Value     Gradient |Var    Value     Gradient |Var    Value     Gradient
  1 -0.42435  4.98240e+00 |  2  0.37110 -1.24339e+01 |  3 -0.12614 -1.49283e+01
  4 -0.01321 -7.01754e+00 |  5 -0.70915 -1.55252e+00 |  6 -0.60419  1.00907e+01
  7  0.37628  5.55817e+00 |  8 -0.18524 -4.08256e+00 |  9  0.03399  4.10474e+00
 10 -0.60948 -1.87348e+00 | 11 -0.62338  3.15361e+01 | 12 -0.08875  9.10467e-01
 13 -0.01023 -4.21485e-02 | 14 -0.01045 -4.29829e-02 | 15 -0.01067 -4.38177e-02
 16 -0.01088 -4.46544e-02 | 17 -0.01109 -4.54948e-02 | 18 -0.01129 -4.63396e-02
 19 -0.01149 -4.71916e-02 | 20 -0.01167 -4.80537e-02 | 21 -0.01185 -4.89286e-02
 22 -0.01201 -4.98209e-02 | 23 -0.01217 -5.07352e-02 | 24 -0.01231 -5.16757e-02
 25 -0.01243 -5.26482e-02 | 26 -0.01254 -5.36576e-02 | 27 -0.01262 -5.47092e-02
 28 -0.01269 -5.58081e-02 | 29 -0.01274 -5.69604e-02 | 30 -0.01276 -5.81727e-02
 31 -0.01276 -5.94540e-02 | 32 -0.01273 -6.08137e-02 | 33 -0.01267 -6.22614e-02
 34 -0.01259 -6.38063e-02 | 35 -0.01248 -6.54572e-02 | 36 -0.01233 -6.72204e-02
 37 -0.01214 -6.91017e-02 | 38 -0.01192 -7.11053e-02 | 39 -0.01166 -7.32349e-02
 40 -0.01136 -7.54887e-02 | 41 -0.01102 -7.78783e-02 | 42 -0.01065 -8.04040e-02
 43 -0.01024 -8.30668e-02 | 44 -0.00980 -8.58669e-02 | 45 -0.00934 -8.88012e-02
 46 -0.00886 -9.18639e-02 | 47 -0.00837 -9.50535e-02 | 48 -0.00789 -9.83647e-02
 49 -0.00741 -1.01795e-01 | 50 -0.00697 -1.05337e-01 | 51 -0.00655 -1.08974e-01
 52 -0.00618 -1.12674e-01 | 53 -0.00586 -1.16403e-01 | 54 -0.00559 -1.20122e-01
 55 -0.00535 -1.23800e-01 | 56 -0.00513 -1.27415e-01 | 57 -0.00492 -1.30939e-01
 58 -0.00469 -1.34316e-01 | 59 -0.00440 -1.37505e-01 | 60 -0.00405 -1.40433e-01
 61 -0.00358 -1.43035e-01 | 62 -0.00297 -1.45235e-01 | 63 -0.00218 -1.46958e-01
 64 -0.00119 -1.48159e-01 | 65  0.00005 -1.48746e-01 | 66  0.00156 -1.48794e-01
 67  0.00336 -1.48219e-01 | 68  0.00548 -1.46965e-01 | 69  0.00791 -1.45029e-01
 70  0.01067 -1.42355e-01 | 71  0.01370 -1.38924e-01 | 72  0.01696 -1.34832e-01
 73  0.02035 -1.30271e-01 | 74  0.02371 -1.25511e-01 | 75  0.02685 -1.20628e-01
 76  0.02957 -1.13998e-01 | 77  0.03167 -1.03825e-01 | 78  0.03303 -9.08206e-02
 79  0.03362 -7.63059e-02 | 80  0.03351 -6.28471e-02 | 81  0.03279 -5.02389e-02
 82  0.03153 -3.93538e-02 | 83  0.02966 -3.04999e-02 | 84  0.02710 -2.39130e-02
 85  0.02383 -1.80643e-02 | 86  0.02001 -1.09293e-02 | 87  0.01604 -2.68755e-03
 88  0.01242  4.31195e-03 | 89  0.00957  7.96477e-03 | 90  0.00761  8.15655e-03
 91  0.00635  5.89924e-03 | 92  0.00538  2.32829e-03 | 93  0.00459 -1.55973e-03
 94  0.00446 -4.70613e-03 | 95  0.00507 -5.84546e-03 | 96  0.00527 -3.57464e-03
 97  0.00691  4.22218e-03 | 98  0.00944  2.06097e-02 | 99  0.01335  5.14899e-02
100  0.01340  9.66598e-02 |101  0.01211  1.60714e-01 |102  0.01040  2.45922e-01
103  0.00241  3.41053e-01 |104  0.00338  4.89163e-01 |105  0.02288  7.52342e-01
106  0.02164  9.24007e-01 |107 -0.00230  8.55152e-01 |108  0.01613  8.96091e-01
109  0.08416  1.17350e+00 |110  0.02848  4.70842e-01 |111 -0.01422  1.15327e-01
112  0.00526  5.73389e-02 |113  0.02110 -6.49066e-02 |114  0.04140 -4.11588e-01
115  0.00622 -5.89055e-01 |116 -0.05938 -3.06608e-01 |117 -0.07779  2.03769e-01
118 -0.08161  7.78813e-01 |119 -0.04350  2.02581e+00 |120  0.06608  3.11735e+00
121  0.02866  2.03447e-01 |122  0.01524 -2.40114e-01 |123 -0.02814  5.27108e-01
124 -0.06468 -3.11834e-02 |125  0.00118 -4.07821e-01 |126 -0.00125 -4.29772e-01
127 -0.00826 -7.19614e-01 |128  0.02523 -1.29396e+00 |129  0.08218 -9.24327e-01
130  0.01277 -8.50229e-01 |131  0.08964 -8.61658e-02 |132  0.01167 -9.48860e-02
133  0.13552  1.82613e-01 |134 -0.00425  5.93996e-01 |135 -0.03633 -1.82480e-01
136 -0.04866 -3.24892e-02 |137 -0.01376 -1.66624e-02 |138  0.07779  7.38424e-02
139  0.00955  2.40683e-01 |140  0.00095  2.89133e-01 |141 -0.03537  2.19054e-01
142 -0.01947  3.22044e-01 |143 -0.00576  6.20002e-02 |144 -0.00006 -1.48708e-02
145  0.27046  3.62069e-01 |146  0.18245  7.49080e-01 |

Intermediate statistics: 146 variables; iteration 20; function evaluation 26; phase 2
Function value 7.2501777e+03; maximum gradient component mag -2.2878e+01
Var    Value     Gradient |Var    Value     Gradient |Var    Value     Gradient
  1 -0.42444  2.23565e+00 |  2  0.37129 -2.28780e+01 |  3 -0.12567 -1.42724e+01
  4 -0.01405 -1.44380e+01 |  5 -0.70673 -1.62958e+00 |  6 -0.60482 -7.57694e+00
  7  0.37709  6.95090e+00 |  8 -0.18453  1.33332e+01 |  9  0.03235  7.49260e+00
 10 -0.60453 -2.22840e+00 | 11 -0.62483 -4.01848e+00 | 12 -0.08931  2.07912e+00
 13 -0.01019 -1.04320e-02 | 14 -0.01042 -1.05732e-02 | 15 -0.01063 -1.07083e-02
 16 -0.01085 -1.08374e-02 | 17 -0.01106 -1.09612e-02 | 18 -0.01126 -1.10797e-02
 19 -0.01145 -1.11937e-02 | 20 -0.01164 -1.13043e-02 | 21 -0.01182 -1.14124e-02
 22 -0.01198 -1.15198e-02 | 23 -0.01214 -1.16286e-02 | 24 -0.01228 -1.17405e-02
 25 -0.01240 -1.18581e-02 | 26 -0.01251 -1.19839e-02 | 27 -0.01259 -1.21202e-02
 28 -0.01266 -1.22690e-02 | 29 -0.01271 -1.24325e-02 | 30 -0.01273 -1.26137e-02
 31 -0.01273 -1.28178e-02 | 32 -0.01270 -1.30504e-02 | 33 -0.01264 -1.33172e-02
 34 -0.01256 -1.36236e-02 | 35 -0.01245 -1.39742e-02 | 36 -0.01230 -1.43718e-02
 37 -0.01211 -1.48188e-02 | 38 -0.01189 -1.53165e-02 | 39 -0.01163 -1.58668e-02
 40 -0.01133 -1.64714e-02 | 41 -0.01099 -1.71367e-02 | 42 -0.01062 -1.78674e-02
 43 -0.01021 -1.86687e-02 | 44 -0.00977 -1.95452e-02 | 45 -0.00931 -2.05011e-02
 46 -0.00882 -2.15411e-02 | 47 -0.00833 -2.26729e-02 | 48 -0.00785 -2.39042e-02
 49 -0.00737 -2.52429e-02 | 50 -0.00692 -2.66908e-02 | 51 -0.00651 -2.82400e-02
 52 -0.00614 -2.98746e-02 | 53 -0.00581 -3.15791e-02 | 54 -0.00554 -3.33444e-02
 55 -0.00530 -3.51683e-02 | 56 -0.00508 -3.70483e-02 | 57 -0.00486 -3.89702e-02
 58 -0.00463 -4.09090e-02 | 59 -0.00434 -4.28411e-02 | 60 -0.00398 -4.47316e-02
 61 -0.00351 -4.65476e-02 | 62 -0.00290 -4.82523e-02 | 63 -0.00212 -4.98089e-02
 64 -0.00112 -5.11906e-02 | 65  0.00011 -5.23540e-02 | 66  0.00162 -5.33151e-02
 67  0.00342 -5.40349e-02 | 68  0.00553 -5.44850e-02 | 69  0.00797 -5.46554e-02
 70  0.01071 -5.45194e-02 | 71  0.01375 -5.40633e-02 | 72  0.01700 -5.33072e-02
 73  0.02038 -5.22862e-02 | 74  0.02374 -5.10345e-02 | 75  0.02688 -4.95166e-02
 76  0.02959 -4.73179e-02 | 77  0.03169 -4.40900e-02 | 78  0.03303 -4.00535e-02
 79  0.03359 -3.54971e-02 | 80  0.03346 -3.09414e-02 | 81  0.03273 -2.63687e-02
 82  0.03146 -2.20154e-02 | 83  0.02960 -1.80366e-02 | 84  0.02705 -1.46218e-02
 85  0.02380 -1.15710e-02 | 86  0.01998 -8.45319e-03 | 87  0.01601 -5.28805e-03
 88  0.01239 -2.73327e-03 | 89  0.00953 -1.39254e-03 | 90  0.00758 -1.05560e-03
 91  0.00634 -9.65382e-04 | 92  0.00540 -3.77076e-04 | 93  0.00465  5.43397e-04
 94  0.00455  3.92353e-04 | 95  0.00520  8.46783e-05 | 96  0.00547  4.37078e-03
 97  0.00713  3.07185e-03 | 98  0.00967  3.39716e-03 | 99  0.01355  8.89461e-03
100  0.01364  3.29225e-02 |101  0.01234  5.88046e-02 |102  0.01059  9.90391e-02
103  0.00262  1.60188e-01 |104  0.00344  2.26569e-01 |105  0.02262  3.48759e-01
106  0.02136  4.82425e-01 |107 -0.00243  4.53103e-01 |108  0.01606  4.72693e-01
109  0.08329  5.66985e-01 |110  0.02919  4.25164e-01 |111 -0.01413  1.12156e-01
112  0.00508  7.40078e-02 |113  0.02082  3.23041e-02 |114  0.04159 -9.06497e-02
115  0.00646 -1.76075e-01 |116 -0.05910 -1.47077e-01 |117 -0.07785  4.78583e-03
118 -0.08213  1.79806e-01 |119 -0.04515  5.93552e-01 |120  0.06506  9.20056e-01
121  0.02988 -5.67193e-02 |122  0.01550 -1.58831e-01 |123 -0.02872  3.17942e-01
124 -0.06516 -8.97107e-02 |125  0.00153 -2.24497e-02 |126 -0.00117 -4.16048e-03
127 -0.00821 -1.71249e-01 |128  0.02531 -4.76917e-01 |129  0.08349 -1.50752e-02
130  0.01158 -4.72333e-01 |131  0.09090  7.50997e-02 |132  0.01212 -5.36741e-02
133  0.13601 -3.16247e-02 |134 -0.00531  3.11747e-01 |135 -0.03674 -2.06759e-01
136 -0.04907 -4.04688e-02 |137 -0.01371  4.82338e-04 |138  0.07850  1.12598e-01
139  0.00916  1.46771e-01 |140  0.00035  8.32026e-02 |141 -0.03647  1.75712e-02
142 -0.02021  1.56216e-01 |143 -0.00671 -1.09814e-01 |144 -0.00002 -5.60733e-03
145  0.27138  1.01485e+00 |146  0.18307  7.74421e-01 |

 - final statistics:
146 variables; iteration 26; function evaluation 32
Function value 7.2502e+03; maximum gradient component mag -9.3418e+00
Exit code = 1;  converg criter 1.0000e+01
Var    Value     Gradient |Var    Value     Gradient |Var    Value     Gradient
  1 -0.42451  9.72985e-01 |  2  0.37156 -9.34179e+00 |  3 -0.12551 -5.86887e+00
  4 -0.01433 -5.90563e+00 |  5 -0.70583 -7.75799e-01 |  6 -0.60474 -3.10076e+00
  7  0.37744  2.93948e+00 |  8 -0.18453  5.58651e+00 |  9  0.03176  3.15958e+00
 10 -0.60244 -8.93569e-01 | 11 -0.62492 -1.56637e+00 | 12 -0.08899  8.92415e-01
 13 -0.01021 -8.48019e-03 | 14 -0.01043 -8.70047e-03 | 15 -0.01065 -8.92367e-03
 16 -0.01087 -9.14988e-03 | 17 -0.01108 -9.37922e-03 | 18 -0.01128 -9.61159e-03
 19 -0.01148 -9.84713e-03 | 20 -0.01166 -1.00860e-02 | 21 -0.01184 -1.03284e-02
 22 -0.01201 -1.05745e-02 | 23 -0.01216 -1.08248e-02 | 24 -0.01230 -1.10794e-02
 25 -0.01243 -1.13387e-02 | 26 -0.01254 -1.16032e-02 | 27 -0.01263 -1.18730e-02
 28 -0.01269 -1.21481e-02 | 29 -0.01274 -1.24276e-02 | 30 -0.01277 -1.27111e-02
 31 -0.01276 -1.29983e-02 | 32 -0.01274 -1.32893e-02 | 33 -0.01269 -1.35835e-02
 34 -0.01260 -1.38800e-02 | 35 -0.01249 -1.41767e-02 | 36 -0.01234 -1.44698e-02
 37 -0.01216 -1.47545e-02 | 38 -0.01194 -1.50242e-02 | 39 -0.01168 -1.52714e-02
 40 -0.01138 -1.54870e-02 | 41 -0.01104 -1.56642e-02 | 42 -0.01067 -1.57934e-02
 43 -0.01026 -1.58645e-02 | 44 -0.00982 -1.58659e-02 | 45 -0.00935 -1.57842e-02
 46 -0.00887 -1.56048e-02 | 47 -0.00838 -1.53132e-02 | 48 -0.00789 -1.48940e-02
 49 -0.00742 -1.43303e-02 | 50 -0.00696 -1.36019e-02 | 51 -0.00655 -1.26834e-02
 52 -0.00617 -1.15471e-02 | 53 -0.00584 -1.01682e-02 | 54 -0.00556 -8.52861e-03
 55 -0.00531 -6.61573e-03 | 56 -0.00509 -4.41718e-03 | 57 -0.00486 -1.91648e-03
 58 -0.00462  9.02524e-04 | 59 -0.00433  4.05246e-03 | 60 -0.00396  7.54225e-03
 61 -0.00348  1.13759e-02 | 62 -0.00286  1.55477e-02 | 63 -0.00206  2.00451e-02
 64 -0.00105  2.48475e-02 | 65  0.00019  2.99162e-02 | 66  0.00171  3.52269e-02
 67  0.00352  4.07164e-02 | 68  0.00565  4.63064e-02 | 69  0.00809  5.19079e-02
 70  0.01085  5.73951e-02 | 71  0.01389  6.26117e-02 | 72  0.01715  6.73483e-02
 73  0.02053  7.13200e-02 | 74  0.02389  7.41036e-02 | 75  0.02703  7.51396e-02
 76  0.02974  7.43666e-02 | 77  0.03182  7.25677e-02 | 78  0.03314  6.99703e-02
 79  0.03370  6.60778e-02 | 80  0.03355  5.95003e-02 | 81  0.03280  5.02724e-02
 82  0.03150  3.81703e-02 | 83  0.02961  2.35020e-02 | 84  0.02704  6.91887e-03
 85  0.02375 -1.05226e-02 | 86  0.01991 -2.85621e-02 | 87  0.01590 -4.77505e-02
 88  0.01224 -6.82435e-02 | 89  0.00936 -8.96204e-02 | 90  0.00738 -1.11084e-01
 91  0.00611 -1.31484e-01 | 92  0.00516 -1.49264e-01 | 93  0.00440 -1.63437e-01
 94  0.00430 -1.74748e-01 | 95  0.00496 -1.81893e-01 | 96  0.00526 -1.77950e-01
 97  0.00695 -1.72811e-01 | 98  0.00952 -1.59092e-01 | 99  0.01345 -1.32697e-01
100  0.01361 -8.51104e-02 |101  0.01238 -2.45765e-02 |102  0.01069  4.73585e-02
103  0.00278  1.33047e-01 |104  0.00359  2.09377e-01 |105  0.02274  3.13680e-01
106  0.02140  3.81156e-01 |107 -0.00238  3.29862e-01 |108  0.01585  2.39020e-01
109  0.08329  2.16454e-01 |110  0.02909  1.68848e-02 |111 -0.01415 -1.17846e-01
112  0.00500 -1.38311e-01 |113  0.02072 -1.17777e-01 |114  0.04166 -7.22339e-02
115  0.00674  2.52217e-02 |116 -0.05870  1.37868e-01 |117 -0.07728  3.45375e-01
118 -0.08169  3.67557e-01 |119 -0.04616  3.31986e-02 |120  0.06449  1.33176e-02
121  0.03085  7.41509e-02 |122  0.01600  2.26355e-01 |123 -0.02896  2.31036e-01
124 -0.06515  2.95601e-02 |125  0.00128 -1.53308e-01 |126 -0.00107  4.58939e-03
127 -0.00812 -1.11812e-01 |128  0.02545 -3.82812e-01 |129  0.08359 -1.52451e-01
130  0.01168 -3.02204e-01 |131  0.09158  9.98750e-02 |132  0.01260  9.69632e-03
133  0.13674  2.79459e-01 |134 -0.00594  4.83501e-02 |135 -0.03651  1.81241e-02
136 -0.04908  4.36526e-03 |137 -0.01375 -1.26139e-02 |138  0.07853 -5.06196e-02
139  0.00895  6.29697e-02 |140 -0.00006 -3.00030e-03 |141 -0.03664  6.07771e-02
142 -0.02060  8.81645e-03 |143 -0.00712 -1.06917e-01 |144 -0.00000 -5.10077e-04
145  0.27074  4.11289e-01 |146  0.18259  3.27662e-01 |

Initial statistics: 174 variables; iteration 0; function evaluation 0; phase 3
Function value 7.2501681e+03; maximum gradient component mag 1.5604e+01
Var    Value     Gradient |Var    Value     Gradient |Var    Value     Gradient
  1 -0.42451  9.72985e-01 |  2  0.37156 -9.34179e+00 |  3 -0.12551 -5.86887e+00
  4 -0.01433 -5.90563e+00 |  5 -0.70583 -7.75799e-01 |  6 -0.60474 -3.10076e+00
  7  0.37744  2.93948e+00 |  8 -0.18453  5.58651e+00 |  9  0.03176  3.15958e+00
 10 -0.60244 -8.93569e-01 | 11 -0.62492 -1.56637e+00 | 12 -0.08899  8.92415e-01
 13 -0.01021 -8.48019e-03 | 14 -0.01043 -8.70047e-03 | 15 -0.01065 -8.92367e-03
 16 -0.01087 -9.14988e-03 | 17 -0.01108 -9.37922e-03 | 18 -0.01128 -9.61159e-03
 19 -0.01148 -9.84713e-03 | 20 -0.01166 -1.00860e-02 | 21 -0.01184 -1.03284e-02
 22 -0.01201 -1.05745e-02 | 23 -0.01216 -1.08248e-02 | 24 -0.01230 -1.10794e-02
 25 -0.01243 -1.13387e-02 | 26 -0.01254 -1.16032e-02 | 27 -0.01263 -1.18730e-02
 28 -0.01269 -1.21481e-02 | 29 -0.01274 -1.24276e-02 | 30 -0.01277 -1.27111e-02
 31 -0.01276 -1.29983e-02 | 32 -0.01274 -1.32893e-02 | 33 -0.01269 -1.35835e-02
 34 -0.01260 -1.38800e-02 | 35 -0.01249 -1.41767e-02 | 36 -0.01234 -1.44698e-02
 37 -0.01216 -1.47545e-02 | 38 -0.01194 -1.50242e-02 | 39 -0.01168 -1.52714e-02
 40 -0.01138 -1.54870e-02 | 41 -0.01104 -1.56642e-02 | 42 -0.01067 -1.57934e-02
 43 -0.01026 -1.58645e-02 | 44 -0.00982 -1.58659e-02 | 45 -0.00935 -1.57842e-02
 46 -0.00887 -1.56048e-02 | 47 -0.00838 -1.53132e-02 | 48 -0.00789 -1.48940e-02
 49 -0.00742 -1.43303e-02 | 50 -0.00696 -1.36019e-02 | 51 -0.00655 -1.26834e-02
 52 -0.00617 -1.15471e-02 | 53 -0.00584 -1.01682e-02 | 54 -0.00556 -8.52861e-03
 55 -0.00531 -6.61573e-03 | 56 -0.00509 -4.41718e-03 | 57 -0.00486 -1.91648e-03
 58 -0.00462  9.02524e-04 | 59 -0.00433  4.05246e-03 | 60 -0.00396  7.54225e-03
 61 -0.00348  1.13759e-02 | 62 -0.00286  1.55477e-02 | 63 -0.00206  2.00451e-02
 64 -0.00105  2.48475e-02 | 65  0.00019  2.99162e-02 | 66  0.00171  3.52269e-02
 67  0.00352  4.07164e-02 | 68  0.00565  4.63064e-02 | 69  0.00809  5.19079e-02
 70  0.01085  5.73951e-02 | 71  0.01389  6.26117e-02 | 72  0.01715  6.73483e-02
 73  0.02053  7.13200e-02 | 74  0.02389  7.41036e-02 | 75  0.02703  7.51396e-02
 76  0.02974  7.43666e-02 | 77  0.03182  7.25677e-02 | 78  0.03314  6.99703e-02
 79  0.03370  6.60778e-02 | 80  0.03355  5.95003e-02 | 81  0.03280  5.02724e-02
 82  0.03150  3.81703e-02 | 83  0.02961  2.35020e-02 | 84  0.02704  6.91887e-03
 85  0.02375 -1.05226e-02 | 86  0.01991 -2.85621e-02 | 87  0.01590 -4.77505e-02
 88  0.01224 -6.82435e-02 | 89  0.00936 -8.96204e-02 | 90  0.00738 -1.11084e-01
 91  0.00611 -1.31484e-01 | 92  0.00516 -1.49264e-01 | 93  0.00440 -1.63437e-01
 94  0.00430 -1.74748e-01 | 95  0.00496 -1.81893e-01 | 96  0.00526 -1.77950e-01
 97  0.00695 -1.72811e-01 | 98  0.00952 -1.59092e-01 | 99  0.01345 -1.32697e-01
100  0.01361 -8.51104e-02 |101  0.01238 -2.45765e-02 |102  0.01069  4.73585e-02
103  0.00278  1.33047e-01 |104  0.00359  2.09377e-01 |105  0.02274  3.13680e-01
106  0.02140  3.81156e-01 |107 -0.00238  3.29862e-01 |108  0.01585  2.39020e-01
109  0.08329  2.16454e-01 |110  0.02909  1.68848e-02 |111 -0.01415 -1.17846e-01
112  0.00500 -1.38311e-01 |113  0.02072 -1.17777e-01 |114  0.04166 -7.22339e-02
115  0.00674  2.52217e-02 |116 -0.05870  1.37868e-01 |117 -0.07728  3.45375e-01
118 -0.08169  3.67557e-01 |119 -0.04616  3.31986e-02 |120  0.06449  1.33176e-02
121  0.03085  7.41509e-02 |122  0.01600  2.26355e-01 |123 -0.02896  2.31036e-01
124 -0.06515  2.95601e-02 |125  0.00128 -1.53308e-01 |126 -0.00107  4.58939e-03
127 -0.00812 -1.11812e-01 |128  0.02545 -3.82812e-01 |129  0.08359 -1.52451e-01
130  0.01168 -3.02204e-01 |131  0.09158  9.98750e-02 |132  0.01260  9.69632e-03
133  0.13674  2.79459e-01 |134 -0.00594  4.83501e-02 |135 -0.03651  1.81241e-02
136 -0.04908  4.36526e-03 |137 -0.01375 -1.26139e-02 |138  0.07853 -5.06196e-02
139  0.00895  6.29697e-02 |140 -0.00006 -3.00030e-03 |141 -0.03664  6.07771e-02
142 -0.02060  8.81645e-03 |143 -0.00712 -1.06917e-01 |144 -0.00000 -5.10077e-04
145  0.27074  4.11289e-01 |146  0.18259  3.27662e-01 |147  0.04662 -4.11153e+00
148  0.29671  1.18506e+01 |149 -0.47543 -7.34887e-02 |150  0.31377  1.79851e-03
151  0.18255 -7.94951e+00 |152  0.25986  1.56043e+01 |153  0.17459  1.31271e+00
154  0.25418  4.15014e-01 |155  0.10351 -1.42206e+00 |156  0.29677  4.67734e+00
157  0.16893  1.14652e+00 |158  0.24623 -6.14470e-01 |159 -0.35197  2.86448e-01
160  0.24281 -9.37876e-01 |161  0.20265 -5.27273e-01 |162  0.31675  1.76409e+00
163  0.05118  1.99603e-01 |164  0.11969  1.84655e+00 |165  0.32140  4.62147e-01
166  0.27252 -2.45707e+00 |167  0.01343  5.78170e-01 |168  0.39319  5.52127e-01
169  0.09932  6.77603e+00 |170  0.16368  1.02940e+01 |171  0.21870 -1.34891e+00
172  0.25726 -5.13622e-01 |173 -0.55411 -3.10607e-02 |174  0.17113  4.21892e-02

Intermediate statistics: 174 variables; iteration 20; function evaluation 22; phase 3
Function value 7.2501452e+03; maximum gradient component mag -6.9017e+00
Var    Value     Gradient |Var    Value     Gradient |Var    Value     Gradient
  1 -0.42445 -3.62254e-01 |  2  0.37191  3.66087e+00 |  3 -0.12548 -2.41233e+00
  4 -0.01472  1.44875e-01 |  5 -0.70465 -2.03679e-01 |  6 -0.60476 -1.84748e+00
  7  0.37783 -4.52687e+00 |  8 -0.18452 -4.29412e+00 |  9  0.03093 -3.41824e+00
 10 -0.60021  8.22934e-02 | 11 -0.62506  3.71998e-01 | 12 -0.08993  2.88376e-01
 13 -0.01022  3.94707e-03 | 14 -0.01044  4.06171e-03 | 15 -0.01066  4.17906e-03
 16 -0.01088  4.29910e-03 | 17 -0.01109  4.42233e-03 | 18 -0.01129  4.54838e-03
 19 -0.01149  4.67713e-03 | 20 -0.01168  4.80873e-03 | 21 -0.01186  4.94335e-03
 22 -0.01202  5.08126e-03 | 23 -0.01218  5.22280e-03 | 24 -0.01232  5.36828e-03
 25 -0.01244  5.51789e-03 | 26 -0.01255  5.67150e-03 | 27 -0.01264  5.82865e-03
 28 -0.01271  5.98879e-03 | 29 -0.01276  6.15182e-03 | 30 -0.01278  6.31820e-03
 31 -0.01278  6.48923e-03 | 32 -0.01276  6.66579e-03 | 33 -0.01270  6.84859e-03
 34 -0.01262  7.03782e-03 | 35 -0.01251  7.23311e-03 | 36 -0.01236  7.43356e-03
 37 -0.01218  7.63798e-03 | 38 -0.01196  7.84561e-03 | 39 -0.01170  8.05592e-03
 40 -0.01140  8.26680e-03 | 41 -0.01106  8.48223e-03 | 42 -0.01069  8.70114e-03
 43 -0.01028  8.92307e-03 | 44 -0.00984  9.14714e-03 | 45 -0.00938  9.37153e-03
 46 -0.00889  9.59430e-03 | 47 -0.00840  9.81454e-03 | 48 -0.00792  1.00311e-02
 49 -0.00744  1.02437e-02 | 50 -0.00699  1.04524e-02 | 51 -0.00658  1.06567e-02
 52 -0.00620  1.08556e-02 | 53 -0.00588  1.10495e-02 | 54 -0.00559  1.12384e-02
 55 -0.00535  1.14211e-02 | 56 -0.00513  1.15972e-02 | 57 -0.00491  1.17666e-02
 58 -0.00467  1.19280e-02 | 59 -0.00438  1.20834e-02 | 60 -0.00402  1.22342e-02
 61 -0.00354  1.23840e-02 | 62 -0.00293  1.25342e-02 | 63 -0.00214  1.26896e-02
 64 -0.00114  1.28580e-02 | 65  0.00009  1.30455e-02 | 66  0.00160  1.32732e-02
 67  0.00340  1.35500e-02 | 68  0.00552  1.38906e-02 | 69  0.00795  1.43136e-02
 70  0.01070  1.48360e-02 | 71  0.01372  1.54720e-02 | 72  0.01698  1.62275e-02
 73  0.02035  1.70876e-02 | 74  0.02370  1.79947e-02 | 75  0.02684  1.88419e-02
 76  0.02955  1.96328e-02 | 77  0.03163  2.06047e-02 | 78  0.03296  2.18835e-02
 79  0.03352  2.33938e-02 | 80  0.03338  2.47834e-02 | 81  0.03264  2.60837e-02
 82  0.03137  2.72347e-02 | 83  0.02951  2.82904e-02 | 84  0.02697  2.93584e-02
 85  0.02371  3.06188e-02 | 86  0.01991  3.20722e-02 | 87  0.01594  3.36286e-02
 88  0.01232  3.53677e-02 | 89  0.00947  3.74590e-02 | 90  0.00753  3.99539e-02
 91  0.00630  4.27402e-02 | 92  0.00539  4.55645e-02 | 93  0.00466  4.83067e-02
 94  0.00459  5.14154e-02 | 95  0.00526  5.49630e-02 | 96  0.00557  5.72537e-02
 97  0.00725  6.11439e-02 | 98  0.00981  6.58807e-02 | 99  0.01370  7.29582e-02
100  0.01378  7.50326e-02 |101  0.01244  7.58263e-02 |102  0.01063  7.54541e-02
103  0.00259  6.61736e-02 |104  0.00330  6.28383e-02 |105  0.02228  7.80045e-02
106  0.02086  6.52543e-02 |107 -0.00284  4.51812e-02 |108  0.01555  5.44183e-02
109  0.08280  1.17252e-01 |110  0.02908  1.67091e-02 |111 -0.01412  6.63708e-03
112  0.00478 -1.60509e-02 |113  0.02032 -3.34337e-02 |114  0.04123 -4.74545e-02
115  0.00645 -3.20734e-02 |116 -0.05909 -1.41292e-02 |117 -0.07809 -3.66612e-02
118 -0.08265 -4.64800e-02 |119 -0.04665 -7.51711e-03 |120  0.06433 -1.13429e-01
121  0.03091 -9.83007e-02 |122  0.01544 -5.11716e-02 |123 -0.02942 -6.37013e-02
124 -0.06546 -3.91545e-03 |125  0.00180 -1.21475e-01 |126 -0.00107 -1.24008e-01
127 -0.00782 -1.26360e-01 |128  0.02663 -2.00908e-01 |129  0.08470 -3.70133e-01
130  0.01294 -1.15378e-01 |131  0.09340 -2.52675e-01 |132  0.01389 -1.22435e-01
133  0.13826 -1.49876e-01 |134 -0.00544 -7.68886e-02 |135 -0.03651  7.81933e-03
136 -0.04902 -1.55251e-02 |137 -0.01362 -1.38986e-02 |138  0.07915 -7.01032e-02
139  0.00883 -2.69430e-02 |140 -0.00011  3.81365e-03 |141 -0.03699  2.28917e-02
142 -0.02050 -2.93882e-02 |143 -0.00701  4.61428e-02 |144 -0.00000 -6.33137e-05
145  0.27195 -4.12008e-01 |146  0.18355 -3.32838e-01 |147  0.04638  7.50850e-01
148  0.29570 -1.99207e+00 |149 -0.47482 -5.03221e-02 |150  0.31370  8.90668e-03
151  0.18363  3.43028e+00 |152  0.25903 -6.90167e+00 |153  0.17368 -2.99084e-02
154  0.25349  2.21354e-01 |155  0.10279  1.30595e-01 |156  0.29585 -4.91710e-01
157  0.16804 -3.26708e-01 |158  0.24570  3.82389e-01 |159 -0.35168 -1.28081e-01
160  0.24319  3.00602e-01 |161  0.20278  2.80590e-01 |162  0.31630 -9.54341e-01
163  0.05087  8.90858e-02 |164  0.11953 -4.13212e-01 |165  0.32109 -1.12414e-01
166  0.27271  5.65766e-01 |167  0.01282  1.93318e-02 |168  0.39201 -8.16462e-02
169  0.09902 -1.09632e+00 |170  0.16306 -8.74714e-01 |171  0.21848  3.84068e-01
172  0.25684  1.92245e+00 |173 -0.55373 -7.87943e-02 |174  0.17125 -1.86223e-02
174 variables; iteration 40; function evaluation 43; phase 3
Function value 7.2501443e+03; maximum gradient component mag -5.5277e+00
Var    Value     Gradient |Var    Value     Gradient |Var    Value     Gradient
  1 -0.42444 -2.09617e-01 |  2  0.37194  3.13898e+00 |  3 -0.12543 -1.77509e+00
  4 -0.01485 -2.06338e-02 |  5 -0.70471 -2.11214e-01 |  6 -0.60472 -1.58924e+00
  7  0.37788 -3.70789e+00 |  8 -0.18452 -3.47761e+00 |  9  0.03086 -2.77251e+00
 10 -0.60021  4.27203e-02 | 11 -0.62506  3.39464e-01 | 12 -0.09154  1.30521e-01
 13 -0.01021  2.43892e-03 | 14 -0.01043  2.51132e-03 | 15 -0.01065  2.58520e-03
 16 -0.01086  2.66050e-03 | 17 -0.01107  2.73721e-03 | 18 -0.01128  2.81518e-03
 19 -0.01147  2.89426e-03 | 20 -0.01166  2.97434e-03 | 21 -0.01184  3.05529e-03
 22 -0.01201  3.13697e-03 | 23 -0.01216  3.21924e-03 | 24 -0.01230  3.30196e-03
 25 -0.01243  3.38492e-03 | 26 -0.01253  3.46789e-03 | 27 -0.01262  3.55057e-03
 28 -0.01269  3.63264e-03 | 29 -0.01274  3.71380e-03 | 30 -0.01276  3.79381e-03
 31 -0.01276  3.87256e-03 | 32 -0.01274  3.94994e-03 | 33 -0.01268  4.02588e-03
 34 -0.01260  4.10026e-03 | 35 -0.01249  4.17292e-03 | 36 -0.01234  4.24369e-03
 37 -0.01216  4.31240e-03 | 38 -0.01194  4.37901e-03 | 39 -0.01168  4.44362e-03
 40 -0.01138  4.50612e-03 | 41 -0.01104  4.56781e-03 | 42 -0.01067  4.62927e-03
 43 -0.01026  4.69152e-03 | 44 -0.00982  4.75576e-03 | 45 -0.00935  4.82319e-03
 46 -0.00887  4.89515e-03 | 47 -0.00838  4.97333e-03 | 48 -0.00789  5.05964e-03
 49 -0.00742  5.15646e-03 | 50 -0.00697  5.26655e-03 | 51 -0.00655  5.39272e-03
 52 -0.00618  5.53746e-03 | 53 -0.00585  5.70368e-03 | 54 -0.00557  5.89460e-03
 55 -0.00533  6.11441e-03 | 56 -0.00511  6.36915e-03 | 57 -0.00489  6.66607e-03
 58 -0.00465  7.01223e-03 | 59 -0.00436  7.41602e-03 | 60 -0.00399  7.88551e-03
 61 -0.00352  8.42966e-03 | 62 -0.00290  9.05601e-03 | 63 -0.00211  9.77292e-03
 64 -0.00111  1.05894e-02 | 65  0.00013  1.15111e-02 | 66  0.00164  1.25539e-02
 67  0.00345  1.37230e-02 | 68  0.00557  1.50239e-02 | 69  0.00800  1.64641e-02
 70  0.01076  1.80462e-02 | 71  0.01379  1.97703e-02 | 72  0.01705  2.16272e-02
 73  0.02043  2.35959e-02 | 74  0.02380  2.56267e-02 | 75  0.02695  2.76200e-02
 76  0.02967  2.95128e-02 | 77  0.03176  3.14219e-02 | 78  0.03310  3.34312e-02
 79  0.03367  3.54556e-02 | 80  0.03355  3.71844e-02 | 81  0.03282  3.85908e-02
 82  0.03156  3.96093e-02 | 83  0.02971  4.02654e-02 | 84  0.02717  4.06158e-02
 85  0.02392  4.07439e-02 | 86  0.02012  4.06288e-02 | 87  0.01615  4.02781e-02
 88  0.01253  3.98253e-02 | 89  0.00968  3.94488e-02 | 90  0.00774  3.92333e-02
 91  0.00651  3.91712e-02 | 92  0.00560  3.91730e-02 | 93  0.00487  3.92699e-02
 94  0.00479  3.98361e-02 | 95  0.00546  4.11274e-02 | 96  0.00575  4.25958e-02
 97  0.00742  4.56470e-02 | 98  0.00996  5.04782e-02 | 99  0.01383  5.85965e-02
100  0.01390  6.50574e-02 |101  0.01254  7.22300e-02 |102  0.01073  8.05059e-02
103  0.00266  8.09822e-02 |104  0.00332  8.45808e-02 |105  0.02230  1.03976e-01
106  0.02083  8.86080e-02 |107 -0.00294  5.44597e-02 |108  0.01548  4.01007e-02
109  0.08252  3.08676e-02 |110  0.02886 -4.82038e-02 |111 -0.01432 -5.45388e-02
112  0.00456 -9.05245e-02 |113  0.02007 -1.26726e-01 |114  0.04092 -1.75202e-01
115  0.00609 -1.34208e-01 |116 -0.05932 -3.07372e-02 |117 -0.07826 -1.80938e-03
118 -0.08285 -1.25688e-02 |119 -0.04691  7.47740e-03 |120  0.06401  1.15549e-03
121  0.03066  1.60884e-02 |122  0.01515  4.14951e-02 |123 -0.02971 -2.13212e-02
124 -0.06569  1.98088e-02 |125  0.00148 -7.87582e-02 |126 -0.00131 -6.75792e-02
127 -0.00806 -8.85142e-02 |128  0.02628 -1.70160e-01 |129  0.08455 -2.72418e-01
130  0.01254 -1.41371e-01 |131  0.09319 -2.30545e-01 |132  0.01369 -1.42606e-01
133  0.13806 -1.70680e-01 |134 -0.00556 -7.99063e-02 |135 -0.03657  4.87218e-03
136 -0.04904 -1.17454e-02 |137 -0.01359 -3.56220e-03 |138  0.07917 -6.24587e-02
139  0.00888 -6.66001e-03 |140 -0.00007  1.23621e-02 |141 -0.03697  2.47374e-02
142 -0.02052 -3.11946e-02 |143 -0.00708  2.97637e-02 |144 -0.00000 -2.56216e-05
145  0.27438  9.99509e-03 |146  0.18566 -4.11490e-01 |147  0.04649  7.57931e-01
148  0.29572 -1.65590e+00 |149 -0.47476 -4.74981e-02 |150  0.31369  9.14077e-03
151  0.18377  2.79846e+00 |152  0.25910 -5.52775e+00 |153  0.17361 -3.02352e-01
154  0.25343  3.33598e-01 |155  0.10292  7.78631e-02 |156  0.29587 -3.43216e-01
157  0.16815 -5.39804e-01 |158  0.24577  8.35535e-01 |159 -0.35181 -1.61219e-01
160  0.24317  3.89598e-01 |161  0.20293  2.77911e-01 |162  0.31639 -7.12274e-01
163  0.05089  5.58461e-03 |164  0.11948 -7.07998e-01 |165  0.32111  1.80875e-02
166  0.27266  5.47039e-01 |167  0.01284 -4.04055e-02 |168  0.39205 -8.77215e-03
169  0.09907 -9.09178e-01 |170  0.16309 -8.16994e-01 |171  0.21850  5.04244e-01
172  0.25683  1.65862e+00 |173 -0.55476 -1.56315e-01 |174  0.17080 -3.16466e-02

 - final statistics:
174 variables; iteration 55; function evaluation 61
Function value 7.2501e+03; maximum gradient component mag -6.3392e-01
Exit code = 1;  converg criter 1.0000e+00
Var    Value     Gradient |Var    Value     Gradient |Var    Value     Gradient
  1 -0.42447 -2.11264e-02 |  2  0.37186  3.71822e-01 |  3 -0.12539 -2.07948e-01
  4 -0.01480 -9.51757e-03 |  5 -0.70464 -1.37213e-02 |  6 -0.60469 -1.89651e-01
  7  0.37793 -4.42800e-01 |  8 -0.18449 -4.10072e-01 |  9  0.03085 -3.24644e-01
 10 -0.60026 -6.98772e-02 | 11 -0.62507  4.58134e-02 | 12 -0.09143  1.33168e-02
 13 -0.01021 -8.88663e-04 | 14 -0.01044 -8.79096e-04 | 15 -0.01065 -8.68479e-04
 16 -0.01087 -8.56847e-04 | 17 -0.01108 -8.44235e-04 | 18 -0.01128 -8.30709e-04
 19 -0.01148 -8.16324e-04 | 20 -0.01167 -8.01137e-04 | 21 -0.01185 -7.85205e-04
 22 -0.01201 -7.68565e-04 | 23 -0.01217 -7.51229e-04 | 24 -0.01231 -7.33177e-04
 25 -0.01243 -7.14331e-04 | 26 -0.01254 -6.94581e-04 | 27 -0.01263 -6.73796e-04
 28 -0.01270 -6.51848e-04 | 29 -0.01274 -6.28609e-04 | 30 -0.01277 -6.03944e-04
 31 -0.01277 -5.77679e-04 | 32 -0.01274 -5.49563e-04 | 33 -0.01269 -5.19252e-04
 34 -0.01260 -4.86301e-04 | 35 -0.01249 -4.50167e-04 | 36 -0.01234 -4.10229e-04
 37 -0.01216 -3.65799e-04 | 38 -0.01194 -3.16136e-04 | 39 -0.01168 -2.60462e-04
 40 -0.01138 -1.97930e-04 | 41 -0.01104 -1.27581e-04 | 42 -0.01067 -4.83049e-05
 43 -0.01026  4.11394e-05 | 44 -0.00982  1.42116e-04 | 45 -0.00935  2.55979e-04
 46 -0.00887  3.83965e-04 | 47 -0.00838  5.27223e-04 | 48 -0.00789  6.86696e-04
 49 -0.00742  8.63105e-04 | 50 -0.00697  1.05672e-03 | 51 -0.00655  1.26711e-03
 52 -0.00617  1.49304e-03 | 53 -0.00585  1.73311e-03 | 54 -0.00557  1.98644e-03
 55 -0.00532  2.25336e-03 | 56 -0.00510  2.53533e-03 | 57 -0.00488  2.83410e-03
 58 -0.00464  3.15111e-03 | 59 -0.00435  3.48810e-03 | 60 -0.00398  3.84617e-03
 61 -0.00351  4.22656e-03 | 62 -0.00289  4.62986e-03 | 63 -0.00210  5.05684e-03
 64 -0.00110  5.50888e-03 | 65  0.00014  5.98561e-03 | 66  0.00165  6.49241e-03
 67  0.00346  7.02798e-03 | 68  0.00557  7.58960e-03 | 69  0.00801  8.17263e-03
 70  0.01076  8.76648e-03 | 71  0.01380  9.35607e-03 | 72  0.01706  9.91837e-03
 73  0.02044  1.04217e-02 | 74  0.02380  1.08251e-02 | 75  0.02695  1.11577e-02
 76  0.02967  1.16691e-02 | 77  0.03176  1.23321e-02 | 78  0.03310  1.24931e-02
 79  0.03366  1.18658e-02 | 80  0.03353  1.12709e-02 | 81  0.03281  1.09071e-02
 82  0.03154  1.07640e-02 | 83  0.02969  1.04492e-02 | 84  0.02716  9.69807e-03
 85  0.02391  8.68659e-03 | 86  0.02010  7.66388e-03 | 87  0.01613  6.60468e-03
 88  0.01251  5.54332e-03 | 89  0.00966  4.49600e-03 | 90  0.00773  3.44896e-03
 91  0.00649  2.43246e-03 | 92  0.00557  1.50276e-03 | 93  0.00484  7.84585e-04
 94  0.00476  3.92023e-04 | 95  0.00543  1.81284e-04 | 96  0.00572 -1.27578e-04
 97  0.00740  1.16523e-04 | 98  0.00995  5.50760e-04 | 99  0.01381  1.78515e-03
100  0.01387  1.15524e-03 |101  0.01252  1.54602e-03 |102  0.01069  1.99638e-03
103  0.00263  1.95294e-03 |104  0.00333  2.70521e-03 |105  0.02224  1.78770e-03
106  0.02078 -6.22824e-03 |107 -0.00286 -3.22509e-04 |108  0.01544 -1.29317e-02
109  0.08252  1.30339e-02 |110  0.02897 -6.33312e-03 |111 -0.01425  1.23020e-02
112  0.00461  6.32077e-03 |113  0.02013 -3.80642e-03 |114  0.04103 -1.40507e-02
115  0.00617 -1.50676e-02 |116 -0.05930  2.85636e-03 |117 -0.07823  1.56276e-02
118 -0.08284 -1.51592e-02 |119 -0.04693 -2.85433e-02 |120  0.06405 -7.23891e-03
121  0.03071  1.56270e-02 |122  0.01513 -3.23955e-03 |123 -0.02974 -3.90296e-02
124 -0.06577 -1.63485e-02 |125  0.00153 -7.41450e-03 |126 -0.00127  1.20554e-02
127 -0.00812 -1.60332e-02 |128  0.02629 -1.99856e-02 |129  0.08461 -3.89808e-02
130  0.01246 -2.04965e-02 |131  0.09327 -8.88842e-03 |132  0.01374 -2.67949e-02
133  0.13816  3.28394e-02 |134 -0.00558 -3.00629e-02 |135 -0.03654  4.66289e-03
136 -0.04902  5.26656e-03 |137 -0.01353  7.56608e-03 |138  0.07933 -6.48206e-03
139  0.00892  1.44683e-02 |140  0.00001  2.79423e-02 |141 -0.03701  9.64782e-03
142 -0.02047  4.48169e-03 |143 -0.00713 -6.06636e-03 |144 -0.00000  1.27024e-04
145  0.27420 -5.03870e-03 |146  0.18537 -4.60676e-02 |147  0.04649  8.51280e-02
148  0.29579 -1.85253e-01 |149 -0.47454  2.50811e-03 |150  0.31380  5.75975e-04
151  0.18361  3.35148e-01 |152  0.25925 -6.33916e-01 |153  0.17366 -4.23841e-02
154  0.25343  3.39451e-02 |155  0.10294 -6.29926e-03 |156  0.29591 -4.56363e-02
157  0.16817 -7.08195e-02 |158  0.24572  9.16658e-02 |159 -0.35178 -2.24055e-02
160  0.24311  4.61428e-02 |161  0.20290  5.70434e-02 |162  0.31648 -8.10640e-02
163  0.05090  3.47251e-03 |164  0.11962 -2.36448e-02 |165  0.32109 -3.30217e-03
166  0.27269  1.05969e-01 |167  0.01286 -2.31282e-02 |168  0.39208 -1.51818e-02
169  0.09909 -1.01913e-01 |170  0.16308 -9.11650e-02 |171  0.21850  5.84920e-02
172  0.25680  1.93655e-01 |173 -0.55359 -2.34632e-02 |174  0.17137  2.73800e-02

Initial statistics: 196 variables; iteration 0; function evaluation 0; phase 4
Function value 7.2501429e+03; maximum gradient component mag 1.6903e+01
Var    Value     Gradient |Var    Value     Gradient |Var    Value     Gradient
  1 -0.42447 -2.11264e-02 |  2  0.37186  3.71822e-01 |  3 -0.12539 -2.07948e-01
  4 -0.01480 -9.51757e-03 |  5 -0.70464 -1.37213e-02 |  6 -0.60469 -1.89651e-01
  7  0.37793 -4.42800e-01 |  8 -0.18449 -4.10072e-01 |  9  0.03085 -3.24644e-01
 10 -0.60026 -6.98772e-02 | 11 -0.62507  4.58134e-02 | 12 -0.09143  1.33168e-02
 13 -0.01021 -8.88663e-04 | 14 -0.01044 -8.79096e-04 | 15 -0.01065 -8.68479e-04
 16 -0.01087 -8.56847e-04 | 17 -0.01108 -8.44235e-04 | 18 -0.01128 -8.30709e-04
 19 -0.01148 -8.16324e-04 | 20 -0.01167 -8.01137e-04 | 21 -0.01185 -7.85205e-04
 22 -0.01201 -7.68565e-04 | 23 -0.01217 -7.51229e-04 | 24 -0.01231 -7.33177e-04
 25 -0.01243 -7.14331e-04 | 26 -0.01254 -6.94581e-04 | 27 -0.01263 -6.73796e-04
 28 -0.01270 -6.51848e-04 | 29 -0.01274 -6.28609e-04 | 30 -0.01277 -6.03944e-04
 31 -0.01277 -5.77679e-04 | 32 -0.01274 -5.49563e-04 | 33 -0.01269 -5.19252e-04
 34 -0.01260 -4.86301e-04 | 35 -0.01249 -4.50167e-04 | 36 -0.01234 -4.10229e-04
 37 -0.01216 -3.65799e-04 | 38 -0.01194 -3.16136e-04 | 39 -0.01168 -2.60462e-04
 40 -0.01138 -1.97930e-04 | 41 -0.01104 -1.27581e-04 | 42 -0.01067 -4.83049e-05
 43 -0.01026  4.11394e-05 | 44 -0.00982  1.42116e-04 | 45 -0.00935  2.55979e-04
 46 -0.00887  3.83965e-04 | 47 -0.00838  5.27223e-04 | 48 -0.00789  6.86696e-04
 49 -0.00742  8.63105e-04 | 50 -0.00697  1.05672e-03 | 51 -0.00655  1.26711e-03
 52 -0.00617  1.49304e-03 | 53 -0.00585  1.73311e-03 | 54 -0.00557  1.98644e-03
 55 -0.00532  2.25336e-03 | 56 -0.00510  2.53533e-03 | 57 -0.00488  2.83410e-03
 58 -0.00464  3.15111e-03 | 59 -0.00435  3.48810e-03 | 60 -0.00398  3.84617e-03
 61 -0.00351  4.22656e-03 | 62 -0.00289  4.62986e-03 | 63 -0.00210  5.05684e-03
 64 -0.00110  5.50888e-03 | 65  0.00014  5.98561e-03 | 66  0.00165  6.49241e-03
 67  0.00346  7.02798e-03 | 68  0.00557  7.58960e-03 | 69  0.00801  8.17263e-03
 70  0.01076  8.76648e-03 | 71  0.01380  9.35607e-03 | 72  0.01706  9.91837e-03
 73  0.02044  1.04217e-02 | 74  0.02380  1.08251e-02 | 75  0.02695  1.11577e-02
 76  0.02967  1.16691e-02 | 77  0.03176  1.23321e-02 | 78  0.03310  1.24931e-02
 79  0.03366  1.18658e-02 | 80  0.03353  1.12709e-02 | 81  0.03281  1.09071e-02
 82  0.03154  1.07640e-02 | 83  0.02969  1.04492e-02 | 84  0.02716  9.69807e-03
 85  0.02391  8.68659e-03 | 86  0.02010  7.66388e-03 | 87  0.01613  6.60468e-03
 88  0.01251  5.54332e-03 | 89  0.00966  4.49600e-03 | 90  0.00773  3.44896e-03
 91  0.00649  2.43246e-03 | 92  0.00557  1.50276e-03 | 93  0.00484  7.84585e-04
 94  0.00476  3.92023e-04 | 95  0.00543  1.81284e-04 | 96  0.00572 -1.27578e-04
 97  0.00740  1.16523e-04 | 98  0.00995  5.50760e-04 | 99  0.01381  1.78515e-03
100  0.01387  1.15524e-03 |101  0.01252  1.54602e-03 |102  0.01069  1.99638e-03
103  0.00263  1.95294e-03 |104  0.00333  2.70521e-03 |105  0.02224  1.78770e-03
106  0.02078 -6.22824e-03 |107 -0.00286 -3.22509e-04 |108  0.01544 -1.29317e-02
109  0.08252  1.30339e-02 |110  0.02897 -6.33312e-03 |111 -0.01425  1.23020e-02
112  0.00461  6.32077e-03 |113  0.02013 -3.80642e-03 |114  0.04103 -1.40507e-02
115  0.00617 -1.50676e-02 |116 -0.05930  2.85636e-03 |117 -0.07823  1.56276e-02
118 -0.08284 -1.51592e-02 |119 -0.04693 -2.85433e-02 |120  0.06405 -7.23891e-03
121  0.03071  1.56270e-02 |122  0.01513 -3.23955e-03 |123 -0.02974 -3.90296e-02
124 -0.06577 -1.63485e-02 |125  0.00153 -7.41450e-03 |126 -0.00127  1.20554e-02
127 -0.00812 -1.60332e-02 |128  0.02629 -1.99856e-02 |129  0.08461 -3.89808e-02
130  0.01246 -2.04965e-02 |131  0.09327 -8.88842e-03 |132  0.01374 -2.67949e-02
133  0.13816  3.28394e-02 |134 -0.00558 -3.00629e-02 |135 -0.03654  4.66289e-03
136 -0.04902  5.26656e-03 |137 -0.01353  7.56608e-03 |138  0.07933 -6.48206e-03
139  0.00892  1.44683e-02 |140  0.00001  2.79423e-02 |141 -0.03701  9.64782e-03
142 -0.02047  4.48169e-03 |143 -0.00713 -6.06636e-03 |144 -0.00000  1.27024e-04
145  0.27420 -5.03870e-03 |146  0.18537 -4.60676e-02 |147  0.04649  8.51280e-02
148  0.29579 -1.85253e-01 |149  0.01638  1.50769e+00 |150 -0.11477  3.61352e+00
151 -0.47454  2.50811e-03 |152  0.31380  5.75975e-04 |153  0.04878 -1.93992e-01
154 -0.23502 -5.47206e-01 |155  0.18361  3.35148e-01 |156  0.25925 -6.33916e-01
157  0.17366 -4.23841e-02 |158  0.25343  3.39451e-02 |159  0.00587 -5.58197e-02
160 -0.09827  2.32986e+00 |161  0.10294 -6.29926e-03 |162  0.29591 -4.56363e-02
163  0.16817 -7.08195e-02 |164  0.24572  9.16658e-02 |165 -0.35178 -2.24055e-02
166  0.24311  4.61428e-02 |167  0.05275  7.35433e-01 |168 -0.18762  9.17325e-01
169  0.20290  5.70434e-02 |170  0.31648 -8.10640e-02 |171  0.07774  2.91974e+00
172 -0.53183  4.50043e-04 |173  0.05090  3.47251e-03 |174  0.11962 -2.36448e-02
175  0.32109 -3.30217e-03 |176  0.27269  1.05969e-01 |177  0.00546  1.27802e-02
178  0.00907  7.75112e-01 |179 -0.15012  1.36603e+00 |180 -0.12571  3.82733e+00
181  0.01286 -2.31282e-02 |182  0.39208 -1.51818e-02 |183  0.01863  5.91451e-02
184 -0.15435  6.42240e-01 |185  0.09909 -1.01913e-01 |186  0.16308 -9.11650e-02
187  0.21850  5.84920e-02 |188  0.25680  1.93655e-01 |189  0.02453  4.97809e+00
190 -0.00648  1.08782e+00 |191 -0.17628  6.23944e+00 |192 -0.11429  1.69033e+01
193 -0.55359 -2.34632e-02 |194  0.17137  2.73800e-02 |195  0.09511  2.35355e-01
196 -0.25343 -8.66963e-02 |

Intermediate statistics: 196 variables; iteration 20; function evaluation 21; phase 4
Function value 7.2501304e+03; maximum gradient component mag -1.3987e+01
Var    Value     Gradient |Var    Value     Gradient |Var    Value     Gradient
  1 -0.42476 -8.99544e-01 |  2  0.37180 -1.18771e+01 |  3 -0.12476 -1.25070e+01
  4 -0.01533 -9.54733e+00 |  5 -0.70397 -2.04341e-01 |  6 -0.60482 -7.27553e-01
  7  0.37809  6.79690e+00 |  8 -0.18369  5.46936e+00 |  9  0.03023  5.78247e+00
 10 -0.59950  3.44595e-01 | 11 -0.62513  1.95963e+00 | 12 -0.08996 -2.31572e+00
 13 -0.01018 -6.70745e-03 | 14 -0.01040 -6.92419e-03 | 15 -0.01062 -7.14817e-03
 16 -0.01083 -7.37969e-03 | 17 -0.01104 -7.61965e-03 | 18 -0.01124 -7.86795e-03
 19 -0.01144 -8.12477e-03 | 20 -0.01162 -8.39057e-03 | 21 -0.01180 -8.66585e-03
 22 -0.01196 -8.95135e-03 | 23 -0.01212 -9.24795e-03 | 24 -0.01226 -9.55673e-03
 25 -0.01238 -9.87891e-03 | 26 -0.01249 -1.02156e-02 | 27 -0.01257 -1.05677e-02
 28 -0.01264 -1.09354e-02 | 29 -0.01269 -1.13186e-02 | 30 -0.01271 -1.17180e-02
 31 -0.01271 -1.21356e-02 | 32 -0.01268 -1.25745e-02 | 33 -0.01262 -1.30381e-02
 34 -0.01254 -1.35301e-02 | 35 -0.01242 -1.40536e-02 | 36 -0.01227 -1.46109e-02
 37 -0.01209 -1.52032e-02 | 38 -0.01187 -1.58311e-02 | 39 -0.01160 -1.64950e-02
 40 -0.01130 -1.71929e-02 | 41 -0.01096 -1.79319e-02 | 42 -0.01059 -1.87140e-02
 43 -0.01017 -1.95437e-02 | 44 -0.00973 -2.04259e-02 | 45 -0.00926 -2.13644e-02
 46 -0.00878 -2.23626e-02 | 47 -0.00829 -2.34259e-02 | 48 -0.00780 -2.45604e-02
 49 -0.00732 -2.57756e-02 | 50 -0.00687 -2.70825e-02 | 51 -0.00645 -2.84896e-02
 52 -0.00607 -2.99985e-02 | 53 -0.00574 -3.16087e-02 | 54 -0.00546 -3.33180e-02
 55 -0.00521 -3.51291e-02 | 56 -0.00499 -3.70564e-02 | 57 -0.00477 -3.91199e-02
 58 -0.00453 -4.13347e-02 | 59 -0.00424 -4.37233e-02 | 60 -0.00387 -4.63053e-02
 61 -0.00340 -4.91074e-02 | 62 -0.00278 -5.21502e-02 | 63 -0.00199 -5.54647e-02
 64 -0.00099 -5.90916e-02 | 65  0.00025 -6.30581e-02 | 66  0.00175 -6.74567e-02
 67  0.00356 -7.23208e-02 | 68  0.00567 -7.76961e-02 | 69  0.00811 -8.36452e-02
 70  0.01086 -9.02119e-02 | 71  0.01389 -9.74354e-02 | 72  0.01714 -1.05319e-01
 73  0.02052 -1.13834e-01 | 74  0.02387 -1.22898e-01 | 75  0.02702 -1.32335e-01
 76  0.02973 -1.41843e-01 | 77  0.03182 -1.51140e-01 | 78  0.03315 -1.60121e-01
 79  0.03371 -1.68705e-01 | 80  0.03357 -1.76696e-01 | 81  0.03284 -1.84053e-01
 82  0.03157 -1.90734e-01 | 83  0.02971 -1.96628e-01 | 84  0.02717 -2.01489e-01
 85  0.02392 -2.05060e-01 | 86  0.02011 -2.07361e-01 | 87  0.01614 -2.08847e-01
 88  0.01252 -2.10156e-01 | 89  0.00968 -2.11930e-01 | 90  0.00775 -2.14359e-01
 91  0.00652 -2.17193e-01 | 92  0.00562 -2.19789e-01 | 93  0.00489 -2.22038e-01
 94  0.00481 -2.24771e-01 | 95  0.00547 -2.28307e-01 | 96  0.00575 -2.31277e-01
 97  0.00740 -2.35267e-01 | 98  0.00992 -2.38994e-01 | 99  0.01374 -2.38023e-01
100  0.01378 -2.24402e-01 |101  0.01240 -2.02008e-01 |102  0.01055 -1.68943e-01
103  0.00248 -1.23149e-01 |104  0.00318 -8.16008e-02 |105  0.02208 -2.31577e-02
106  0.02063  6.52892e-02 |107 -0.00294  1.13070e-01 |108  0.01551  2.18308e-01
109  0.08239  5.22367e-01 |110  0.02889  4.41637e-01 |111 -0.01436  3.42807e-01
112  0.00449  4.47873e-01 |113  0.02005  5.46583e-01 |114  0.04092  6.47859e-01
115  0.00595  5.12015e-01 |116 -0.05955  2.51014e-01 |117 -0.07857  1.90357e-01
118 -0.08313  1.82177e-01 |119 -0.04714  2.42508e-01 |120  0.06387  6.90923e-01
121  0.03046  4.54574e-01 |122  0.01484  2.93057e-01 |123 -0.02991  1.77462e-01
124 -0.06593  8.19532e-03 |125  0.00118  5.29080e-02 |126 -0.00166 -6.98468e-03
127 -0.00843 -3.89384e-03 |128  0.02594 -5.71572e-03 |129  0.08429 -5.95649e-02
130  0.01215  5.12230e-02 |131  0.09303 -7.15592e-02 |132  0.01367  1.28180e-02
133  0.13799 -2.94881e-02 |134 -0.00561  4.58493e-02 |135 -0.03662 -4.17917e-02
136 -0.04909  1.57807e-02 |137 -0.01356 -7.79719e-03 |138  0.07945  5.65171e-03
139  0.00888  3.10731e-02 |140 -0.00004 -3.19802e-02 |141 -0.03706  5.80032e-03
142 -0.02048  3.69957e-02 |143 -0.00713 -4.04826e-02 |144 -0.00000  6.39392e-06
145  0.27262 -1.47835e-02 |146  0.18393  4.44462e-01 |147  0.04643 -2.05984e-01
148  0.29571 -9.09304e-01 |149  0.01629 -4.20866e-01 |150 -0.11574 -7.74287e-01
151 -0.47484 -4.05747e-03 |152  0.31391 -4.46610e-03 |153  0.04886 -5.58548e-02
154 -0.23362  1.15957e-01 |155  0.18258 -4.70585e-01 |156  0.25903  6.77803e-01
157  0.17320 -1.42195e-01 |158  0.25323  1.60099e-01 |159  0.00649  3.90685e-02
160 -0.09923  7.82010e-01 |161  0.10153  9.25832e-02 |162  0.29554 -3.17943e-01
163  0.16722  1.33298e-01 |164  0.24536 -4.74353e-01 |165 -0.35124 -2.69779e-02
166  0.24317 -2.37493e-01 |167  0.05253 -2.89944e-01 |168 -0.18791  1.24112e-01
169  0.20446 -5.70643e-01 |170  0.31686  5.08437e-01 |171  0.07728 -2.02708e+00
172 -0.53183 -2.62681e-05 |173  0.05057 -1.50795e-01 |174  0.11942 -4.70927e-01
175  0.32097  1.54728e-01 |176  0.27258  2.53661e-01 |177  0.00586 -1.96198e-01
178  0.00936 -2.27953e-01 |179 -0.15103 -1.22204e-01 |180 -0.12660 -2.22097e-01
181  0.01261 -3.54485e-02 |182  0.39208  2.66273e-02 |183  0.01892 -8.32936e-02
184 -0.15529 -5.17036e-02 |185  0.09914 -3.51968e+00 |186  0.16284 -3.17623e+00
187  0.21853  7.75308e-01 |188  0.25667  3.98767e+00 |189  0.02441 -5.55180e+00
190 -0.00581 -2.62724e+00 |191 -0.17724 -4.40696e+00 |192 -0.11570 -1.39874e+01
193 -0.55341  5.80859e-02 |194  0.17129 -3.64819e-02 |195  0.09494  9.32462e-01
196 -0.25341  2.58303e-01 |
196 variables; iteration 40; function evaluation 45; phase 4
Function value 7.2501292e+03; maximum gradient component mag -1.3507e+01
Var    Value     Gradient |Var    Value     Gradient |Var    Value     Gradient
  1 -0.42480 -7.38797e-01 |  2  0.37177 -1.15415e+01 |  3 -0.12472 -1.16658e+01
  4 -0.01527 -9.00584e+00 |  5 -0.70401 -3.04228e-01 |  6 -0.60488 -1.50172e+00
  7  0.37805  7.23119e+00 |  8 -0.18367  4.89297e+00 |  9  0.03030  5.81514e+00
 10 -0.59973  1.50902e-01 | 11 -0.62511  1.74545e+00 | 12 -0.08764 -2.16095e+00
 13 -0.01021 -1.09825e-02 | 14 -0.01043 -1.13180e-02 | 15 -0.01065 -1.16642e-02
 16 -0.01086 -1.20218e-02 | 17 -0.01107 -1.23914e-02 | 18 -0.01128 -1.27736e-02
 19 -0.01147 -1.31685e-02 | 20 -0.01166 -1.35769e-02 | 21 -0.01184 -1.39993e-02
 22 -0.01200 -1.44363e-02 | 23 -0.01216 -1.48887e-02 | 24 -0.01230 -1.53575e-02
 25 -0.01242 -1.58440e-02 | 26 -0.01253 -1.63497e-02 | 27 -0.01262 -1.68761e-02
 28 -0.01269 -1.74239e-02 | 29 -0.01273 -1.79933e-02 | 30 -0.01275 -1.85843e-02
 31 -0.01275 -1.91986e-02 | 32 -0.01273 -1.98386e-02 | 33 -0.01267 -2.05078e-02
 34 -0.01259 -2.12102e-02 | 35 -0.01247 -2.19497e-02 | 36 -0.01232 -2.27294e-02
 37 -0.01214 -2.35512e-02 | 38 -0.01192 -2.44159e-02 | 39 -0.01166 -2.53230e-02
 40 -0.01135 -2.62708e-02 | 41 -0.01102 -2.72639e-02 | 42 -0.01064 -2.83044e-02
 43 -0.01023 -2.93971e-02 | 44 -0.00979 -3.05472e-02 | 45 -0.00932 -3.17592e-02
 46 -0.00883 -3.30366e-02 | 47 -0.00834 -3.43850e-02 | 48 -0.00785 -3.58104e-02
 49 -0.00737 -3.73213e-02 | 50 -0.00692 -3.89269e-02 | 51 -0.00650 -4.06312e-02
 52 -0.00613 -4.24296e-02 | 53 -0.00580 -4.43144e-02 | 54 -0.00551 -4.62788e-02
 55 -0.00527 -4.83254e-02 | 56 -0.00504 -5.04721e-02 | 57 -0.00482 -5.27431e-02
 58 -0.00458 -5.51560e-02 | 59 -0.00429 -5.77357e-02 | 60 -0.00393 -6.05034e-02
 61 -0.00345 -6.34883e-02 | 62 -0.00284 -6.67119e-02 | 63 -0.00205 -7.02068e-02
 64 -0.00105 -7.40158e-02 | 65  0.00019 -7.81625e-02 | 66  0.00169 -8.27497e-02
 67  0.00349 -8.78073e-02 | 68  0.00560 -9.33778e-02 | 69  0.00804 -9.95269e-02
 70  0.01078 -1.06298e-01 | 71  0.01380 -1.13734e-01 | 72  0.01705 -1.21838e-01
 73  0.02042 -1.30588e-01 | 74  0.02377 -1.39905e-01 | 75  0.02690 -1.49600e-01
 76  0.02961 -1.59331e-01 | 77  0.03168 -1.68812e-01 | 78  0.03300 -1.77945e-01
 79  0.03354 -1.86621e-01 | 80  0.03339 -1.94626e-01 | 81  0.03264 -2.01917e-01
 82  0.03136 -2.08447e-01 | 83  0.02949 -2.14105e-01 | 84  0.02694 -2.18652e-01
 85  0.02367 -2.21862e-01 | 86  0.01986 -2.23813e-01 | 87  0.01588 -2.25090e-01
 88  0.01226 -2.26440e-01 | 89  0.00940 -2.28577e-01 | 90  0.00746 -2.31661e-01
 91  0.00623 -2.35344e-01 | 92  0.00531 -2.38812e-01 | 93  0.00459 -2.41817e-01
 94  0.00451 -2.45157e-01 | 95  0.00518 -2.48882e-01 | 96  0.00549 -2.51020e-01
 97  0.00717 -2.54343e-01 | 98  0.00972 -2.57648e-01 | 99  0.01357 -2.57847e-01
100  0.01364 -2.45900e-01 |101  0.01228 -2.26327e-01 |102  0.01045 -1.96785e-01
103  0.00243 -1.50121e-01 |104  0.00319 -1.10107e-01 |105  0.02210 -6.08301e-02
106  0.02073  2.91605e-02 |107 -0.00280  8.51338e-02 |108  0.01559  1.77718e-01
109  0.08267  4.71694e-01 |110  0.02922  4.26658e-01 |111 -0.01409  3.41300e-01
112  0.00483  4.39328e-01 |113  0.02038  5.15118e-01 |114  0.04125  5.97727e-01
115  0.00633  4.97993e-01 |116 -0.05917  2.88096e-01 |117 -0.07816  2.50390e-01
118 -0.08274  2.29470e-01 |119 -0.04682  2.56838e-01 |120  0.06433  7.66835e-01
121  0.03096  5.67191e-01 |122  0.01535  4.04997e-01 |123 -0.02948  2.66215e-01
124 -0.06555  9.09229e-02 |125  0.00173  2.11404e-01 |126 -0.00112  1.46126e-01
127 -0.00797  1.21987e-01 |128  0.02640  1.33419e-01 |129  0.08480  1.20417e-01
130  0.01241  1.11228e-01 |131  0.09338  3.60046e-02 |132  0.01383  4.80749e-02
133  0.13819  3.07619e-02 |134 -0.00550  6.40597e-02 |135 -0.03655 -3.83750e-02
136 -0.04905  1.79197e-02 |137 -0.01355 -6.64659e-03 |138  0.07945  2.07652e-02
139  0.00889  3.45758e-02 |140 -0.00005 -2.90304e-02 |141 -0.03707 -7.85883e-04
142 -0.02048  3.95573e-02 |143 -0.00713 -4.48732e-02 |144 -0.00000  2.99109e-05
145  0.26915  1.71509e-01 |146  0.18065  6.25677e-02 |147  0.04638 -7.76049e-01
148  0.29577  1.41425e-01 |149  0.01630 -6.86375e-01 |150 -0.11582 -1.33201e+00
151 -0.47518 -2.87078e-03 |152  0.31377 -6.41765e-03 |153  0.04900 -4.14470e-02
154 -0.23394  2.09796e-02 |155  0.18253 -4.65262e-01 |156  0.25909  9.09231e-01
157  0.17316 -5.00989e-01 |158  0.25330  7.92860e-01 |159  0.00651 -6.34334e-03
160 -0.09929  6.09017e-01 |161  0.10136 -2.29141e-01 |162  0.29559  4.65335e-01
163  0.16732  5.32370e-01 |164  0.24544 -8.19270e-01 |165 -0.35105  7.55487e-02
166  0.24323 -3.18487e-01 |167  0.05255 -1.81306e-02 |168 -0.18783  1.19861e+00
169  0.20515 -7.32911e-01 |170  0.31697  5.29673e-01 |171  0.07709 -3.78602e+00
172 -0.53183 -2.04339e-04 |173  0.05002 -2.72809e-02 |174  0.11948 -1.74553e-01
175  0.32086  2.92879e-01 |176  0.27265  4.46084e-01 |177  0.00651  1.04489e-01
178  0.00938  1.80259e-02 |179 -0.15128  3.53419e-02 |180 -0.12665 -1.47660e-01
181  0.01266  7.94177e-02 |182  0.39199 -6.17621e-02 |183  0.01889 -3.12025e-02
184 -0.15538 -8.95732e-02 |185  0.09908 -3.75141e+00 |186  0.16274 -3.30322e+00
187  0.21851  8.57153e-01 |188  0.25666  4.31032e+00 |189  0.02442 -5.53369e+00
190 -0.00568 -2.29748e+00 |191 -0.17728 -4.14902e+00 |192 -0.11574 -1.35066e+01
193 -0.55276  4.07165e-02 |194  0.17161 -2.49938e-02 |195  0.09504  4.60528e-01
196 -0.25329  9.37822e-02 |
196 variables; iteration 60; function evaluation 65; phase 4
Function value 7.2501243e+03; maximum gradient component mag -7.3910e-01
Var    Value     Gradient |Var    Value     Gradient |Var    Value     Gradient
  1 -0.42470  2.57559e-02 |  2  0.37190 -5.51553e-01 |  3 -0.12461 -5.41597e-01
  4 -0.01533 -4.90190e-01 |  5 -0.70377  9.92714e-02 |  6 -0.60486 -7.98526e-02
  7  0.37798  4.13371e-01 |  8 -0.18370  3.18918e-01 |  9  0.03025  3.79632e-01
 10 -0.59994 -1.32646e-01 | 11 -0.62511  1.24205e-01 | 12 -0.08715 -2.82130e-01
 13 -0.01019  2.84104e-03 | 14 -0.01041  2.97077e-03 | 15 -0.01063  3.10274e-03
 16 -0.01084  3.23623e-03 | 17 -0.01105  3.37045e-03 | 18 -0.01126  3.50434e-03
 19 -0.01145  3.63666e-03 | 20 -0.01164  3.76606e-03 | 21 -0.01182  3.89098e-03
 22 -0.01198  4.00974e-03 | 23 -0.01213  4.12046e-03 | 24 -0.01227  4.22115e-03
 25 -0.01240  4.30969e-03 | 26 -0.01250  4.38394e-03 | 27 -0.01259  4.44159e-03
 28 -0.01266  4.47991e-03 | 29 -0.01271  4.49548e-03 | 30 -0.01273  4.48438e-03
 31 -0.01273  4.44270e-03 | 32 -0.01270  4.36644e-03 | 33 -0.01265  4.25156e-03
 34 -0.01256  4.09407e-03 | 35 -0.01245  3.89009e-03 | 36 -0.01230  3.63596e-03
 37 -0.01212  3.32814e-03 | 38 -0.01189  2.96320e-03 | 39 -0.01163  2.53779e-03
 40 -0.01133  2.04880e-03 | 41 -0.01100  1.49323e-03 | 42 -0.01062  8.68701e-04
 43 -0.01021  1.73415e-04 | 44 -0.00977 -5.93996e-04 | 45 -0.00931 -1.43484e-03
 46 -0.00882 -2.35057e-03 | 47 -0.00833 -3.34329e-03 | 48 -0.00785 -4.41506e-03
 49 -0.00737 -5.56713e-03 | 50 -0.00692 -6.79842e-03 | 51 -0.00650 -8.10414e-03
 52 -0.00613 -9.47549e-03 | 53 -0.00581 -1.09023e-02 | 54 -0.00553 -1.23733e-02
 55 -0.00528 -1.38757e-02 | 56 -0.00506 -1.53956e-02 | 57 -0.00484 -1.69161e-02
 58 -0.00461 -1.84138e-02 | 59 -0.00432 -1.98647e-02 | 60 -0.00396 -2.12409e-02
 61 -0.00348 -2.25164e-02 | 62 -0.00287 -2.36622e-02 | 63 -0.00208 -2.46545e-02
 64 -0.00109 -2.54749e-02 | 65  0.00015 -2.61002e-02 | 66  0.00166 -2.65332e-02
 67  0.00346 -2.67529e-02 | 68  0.00557 -2.67452e-02 | 69  0.00801 -2.65056e-02
 70  0.01075 -2.60326e-02 | 71  0.01378 -2.53370e-02 | 72  0.01703 -2.44394e-02
 73  0.02041 -2.33742e-02 | 74  0.02376 -2.21808e-02 | 75  0.02690 -2.08363e-02
 76  0.02961 -1.91374e-02 | 77  0.03169 -1.70452e-02 | 78  0.03301 -1.49791e-02
 79  0.03356 -1.31555e-02 | 80  0.03341 -1.10567e-02 | 81  0.03267 -8.63471e-03
 82  0.03139 -6.00713e-03 | 83  0.02952 -3.54521e-03 | 84  0.02697 -1.51650e-03
 85  0.02371  8.90361e-05 | 86  0.01989  1.28521e-03 | 87  0.01591  1.89935e-03
 88  0.01227  1.86411e-03 | 89  0.00941  1.19745e-03 | 90  0.00746 -3.11782e-05
 91  0.00621 -1.69319e-03 | 92  0.00528 -3.69894e-03 | 93  0.00454 -5.89523e-03
 94  0.00445 -7.87329e-03 | 95  0.00512 -9.61166e-03 | 96  0.00542 -1.28138e-02
 97  0.00710 -1.35605e-02 | 98  0.00966 -1.29712e-02 | 99  0.01354 -7.56870e-03
100  0.01364 -8.59096e-04 |101  0.01232  1.03364e-02 |102  0.01055  2.70449e-02
103  0.00257  3.93323e-02 |104  0.00328  4.11525e-02 |105  0.02223  3.56635e-02
106  0.02075  4.51996e-03 |107 -0.00304 -5.15661e-02 |108  0.01546 -3.91062e-02
109  0.08274  1.58253e-02 |110  0.02913  7.89978e-03 |111 -0.01403  3.41445e-02
112  0.00480  1.99225e-02 |113  0.02032  2.18074e-02 |114  0.04134  1.04096e-01
115  0.00645  1.15592e-01 |116 -0.05921  7.26027e-05 |117 -0.07840 -9.16023e-02
118 -0.08256  9.61916e-02 |119 -0.04677  9.00759e-02 |120  0.06441  1.03970e-01
121  0.03063 -8.22041e-02 |122  0.01554  8.68579e-02 |123 -0.02939  4.94915e-02
124 -0.06566 -5.36025e-02 |125  0.00174 -6.19651e-03 |126 -0.00126 -8.09976e-02
127 -0.00797 -3.16674e-02 |128  0.02640 -4.81079e-02 |129  0.08466 -7.11718e-02
130  0.01255  5.04089e-02 |131  0.09343  5.44662e-02 |132  0.01364 -4.94748e-02
133  0.13815  9.48018e-03 |134 -0.00548  4.34586e-04 |135 -0.03674 -6.48683e-02
136 -0.04910 -2.17670e-02 |137 -0.01355 -6.23261e-04 |138  0.07976  1.02008e-01
139  0.00883 -1.80617e-02 |140  0.00010  3.53100e-02 |141 -0.03716 -2.80891e-02
142 -0.02046 -1.40858e-03 |143 -0.00708  1.96635e-02 |144 -0.00000  6.87420e-05
145  0.26871  3.18437e-02 |146  0.18015 -1.09008e-01 |147  0.04633 -1.37723e-01
148  0.29579  1.13807e-02 |149  0.01649  1.42584e-01 |150 -0.11580 -1.62644e-01
151 -0.47452  2.98554e-01 |152  0.31400 -5.42379e-02 |153  0.04929  6.36188e-01
154 -0.23478 -2.49409e-01 |155  0.18248 -3.61693e-02 |156  0.25905  9.14835e-02
157  0.17319  8.14400e-02 |158  0.25326  1.83532e-01 |159  0.00670  2.86501e-01
160 -0.09949  4.24780e-03 |161  0.10113 -1.06170e-01 |162  0.29549  3.48135e-03
163  0.16694 -1.69627e-01 |164  0.24529 -1.63060e-01 |165 -0.35121 -4.04613e-02
166  0.24322  1.80862e-02 |167  0.05261  1.64140e-02 |168 -0.18796  1.75328e-02
169  0.20550 -2.60624e-02 |170  0.31701  2.22411e-02 |171  0.07715 -2.17587e-01
172 -0.53190  4.42972e-05 |173  0.04978  2.40335e-03 |174  0.11949  1.55818e-02
175  0.32071  4.69836e-02 |176  0.27262  4.73492e-02 |177  0.00670  5.27924e-02
178  0.00932 -4.02768e-02 |179 -0.15150 -4.93834e-02 |180 -0.12665 -6.85519e-03
181  0.01281  8.91636e-02 |182  0.39200 -1.26578e-01 |183  0.01868 -1.24280e-01
184 -0.15526  2.87189e-02 |185  0.09911 -2.57571e-01 |186  0.16271 -1.08454e-01
187  0.21855  8.81912e-02 |188  0.25665  3.83764e-01 |189  0.02446 -3.25508e-01
190 -0.00572 -3.38857e-01 |191 -0.17712 -2.46236e-01 |192 -0.11543 -7.39099e-01
193 -0.55452 -2.49762e-02 |194  0.17080 -1.19054e-01 |195  0.09527  1.39925e-01
196 -0.25372 -9.36595e-02 |
196 variables; iteration 80; function evaluation 91; phase 4
Function value 7.2501235e+03; maximum gradient component mag 5.1255e-02
Var    Value     Gradient |Var    Value     Gradient |Var    Value     Gradient
  1 -0.42469  1.11369e-02 |  2  0.37190 -1.47790e-02 |  3 -0.12463 -1.37082e-02
  4 -0.01532 -1.67572e-02 |  5 -0.70395  1.60818e-03 |  6 -0.60484 -1.39474e-03
  7  0.37804  2.15176e-02 |  8 -0.18370  1.90950e-02 |  9  0.03015  1.44795e-02
 10 -0.59969 -1.58614e-02 | 11 -0.62513  8.07812e-03 | 12 -0.08704 -4.05525e-02
 13 -0.01020  2.84680e-03 | 14 -0.01042  2.98987e-03 | 15 -0.01063  3.12929e-03
 16 -0.01085  3.26333e-03 | 17 -0.01106  3.39019e-03 | 18 -0.01126  3.50792e-03
 19 -0.01146  3.61449e-03 | 20 -0.01164  3.70782e-03 | 21 -0.01182  3.78585e-03
 22 -0.01199  3.84648e-03 | 23 -0.01214  3.88771e-03 | 24 -0.01228  3.90760e-03
 25 -0.01241  3.90433e-03 | 26 -0.01251  3.87631e-03 | 27 -0.01260  3.82214e-03
 28 -0.01267  3.74052e-03 | 29 -0.01272  3.63008e-03 | 30 -0.01274  3.48937e-03
 31 -0.01274  3.31703e-03 | 32 -0.01271  3.11200e-03 | 33 -0.01266  2.87362e-03
 34 -0.01258  2.60192e-03 | 35 -0.01246  2.29781e-03 | 36 -0.01232  1.96333e-03
 37 -0.01213  1.60166e-03 | 38 -0.01191  1.21703e-03 | 39 -0.01165  8.14657e-04
 40 -0.01135  4.01592e-04 | 41 -0.01102 -1.61249e-05 | 42 -0.01064 -4.29530e-04
 43 -0.01023 -8.28792e-04 | 44 -0.00979 -1.20337e-03 | 45 -0.00933 -1.54252e-03
 46 -0.00884 -1.83645e-03 | 47 -0.00835 -2.07757e-03 | 48 -0.00786 -2.26027e-03
 49 -0.00738 -2.38138e-03 | 50 -0.00693 -2.43960e-03 | 51 -0.00651 -2.43470e-03
 52 -0.00614 -2.36680e-03 | 53 -0.00581 -2.23709e-03 | 54 -0.00552 -2.04513e-03
 55 -0.00528 -1.78860e-03 | 56 -0.00505 -1.46595e-03 | 57 -0.00483 -1.07867e-03
 58 -0.00458 -6.32451e-04 | 59 -0.00429 -1.41844e-04 | 60 -0.00393  3.69109e-04
 61 -0.00345  8.65238e-04 | 62 -0.00283  1.30290e-03 | 63 -0.00204  1.63354e-03
 64 -0.00104  1.81486e-03 | 65  0.00019  1.82669e-03 | 66  0.00170  1.69371e-03
 67  0.00350  1.49647e-03 | 68  0.00561  1.37156e-03 | 69  0.00804  1.48001e-03
 70  0.01078  1.93733e-03 | 71  0.01381  2.73162e-03 | 72  0.01706  3.68001e-03
 73  0.02044  4.48116e-03 | 74  0.02379  4.85950e-03 | 75  0.02692  4.74855e-03
 76  0.02962  4.49802e-03 | 77  0.03169  4.42430e-03 | 78  0.03301  4.18192e-03
 79  0.03355  3.55724e-03 | 80  0.03339  2.99720e-03 | 81  0.03264  2.59910e-03
 82  0.03135  2.36119e-03 | 83  0.02948  2.02184e-03 | 84  0.02692  1.41727e-03
 85  0.02366  6.95930e-04 | 86  0.01984 -6.85187e-05 | 87  0.01586 -9.37655e-04
 88  0.01223 -2.08349e-03 | 89  0.00937 -3.55963e-03 | 90  0.00742 -5.17540e-03
 91  0.00618 -6.68785e-03 | 92  0.00526 -7.84447e-03 | 93  0.00454 -8.40922e-03
 94  0.00446 -8.11797e-03 | 95  0.00514 -6.53990e-03 | 96  0.00545 -3.50945e-03
 97  0.00715 -7.16387e-04 | 98  0.00970  4.53292e-04 | 99  0.01355 -6.91491e-04
100  0.01363  1.04699e-03 |101  0.01228  7.32663e-04 |102  0.01044  1.99452e-03
103  0.00247  1.06650e-02 |104  0.00322  9.25091e-03 |105  0.02213  1.05557e-02
106  0.02075  6.88740e-03 |107 -0.00279  3.16355e-04 |108  0.01558 -1.38403e-02
109  0.08262 -1.00334e-02 |110  0.02929  9.06204e-03 |111 -0.01403  1.56648e-02
112  0.00484  5.92599e-03 |113  0.02040 -3.71567e-03 |114  0.04129 -4.24996e-03
115  0.00639  1.03201e-02 |116 -0.05911  1.94221e-02 |117 -0.07812  9.47189e-03
118 -0.08274 -1.82542e-02 |119 -0.04679  1.12479e-02 |120  0.06439  2.91914e-02
121  0.03092 -2.52904e-02 |122  0.01541 -5.55147e-03 |123 -0.02938  1.96781e-02
124 -0.06555 -9.67870e-03 |125  0.00188  3.45492e-02 |126 -0.00110 -1.25218e-02
127 -0.00790  7.49288e-03 |128  0.02642 -4.28662e-03 |129  0.08491 -3.15793e-03
130  0.01233 -5.22094e-03 |131  0.09351  2.53477e-02 |132  0.01380 -6.27331e-03
133  0.13822  8.71228e-03 |134 -0.00557 -3.19089e-02 |135 -0.03659 -4.30798e-03
136 -0.04909 -8.22735e-03 |137 -0.01356 -2.17135e-03 |138  0.07948  3.98893e-03
139  0.00886 -7.00057e-03 |140 -0.00000  1.42778e-02 |141 -0.03709  2.57330e-04
142 -0.02046  4.94850e-03 |143 -0.00717 -4.02854e-03 |144 -0.00000  1.02907e-04
145  0.26852  2.38864e-03 |146  0.18010 -1.78050e-02 |147  0.04644 -8.50993e-03
148  0.29583  3.45723e-03 |149  0.01634  6.66874e-03 |150 -0.11575 -1.11405e-02
151 -0.47519  2.51467e-02 |152  0.31388  1.70084e-03 |153  0.04907  5.12546e-02
154 -0.23404 -9.84444e-03 |155  0.18251 -7.79684e-03 |156  0.25905  4.56549e-03
157  0.17323  1.47420e-02 |158  0.25324  1.70314e-02 |159  0.00652  1.79129e-02
160 -0.09946 -1.85086e-03 |161  0.10135 -1.05403e-02 |162  0.29557 -1.50839e-03
163  0.16720 -1.91613e-02 |164  0.24545 -1.39164e-02 |165 -0.35105 -1.30168e-02
166  0.24328 -1.38523e-03 |167  0.05257  2.62441e-03 |168 -0.18794 -6.48265e-03
169  0.20553  5.04159e-03 |170  0.31701  2.91352e-03 |171  0.07715 -1.16235e-02
172 -0.53200  5.25645e-05 |173  0.05003  1.23566e-02 |174  0.11943 -2.22273e-02
175  0.32077  1.04244e-02 |176  0.27259 -7.73543e-03 |177  0.00646 -5.00845e-03
178  0.00939  2.06066e-02 |179 -0.15147 -5.10688e-03 |180 -0.12666 -4.73513e-03
181  0.01252  1.07210e-02 |182  0.39198 -1.96973e-02 |183  0.01897 -1.69613e-02
184 -0.15533  7.60335e-03 |185  0.09911 -1.93589e-02 |186  0.16267 -5.32860e-03
187  0.21855  8.00139e-03 |188  0.25661  2.87270e-02 |189  0.02446 -1.89587e-02
190 -0.00565 -2.75382e-02 |191 -0.17711 -1.37077e-02 |192 -0.11541 -3.80495e-02
193 -0.55272 -1.48013e-03 |194  0.17164 -2.12596e-03 |195  0.09499 -1.03034e-02
196 -0.25339 -3.35535e-02 |

 - final statistics:
196 variables; iteration 91; function evaluation 111
Function value 7.2501e+03; maximum gradient component mag 9.8745e-04
Exit code = 1;  converg criter 1.0000e-03
Var    Value     Gradient |Var    Value     Gradient |Var    Value     Gradient
  1 -0.42469  5.14756e-04 |  2  0.37190 -1.84915e-04 |  3 -0.12463  8.79401e-05
  4 -0.01531 -8.90825e-05 |  5 -0.70396 -2.86367e-04 |  6 -0.60484  2.09814e-05
  7  0.37803  4.64333e-04 |  8 -0.18370  6.14758e-04 |  9  0.03016  4.78634e-04
 10 -0.59969 -4.23689e-04 | 11 -0.62513  2.29079e-04 | 12 -0.08703 -9.26769e-04
 13 -0.01021 -3.92885e-05 | 14 -0.01043 -3.80322e-05 | 15 -0.01065 -3.67926e-05
 16 -0.01086 -3.56096e-05 | 17 -0.01107 -3.45227e-05 | 18 -0.01128 -3.35766e-05
 19 -0.01147 -3.28163e-05 | 20 -0.01166 -3.22842e-05 | 21 -0.01184 -3.20211e-05
 22 -0.01200 -3.20648e-05 | 23 -0.01216 -3.24490e-05 | 24 -0.01230 -3.32012e-05
 25 -0.01242 -3.43437e-05 | 26 -0.01253 -3.58894e-05 | 27 -0.01262 -3.78429e-05
 28 -0.01269 -4.02001e-05 | 29 -0.01273 -4.29554e-05 | 30 -0.01276 -4.61033e-05
 31 -0.01276 -4.96375e-05 | 32 -0.01273 -5.35469e-05 | 33 -0.01267 -5.78123e-05
 34 -0.01259 -6.23996e-05 | 35 -0.01248 -6.72562e-05 | 36 -0.01233 -7.23059e-05
 37 -0.01214 -7.74496e-05 | 38 -0.01192 -8.25666e-05 | 39 -0.01166 -8.75174e-05
 40 -0.01136 -9.21325e-05 | 41 -0.01102 -9.62559e-05 | 42 -0.01064 -9.96922e-05
 43 -0.01023 -1.02244e-04 | 44 -0.00979 -1.03731e-04 | 45 -0.00932 -1.04011e-04
 46 -0.00884 -1.03012e-04 | 47 -0.00835 -1.00759e-04 | 48 -0.00786 -9.73627e-05
 49 -0.00738 -9.30127e-05 | 50 -0.00693 -8.79439e-05 | 51 -0.00651 -8.24009e-05
 52 -0.00613 -7.66052e-05 | 53 -0.00580 -7.07420e-05 | 54 -0.00552 -6.49449e-05
 55 -0.00527 -5.93265e-05 | 56 -0.00505 -5.40267e-05 | 57 -0.00483 -4.92461e-05
 58 -0.00459 -4.52686e-05 | 59 -0.00430 -4.24598e-05 | 60 -0.00393 -4.12060e-05
 61 -0.00346 -4.17733e-05 | 62 -0.00284 -4.40451e-05 | 63 -0.00205 -4.70837e-05
 64 -0.00105 -4.86468e-05 | 65  0.00019 -4.49115e-05 | 66  0.00169 -3.12029e-05
 67  0.00349 -4.27389e-06 | 68  0.00560  3.33186e-05 | 69  0.00804  6.91122e-05
 70  0.01078  8.29694e-05 | 71  0.01381  6.16431e-05 | 72  0.01705  1.98088e-05
 73  0.02042  1.06483e-06 | 74  0.02377  3.57363e-05 | 75  0.02690  8.72130e-05
 76  0.02960  9.02060e-05 | 77  0.03168  7.19904e-05 | 78  0.03299  3.49925e-05
 79  0.03353 -5.76871e-05 | 80  0.03338 -1.08393e-04 | 81  0.03263 -8.97433e-05
 82  0.03134 -3.30250e-05 | 83  0.02946 -4.64674e-06 | 84  0.02691 -1.28571e-05
 85  0.02365 -4.02991e-05 | 86  0.01983 -8.71168e-05 | 87  0.01585 -1.36319e-04
 88  0.01222 -1.59566e-04 | 89  0.00937 -1.53197e-04 | 90  0.00743 -1.35748e-04
 91  0.00619 -1.15492e-04 | 92  0.00528 -9.43959e-05 | 93  0.00455 -7.47232e-05
 94  0.00448 -6.18103e-05 | 95  0.00515 -7.97183e-05 | 96  0.00546 -1.53175e-04
 97  0.00714 -2.40368e-04 | 98  0.00969 -2.54119e-04 | 99  0.01355 -8.89048e-05
100  0.01362 -8.68752e-05 |101  0.01228  8.32880e-05 |102  0.01044  2.35172e-04
103  0.00243  1.89222e-05 |104  0.00320  2.62440e-04 |105  0.02211  6.76488e-05
106  0.02073 -3.03872e-04 |107 -0.00279 -4.72614e-04 |108  0.01562  6.56585e-04
109  0.08263 -4.50350e-04 |110  0.02925  7.74438e-04 |111 -0.01407 -3.50870e-04
112  0.00484 -4.71057e-04 |113  0.02041 -5.85612e-05 |114  0.04130  3.00443e-04
115  0.00638  9.30445e-05 |116 -0.05914  5.54949e-04 |117 -0.07814 -2.96136e-04
118 -0.08270  1.35050e-04 |119 -0.04680 -2.80596e-04 |120  0.06434  3.45657e-04
121  0.03098  5.90315e-05 |122  0.01542  4.37657e-04 |123 -0.02942 -3.60398e-04
124 -0.06551  3.97016e-04 |125  0.00179 -9.67581e-04 |126 -0.00104  4.98644e-04
127 -0.00793  8.26406e-04 |128  0.02643  4.46906e-04 |129  0.08489 -3.83379e-04
130  0.01236 -2.02739e-05 |131  0.09345  1.08586e-04 |132  0.01383 -9.68664e-06
133  0.13821  5.80112e-04 |134 -0.00549  1.52755e-04 |135 -0.03657 -4.14329e-04
136 -0.04906  2.36410e-05 |137 -0.01355  2.03386e-04 |138  0.07946 -2.36808e-04
139  0.00888 -2.74765e-04 |140 -0.00004 -2.25366e-04 |141 -0.03710 -3.17009e-06
142 -0.02047  3.07640e-04 |143 -0.00715 -8.20902e-05 |144 -0.00000 -2.70396e-06
145  0.26851  3.01820e-04 |146  0.18007 -2.55728e-04 |147  0.04644 -2.49161e-04
148  0.29583  1.55210e-04 |149  0.01633  7.94386e-05 |150 -0.11574 -2.96855e-04
151 -0.47536  9.87449e-04 |152  0.31373 -4.94680e-04 |153  0.04909  6.04482e-04
154 -0.23402 -2.44084e-04 |155  0.18251 -7.09938e-05 |156  0.25906  2.81389e-04
157  0.17321  3.57841e-04 |158  0.25323  4.02723e-04 |159  0.00651  1.85216e-04
160 -0.09946  1.31347e-05 |161  0.10137 -4.82865e-04 |162  0.29558 -4.34929e-05
163  0.16723 -7.92892e-04 |164  0.24547 -2.70866e-04 |165 -0.35095  7.17757e-05
166  0.24331  9.95940e-05 |167  0.05255 -3.92704e-05 |168 -0.18794 -4.18306e-04
169  0.20549 -2.84638e-05 |170  0.31700  4.03841e-05 |171  0.07716 -2.33281e-04
172 -0.53207  5.01381e-05 |173  0.04994 -1.96627e-04 |174  0.11945 -6.50110e-04
175  0.32074  1.42110e-04 |176  0.27260 -1.73664e-04 |177  0.00654 -1.92375e-04
178  0.00936  5.38788e-04 |179 -0.15148 -2.25177e-04 |180 -0.12665 -1.74187e-04
181  0.01248  4.55916e-04 |182  0.39199 -2.54784e-04 |183  0.01901 -3.46551e-05
184 -0.15534  1.69590e-04 |185  0.09911 -5.87660e-04 |186  0.16266 -3.85468e-04
187  0.21855  2.86743e-04 |188  0.25661  7.53275e-04 |189  0.02446 -4.73012e-04
190 -0.00564 -3.82033e-04 |191 -0.17711 -3.77113e-04 |192 -0.11541 -8.37427e-04
193 -0.55266  2.13222e-05 |194  0.17166 -1.61482e-04 |195  0.09495  8.24240e-04
196 -0.25328  3.30049e-04 |

 - final statistics:
209 variables; iteration 0; function evaluation 0
Function value 7.2501e+03; maximum gradient component mag 9.8745e-04
Exit code = 0;  converg criter 1.0000e-03
Var    Value     Gradient |Var    Value     Gradient |Var    Value     Gradient
  1 -0.42469  5.14756e-04 |  2  0.37190 -1.84915e-04 |  3 -0.12463  8.79401e-05
  4 -0.01531 -8.90825e-05 |  5 -0.70396 -2.86367e-04 |  6 -0.60484  2.09815e-05
  7  0.37803  4.64333e-04 |  8 -0.18370  6.14758e-04 |  9  0.03016  4.78634e-04
 10 -0.59969 -4.23689e-04 | 11 -0.62513  2.29079e-04 | 12 -0.08703 -9.26769e-04
 13 -0.01021 -3.92885e-05 | 14 -0.01043 -3.80322e-05 | 15 -0.01065 -3.67926e-05
 16 -0.01086 -3.56096e-05 | 17 -0.01107 -3.45227e-05 | 18 -0.01128 -3.35766e-05
 19 -0.01147 -3.28163e-05 | 20 -0.01166 -3.22842e-05 | 21 -0.01184 -3.20211e-05
 22 -0.01200 -3.20648e-05 | 23 -0.01216 -3.24490e-05 | 24 -0.01230 -3.32012e-05
 25 -0.01242 -3.43437e-05 | 26 -0.01253 -3.58894e-05 | 27 -0.01262 -3.78429e-05
 28 -0.01269 -4.02001e-05 | 29 -0.01273 -4.29554e-05 | 30 -0.01276 -4.61033e-05
 31 -0.01276 -4.96375e-05 | 32 -0.01273 -5.35469e-05 | 33 -0.01267 -5.78123e-05
 34 -0.01259 -6.23996e-05 | 35 -0.01248 -6.72562e-05 | 36 -0.01233 -7.23059e-05
 37 -0.01214 -7.74496e-05 | 38 -0.01192 -8.25666e-05 | 39 -0.01166 -8.75174e-05
 40 -0.01136 -9.21325e-05 | 41 -0.01102 -9.62559e-05 | 42 -0.01064 -9.96922e-05
 43 -0.01023 -1.02244e-04 | 44 -0.00979 -1.03731e-04 | 45 -0.00932 -1.04011e-04
 46 -0.00884 -1.03012e-04 | 47 -0.00835 -1.00759e-04 | 48 -0.00786 -9.73627e-05
 49 -0.00738 -9.30127e-05 | 50 -0.00693 -8.79439e-05 | 51 -0.00651 -8.24009e-05
 52 -0.00613 -7.66052e-05 | 53 -0.00580 -7.07420e-05 | 54 -0.00552 -6.49449e-05
 55 -0.00527 -5.93265e-05 | 56 -0.00505 -5.40267e-05 | 57 -0.00483 -4.92461e-05
 58 -0.00459 -4.52686e-05 | 59 -0.00430 -4.24598e-05 | 60 -0.00393 -4.12060e-05
 61 -0.00346 -4.17733e-05 | 62 -0.00284 -4.40451e-05 | 63 -0.00205 -4.70837e-05
 64 -0.00105 -4.86468e-05 | 65  0.00019 -4.49115e-05 | 66  0.00169 -3.12029e-05
 67  0.00349 -4.27389e-06 | 68  0.00560  3.33186e-05 | 69  0.00804  6.91122e-05
 70  0.01078  8.29694e-05 | 71  0.01381  6.16431e-05 | 72  0.01705  1.98088e-05
 73  0.02042  1.06483e-06 | 74  0.02377  3.57363e-05 | 75  0.02690  8.72130e-05
 76  0.02960  9.02060e-05 | 77  0.03168  7.19904e-05 | 78  0.03299  3.49925e-05
 79  0.03353 -5.76871e-05 | 80  0.03338 -1.08393e-04 | 81  0.03263 -8.97433e-05
 82  0.03134 -3.30250e-05 | 83  0.02946 -4.64674e-06 | 84  0.02691 -1.28571e-05
 85  0.02365 -4.02991e-05 | 86  0.01983 -8.71168e-05 | 87  0.01585 -1.36319e-04
 88  0.01222 -1.59566e-04 | 89  0.00937 -1.53197e-04 | 90  0.00743 -1.35748e-04
 91  0.00619 -1.15492e-04 | 92  0.00528 -9.43959e-05 | 93  0.00455 -7.47232e-05
 94  0.00448 -6.18103e-05 | 95  0.00515 -7.97183e-05 | 96  0.00546 -1.53175e-04
 97  0.00714 -2.40368e-04 | 98  0.00969 -2.54119e-04 | 99  0.01355 -8.89048e-05
100  0.01362 -8.68752e-05 |101  0.01228  8.32880e-05 |102  0.01044  2.35172e-04
103  0.00243  1.89222e-05 |104  0.00320  2.62440e-04 |105  0.02211  6.76488e-05
106  0.02073 -3.03872e-04 |107 -0.00279 -4.72614e-04 |108  0.01562  6.56585e-04
109  0.08263 -4.50350e-04 |110  0.02925  7.74438e-04 |111 -0.01407 -3.50870e-04
112  0.00484 -4.71057e-04 |113  0.02041 -5.85612e-05 |114  0.04130  3.00443e-04
115  0.00638  9.30445e-05 |116 -0.05914  5.54949e-04 |117 -0.07814 -2.96136e-04
118 -0.08270  1.35050e-04 |119 -0.04680 -2.80596e-04 |120  0.06434  3.45657e-04
121  0.03098  5.90315e-05 |122  0.01542  4.37657e-04 |123 -0.02942 -3.60398e-04
124 -0.06551  3.97016e-04 |125  0.00179 -9.67581e-04 |126 -0.00104  4.98644e-04
127 -0.00793  8.26406e-04 |128  0.02643  4.46906e-04 |129  0.08489 -3.83379e-04
130  0.01236 -2.02739e-05 |131  0.09345  1.08586e-04 |132  0.01383 -9.68664e-06
133  0.13821  5.80112e-04 |134 -0.00549  1.52755e-04 |135 -0.03657 -4.14329e-04
136 -0.04906  2.36410e-05 |137 -0.01355  2.03386e-04 |138  0.07946 -2.36808e-04
139  0.00888 -2.74765e-04 |140 -0.00004 -2.25366e-04 |141 -0.03710 -3.17009e-06
142 -0.02047  3.07640e-04 |143 -0.00715 -8.20902e-05 |144 -0.00000 -2.70396e-06
145  0.00000  0.00000e+00 |146  0.00000  0.00000e+00 |147  0.00000  0.00000e+00
148  0.00000  0.00000e+00 |149  0.00000  0.00000e+00 |150  0.00000  0.00000e+00
151  0.00000  0.00000e+00 |152  0.00000  0.00000e+00 |153  0.00000  0.00000e+00
154  0.00000  0.00000e+00 |155  0.00000  0.00000e+00 |156  0.00000  0.00000e+00
157  0.00000  0.00000e+00 |158  0.26851  3.01820e-04 |159  0.18007 -2.55728e-04
160  0.04644 -2.49161e-04 |161  0.29583  1.55210e-04 |162  0.01633  7.94386e-05
163 -0.11574 -2.96855e-04 |164 -0.47536  9.87449e-04 |165  0.31373 -4.94680e-04
166  0.04909  6.04482e-04 |167 -0.23402 -2.44084e-04 |168  0.18251 -7.09938e-05
169  0.25906  2.81389e-04 |170  0.17321  3.57841e-04 |171  0.25323  4.02723e-04
172  0.00651  1.85216e-04 |173 -0.09946  1.31347e-05 |174  0.10137 -4.82865e-04
175  0.29558 -4.34929e-05 |176  0.16723 -7.92892e-04 |177  0.24547 -2.70866e-04
178 -0.35095  7.17757e-05 |179  0.24331  9.95940e-05 |180  0.05255 -3.92704e-05
181 -0.18794 -4.18306e-04 |182  0.20549 -2.84638e-05 |183  0.31700  4.03841e-05
184  0.07716 -2.33281e-04 |185 -0.53207  5.01381e-05 |186  0.04994 -1.96627e-04
187  0.11945 -6.50110e-04 |188  0.32074  1.42110e-04 |189  0.27260 -1.73664e-04
190  0.00654 -1.92375e-04 |191  0.00936  5.38788e-04 |192 -0.15148 -2.25177e-04
193 -0.12665 -1.74187e-04 |194  0.01248  4.55916e-04 |195  0.39199 -2.54784e-04
196  0.01901 -3.46551e-05 |197 -0.15534  1.69590e-04 |198  0.09911 -5.87660e-04
199  0.16266 -3.85468e-04 |200  0.21855  2.86743e-04 |201  0.25661  7.53275e-04
202  0.02446 -4.73012e-04 |203 -0.00564 -3.82033e-04 |204 -0.17711 -3.77113e-04
205 -0.11541 -8.37427e-04 |206 -0.55266  2.13222e-05 |207  0.17166 -1.61482e-04
208  0.09495  8.24240e-04 |209 -0.25328  3.30049e-04 |
size of file gradfil1.tmp = 0
size of file gradfil2.tmp = 0
size of file varssave.tmp = 0
size of file cmpdiff.tmp = 1000000040
